                                                                       Cells by Function                                                                        
┏━━━━━━━━━━━━━━━━━━━━━━━━━━━━━━━━━━━━━━━━━━━━━━━━━━━━━━━━━━━━━━━━━━━━━━━━━━━━━━━━━━━━━━━━━━━━━━━━━━━━━━━━━━━━━━━━━━━━━━━━━━━━━━━━━┳━━━━━━━━━━━━━━━━━━━━━━━━━━━━┓
┃ Cell Function                                                                                                                   ┃ Count                      ┃
┡━━━━━━━━━━━━━━━━━━━━━━━━━━━━━━━━━━━━━━━━━━━━━━━━━━━━━━━━━━━━━━━━━━━━━━━━━━━━━━━━━━━━━━━━━━━━━━━━━━━━━━━━━━━━━━━━━━━━━━━━━━━━━━━━━╇━━━━━━━━━━━━━━━━━━━━━━━━━━━━┩
│ sky130_ef_sc_hd__decap_40                                                                                                       │ 6480                       │
│ sky130_fd_sc_hd__a2111o                                                                                                         │ 16                         │
│ sky130_fd_sc_hd__a211o                                                                                                          │ 118                        │
│ sky130_fd_sc_hd__a211oi                                                                                                         │ 34                         │
│ sky130_fd_sc_hd__a21o                                                                                                           │ 6                          │
│ sky130_fd_sc_hd__a21oi                                                                                                          │ 7                          │
│ sky130_fd_sc_hd__a221o                                                                                                          │ 885                        │
│ sky130_fd_sc_hd__a22o                                                                                                           │ 1065                       │
│ sky130_fd_sc_hd__a31o                                                                                                           │ 101                        │
│ sky130_fd_sc_hd__a32o                                                                                                           │ 1                          │
│ sky130_fd_sc_hd__a41o                                                                                                           │ 6                          │
│ sky130_fd_sc_hd__and2                                                                                                           │ 870                        │
│ sky130_fd_sc_hd__and2b                                                                                                          │ 2                          │
│ sky130_fd_sc_hd__and3                                                                                                           │ 104                        │
│ sky130_fd_sc_hd__and3b                                                                                                          │ 12                         │
│ sky130_fd_sc_hd__and4                                                                                                           │ 38                         │
│ sky130_fd_sc_hd__and4b                                                                                                          │ 17                         │
│ sky130_fd_sc_hd__and4bb                                                                                                         │ 20                         │
│ sky130_fd_sc_hd__buf                                                                                                            │ 1519                       │
│ sky130_fd_sc_hd__bufinv                                                                                                         │ 66                         │
│ sky130_fd_sc_hd__clkbuf                                                                                                         │ 1933                       │
│ sky130_fd_sc_hd__clkinv                                                                                                         │ 105                        │
│ sky130_fd_sc_hd__clkinvlp                                                                                                       │ 82                         │
│ sky130_fd_sc_hd__decap                                                                                                          │ 498                        │
│ sky130_fd_sc_hd__dfxtp                                                                                                          │ 4096                       │
│ sky130_fd_sc_hd__diode                                                                                                          │ 20828                      │
│ sky130_fd_sc_hd__dlygate4sd3                                                                                                    │ 3265                       │
│ sky130_fd_sc_hd__dlymetal6s2s                                                                                                   │ 61                         │
│ sky130_fd_sc_hd__fill                                                                                                           │ 23492                      │
│ sky130_fd_sc_hd__inv                                                                                                            │ 50                         │
│ sky130_fd_sc_hd__mux2                                                                                                           │ 832                        │
│ sky130_fd_sc_hd__nand2                                                                                                          │ 2926                       │
│ sky130_fd_sc_hd__nand2b                                                                                                         │ 3                          │
│ sky130_fd_sc_hd__nand3                                                                                                          │ 4                          │
│ sky130_fd_sc_hd__nand3b                                                                                                         │ 3                          │
│ sky130_fd_sc_hd__nand4                                                                                                          │ 10                         │
│ sky130_fd_sc_hd__nand4b                                                                                                         │ 4                          │
│ sky130_fd_sc_hd__nor2                                                                                                           │ 220                        │
│ sky130_fd_sc_hd__nor3                                                                                                           │ 28                         │
│ sky130_fd_sc_hd__nor3b                                                                                                          │ 4                          │
│ sky130_fd_sc_hd__nor4                                                                                                           │ 24                         │
│ sky130_fd_sc_hd__nor4b                                                                                                          │ 13                         │
│ sky130_fd_sc_hd__o2111a                                                                                                         │ 22                         │
│ sky130_fd_sc_hd__o211a                                                                                                          │ 3081                       │
│ sky130_fd_sc_hd__o21a                                                                                                           │ 11                         │
│ sky130_fd_sc_hd__o21ba                                                                                                          │ 32                         │
│ sky130_fd_sc_hd__o221a                                                                                                          │ 128                        │
│ sky130_fd_sc_hd__o22a                                                                                                           │ 2                          │
│ sky130_fd_sc_hd__o31a                                                                                                           │ 8                          │
│ sky130_fd_sc_hd__o32a                                                                                                           │ 1                          │
│ sky130_fd_sc_hd__o41a                                                                                                           │ 7                          │
│ sky130_fd_sc_hd__or2                                                                                                            │ 127                        │
│ sky130_fd_sc_hd__or3                                                                                                            │ 101                        │
│ sky130_fd_sc_hd__or3b                                                                                                           │ 17                         │
│ sky130_fd_sc_hd__or4                                                                                                            │ 334                        │
│ sky130_fd_sc_hd__or4b                                                                                                           │ 15                         │
│ sky130_fd_sc_hd__or4bb                                                                                                          │ 8                          │
│ sky130_fd_sc_hd__tapvpwrvgnd                                                                                                    │ 6651                       │
└─────────────────────────────────────────────────────────────────────────────────────────────────────────────────────────────────┴────────────────────────────┘
