┏━━━━━━━━━━━━━━━━━━━━━━┳━━━━━━━━━━┳━━━━━━━━━━┳━━━━━━━━━━┳━━━━━━━━━━┳━━━━━━━━━━━┳━━━━━━━━━━┳━━━━━━━━━━━┳━━━━━━━━━━┳━━━━━━━━━━━┳━━━━━━━━━━┳━━━━━━━━━━━┳━━━━━━━━━━┓
┃                      ┃ Hold     ┃ Reg to   ┃          ┃          ┃ of which  ┃ Setup    ┃           ┃          ┃           ┃ of which ┃           ┃          ┃
┃                      ┃ Worst    ┃ Reg      ┃          ┃ Hold Vio ┃ reg to    ┃ Worst    ┃ Reg to    ┃ Setup    ┃ Setup Vio ┃ reg to   ┃ Max Cap   ┃ Max Slew ┃
┃ Corner/Group         ┃ Slack    ┃ Paths    ┃ Hold TNS ┃ Count    ┃ reg       ┃ Slack    ┃ Reg Paths ┃ TNS      ┃ Count     ┃ reg      ┃ Violatio… ┃ Violati… ┃
┡━━━━━━━━━━━━━━━━━━━━━━╇━━━━━━━━━━╇━━━━━━━━━━╇━━━━━━━━━━╇━━━━━━━━━━╇━━━━━━━━━━━╇━━━━━━━━━━╇━━━━━━━━━━━╇━━━━━━━━━━╇━━━━━━━━━━━╇━━━━━━━━━━╇━━━━━━━━━━━╇━━━━━━━━━━┩
│ Overall              │ 0.1106   │ 0.1106   │ 0.0000   │ 0        │ 0         │ 5.8658   │ 11.0757   │ 0.0000   │ 0         │ 0        │ 5         │ 932      │
│ nom_tt_025C_1v80     │ 0.3205   │ 0.3205   │ 0.0000   │ 0        │ 0         │ 13.4150  │ 18.4372   │ 0.0000   │ 0         │ 0        │ 0         │ 194      │
│ nom_ss_100C_1v60     │ 0.8592   │ 0.8592   │ 0.0000   │ 0        │ 0         │ 5.9593   │ 11.1852   │ 0.0000   │ 0         │ 0        │ 2         │ 869      │
│ nom_ff_n40C_1v95     │ 0.1122   │ 0.1122   │ 0.0000   │ 0        │ 0         │ 15.9060  │ 20.9423   │ 0.0000   │ 0         │ 0        │ 0         │ 0        │
│ min_tt_025C_1v80     │ 0.3174   │ 0.3174   │ 0.0000   │ 0        │ 0         │ 13.4709  │ 18.4938   │ 0.0000   │ 0         │ 0        │ 0         │ 194      │
│ min_ss_100C_1v60     │ 0.8556   │ 0.8556   │ 0.0000   │ 0        │ 0         │ 6.0550   │ 11.2799   │ 0.0000   │ 0         │ 0        │ 0         │ 762      │
│ min_ff_n40C_1v95     │ 0.1106   │ 0.1106   │ 0.0000   │ 0        │ 0         │ 15.9427  │ 20.9783   │ 0.0000   │ 0         │ 0        │ 0         │ 0        │
│ max_tt_025C_1v80     │ 0.3232   │ 0.3232   │ 0.0000   │ 0        │ 0         │ 13.3623  │ 18.3771   │ 0.0000   │ 0         │ 0        │ 0         │ 304      │
│ max_ss_100C_1v60     │ 0.8633   │ 0.8633   │ 0.0000   │ 0        │ 0         │ 5.8658   │ 11.0757   │ 0.0000   │ 0         │ 0        │ 5         │ 932      │
│ max_ff_n40C_1v95     │ 0.1132   │ 0.1132   │ 0.0000   │ 0        │ 0         │ 15.8703  │ 20.9035   │ 0.0000   │ 0         │ 0        │ 0         │ 40       │
└──────────────────────┴──────────┴──────────┴──────────┴──────────┴───────────┴──────────┴───────────┴──────────┴───────────┴──────────┴───────────┴──────────┘
