
===========================================================================
report_checks -unconstrained
===========================================================================
======================= min_ss_100C_1v60 Corner ===================================

Startpoint: en (input port clocked by clk)
Endpoint: _0964_ (recovery check against rising-edge clock clk)
Path Group: asynchronous
Path Type: max

Fanout         Cap        Slew       Delay        Time   Description
---------------------------------------------------------------------------------------------
                                  0.000000    0.000000   clock clk (rise edge)
                                  0.000000    0.000000   clock network delay (propagated)
                                  5.000000    5.000000 ^ input external delay
     2    0.004145    0.041311    0.022855    5.022856 ^ en (in)
                                                         en (net)
                      0.041311    0.000000    5.022856 ^ input1/A (sky130_fd_sc_hd__clkbuf_1)
     1    0.001905    0.059295    0.125350    5.148205 ^ input1/X (sky130_fd_sc_hd__clkbuf_1)
                                                         net1 (net)
                      0.059295    0.000010    5.148215 ^ _0749_/B (sky130_fd_sc_hd__and2_1)
     1    0.003429    0.087422    0.229735    5.377951 ^ _0749_/X (sky130_fd_sc_hd__and2_1)
                                                         MATMULT_INST.cntrl.n_rst (net)
                      0.087422    0.000054    5.378005 ^ fanout37/A (sky130_fd_sc_hd__buf_2)
    17    0.050572    0.393489    0.437019    5.815024 ^ fanout37/X (sky130_fd_sc_hd__buf_2)
                                                         net37 (net)
                      0.393491    0.000841    5.815865 ^ fanout30/A (sky130_fd_sc_hd__clkbuf_4)
    21    0.067216    0.324569    0.579042    6.394907 ^ fanout30/X (sky130_fd_sc_hd__clkbuf_4)
                                                         net30 (net)
                      0.324569    0.000305    6.395211 ^ fanout28/A (sky130_fd_sc_hd__clkbuf_4)
    10    0.042330    0.215402    0.470115    6.865326 ^ fanout28/X (sky130_fd_sc_hd__clkbuf_4)
                                                         net28 (net)
                      0.215402    0.000655    6.865981 ^ _0964_/SET_B (sky130_fd_sc_hd__dfstp_1)
                                              6.865981   data arrival time

                                 25.000000   25.000000   clock clk (rise edge)
                                  0.000000   25.000000   clock source latency
     2    0.016938    0.128832    0.087073   25.087072 ^ clk (in)
                                                         clk (net)
                      0.128838    0.000000   25.087072 ^ clkbuf_0_clk/A (sky130_fd_sc_hd__clkbuf_16)
    17    0.106909    0.186095    0.349640   25.436712 ^ clkbuf_0_clk/X (sky130_fd_sc_hd__clkbuf_16)
                                                         clknet_0_clk (net)
                      0.186104    0.001513   25.438227 ^ clkbuf_3_2__f_clk/A (sky130_fd_sc_hd__clkbuf_16)
    13    0.046426    0.102390    0.310717   25.748943 ^ clkbuf_3_2__f_clk/X (sky130_fd_sc_hd__clkbuf_16)
                                                         clknet_3_2__leaf_clk (net)
                      0.102390    0.000375   25.749317 ^ _0964_/CLK (sky130_fd_sc_hd__dfstp_1)
                                 -0.250000   25.499319   clock uncertainty
                                  0.000000   25.499319   clock reconvergence pessimism
                                  0.259429   25.758747   library recovery time
                                             25.758747   data required time
---------------------------------------------------------------------------------------------
                                             25.758747   data required time
                                             -6.865981   data arrival time
---------------------------------------------------------------------------------------------
                                             18.892765   slack (MET)


Startpoint: gpio_in[2] (input port clocked by clk)
Endpoint: _0944_ (rising edge-triggered flip-flop clocked by clk)
Path Group: clk
Path Type: max

Fanout         Cap        Slew       Delay        Time   Description
---------------------------------------------------------------------------------------------
                                  0.000000    0.000000   clock clk (rise edge)
                                  0.000000    0.000000   clock network delay (propagated)
                                  5.000000    5.000000 ^ input external delay
     2    0.004811    0.045893    0.026385    5.026385 ^ gpio_in[2] (in)
                                                         gpio_in[2] (net)
                      0.045893    0.000000    5.026385 ^ input10/A (sky130_fd_sc_hd__buf_1)
     3    0.014630    0.285319    0.293430    5.319815 ^ input10/X (sky130_fd_sc_hd__buf_1)
                                                         net10 (net)
                      0.285320    0.000300    5.320114 ^ _0497_/A_N (sky130_fd_sc_hd__and2b_1)
     1    0.002687    0.065054    0.435946    5.756060 v _0497_/X (sky130_fd_sc_hd__and2b_1)
                                                         _0105_ (net)
                      0.065054    0.000024    5.756084 v _0516_/B1 (sky130_fd_sc_hd__a2111o_1)
     1    0.003749    0.117138    0.742777    6.498861 v _0516_/X (sky130_fd_sc_hd__a2111o_1)
                                                         _0124_ (net)
                      0.117138    0.000050    6.498910 v _0518_/C (sky130_fd_sc_hd__nor4_1)
     2    0.007224    0.663697    0.624170    7.123080 ^ _0518_/Y (sky130_fd_sc_hd__nor4_1)
                                                         _0126_ (net)
                      0.663697    0.000055    7.123135 ^ max_cap23/A (sky130_fd_sc_hd__clkbuf_1)
     1    0.005770    0.129347    0.371953    7.495088 ^ max_cap23/X (sky130_fd_sc_hd__clkbuf_1)
                                                         net23 (net)
                      0.129347    0.000063    7.495151 ^ _0521_/A2 (sky130_fd_sc_hd__a21boi_2)
     4    0.014713    0.145135    0.190853    7.686003 v _0521_/Y (sky130_fd_sc_hd__a21boi_2)
                                                         _0128_ (net)
                      0.145135    0.000164    7.686167 v fanout22/A (sky130_fd_sc_hd__clkbuf_2)
    10    0.032474    0.229294    0.363507    8.049674 v fanout22/X (sky130_fd_sc_hd__clkbuf_2)
                                                         net22 (net)
                      0.229296    0.001151    8.050825 v _0540_/C (sky130_fd_sc_hd__and3b_1)
     2    0.008039    0.112677    0.483273    8.534098 v _0540_/X (sky130_fd_sc_hd__and3b_1)
                                                         MATMULT_INST.uart_tx.count.next_cnt_out[6] (net)
                      0.112677    0.000078    8.534176 v _0570_/B (sky130_fd_sc_hd__xnor2_1)
     1    0.003616    0.219934    0.249652    8.783828 ^ _0570_/Y (sky130_fd_sc_hd__xnor2_1)
                                                         _0164_ (net)
                      0.219934    0.000047    8.783875 ^ _0571_/C1 (sky130_fd_sc_hd__o221a_1)
     1    0.005031    0.125508    0.431566    9.215441 ^ _0571_/X (sky130_fd_sc_hd__o221a_1)
                                                         _0165_ (net)
                      0.125508    0.000045    9.215487 ^ _0572_/D_N (sky130_fd_sc_hd__or4b_1)
     1    0.002085    0.170538    1.021062   10.236547 v _0572_/X (sky130_fd_sc_hd__or4b_1)
                                                         _0166_ (net)
                      0.170538    0.000021   10.236569 v _0574_/C (sky130_fd_sc_hd__or4_1)
     1    0.007362    0.231373    1.220865   11.457435 v _0574_/X (sky130_fd_sc_hd__or4_1)
                                                         _0168_ (net)
                      0.231373    0.000188   11.457623 v _0581_/A_N (sky130_fd_sc_hd__and4b_1)
     1    0.002704    0.099998    0.562006   12.019629 ^ _0581_/X (sky130_fd_sc_hd__and4b_1)
                                                         MATMULT_INST.uart_tx.count.next_roflag (net)
                      0.099998    0.000030   12.019658 ^ _0944_/D (sky130_fd_sc_hd__dfrtp_1)
                                             12.019658   data arrival time

                                 25.000000   25.000000   clock clk (rise edge)
                                  0.000000   25.000000   clock source latency
     2    0.016938    0.128832    0.087073   25.087072 ^ clk (in)
                                                         clk (net)
                      0.128838    0.000000   25.087072 ^ clkbuf_0_clk/A (sky130_fd_sc_hd__clkbuf_16)
    17    0.106909    0.186095    0.349640   25.436712 ^ clkbuf_0_clk/X (sky130_fd_sc_hd__clkbuf_16)
                                                         clknet_0_clk (net)
                      0.186109    0.001751   25.438465 ^ clkbuf_3_6__f_clk/A (sky130_fd_sc_hd__clkbuf_16)
    15    0.046023    0.101872    0.310331   25.748796 ^ clkbuf_3_6__f_clk/X (sky130_fd_sc_hd__clkbuf_16)
                                                         clknet_3_6__leaf_clk (net)
                      0.101873    0.000385   25.749182 ^ _0944_/CLK (sky130_fd_sc_hd__dfrtp_1)
                                 -0.250000   25.499182   clock uncertainty
                                  0.000000   25.499182   clock reconvergence pessimism
                                 -0.135008   25.364176   library setup time
                                             25.364176   data required time
---------------------------------------------------------------------------------------------
                                             25.364176   data required time
                                            -12.019658   data arrival time
---------------------------------------------------------------------------------------------
                                             13.344517   slack (MET)




===========================================================================
report_checks --slack_max -0.01
============================================================================
======================= min_ss_100C_1v60 Corner ===================================

No paths found.


===========================================================================
 report_check_types -max_slew -max_cap -max_fanout -violators
============================================================================
======================= min_ss_100C_1v60 Corner ===================================

max fanout

Pin                                   Limit Fanout  Slack
---------------------------------------------------------
_0485_/Y                                 10     21    -11 (VIOLATED)
_0927_/X                                 10     21    -11 (VIOLATED)
fanout24/X                               10     21    -11 (VIOLATED)
fanout30/X                               10     21    -11 (VIOLATED)
_0481_/Y                                 10     19     -9 (VIOLATED)
clkbuf_3_7__f_clk/X                      10     18     -8 (VIOLATED)
clkbuf_0_clk/X                           10     17     -7 (VIOLATED)
fanout37/X                               10     17     -7 (VIOLATED)
clkbuf_3_1__f_clk/X                      10     16     -6 (VIOLATED)
clkbuf_3_4__f_clk/X                      10     15     -5 (VIOLATED)
clkbuf_3_6__f_clk/X                      10     15     -5 (VIOLATED)
clkbuf_3_2__f_clk/X                      10     13     -3 (VIOLATED)
clkbuf_3_0__f_clk/X                      10     12     -2 (VIOLATED)
clkbuf_3_3__f_clk/X                      10     11        (VIOLATED)



===========================================================================
report_parasitic_annotation -report_unannotated
============================================================================
Found 91 unannotated drivers.
 gpio_in[16]
 gpio_in[17]
 gpio_in[18]
 gpio_in[19]
 gpio_in[20]
 gpio_in[21]
 gpio_in[22]
 gpio_in[23]
 gpio_in[24]
 gpio_in[25]
 gpio_in[26]
 gpio_in[27]
 gpio_in[28]
 gpio_in[29]
 gpio_in[30]
 gpio_in[31]
 gpio_in[32]
 gpio_in[33]
 clkload0/Y
 clkload1/Y
 clkload2/Y
 clkload3/Y
 clkload4/Y
 clkload5/Y
 clkload6/Y
 team_07_100/LO
 team_07_101/LO
 team_07_102/LO
 team_07_103/LO
 team_07_38/HI
 team_07_39/HI
 team_07_40/HI
 team_07_41/HI
 team_07_42/HI
 team_07_43/HI
 team_07_44/HI
 team_07_45/HI
 team_07_46/HI
 team_07_47/HI
 team_07_48/HI
 team_07_49/HI
 team_07_50/HI
 team_07_51/HI
 team_07_52/HI
 team_07_53/HI
 team_07_54/HI
 team_07_55/HI
 team_07_56/HI
 team_07_57/HI
 team_07_58/HI
 team_07_59/HI
 team_07_60/HI
 team_07_61/HI
 team_07_62/HI
 team_07_63/HI
 team_07_64/HI
 team_07_65/HI
 team_07_66/HI
 team_07_67/HI
 team_07_68/HI
 team_07_69/HI
 team_07_70/HI
 team_07_71/HI
 team_07_72/HI
 team_07_73/LO
 team_07_74/LO
 team_07_75/LO
 team_07_76/LO
 team_07_77/LO
 team_07_78/LO
 team_07_79/LO
 team_07_80/LO
 team_07_81/LO
 team_07_82/LO
 team_07_83/LO
 team_07_84/LO
 team_07_85/LO
 team_07_86/LO
 team_07_87/LO
 team_07_88/LO
 team_07_89/LO
 team_07_90/LO
 team_07_91/LO
 team_07_92/LO
 team_07_93/LO
 team_07_94/LO
 team_07_95/LO
 team_07_96/LO
 team_07_97/LO
 team_07_98/LO
 team_07_99/LO
Found 0 partially unannotated drivers.

===========================================================================
max slew violation count 0
max fanout violation count 14
max cap violation count 0
============================================================================

===========================================================================
check_setup -verbose -unconstrained_endpoints -multiple_clock -no_clock -no_input_delay -loops -generated_clocks
===========================================================================
Warning: There are 66 unconstrained endpoints.
  gpio_oeb[0]
  gpio_oeb[10]
  gpio_oeb[11]
  gpio_oeb[12]
  gpio_oeb[13]
  gpio_oeb[14]
  gpio_oeb[15]
  gpio_oeb[16]
  gpio_oeb[17]
  gpio_oeb[18]
  gpio_oeb[19]
  gpio_oeb[1]
  gpio_oeb[20]
  gpio_oeb[21]
  gpio_oeb[22]
  gpio_oeb[23]
  gpio_oeb[24]
  gpio_oeb[25]
  gpio_oeb[26]
  gpio_oeb[27]
  gpio_oeb[28]
  gpio_oeb[29]
  gpio_oeb[2]
  gpio_oeb[30]
  gpio_oeb[31]
  gpio_oeb[32]
  gpio_oeb[33]
  gpio_oeb[3]
  gpio_oeb[4]
  gpio_oeb[5]
  gpio_oeb[6]
  gpio_oeb[7]
  gpio_oeb[8]
  gpio_oeb[9]
  gpio_out[0]
  gpio_out[10]
  gpio_out[11]
  gpio_out[12]
  gpio_out[13]
  gpio_out[14]
  gpio_out[15]
  gpio_out[18]
  gpio_out[19]
  gpio_out[1]
  gpio_out[20]
  gpio_out[21]
  gpio_out[22]
  gpio_out[23]
  gpio_out[24]
  gpio_out[25]
  gpio_out[26]
  gpio_out[27]
  gpio_out[28]
  gpio_out[29]
  gpio_out[2]
  gpio_out[30]
  gpio_out[31]
  gpio_out[32]
  gpio_out[33]
  gpio_out[3]
  gpio_out[4]
  gpio_out[5]
  gpio_out[6]
  gpio_out[7]
  gpio_out[8]
  gpio_out[9]
