
===========================================================================
report_checks -unconstrained
===========================================================================
======================= min_ss_100C_1v60 Corner ===================================

Startpoint: nrst (input port clocked by clk)
Endpoint: _1001_ (recovery check against rising-edge clock clk)
Path Group: asynchronous
Path Type: max

Fanout         Cap        Slew       Delay        Time   Description
---------------------------------------------------------------------------------------------
                                  0.000000    0.000000   clock clk (rise edge)
                                  0.000000    0.000000   clock network delay (propagated)
                                  5.000000    5.000000 ^ input external delay
     2    0.012071    0.095282    0.062615    5.062615 ^ nrst (in)
                                                         nrst (net)
                      0.095282    0.000000    5.062615 ^ input18/A (sky130_fd_sc_hd__clkdlybuf4s25_1)
     1    0.002005    0.062880    0.462060    5.524675 ^ input18/X (sky130_fd_sc_hd__clkdlybuf4s25_1)
                                                         net18 (net)
                      0.062880    0.000020    5.524695 ^ _0466_/A (sky130_fd_sc_hd__and2_2)
     7    0.029307    0.258339    0.413698    5.938393 ^ _0466_/X (sky130_fd_sc_hd__and2_2)
                                                         MATMULT_INST.cntrl.n_rst (net)
                      0.258339    0.000631    5.939024 ^ fanout40/A (sky130_fd_sc_hd__clkdlybuf4s25_1)
    11    0.040234    0.647387    0.958524    6.897548 ^ fanout40/X (sky130_fd_sc_hd__clkdlybuf4s25_1)
                                                         net40 (net)
                      0.647387    0.000107    6.897655 ^ fanout35/A (sky130_fd_sc_hd__clkdlybuf4s25_1)
    11    0.036669    0.591143    1.055022    7.952677 ^ fanout35/X (sky130_fd_sc_hd__clkdlybuf4s25_1)
                                                         net35 (net)
                      0.591143    0.000505    7.953182 ^ fanout29/A (sky130_fd_sc_hd__clkdlybuf4s25_1)
     7    0.033223    0.537367    0.999415    8.952597 ^ fanout29/X (sky130_fd_sc_hd__clkdlybuf4s25_1)
                                                         net29 (net)
                      0.537367    0.000353    8.952950 ^ fanout27/A (sky130_fd_sc_hd__clkdlybuf4s25_1)
     4    0.016946    0.285910    0.800627    9.753577 ^ fanout27/X (sky130_fd_sc_hd__clkdlybuf4s25_1)
                                                         net27 (net)
                      0.285910    0.000209    9.753786 ^ load_slew28/A (sky130_fd_sc_hd__buf_2)
     7    0.027980    0.226076    0.406359   10.160144 ^ load_slew28/X (sky130_fd_sc_hd__buf_2)
                                                         net28 (net)
                      0.226076    0.000318   10.160462 ^ _1001_/SET_B (sky130_fd_sc_hd__dfstp_2)
                                             10.160462   data arrival time

                                 25.000000   25.000000   clock clk (rise edge)
                                  0.000000   25.000000   clock source latency
     2    0.024340    0.180258    0.123743   25.123741 ^ clk (in)
                                                         clk (net)
                      0.180264    0.000000   25.123741 ^ clkbuf_0_clk/A (sky130_fd_sc_hd__clkbuf_16)
    33    0.125006    0.211112    0.391776   25.515518 ^ clkbuf_0_clk/X (sky130_fd_sc_hd__clkbuf_16)
                                                         clknet_0_clk (net)
                      0.211404    0.005098   25.520617 ^ clkbuf_4_1_0_clk/A (sky130_fd_sc_hd__clkbuf_8)
     9    0.024825    0.095074    0.311712   25.832327 ^ clkbuf_4_1_0_clk/X (sky130_fd_sc_hd__clkbuf_8)
                                                         clknet_4_1_0_clk (net)
                      0.095077    0.000702   25.833029 ^ _1001_/CLK (sky130_fd_sc_hd__dfstp_2)
                                 -0.250000   25.583031   clock uncertainty
                                  0.000000   25.583031   clock reconvergence pessimism
                                  0.251857   25.834887   library recovery time
                                             25.834887   data required time
---------------------------------------------------------------------------------------------
                                             25.834887   data required time
                                            -10.160462   data arrival time
---------------------------------------------------------------------------------------------
                                             15.674424   slack (MET)


Startpoint: _0926_ (rising edge-triggered flip-flop clocked by clk)
Endpoint: gpio_out[17] (output port clocked by clk)
Path Group: clk
Path Type: max

Fanout         Cap        Slew       Delay        Time   Description
---------------------------------------------------------------------------------------------
                                  0.000000    0.000000   clock clk (rise edge)
                                  0.000000    0.000000   clock source latency
     2    0.024340    0.180258    0.123743    0.123743 ^ clk (in)
                                                         clk (net)
                      0.180264    0.000000    0.123743 ^ clkbuf_0_clk/A (sky130_fd_sc_hd__clkbuf_16)
    33    0.125006    0.211112    0.391775    0.515518 ^ clkbuf_0_clk/X (sky130_fd_sc_hd__clkbuf_16)
                                                         clknet_0_clk (net)
                      0.211118    0.001665    0.517182 ^ clkbuf_4_15_0_clk/A (sky130_fd_sc_hd__clkbuf_8)
     9    0.023697    0.092296    0.309132    0.826314 ^ clkbuf_4_15_0_clk/X (sky130_fd_sc_hd__clkbuf_8)
                                                         clknet_4_15_0_clk (net)
                      0.092296    0.000154    0.826469 ^ _0926_/CLK (sky130_fd_sc_hd__dfrtp_2)
     3    0.008725    0.102563    0.847887    1.674355 v _0926_/Q (sky130_fd_sc_hd__dfrtp_2)
                                                         MATMULT_INST.uart_tx.tx_ctrl.state[7] (net)
                      0.102563    0.000053    1.674408 v _0606_/A (sky130_fd_sc_hd__or2_2)
     2    0.008782    0.141923    0.724344    2.398752 v _0606_/X (sky130_fd_sc_hd__or2_2)
                                                         _0227_ (net)
                      0.141923    0.000140    2.398892 v _0704_/C (sky130_fd_sc_hd__or3_2)
     1    0.004006    0.168970    1.001418    3.400310 v _0704_/X (sky130_fd_sc_hd__or3_2)
                                                         _0304_ (net)
                      0.168970    0.000062    3.400373 v _0707_/B (sky130_fd_sc_hd__or4_2)
     1    0.001700    0.202758    1.514969    4.915341 v _0707_/X (sky130_fd_sc_hd__or4_2)
                                                         _0307_ (net)
                      0.202758    0.000014    4.915355 v _0708_/B (sky130_fd_sc_hd__or4b_2)
     1    0.003308    0.221119    1.534927    6.450282 v _0708_/X (sky130_fd_sc_hd__or4b_2)
                                                         _0308_ (net)
                      0.221119    0.000040    6.450322 v _0713_/B1 (sky130_fd_sc_hd__o211a_2)
     1    0.001846    0.064281    0.302292    6.752614 v _0713_/X (sky130_fd_sc_hd__o211a_2)
                                                         _0313_ (net)
                      0.064281    0.000017    6.752630 v _0716_/D_N (sky130_fd_sc_hd__or4b_2)
     1    0.004045    0.064191    0.376285    7.128915 ^ _0716_/X (sky130_fd_sc_hd__or4b_2)
                                                         _0316_ (net)
                      0.064191    0.000041    7.128956 ^ _0718_/B1 (sky130_fd_sc_hd__a211o_2)
     1    0.004278    0.065122    0.169990    7.298946 ^ _0718_/X (sky130_fd_sc_hd__a211o_2)
                                                         MATMULT_INST.serial_out (net)
                      0.065122    0.000072    7.299018 ^ _1069_/A (sky130_fd_sc_hd__buf_2)
     1    0.002477    0.043910    0.163489    7.462507 ^ _1069_/X (sky130_fd_sc_hd__buf_2)
                                                         net20 (net)
                      0.043910    0.000020    7.462528 ^ output20/A (sky130_fd_sc_hd__clkdlybuf4s25_1)
     1    0.034778    0.566015    0.806308    8.268836 ^ output20/X (sky130_fd_sc_hd__clkdlybuf4s25_1)
                                                         gpio_out[17] (net)
                      0.566015    0.000199    8.269034 ^ gpio_out[17] (out)
                                              8.269034   data arrival time

                                 25.000000   25.000000   clock clk (rise edge)
                                  0.000000   25.000000   clock network delay (propagated)
                                 -0.250000   24.750000   clock uncertainty
                                  0.000000   24.750000   clock reconvergence pessimism
                                 -5.000000   19.750000   output external delay
                                             19.750000   data required time
---------------------------------------------------------------------------------------------
                                             19.750000   data required time
                                             -8.269034   data arrival time
---------------------------------------------------------------------------------------------
                                             11.480965   slack (MET)




===========================================================================
report_checks --slack_max -0.01
============================================================================
======================= min_ss_100C_1v60 Corner ===================================

No paths found.


===========================================================================
 report_check_types -max_slew -max_cap -max_fanout -violators
============================================================================
======================= min_ss_100C_1v60 Corner ===================================

max slew

Pin                                        Limit        Slew       Slack
------------------------------------------------------------------------
_0565_/A                                0.750000    0.899512   -0.149512 (VIOLATED)
_0568_/A                                0.750000    0.899512   -0.149512 (VIOLATED)
_0570_/A                                0.750000    0.899512   -0.149512 (VIOLATED)
_0573_/A                                0.750000    0.899512   -0.149512 (VIOLATED)
_0576_/A                                0.750000    0.899512   -0.149512 (VIOLATED)
_0578_/A                                0.750000    0.899512   -0.149512 (VIOLATED)
_0581_/A                                0.750000    0.899512   -0.149512 (VIOLATED)
_0584_/A                                0.750000    0.899512   -0.149512 (VIOLATED)
_0586_/B1                               0.750000    0.899512   -0.149512 (VIOLATED)
_0590_/A                                0.750000    0.899512   -0.149512 (VIOLATED)
fanout21/X                              0.750000    0.899512   -0.149512 (VIOLATED)
_0616_/C1                               0.750000    0.847649   -0.097649 (VIOLATED)
_0845_/A2                               0.750000    0.847649   -0.097649 (VIOLATED)
_0847_/B1_N                             0.750000    0.847649   -0.097649 (VIOLATED)
_0848_/S                                0.750000    0.847649   -0.097649 (VIOLATED)
_0849_/S                                0.750000    0.847649   -0.097649 (VIOLATED)
_0850_/S                                0.750000    0.847649   -0.097649 (VIOLATED)
_0851_/S                                0.750000    0.847649   -0.097649 (VIOLATED)
_0852_/S                                0.750000    0.847649   -0.097649 (VIOLATED)
_0853_/S                                0.750000    0.847649   -0.097649 (VIOLATED)
_0854_/S                                0.750000    0.847649   -0.097649 (VIOLATED)
fanout24/X                              0.750000    0.847649   -0.097649 (VIOLATED)

max fanout

Pin                                   Limit Fanout  Slack
---------------------------------------------------------
clkbuf_0_clk/X                           10     33    -23 (VIOLATED)
clkbuf_4_8_0_clk/X                       10     21    -11 (VIOLATED)
fanout35/X                               10     11        (VIOLATED)
fanout40/X                               10     11        (VIOLATED)



===========================================================================
report_parasitic_annotation -report_unannotated
============================================================================
Found 98 unannotated drivers.
 gpio_in[16]
 gpio_in[17]
 gpio_in[18]
 gpio_in[19]
 gpio_in[20]
 gpio_in[21]
 gpio_in[22]
 gpio_in[23]
 gpio_in[24]
 gpio_in[25]
 gpio_in[26]
 gpio_in[27]
 gpio_in[28]
 gpio_in[29]
 gpio_in[30]
 gpio_in[31]
 gpio_in[32]
 gpio_in[33]
 clkload0/X
 clkload1/X
 clkload10/X
 clkload11/X
 clkload12/X
 clkload13/X
 clkload2/X
 clkload3/X
 clkload4/X
 clkload5/X
 clkload6/X
 clkload7/X
 clkload8/X
 clkload9/X
 team_07/HI
 team_07_100/LO
 team_07_101/LO
 team_07_102/LO
 team_07_103/LO
 team_07_104/LO
 team_07_105/LO
 team_07_106/LO
 team_07_107/LO
 team_07_108/LO
 team_07_109/LO
 team_07_110/LO
 team_07_111/LO
 team_07_112/LO
 team_07_113/LO
 team_07_114/LO
 team_07_115/LO
 team_07_116/LO
 team_07_117/LO
 team_07_118/LO
 team_07_119/LO
 team_07_55/HI
 team_07_56/HI
 team_07_57/HI
 team_07_58/HI
 team_07_59/HI
 team_07_60/HI
 team_07_61/HI
 team_07_62/HI
 team_07_63/HI
 team_07_64/HI
 team_07_65/HI
 team_07_66/HI
 team_07_67/HI
 team_07_68/HI
 team_07_69/HI
 team_07_70/HI
 team_07_71/HI
 team_07_72/HI
 team_07_73/HI
 team_07_74/HI
 team_07_75/HI
 team_07_76/HI
 team_07_77/HI
 team_07_78/HI
 team_07_79/HI
 team_07_80/HI
 team_07_81/HI
 team_07_82/HI
 team_07_83/HI
 team_07_84/HI
 team_07_85/HI
 team_07_86/HI
 team_07_87/HI
 team_07_88/HI
 team_07_89/LO
 team_07_90/LO
 team_07_91/LO
 team_07_92/LO
 team_07_93/LO
 team_07_94/LO
 team_07_95/LO
 team_07_96/LO
 team_07_97/LO
 team_07_98/LO
 team_07_99/LO
Found 0 partially unannotated drivers.

===========================================================================
max slew violation count 22
max fanout violation count 4
max cap violation count 0
============================================================================

===========================================================================
check_setup -verbose -unconstrained_endpoints -multiple_clock -no_clock -no_input_delay -loops -generated_clocks
===========================================================================
