Clock: clk
Sources: clk 
Generated: no
Virtual: yes
Propagated: no
Period: 25.000000

===========================================================================
report_clock_properties
============================================================================
Clock                   Period          Waveform
----------------------------------------------------
clk                  25.000000    0.000000 12.500000

===========================================================================
report_clock_latency
============================================================================
Clock clk
rise -> rise
    min     max
0.000000 0.000000 source latency
0.745241         network latency _1037_/CLK
        0.752650 network latency _1029_/CLK
---------------
0.745241 0.752650 latency
        0.007409 skew

fall -> fall
    min     max
0.000000 0.000000 source latency
0.690168         network latency _1037_/CLK
        0.696908 network latency _1029_/CLK
---------------
0.690168 0.696908 latency
        0.006740 skew



===========================================================================
report_clock_min_period
============================================================================
clk period_min = 8.80 fmax = 113.62
