
===========================================================================
 report_power
============================================================================
======================= min_ss_100C_1v60 Corner ===================================

Group                    Internal    Switching      Leakage        Total
                            Power        Power        Power        Power (Watts)
------------------------------------------------------------------------
Sequential           1.540618e-04 2.820533e-05 2.027633e-06 1.842948e-04  37.9%
Combinational        9.206657e-05 8.566847e-05 2.347299e-06 1.800823e-04  37.0%
Clock                7.297863e-05 4.868283e-05 2.558623e-07 1.219173e-04  25.1%
Macro                0.000000e+00 0.000000e+00 0.000000e+00 0.000000e+00   0.0%
Pad                  0.000000e+00 0.000000e+00 0.000000e+00 0.000000e+00   0.0%
------------------------------------------------------------------------
Total                3.191070e-04 1.625566e-04 4.630815e-06 4.862944e-04 100.0%
                            65.6%        33.4%         1.0%

