
===========================================================================
report_checks -unconstrained
===========================================================================
======================= min_tt_025C_1v80 Corner ===================================

Startpoint: en (input port clocked by clk)
Endpoint: _0964_ (recovery check against rising-edge clock clk)
Path Group: asynchronous
Path Type: max

Fanout         Cap        Slew       Delay        Time   Description
---------------------------------------------------------------------------------------------
                                  0.000000    0.000000   clock clk (rise edge)
                                  0.000000    0.000000   clock network delay (propagated)
                                  5.000000    5.000000 ^ input external delay
     2    0.004104    0.025390    0.014857    5.014857 ^ en (in)
                                                         en (net)
                      0.025390    0.000000    5.014857 ^ input1/A (sky130_fd_sc_hd__clkbuf_1)
     1    0.001993    0.035412    0.067121    5.081978 ^ input1/X (sky130_fd_sc_hd__clkbuf_1)
                                                         net1 (net)
                      0.035412    0.000011    5.081989 ^ _0749_/B (sky130_fd_sc_hd__and2_1)
     1    0.003483    0.051796    0.116935    5.198924 ^ _0749_/X (sky130_fd_sc_hd__and2_1)
                                                         MATMULT_INST.cntrl.n_rst (net)
                      0.051796    0.000055    5.198979 ^ fanout37/A (sky130_fd_sc_hd__buf_2)
    17    0.051137    0.249537    0.255022    5.454000 ^ fanout37/X (sky130_fd_sc_hd__buf_2)
                                                         net37 (net)
                      0.249541    0.000853    5.454853 ^ fanout30/A (sky130_fd_sc_hd__clkbuf_4)
    21    0.068971    0.209209    0.325502    5.780355 ^ fanout30/X (sky130_fd_sc_hd__clkbuf_4)
                                                         net30 (net)
                      0.209209    0.000312    5.780668 ^ fanout28/A (sky130_fd_sc_hd__clkbuf_4)
    10    0.045949    0.145552    0.267270    6.047937 ^ fanout28/X (sky130_fd_sc_hd__clkbuf_4)
                                                         net28 (net)
                      0.145553    0.000713    6.048650 ^ _0964_/SET_B (sky130_fd_sc_hd__dfstp_1)
                                              6.048650   data arrival time

                                 25.000000   25.000000   clock clk (rise edge)
                                  0.000000   25.000000   clock source latency
     2    0.016831    0.081613    0.055930   25.055929 ^ clk (in)
                                                         clk (net)
                      0.081623    0.000000   25.055929 ^ clkbuf_0_clk/A (sky130_fd_sc_hd__clkbuf_16)
    17    0.105946    0.119771    0.203771   25.259701 ^ clkbuf_0_clk/X (sky130_fd_sc_hd__clkbuf_16)
                                                         clknet_0_clk (net)
                      0.119788    0.001499   25.261200 ^ clkbuf_3_2__f_clk/A (sky130_fd_sc_hd__clkbuf_16)
    13    0.047629    0.066677    0.174905   25.436106 ^ clkbuf_3_2__f_clk/X (sky130_fd_sc_hd__clkbuf_16)
                                                         clknet_3_2__leaf_clk (net)
                      0.066677    0.000384   25.436489 ^ _0964_/CLK (sky130_fd_sc_hd__dfstp_1)
                                 -0.250000   25.186489   clock uncertainty
                                  0.000000   25.186489   clock reconvergence pessimism
                                  0.133863   25.320353   library recovery time
                                             25.320353   data required time
---------------------------------------------------------------------------------------------
                                             25.320353   data required time
                                             -6.048650   data arrival time
---------------------------------------------------------------------------------------------
                                             19.271704   slack (MET)


Startpoint: _1022_ (rising edge-triggered flip-flop clocked by clk)
Endpoint: gpio_out[17] (output port clocked by clk)
Path Group: clk
Path Type: max

Fanout         Cap        Slew       Delay        Time   Description
---------------------------------------------------------------------------------------------
                                  0.000000    0.000000   clock clk (rise edge)
                                  0.000000    0.000000   clock source latency
     2    0.016831    0.081613    0.055931    0.055931 ^ clk (in)
                                                         clk (net)
                      0.081623    0.000000    0.055931 ^ clkbuf_0_clk/A (sky130_fd_sc_hd__clkbuf_16)
    17    0.105946    0.119771    0.203770    0.259701 ^ clkbuf_0_clk/X (sky130_fd_sc_hd__clkbuf_16)
                                                         clknet_0_clk (net)
                      0.119802    0.001868    0.261569 ^ clkbuf_3_4__f_clk/A (sky130_fd_sc_hd__clkbuf_16)
    15    0.047882    0.066911    0.175128    0.436697 ^ clkbuf_3_4__f_clk/X (sky130_fd_sc_hd__clkbuf_16)
                                                         clknet_3_4__leaf_clk (net)
                      0.066920    0.000780    0.437477 ^ _1022_/CLK (sky130_fd_sc_hd__dfstp_1)
     4    0.009765    0.056266    0.384016    0.821492 v _1022_/Q (sky130_fd_sc_hd__dfstp_1)
                                                         MATMULT_INST.prod_adder.gen_for_loop[1].adder_n.b (net)
                      0.056266    0.000090    0.821582 v _0698_/A1 (sky130_fd_sc_hd__o211a_1)
     3    0.008828    0.065922    0.253218    1.074800 v _0698_/X (sky130_fd_sc_hd__o211a_1)
                                                         _0272_ (net)
                      0.065922    0.000027    1.074827 v _0701_/A3 (sky130_fd_sc_hd__o31a_1)
     2    0.005263    0.058047    0.253407    1.328234 v _0701_/X (sky130_fd_sc_hd__o31a_1)
                                                         _0275_ (net)
                      0.058047    0.000035    1.328269 v _0703_/C (sky130_fd_sc_hd__or3_1)
     2    0.005008    0.077029    0.323161    1.651430 v _0703_/X (sky130_fd_sc_hd__or3_1)
                                                         _0277_ (net)
                      0.077029    0.000023    1.651454 v _0704_/B1_N (sky130_fd_sc_hd__a21bo_1)
     3    0.008856    0.083309    0.218852    1.870306 ^ _0704_/X (sky130_fd_sc_hd__a21bo_1)
                                                         _0278_ (net)
                      0.083309    0.000068    1.870374 ^ _0705_/A2 (sky130_fd_sc_hd__a21boi_1)
     2    0.007645    0.070340    0.093550    1.963924 v _0705_/Y (sky130_fd_sc_hd__a21boi_1)
                                                         _0279_ (net)
                      0.070340    0.000051    1.963975 v _0706_/A2 (sky130_fd_sc_hd__o21ai_1)
     3    0.010919    0.236992    0.226793    2.190768 ^ _0706_/Y (sky130_fd_sc_hd__o21ai_1)
                                                         _0280_ (net)
                      0.236992    0.000102    2.190871 ^ _0708_/A2 (sky130_fd_sc_hd__o21ba_1)
     1    0.005409    0.067362    0.166055    2.356925 ^ _0708_/X (sky130_fd_sc_hd__o21ba_1)
                                                         _0282_ (net)
                      0.067362    0.000057    2.356982 ^ _0711_/A (sky130_fd_sc_hd__xnor2_1)
     1    0.002588    0.045954    0.068363    2.425345 v _0711_/Y (sky130_fd_sc_hd__xnor2_1)
                                                         _0285_ (net)
                      0.045954    0.000023    2.425367 v _0719_/A2 (sky130_fd_sc_hd__o221a_1)
     1    0.003104    0.047090    0.236869    2.662236 v _0719_/X (sky130_fd_sc_hd__o221a_1)
                                                         _0293_ (net)
                      0.047090    0.000031    2.662267 v _0748_/A2 (sky130_fd_sc_hd__o21ai_1)
     1    0.004957    0.133893    0.139951    2.802218 ^ _0748_/Y (sky130_fd_sc_hd__o21ai_1)
                                                         MATMULT_INST.serial_out (net)
                      0.133893    0.000096    2.802314 ^ _1109_/A (sky130_fd_sc_hd__clkbuf_1)
     1    0.002164    0.038364    0.097931    2.900245 ^ _1109_/X (sky130_fd_sc_hd__clkbuf_1)
                                                         net20 (net)
                      0.038364    0.000019    2.900264 ^ output20/A (sky130_fd_sc_hd__buf_2)
     1    0.034256    0.170073    0.195608    3.095872 ^ output20/X (sky130_fd_sc_hd__buf_2)
                                                         gpio_out[17] (net)
                      0.170073    0.000345    3.096217 ^ gpio_out[17] (out)
                                              3.096217   data arrival time

                                 25.000000   25.000000   clock clk (rise edge)
                                  0.000000   25.000000   clock network delay (propagated)
                                 -0.250000   24.750000   clock uncertainty
                                  0.000000   24.750000   clock reconvergence pessimism
                                 -5.000000   19.750000   output external delay
                                             19.750000   data required time
---------------------------------------------------------------------------------------------
                                             19.750000   data required time
                                             -3.096217   data arrival time
---------------------------------------------------------------------------------------------
                                             16.653782   slack (MET)




===========================================================================
report_checks --slack_max -0.01
============================================================================
======================= min_tt_025C_1v80 Corner ===================================

No paths found.


===========================================================================
 report_check_types -max_slew -max_cap -max_fanout -violators
============================================================================
======================= min_tt_025C_1v80 Corner ===================================

max fanout

Pin                                   Limit Fanout  Slack
---------------------------------------------------------
_0485_/Y                                 10     21    -11 (VIOLATED)
_0927_/X                                 10     21    -11 (VIOLATED)
fanout24/X                               10     21    -11 (VIOLATED)
fanout30/X                               10     21    -11 (VIOLATED)
_0481_/Y                                 10     19     -9 (VIOLATED)
clkbuf_3_7__f_clk/X                      10     18     -8 (VIOLATED)
clkbuf_0_clk/X                           10     17     -7 (VIOLATED)
fanout37/X                               10     17     -7 (VIOLATED)
clkbuf_3_1__f_clk/X                      10     16     -6 (VIOLATED)
clkbuf_3_4__f_clk/X                      10     15     -5 (VIOLATED)
clkbuf_3_6__f_clk/X                      10     15     -5 (VIOLATED)
clkbuf_3_2__f_clk/X                      10     13     -3 (VIOLATED)
clkbuf_3_0__f_clk/X                      10     12     -2 (VIOLATED)
clkbuf_3_3__f_clk/X                      10     11        (VIOLATED)



===========================================================================
report_parasitic_annotation -report_unannotated
============================================================================
Found 91 unannotated drivers.
 gpio_in[16]
 gpio_in[17]
 gpio_in[18]
 gpio_in[19]
 gpio_in[20]
 gpio_in[21]
 gpio_in[22]
 gpio_in[23]
 gpio_in[24]
 gpio_in[25]
 gpio_in[26]
 gpio_in[27]
 gpio_in[28]
 gpio_in[29]
 gpio_in[30]
 gpio_in[31]
 gpio_in[32]
 gpio_in[33]
 clkload0/Y
 clkload1/Y
 clkload2/Y
 clkload3/Y
 clkload4/Y
 clkload5/Y
 clkload6/Y
 team_07_100/LO
 team_07_101/LO
 team_07_102/LO
 team_07_103/LO
 team_07_38/HI
 team_07_39/HI
 team_07_40/HI
 team_07_41/HI
 team_07_42/HI
 team_07_43/HI
 team_07_44/HI
 team_07_45/HI
 team_07_46/HI
 team_07_47/HI
 team_07_48/HI
 team_07_49/HI
 team_07_50/HI
 team_07_51/HI
 team_07_52/HI
 team_07_53/HI
 team_07_54/HI
 team_07_55/HI
 team_07_56/HI
 team_07_57/HI
 team_07_58/HI
 team_07_59/HI
 team_07_60/HI
 team_07_61/HI
 team_07_62/HI
 team_07_63/HI
 team_07_64/HI
 team_07_65/HI
 team_07_66/HI
 team_07_67/HI
 team_07_68/HI
 team_07_69/HI
 team_07_70/HI
 team_07_71/HI
 team_07_72/HI
 team_07_73/LO
 team_07_74/LO
 team_07_75/LO
 team_07_76/LO
 team_07_77/LO
 team_07_78/LO
 team_07_79/LO
 team_07_80/LO
 team_07_81/LO
 team_07_82/LO
 team_07_83/LO
 team_07_84/LO
 team_07_85/LO
 team_07_86/LO
 team_07_87/LO
 team_07_88/LO
 team_07_89/LO
 team_07_90/LO
 team_07_91/LO
 team_07_92/LO
 team_07_93/LO
 team_07_94/LO
 team_07_95/LO
 team_07_96/LO
 team_07_97/LO
 team_07_98/LO
 team_07_99/LO
Found 0 partially unannotated drivers.

===========================================================================
max slew violation count 0
max fanout violation count 14
max cap violation count 0
============================================================================

===========================================================================
check_setup -verbose -unconstrained_endpoints -multiple_clock -no_clock -no_input_delay -loops -generated_clocks
===========================================================================
Warning: There are 66 unconstrained endpoints.
  gpio_oeb[0]
  gpio_oeb[10]
  gpio_oeb[11]
  gpio_oeb[12]
  gpio_oeb[13]
  gpio_oeb[14]
  gpio_oeb[15]
  gpio_oeb[16]
  gpio_oeb[17]
  gpio_oeb[18]
  gpio_oeb[19]
  gpio_oeb[1]
  gpio_oeb[20]
  gpio_oeb[21]
  gpio_oeb[22]
  gpio_oeb[23]
  gpio_oeb[24]
  gpio_oeb[25]
  gpio_oeb[26]
  gpio_oeb[27]
  gpio_oeb[28]
  gpio_oeb[29]
  gpio_oeb[2]
  gpio_oeb[30]
  gpio_oeb[31]
  gpio_oeb[32]
  gpio_oeb[33]
  gpio_oeb[3]
  gpio_oeb[4]
  gpio_oeb[5]
  gpio_oeb[6]
  gpio_oeb[7]
  gpio_oeb[8]
  gpio_oeb[9]
  gpio_out[0]
  gpio_out[10]
  gpio_out[11]
  gpio_out[12]
  gpio_out[13]
  gpio_out[14]
  gpio_out[15]
  gpio_out[18]
  gpio_out[19]
  gpio_out[1]
  gpio_out[20]
  gpio_out[21]
  gpio_out[22]
  gpio_out[23]
  gpio_out[24]
  gpio_out[25]
  gpio_out[26]
  gpio_out[27]
  gpio_out[28]
  gpio_out[29]
  gpio_out[2]
  gpio_out[30]
  gpio_out[31]
  gpio_out[32]
  gpio_out[33]
  gpio_out[3]
  gpio_out[4]
  gpio_out[5]
  gpio_out[6]
  gpio_out[7]
  gpio_out[8]
  gpio_out[9]
