Clock: clk
Sources: clk 
Generated: no
Virtual: yes
Propagated: no
Period: 25.000000

===========================================================================
report_clock_properties
============================================================================
Clock                   Period          Waveform
----------------------------------------------------
clk                  25.000000    0.000000 12.500000

===========================================================================
report_clock_latency
============================================================================
Clock clk
rise -> rise
    min     max
0.000000 0.000000 source latency
0.433502         network latency _1037_/CLK
        0.439419 network latency _1029_/CLK
---------------
0.433502 0.439419 latency
        0.005917 skew

fall -> fall
    min     max
0.000000 0.000000 source latency
0.391443         network latency _1037_/CLK
        0.396079 network latency _1029_/CLK
---------------
0.391443 0.396079 latency
        0.004635 skew



===========================================================================
report_clock_min_period
============================================================================
clk period_min = 4.14 fmax = 241.78
