
===========================================================================
report_checks -unconstrained
===========================================================================
======================= nom_tt_025C_1v80 Corner ===================================

Startpoint: nrst (input port clocked by clk)
Endpoint: _1001_ (recovery check against rising-edge clock clk)
Path Group: asynchronous
Path Type: max

Fanout         Cap        Slew       Delay        Time   Description
---------------------------------------------------------------------------------------------
                                  0.000000    0.000000   clock clk (rise edge)
                                  0.000000    0.000000   clock network delay (propagated)
                                  5.000000    5.000000 ^ input external delay
     2    0.012898    0.064059    0.043368    5.043368 ^ nrst (in)
                                                         nrst (net)
                      0.064059    0.000000    5.043368 ^ input18/A (sky130_fd_sc_hd__clkdlybuf4s25_1)
     1    0.002130    0.038221    0.244381    5.287749 ^ input18/X (sky130_fd_sc_hd__clkdlybuf4s25_1)
                                                         net18 (net)
                      0.038221    0.000062    5.287811 ^ _0466_/A (sky130_fd_sc_hd__and2_2)
     7    0.030884    0.166048    0.225043    5.512854 ^ _0466_/X (sky130_fd_sc_hd__and2_2)
                                                         MATMULT_INST.cntrl.n_rst (net)
                      0.166119    0.001287    5.514141 ^ fanout40/A (sky130_fd_sc_hd__clkdlybuf4s25_1)
    11    0.042006    0.422266    0.548667    6.062809 ^ fanout40/X (sky130_fd_sc_hd__clkdlybuf4s25_1)
                                                         net40 (net)
                      0.422266    0.000481    6.063290 ^ fanout35/A (sky130_fd_sc_hd__clkdlybuf4s25_1)
    11    0.038091    0.383651    0.569290    6.632580 ^ fanout35/X (sky130_fd_sc_hd__clkdlybuf4s25_1)
                                                         net35 (net)
                      0.383651    0.001079    6.633659 ^ fanout29/A (sky130_fd_sc_hd__clkdlybuf4s25_1)
     7    0.036319    0.366195    0.552421    7.186080 ^ fanout29/X (sky130_fd_sc_hd__clkdlybuf4s25_1)
                                                         net29 (net)
                      0.366195    0.000829    7.186909 ^ fanout27/A (sky130_fd_sc_hd__clkdlybuf4s25_1)
     4    0.018655    0.194508    0.429363    7.616271 ^ fanout27/X (sky130_fd_sc_hd__clkdlybuf4s25_1)
                                                         net27 (net)
                      0.194508    0.000465    7.616737 ^ load_slew28/A (sky130_fd_sc_hd__buf_2)
     7    0.029969    0.150839    0.231648    7.848384 ^ load_slew28/X (sky130_fd_sc_hd__buf_2)
                                                         net28 (net)
                      0.150840    0.000740    7.849124 ^ _1001_/SET_B (sky130_fd_sc_hd__dfstp_2)
                                              7.849124   data arrival time

                                 25.000000   25.000000   clock clk (rise edge)
                                  0.000000   25.000000   clock source latency
     2    0.025705    0.121197    0.083906   25.083906 ^ clk (in)
                                                         clk (net)
                      0.121214    0.000000   25.083906 ^ clkbuf_0_clk/A (sky130_fd_sc_hd__clkbuf_16)
    33    0.127212    0.140340    0.229436   25.313341 ^ clkbuf_0_clk/X (sky130_fd_sc_hd__clkbuf_16)
                                                         clknet_0_clk (net)
                      0.141475    0.010028   25.323368 ^ clkbuf_4_1_0_clk/A (sky130_fd_sc_hd__clkbuf_8)
     9    0.026416    0.061145    0.174422   25.497791 ^ clkbuf_4_1_0_clk/X (sky130_fd_sc_hd__clkbuf_8)
                                                         clknet_4_1_0_clk (net)
                      0.061186    0.001398   25.499189 ^ _1001_/CLK (sky130_fd_sc_hd__dfstp_2)
                                 -0.250000   25.249189   clock uncertainty
                                  0.000000   25.249189   clock reconvergence pessimism
                                  0.130378   25.379568   library recovery time
                                             25.379568   data required time
---------------------------------------------------------------------------------------------
                                             25.379568   data required time
                                             -7.849124   data arrival time
---------------------------------------------------------------------------------------------
                                             17.530443   slack (MET)


Startpoint: _0926_ (rising edge-triggered flip-flop clocked by clk)
Endpoint: gpio_out[17] (output port clocked by clk)
Path Group: clk
Path Type: max

Fanout         Cap        Slew       Delay        Time   Description
---------------------------------------------------------------------------------------------
                                  0.000000    0.000000   clock clk (rise edge)
                                  0.000000    0.000000   clock source latency
     2    0.025705    0.121197    0.083906    0.083906 ^ clk (in)
                                                         clk (net)
                      0.121214    0.000000    0.083906 ^ clkbuf_0_clk/A (sky130_fd_sc_hd__clkbuf_16)
    33    0.127212    0.140340    0.229437    0.313343 ^ clkbuf_0_clk/X (sky130_fd_sc_hd__clkbuf_16)
                                                         clknet_0_clk (net)
                      0.140413    0.002650    0.315993 ^ clkbuf_4_15_0_clk/A (sky130_fd_sc_hd__clkbuf_8)
     9    0.025247    0.059386    0.172886    0.488879 ^ clkbuf_4_15_0_clk/X (sky130_fd_sc_hd__clkbuf_8)
                                                         clknet_4_15_0_clk (net)
                      0.059388    0.000452    0.489331 ^ _0926_/CLK (sky130_fd_sc_hd__dfrtp_2)
     3    0.009226    0.055363    0.409810    0.899142 v _0926_/Q (sky130_fd_sc_hd__dfrtp_2)
                                                         MATMULT_INST.uart_tx.tx_ctrl.state[7] (net)
                      0.055363    0.000163    0.899305 v _0606_/A (sky130_fd_sc_hd__or2_2)
     2    0.009355    0.072885    0.321384    1.220689 v _0606_/X (sky130_fd_sc_hd__or2_2)
                                                         _0227_ (net)
                      0.072885    0.000274    1.220963 v _0704_/C (sky130_fd_sc_hd__or3_2)
     1    0.004334    0.082647    0.421765    1.642728 v _0704_/X (sky130_fd_sc_hd__or3_2)
                                                         _0304_ (net)
                      0.082647    0.000147    1.642875 v _0707_/B (sky130_fd_sc_hd__or4_2)
     1    0.001788    0.092865    0.633848    2.276723 v _0707_/X (sky130_fd_sc_hd__or4_2)
                                                         _0307_ (net)
                      0.092865    0.000050    2.276773 v _0708_/B (sky130_fd_sc_hd__or4b_2)
     1    0.003393    0.101482    0.643449    2.920222 v _0708_/X (sky130_fd_sc_hd__or4b_2)
                                                         _0308_ (net)
                      0.101482    0.000107    2.920330 v _0713_/B1 (sky130_fd_sc_hd__o211a_2)
     1    0.001966    0.037934    0.149764    3.070094 v _0713_/X (sky130_fd_sc_hd__o211a_2)
                                                         _0313_ (net)
                      0.037934    0.000057    3.070151 v _0716_/D_N (sky130_fd_sc_hd__or4b_2)
     1    0.004191    0.039549    0.194212    3.264363 ^ _0716_/X (sky130_fd_sc_hd__or4b_2)
                                                         _0316_ (net)
                      0.039549    0.000105    3.264468 ^ _0718_/B1 (sky130_fd_sc_hd__a211o_2)
     1    0.004649    0.037798    0.093337    3.357805 ^ _0718_/X (sky130_fd_sc_hd__a211o_2)
                                                         MATMULT_INST.serial_out (net)
                      0.037798    0.000169    3.357975 ^ _1069_/A (sky130_fd_sc_hd__buf_2)
     1    0.002528    0.025714    0.086719    3.444693 ^ _1069_/X (sky130_fd_sc_hd__buf_2)
                                                         net20 (net)
                      0.025719    0.000071    3.444764 ^ output20/A (sky130_fd_sc_hd__clkdlybuf4s25_1)
     1    0.034873    0.352400    0.456640    3.901404 ^ output20/X (sky130_fd_sc_hd__clkdlybuf4s25_1)
                                                         gpio_out[17] (net)
                      0.352400    0.000661    3.902066 ^ gpio_out[17] (out)
                                              3.902066   data arrival time

                                 25.000000   25.000000   clock clk (rise edge)
                                  0.000000   25.000000   clock network delay (propagated)
                                 -0.250000   24.750000   clock uncertainty
                                  0.000000   24.750000   clock reconvergence pessimism
                                 -5.000000   19.750000   output external delay
                                             19.750000   data required time
---------------------------------------------------------------------------------------------
                                             19.750000   data required time
                                             -3.902066   data arrival time
---------------------------------------------------------------------------------------------
                                             15.847935   slack (MET)




===========================================================================
report_checks --slack_max -0.01
============================================================================
======================= nom_tt_025C_1v80 Corner ===================================

No paths found.


===========================================================================
 report_check_types -max_slew -max_cap -max_fanout -violators
============================================================================
======================= nom_tt_025C_1v80 Corner ===================================

max fanout

Pin                                   Limit Fanout  Slack
---------------------------------------------------------
clkbuf_0_clk/X                           10     33    -23 (VIOLATED)
clkbuf_4_8_0_clk/X                       10     21    -11 (VIOLATED)
fanout35/X                               10     11        (VIOLATED)
fanout40/X                               10     11        (VIOLATED)



===========================================================================
report_parasitic_annotation -report_unannotated
============================================================================
Found 98 unannotated drivers.
 gpio_in[16]
 gpio_in[17]
 gpio_in[18]
 gpio_in[19]
 gpio_in[20]
 gpio_in[21]
 gpio_in[22]
 gpio_in[23]
 gpio_in[24]
 gpio_in[25]
 gpio_in[26]
 gpio_in[27]
 gpio_in[28]
 gpio_in[29]
 gpio_in[30]
 gpio_in[31]
 gpio_in[32]
 gpio_in[33]
 clkload0/X
 clkload1/X
 clkload10/X
 clkload11/X
 clkload12/X
 clkload13/X
 clkload2/X
 clkload3/X
 clkload4/X
 clkload5/X
 clkload6/X
 clkload7/X
 clkload8/X
 clkload9/X
 team_07/HI
 team_07_100/LO
 team_07_101/LO
 team_07_102/LO
 team_07_103/LO
 team_07_104/LO
 team_07_105/LO
 team_07_106/LO
 team_07_107/LO
 team_07_108/LO
 team_07_109/LO
 team_07_110/LO
 team_07_111/LO
 team_07_112/LO
 team_07_113/LO
 team_07_114/LO
 team_07_115/LO
 team_07_116/LO
 team_07_117/LO
 team_07_118/LO
 team_07_119/LO
 team_07_55/HI
 team_07_56/HI
 team_07_57/HI
 team_07_58/HI
 team_07_59/HI
 team_07_60/HI
 team_07_61/HI
 team_07_62/HI
 team_07_63/HI
 team_07_64/HI
 team_07_65/HI
 team_07_66/HI
 team_07_67/HI
 team_07_68/HI
 team_07_69/HI
 team_07_70/HI
 team_07_71/HI
 team_07_72/HI
 team_07_73/HI
 team_07_74/HI
 team_07_75/HI
 team_07_76/HI
 team_07_77/HI
 team_07_78/HI
 team_07_79/HI
 team_07_80/HI
 team_07_81/HI
 team_07_82/HI
 team_07_83/HI
 team_07_84/HI
 team_07_85/HI
 team_07_86/HI
 team_07_87/HI
 team_07_88/HI
 team_07_89/LO
 team_07_90/LO
 team_07_91/LO
 team_07_92/LO
 team_07_93/LO
 team_07_94/LO
 team_07_95/LO
 team_07_96/LO
 team_07_97/LO
 team_07_98/LO
 team_07_99/LO
Found 0 partially unannotated drivers.

===========================================================================
max slew violation count 0
max fanout violation count 4
max cap violation count 0
============================================================================

===========================================================================
check_setup -verbose -unconstrained_endpoints -multiple_clock -no_clock -no_input_delay -loops -generated_clocks
===========================================================================
