Clock: clk
Sources: clk 
Generated: no
Virtual: yes
Propagated: no
Period: 25.000000

===========================================================================
report_clock_properties
============================================================================
Clock                   Period          Waveform
----------------------------------------------------
clk                  25.000000    0.000000 12.500000

===========================================================================
report_clock_latency
============================================================================
Clock clk
rise -> rise
    min     max
0.000000 0.000000 source latency
0.442457         network latency _1037_/CLK
        0.449511 network latency _1029_/CLK
---------------
0.442457 0.449511 latency
        0.007054 skew

fall -> fall
    min     max
0.000000 0.000000 source latency
0.397816         network latency _1037_/CLK
        0.403392 network latency _1029_/CLK
---------------
0.397816 0.403392 latency
        0.005576 skew



===========================================================================
report_clock_min_period
============================================================================
clk period_min = 4.19 fmax = 238.94
