
===========================================================================
 report_power
============================================================================
======================= nom_tt_025C_1v80 Corner ===================================

Group                    Internal    Switching      Leakage        Total
                            Power        Power        Power        Power (Watts)
------------------------------------------------------------------------
Sequential           2.078547e-04 4.231092e-05 1.172964e-09 2.501668e-04  38.8%
Combinational        1.294774e-04 1.302425e-04 2.130696e-09 2.597220e-04  40.3%
Clock                7.009924e-05 6.431297e-05 3.959595e-10 1.344126e-04  20.9%
Macro                0.000000e+00 0.000000e+00 0.000000e+00 0.000000e+00   0.0%
Pad                  0.000000e+00 0.000000e+00 0.000000e+00 0.000000e+00   0.0%
------------------------------------------------------------------------
Total                4.074314e-04 2.368664e-04 3.699620e-09 6.443016e-04 100.0%
                            63.2%        36.8%         0.0%

