Clock: clk
Sources: wb_clk_i 
Generated: no
Virtual: yes
Propagated: no
Period: 100.000000

===========================================================================
report_clock_properties
============================================================================
Clock                   Period          Waveform
----------------------------------------------------
clk                 100.000000    0.000000 50.000000

===========================================================================
report_clock_latency
============================================================================
Clock clk
rise -> rise
    min     max
4.650000 5.570000 source latency
5.745492         network latency _4641_/CLK
        6.729290 network latency mprj.team_07_Wrapper.team_07_WB.instance_to_wrap/clk
---------------
10.395491 12.299289 latency
        1.903798 skew

fall -> fall
    min     max
4.650000 5.570000 source latency
6.059843         network latency _4641_/CLK
        7.042271 network latency mprj.team_07_Wrapper.team_07_WB.instance_to_wrap/clk
---------------
10.709843 12.612270 latency
        1.902429 skew



===========================================================================
report_clock_min_period
============================================================================
clk period_min = 8.96 fmax = 111.61
