Clock: clk
Sources: clk 
Generated: no
Virtual: yes
Propagated: no
Period: 1000.000000

===========================================================================
report_clock_properties
============================================================================
Clock                   Period          Waveform
----------------------------------------------------
clk                 1000.000000    0.000000500.000000

===========================================================================
report_clock_latency
============================================================================
Clock clk
rise -> rise
    min     max
0.000000 0.000000 source latency
2.025596         network latency _14085_/CLK
        4.437094 network latency _13577_/CLK
---------------
2.025596 4.437094 latency
        2.411498 skew

rise -> fall
    min     max
0.000000 0.000000 source latency
2.727737         network latency _13578_/CLK
        4.355971 network latency _13577_/CLK
---------------
2.727737 4.355971 latency
        1.628234 skew

fall -> rise
    min     max
0.000000 0.000000 source latency
2.389754         network latency _13578_/CLK
        2.679997 network latency _13577_/CLK
---------------
2.389754 2.679997 latency
        0.290242 skew

fall -> fall
    min     max
0.000000 0.000000 source latency
1.637886         network latency _14085_/CLK
        2.640832 network latency _13555_/CLK
---------------
1.637886 2.640832 latency
        1.002945 skew



===========================================================================
report_clock_min_period
============================================================================
clk period_min = 183.32 fmax = 5.45
