
===========================================================================
report_checks -unconstrained
===========================================================================
======================= nom_ff_n40C_1v95 Corner ===================================

Startpoint: nrst (input port clocked by clk)
Endpoint: _2470_ (recovery check against rising-edge clock clk)
Path Group: asynchronous
Path Type: max

Fanout         Cap        Slew       Delay        Time   Description
---------------------------------------------------------------------------------------------
                                  0.000000    0.000000   clock clk (rise edge)
                                  0.000000    0.000000   clock network delay (propagated)
                                  5.000000    5.000000 ^ input external delay
     2    0.003745    0.017312    0.009715    5.009715 ^ nrst (in)
                                                         nrst (net)
                      0.017313    0.000000    5.009715 ^ input6/A (sky130_fd_sc_hd__clkbuf_1)
     1    0.006374    0.061972    0.069600    5.079315 ^ input6/X (sky130_fd_sc_hd__clkbuf_1)
                                                         net6 (net)
                      0.061974    0.000231    5.079546 ^ _2290_/A (sky130_fd_sc_hd__nand2_2)
     5    0.024504    0.068117    0.067706    5.147253 v _2290_/Y (sky130_fd_sc_hd__nand2_2)
                                                         _1146_ (net)
                      0.068132    0.000814    5.148067 v fanout155/A (sky130_fd_sc_hd__clkbuf_4)
    21    0.056413    0.084470    0.160747    5.308813 v fanout155/X (sky130_fd_sc_hd__clkbuf_4)
                                                         net155 (net)
                      0.084590    0.002820    5.311633 v _2291_/A (sky130_fd_sc_hd__inv_2)
     7    0.034273    0.121030    0.122705    5.434337 ^ _2291_/Y (sky130_fd_sc_hd__inv_2)
                                                         CALC_INST.gencon_inst.add_calc.nRST (net)
                      0.121036    0.000749    5.435086 ^ fanout100/A (sky130_fd_sc_hd__clkbuf_2)
    11    0.037278    0.157345    0.174780    5.609867 ^ fanout100/X (sky130_fd_sc_hd__clkbuf_2)
                                                         net100 (net)
                      0.157377    0.001828    5.611694 ^ fanout99/A (sky130_fd_sc_hd__clkbuf_4)
    21    0.067806    0.156860    0.207018    5.818712 ^ fanout99/X (sky130_fd_sc_hd__clkbuf_4)
                                                         net99 (net)
                      0.156885    0.001676    5.820387 ^ fanout98/A (sky130_fd_sc_hd__clkbuf_4)
    10    0.053952    0.126663    0.186839    6.007226 ^ fanout98/X (sky130_fd_sc_hd__clkbuf_4)
                                                         net98 (net)
                      0.126663    0.000623    6.007850 ^ fanout97/A (sky130_fd_sc_hd__clkbuf_4)
    10    0.049971    0.117895    0.175846    6.183695 ^ fanout97/X (sky130_fd_sc_hd__clkbuf_4)
                                                         net97 (net)
                      0.117992    0.002062    6.185758 ^ _2470_/RESET_B (sky130_fd_sc_hd__dfrtp_4)
                                              6.185758   data arrival time

                                 25.000000   25.000000   clock clk (rise edge)
                                  0.000000   25.000000   clock source latency
     2    0.027435    0.096403    0.066544   25.066544 ^ clk (in)
                                                         clk (net)
                      0.096421    0.000000   25.066544 ^ clkbuf_0_clk/A (sky130_fd_sc_hd__clkbuf_16)
     9    0.059610    0.059495    0.125210   25.191753 ^ clkbuf_0_clk/X (sky130_fd_sc_hd__clkbuf_16)
                                                         clknet_0_clk (net)
                      0.059538    0.001439   25.193192 ^ clkbuf_2_1__f_clk/A (sky130_fd_sc_hd__clkbuf_16)
    19    0.090155    0.081803    0.130727   25.323919 ^ clkbuf_2_1__f_clk/X (sky130_fd_sc_hd__clkbuf_16)
                                                         clknet_2_1__leaf_clk (net)
                      0.082184    0.004460   25.328381 ^ clkbuf_leaf_11_clk/A (sky130_fd_sc_hd__clkbuf_8)
    12    0.039123    0.060433    0.119776   25.448156 ^ clkbuf_leaf_11_clk/X (sky130_fd_sc_hd__clkbuf_8)
                                                         clknet_leaf_11_clk (net)
                      0.060447    0.000897   25.449053 ^ _2470_/CLK (sky130_fd_sc_hd__dfrtp_4)
                                 -0.250000   25.199055   clock uncertainty
                                  0.000000   25.199055   clock reconvergence pessimism
                                  0.108326   25.307381   library recovery time
                                             25.307381   data required time
---------------------------------------------------------------------------------------------
                                             25.307381   data required time
                                             -6.185758   data arrival time
---------------------------------------------------------------------------------------------
                                             19.121622   slack (MET)


Startpoint: _2512_ (rising edge-triggered flip-flop clocked by clk)
Endpoint: gpio_out[6] (output port clocked by clk)
Path Group: clk
Path Type: max

Fanout         Cap        Slew       Delay        Time   Description
---------------------------------------------------------------------------------------------
                                  0.000000    0.000000   clock clk (rise edge)
                                  0.000000    0.000000   clock source latency
     2    0.027435    0.096403    0.066545    0.066545 ^ clk (in)
                                                         clk (net)
                      0.096421    0.000000    0.066545 ^ clkbuf_0_clk/A (sky130_fd_sc_hd__clkbuf_16)
     9    0.059610    0.059495    0.125209    0.191754 ^ clkbuf_0_clk/X (sky130_fd_sc_hd__clkbuf_16)
                                                         clknet_0_clk (net)
                      0.059546    0.001549    0.193303 ^ clkbuf_2_0__f_clk/A (sky130_fd_sc_hd__clkbuf_16)
    19    0.084872    0.077893    0.128014    0.321317 ^ clkbuf_2_0__f_clk/X (sky130_fd_sc_hd__clkbuf_16)
                                                         clknet_2_0__leaf_clk (net)
                      0.078166    0.003690    0.325007 ^ clkbuf_leaf_34_clk/A (sky130_fd_sc_hd__clkbuf_8)
    16    0.051695    0.075664    0.129949    0.454956 ^ clkbuf_leaf_34_clk/X (sky130_fd_sc_hd__clkbuf_8)
                                                         clknet_leaf_34_clk (net)
                      0.075673    0.000878    0.455835 ^ _2512_/CLK (sky130_fd_sc_hd__dfrtp_1)
     5    0.013459    0.060098    0.270282    0.726117 v _2512_/Q (sky130_fd_sc_hd__dfrtp_1)
                                                         CALC_INST.input_ctrl_inst.col_index[9] (net)
                      0.060099    0.000380    0.726496 v _2396_/A (sky130_fd_sc_hd__or4_1)
     1    0.004274    0.060147    0.308126    1.034622 v _2396_/X (sky130_fd_sc_hd__or4_1)
                                                         _1224_ (net)
                      0.060147    0.000143    1.034765 v _2397_/B (sky130_fd_sc_hd__nor2_1)
     4    0.019551    0.252155    0.210342    1.245107 ^ _2397_/Y (sky130_fd_sc_hd__nor2_1)
                                                         _1225_ (net)
                      0.252158    0.000780    1.245887 ^ _2416_/A (sky130_fd_sc_hd__nor2_1)
     1    0.002639    0.052040    0.030442    1.276329 v _2416_/Y (sky130_fd_sc_hd__nor2_1)
                                                         _0396_ (net)
                      0.052040    0.000080    1.276410 v _2419_/C (sky130_fd_sc_hd__or4b_1)
     1    0.004786    0.062109    0.274814    1.551224 v _2419_/X (sky130_fd_sc_hd__or4b_1)
                                                         _0399_ (net)
                      0.062109    0.000142    1.551366 v _2421_/A2 (sky130_fd_sc_hd__a211oi_2)
     5    0.019325    0.278468    0.280205    1.831571 ^ _2421_/Y (sky130_fd_sc_hd__a211oi_2)
                                                         _0401_ (net)
                      0.278470    0.000590    1.832161 ^ _2432_/D1 (sky130_fd_sc_hd__o2111ai_2)
     3    0.009878    0.098248    0.081473    1.913634 v _2432_/Y (sky130_fd_sc_hd__o2111ai_2)
                                                         _0411_ (net)
                      0.098248    0.000305    1.913939 v _2436_/B (sky130_fd_sc_hd__or3b_1)
     1    0.002616    0.041894    0.214660    2.128599 v _2436_/X (sky130_fd_sc_hd__or3b_1)
                                                         net28 (net)
                      0.041894    0.000081    2.128680 v output28/A (sky130_fd_sc_hd__buf_2)
     1    0.034160    0.062639    0.121805    2.250485 v output28/X (sky130_fd_sc_hd__buf_2)
                                                         gpio_out[6] (net)
                      0.062647    0.000706    2.251190 v gpio_out[6] (out)
                                              2.251190   data arrival time

                                 25.000000   25.000000   clock clk (rise edge)
                                  0.000000   25.000000   clock network delay (propagated)
                                 -0.250000   24.750000   clock uncertainty
                                  0.000000   24.750000   clock reconvergence pessimism
                                 -5.000000   19.750000   output external delay
                                             19.750000   data required time
---------------------------------------------------------------------------------------------
                                             19.750000   data required time
                                             -2.251190   data arrival time
---------------------------------------------------------------------------------------------
                                             17.498810   slack (MET)




===========================================================================
report_checks --slack_max -0.01
============================================================================
======================= nom_ff_n40C_1v95 Corner ===================================

No paths found.


===========================================================================
 report_check_types -max_slew -max_cap -max_fanout -violators
============================================================================
======================= nom_ff_n40C_1v95 Corner ===================================

max fanout

Pin                                   Limit Fanout  Slack
---------------------------------------------------------
_1509_/Y                                 10     21    -11 (VIOLATED)
_1513_/Y                                 10     21    -11 (VIOLATED)
fanout122/X                              10     21    -11 (VIOLATED)
fanout126/X                              10     21    -11 (VIOLATED)
fanout127/X                              10     21    -11 (VIOLATED)
fanout130/X                              10     21    -11 (VIOLATED)
fanout133/X                              10     21    -11 (VIOLATED)
fanout137/X                              10     21    -11 (VIOLATED)
fanout141/X                              10     21    -11 (VIOLATED)
fanout143/X                              10     21    -11 (VIOLATED)
fanout154/X                              10     21    -11 (VIOLATED)
fanout155/X                              10     21    -11 (VIOLATED)
fanout34/X                               10     21    -11 (VIOLATED)
fanout42/X                               10     21    -11 (VIOLATED)
fanout44/X                               10     21    -11 (VIOLATED)
fanout45/X                               10     21    -11 (VIOLATED)
fanout47/X                               10     21    -11 (VIOLATED)
fanout49/X                               10     21    -11 (VIOLATED)
fanout67/X                               10     21    -11 (VIOLATED)
fanout71/X                               10     21    -11 (VIOLATED)
fanout74/X                               10     21    -11 (VIOLATED)
fanout99/X                               10     21    -11 (VIOLATED)
_1295_/X                                 10     19     -9 (VIOLATED)
_1512_/Y                                 10     19     -9 (VIOLATED)
_2213_/Y                                 10     19     -9 (VIOLATED)
clkbuf_2_0__f_clk/X                      10     19     -9 (VIOLATED)
clkbuf_2_1__f_clk/X                      10     19     -9 (VIOLATED)
clkbuf_2_2__f_clk/X                      10     19     -9 (VIOLATED)
clkbuf_2_3__f_clk/X                      10     19     -9 (VIOLATED)
clkbuf_leaf_23_clk/X                     10     19     -9 (VIOLATED)
clkbuf_leaf_15_clk/X                     10     18     -8 (VIOLATED)
clkbuf_leaf_24_clk/X                     10     18     -8 (VIOLATED)
_1296_/X                                 10     17     -7 (VIOLATED)
clkbuf_leaf_26_clk/X                     10     17     -7 (VIOLATED)
clkbuf_leaf_32_clk/X                     10     16     -6 (VIOLATED)
clkbuf_leaf_34_clk/X                     10     16     -6 (VIOLATED)
clkbuf_leaf_3_clk/X                      10     16     -6 (VIOLATED)
_1508_/Y                                 10     15     -5 (VIOLATED)
clkbuf_leaf_4_clk/X                      10     15     -5 (VIOLATED)
fanout112/X                              10     15     -5 (VIOLATED)
fanout121/X                              10     15     -5 (VIOLATED)
fanout125/X                              10     15     -5 (VIOLATED)
fanout132/X                              10     15     -5 (VIOLATED)
fanout62/X                               10     15     -5 (VIOLATED)
wire51/X                                 10     15     -5 (VIOLATED)
clkbuf_leaf_13_clk/X                     10     14     -4 (VIOLATED)
clkbuf_leaf_29_clk/X                     10     14     -4 (VIOLATED)
_2474_/Q                                 10     13     -3 (VIOLATED)
_2484_/Q                                 10     13     -3 (VIOLATED)
clkbuf_leaf_28_clk/X                     10     13     -3 (VIOLATED)
clkbuf_leaf_2_clk/X                      10     13     -3 (VIOLATED)
fanout53/X                               10     13     -3 (VIOLATED)
fanout93/X                               10     13     -3 (VIOLATED)
clkbuf_leaf_10_clk/X                     10     12     -2 (VIOLATED)
clkbuf_leaf_11_clk/X                     10     12     -2 (VIOLATED)
clkbuf_leaf_19_clk/X                     10     12     -2 (VIOLATED)
clkbuf_leaf_25_clk/X                     10     12     -2 (VIOLATED)
clkbuf_leaf_31_clk/X                     10     12     -2 (VIOLATED)
clkbuf_leaf_5_clk/X                      10     12     -2 (VIOLATED)
clkbuf_leaf_6_clk/X                      10     12     -2 (VIOLATED)
clkbuf_leaf_7_clk/X                      10     12     -2 (VIOLATED)
_1645_/X                                 10     11        (VIOLATED)
_2444_/X                                 10     11        (VIOLATED)
_2470_/Q                                 10     11        (VIOLATED)
clkbuf_leaf_17_clk/X                     10     11        (VIOLATED)
clkbuf_leaf_21_clk/X                     10     11        (VIOLATED)
clkbuf_leaf_22_clk/X                     10     11        (VIOLATED)
clkbuf_leaf_27_clk/X                     10     11        (VIOLATED)
clkbuf_leaf_30_clk/X                     10     11        (VIOLATED)
clkbuf_leaf_33_clk/X                     10     11        (VIOLATED)
fanout100/X                              10     11        (VIOLATED)



===========================================================================
report_parasitic_annotation -report_unannotated
============================================================================
Found 106 unannotated drivers.
 gpio_in[10]
 gpio_in[11]
 gpio_in[12]
 gpio_in[13]
 gpio_in[14]
 gpio_in[15]
 gpio_in[16]
 gpio_in[17]
 gpio_in[18]
 gpio_in[19]
 gpio_in[20]
 gpio_in[21]
 gpio_in[22]
 gpio_in[23]
 gpio_in[24]
 gpio_in[25]
 gpio_in[26]
 gpio_in[27]
 gpio_in[28]
 gpio_in[29]
 gpio_in[30]
 gpio_in[31]
 gpio_in[32]
 gpio_in[33]
 gpio_in[4]
 gpio_in[5]
 gpio_in[6]
 gpio_in[7]
 gpio_in[8]
 gpio_in[9]
 _2821__190/HI
 clkload0/Y
 clkload1/Y
 clkload10/Y
 clkload11/Y
 clkload12/Y
 clkload13/Y
 clkload14/Y
 clkload15/Y
 clkload16/X
 clkload17/Y
 clkload18/Y
 clkload19/Y
 clkload2/Y
 clkload20/Y
 clkload21/Y
 clkload22/Y
 clkload23/Y
 clkload24/Y
 clkload25/Y
 clkload26/Y
 clkload27/Y
 clkload28/Y
 clkload29/Y
 clkload3/X
 clkload30/Y
 clkload31/Y
 clkload4/Y
 clkload5/Y
 clkload6/X
 clkload7/Y
 clkload8/Y
 clkload9/Y
 team_06_156/HI
 team_06_157/HI
 team_06_158/HI
 team_06_159/HI
 team_06_160/HI
 team_06_161/HI
 team_06_162/HI
 team_06_163/HI
 team_06_164/HI
 team_06_165/HI
 team_06_166/HI
 team_06_167/HI
 team_06_168/HI
 team_06_169/HI
 team_06_170/HI
 team_06_171/HI
 team_06_172/HI
 team_06_173/HI
 team_06_174/HI
 team_06_175/HI
 team_06_176/HI
 team_06_177/HI
 team_06_178/HI
 team_06_179/HI
 team_06_180/HI
 team_06_181/HI
 team_06_182/HI
 team_06_183/HI
 team_06_184/HI
 team_06_185/HI
 team_06_186/HI
 team_06_187/HI
 team_06_188/HI
 team_06_189/HI
 team_06_191/LO
 team_06_192/LO
 team_06_193/LO
 team_06_194/LO
 team_06_195/LO
 team_06_196/LO
 team_06_197/LO
 team_06_198/LO
 team_06_199/LO
Found 0 partially unannotated drivers.

===========================================================================
max slew violation count 0
max fanout violation count 71
max cap violation count 0
============================================================================

===========================================================================
check_setup -verbose -unconstrained_endpoints -multiple_clock -no_clock -no_input_delay -loops -generated_clocks
===========================================================================
Warning: There are 44 unconstrained endpoints.
  gpio_oeb[0]
  gpio_oeb[10]
  gpio_oeb[11]
  gpio_oeb[12]
  gpio_oeb[13]
  gpio_oeb[14]
  gpio_oeb[15]
  gpio_oeb[16]
  gpio_oeb[17]
  gpio_oeb[18]
  gpio_oeb[19]
  gpio_oeb[1]
  gpio_oeb[20]
  gpio_oeb[21]
  gpio_oeb[22]
  gpio_oeb[23]
  gpio_oeb[24]
  gpio_oeb[25]
  gpio_oeb[26]
  gpio_oeb[27]
  gpio_oeb[28]
  gpio_oeb[29]
  gpio_oeb[2]
  gpio_oeb[30]
  gpio_oeb[31]
  gpio_oeb[32]
  gpio_oeb[33]
  gpio_oeb[3]
  gpio_oeb[4]
  gpio_oeb[5]
  gpio_oeb[6]
  gpio_oeb[7]
  gpio_oeb[8]
  gpio_oeb[9]
  gpio_out[0]
  gpio_out[1]
  gpio_out[29]
  gpio_out[2]
  gpio_out[30]
  gpio_out[31]
  gpio_out[32]
  gpio_out[33]
  gpio_out[3]
  _2821_/D
