Clock: clk
Sources: clk 
Generated: no
Virtual: yes
Propagated: no
Period: 25.000000

===========================================================================
report_clock_properties
============================================================================
Clock                   Period          Waveform
----------------------------------------------------
clk                  25.000000    0.000000 12.500000

===========================================================================
report_clock_latency
============================================================================
Clock clk
rise -> rise
    min     max
0.000000 0.000000 source latency
0.481310         network latency _2749_/CLK
        0.503667 network latency _2834_/CLK
---------------
0.481310 0.503667 latency
        0.022357 skew

fall -> fall
    min     max
0.000000 0.000000 source latency
0.419745         network latency _2749_/CLK
        0.435468 network latency _2834_/CLK
---------------
0.419745 0.435468 latency
        0.015723 skew



===========================================================================
report_clock_min_period
============================================================================
clk period_min = 4.06 fmax = 246.44
