
===========================================================================
 report_power
============================================================================
======================= nom_ff_n40C_1v95 Corner ===================================

Group                    Internal    Switching      Leakage        Total
                            Power        Power        Power        Power (Watts)
------------------------------------------------------------------------
Sequential           8.171386e-04 7.221295e-05 6.743631e-09 8.893583e-04  46.8%
Combinational        1.837802e-04 2.108424e-04 1.610276e-08 3.946387e-04  20.8%
Clock                2.958842e-04 3.203199e-04 2.982495e-09 6.162070e-04  32.4%
Macro                0.000000e+00 0.000000e+00 0.000000e+00 0.000000e+00   0.0%
Pad                  0.000000e+00 0.000000e+00 0.000000e+00 0.000000e+00   0.0%
------------------------------------------------------------------------
Total                1.296803e-03 6.033750e-04 2.582897e-08 1.900204e-03 100.0%
                            68.2%        31.8%         0.0%

