
===========================================================================
report_checks -unconstrained
===========================================================================
======================= max_ff_n40C_1v95 Corner ===================================

Startpoint: nrst (input port clocked by clk)
Endpoint: _1001_ (recovery check against rising-edge clock clk)
Path Group: asynchronous
Path Type: max

Fanout         Cap        Slew       Delay        Time   Description
---------------------------------------------------------------------------------------------
                                  0.000000    0.000000   clock clk (rise edge)
                                  0.000000    0.000000   clock network delay (propagated)
                                  5.000000    5.000000 ^ input external delay
     2    0.013410    0.050090    0.033425    5.033425 ^ nrst (in)
                                                         nrst (net)
                      0.050094    0.000000    5.033425 ^ input18/A (sky130_fd_sc_hd__clkdlybuf4s25_1)
     1    0.002302    0.028456    0.160306    5.193732 ^ input18/X (sky130_fd_sc_hd__clkdlybuf4s25_1)
                                                         net18 (net)
                      0.028456    0.000149    5.193881 ^ _0466_/A (sky130_fd_sc_hd__and2_2)
     7    0.032829    0.130519    0.151955    5.345836 ^ _0466_/X (sky130_fd_sc_hd__and2_2)
                                                         MATMULT_INST.cntrl.n_rst (net)
                      0.130636    0.003226    5.349062 ^ fanout40/A (sky130_fd_sc_hd__clkdlybuf4s25_1)
    11    0.042822    0.322303    0.380565    5.729627 ^ fanout40/X (sky130_fd_sc_hd__clkdlybuf4s25_1)
                                                         net40 (net)
                      0.322309    0.001210    5.730837 ^ fanout35/A (sky130_fd_sc_hd__clkdlybuf4s25_1)
    11    0.039984    0.300899    0.379187    6.110024 ^ fanout35/X (sky130_fd_sc_hd__clkdlybuf4s25_1)
                                                         net35 (net)
                      0.301027    0.002585    6.112609 ^ fanout29/A (sky130_fd_sc_hd__clkdlybuf4s25_1)
     7    0.037995    0.287376    0.370123    6.482732 ^ fanout29/X (sky130_fd_sc_hd__clkdlybuf4s25_1)
                                                         net29 (net)
                      0.287384    0.001916    6.484648 ^ fanout27/A (sky130_fd_sc_hd__clkdlybuf4s25_1)
     4    0.019589    0.152311    0.276855    6.761502 ^ fanout27/X (sky130_fd_sc_hd__clkdlybuf4s25_1)
                                                         net27 (net)
                      0.152315    0.001030    6.762532 ^ load_slew28/A (sky130_fd_sc_hd__buf_2)
     7    0.031284    0.118022    0.154411    6.916943 ^ load_slew28/X (sky130_fd_sc_hd__buf_2)
                                                         net28 (net)
                      0.118063    0.001828    6.918771 ^ _1001_/SET_B (sky130_fd_sc_hd__dfstp_2)
                                              6.918771   data arrival time

                                 25.000000   25.000000   clock clk (rise edge)
                                  0.000000   25.000000   clock source latency
     2    0.027025    0.095054    0.066088   25.066088 ^ clk (in)
                                                         clk (net)
                      0.095097    0.000000   25.066088 ^ clkbuf_0_clk/A (sky130_fd_sc_hd__clkbuf_16)
    33    0.131278    0.111388    0.155298   25.221384 ^ clkbuf_0_clk/X (sky130_fd_sc_hd__clkbuf_16)
                                                         clknet_0_clk (net)
                      0.118136    0.021201   25.242586 ^ clkbuf_4_1_0_clk/A (sky130_fd_sc_hd__clkbuf_8)
     9    0.028246    0.047771    0.118709   25.361294 ^ clkbuf_4_1_0_clk/X (sky130_fd_sc_hd__clkbuf_8)
                                                         clknet_4_1_0_clk (net)
                      0.048215    0.003567   25.364861 ^ _1001_/CLK (sky130_fd_sc_hd__dfstp_2)
                                 -0.250000   25.114862   clock uncertainty
                                  0.000000   25.114862   clock reconvergence pessimism
                                  0.087831   25.202694   library recovery time
                                             25.202694   data required time
---------------------------------------------------------------------------------------------
                                             25.202694   data required time
                                             -6.918771   data arrival time
---------------------------------------------------------------------------------------------
                                             18.283922   slack (MET)


Startpoint: _0926_ (rising edge-triggered flip-flop clocked by clk)
Endpoint: gpio_out[17] (output port clocked by clk)
Path Group: clk
Path Type: max

Fanout         Cap        Slew       Delay        Time   Description
---------------------------------------------------------------------------------------------
                                  0.000000    0.000000   clock clk (rise edge)
                                  0.000000    0.000000   clock source latency
     2    0.027025    0.095054    0.066087    0.066087 ^ clk (in)
                                                         clk (net)
                      0.095097    0.000000    0.066087 ^ clkbuf_0_clk/A (sky130_fd_sc_hd__clkbuf_16)
    33    0.131278    0.111388    0.155299    0.221385 ^ clkbuf_0_clk/X (sky130_fd_sc_hd__clkbuf_16)
                                                         clknet_0_clk (net)
                      0.111758    0.005367    0.226752 ^ clkbuf_4_15_0_clk/A (sky130_fd_sc_hd__clkbuf_8)
     9    0.026875    0.046139    0.116433    0.343186 ^ clkbuf_4_15_0_clk/X (sky130_fd_sc_hd__clkbuf_8)
                                                         clknet_4_15_0_clk (net)
                      0.046176    0.001185    0.344370 ^ _0926_/CLK (sky130_fd_sc_hd__dfrtp_2)
     3    0.009792    0.040819    0.258851    0.603222 v _0926_/Q (sky130_fd_sc_hd__dfrtp_2)
                                                         MATMULT_INST.uart_tx.tx_ctrl.state[7] (net)
                      0.040819    0.000381    0.603603 v _0606_/A (sky130_fd_sc_hd__or2_2)
     2    0.010183    0.051222    0.192631    0.796233 v _0606_/X (sky130_fd_sc_hd__or2_2)
                                                         _0227_ (net)
                      0.051229    0.000599    0.796832 v _0704_/C (sky130_fd_sc_hd__or3_2)
     1    0.004682    0.055448    0.238606    1.035439 v _0704_/X (sky130_fd_sc_hd__or3_2)
                                                         _0304_ (net)
                      0.055448    0.000318    1.035757 v _0707_/B (sky130_fd_sc_hd__or4_2)
     1    0.001886    0.062189    0.357908    1.393665 v _0707_/X (sky130_fd_sc_hd__or4_2)
                                                         _0307_ (net)
                      0.062190    0.000128    1.393793 v _0708_/B (sky130_fd_sc_hd__or4b_2)
     1    0.003598    0.067783    0.364391    1.758183 v _0708_/X (sky130_fd_sc_hd__or4b_2)
                                                         _0308_ (net)
                      0.067783    0.000236    1.758420 v _0713_/B1 (sky130_fd_sc_hd__o211a_2)
     1    0.002132    0.028612    0.094124    1.852544 v _0713_/X (sky130_fd_sc_hd__o211a_2)
                                                         _0313_ (net)
                      0.028612    0.000138    1.852682 v _0716_/D_N (sky130_fd_sc_hd__or4b_2)
     1    0.004342    0.029601    0.130383    1.983066 ^ _0716_/X (sky130_fd_sc_hd__or4b_2)
                                                         _0316_ (net)
                      0.029601    0.000189    1.983255 ^ _0718_/B1 (sky130_fd_sc_hd__a211o_2)
     1    0.004873    0.026960    0.059901    2.043155 ^ _0718_/X (sky130_fd_sc_hd__a211o_2)
                                                         MATMULT_INST.serial_out (net)
                      0.026963    0.000270    2.043426 ^ _1069_/A (sky130_fd_sc_hd__buf_2)
     1    0.002597    0.018479    0.056470    2.099896 ^ _1069_/X (sky130_fd_sc_hd__buf_2)
                                                         net20 (net)
                      0.018483    0.000189    2.100084 ^ output20/A (sky130_fd_sc_hd__clkdlybuf4s25_1)
     1    0.034970    0.264802    0.317640    2.417724 ^ output20/X (sky130_fd_sc_hd__clkdlybuf4s25_1)
                                                         gpio_out[17] (net)
                      0.264808    0.001660    2.419384 ^ gpio_out[17] (out)
                                              2.419384   data arrival time

                                 25.000000   25.000000   clock clk (rise edge)
                                  0.000000   25.000000   clock network delay (propagated)
                                 -0.250000   24.750000   clock uncertainty
                                  0.000000   24.750000   clock reconvergence pessimism
                                 -5.000000   19.750000   output external delay
                                             19.750000   data required time
---------------------------------------------------------------------------------------------
                                             19.750000   data required time
                                             -2.419384   data arrival time
---------------------------------------------------------------------------------------------
                                             17.330616   slack (MET)




===========================================================================
report_checks --slack_max -0.01
============================================================================
======================= max_ff_n40C_1v95 Corner ===================================

No paths found.


===========================================================================
 report_check_types -max_slew -max_cap -max_fanout -violators
============================================================================
======================= max_ff_n40C_1v95 Corner ===================================

max fanout

Pin                                   Limit Fanout  Slack
---------------------------------------------------------
clkbuf_0_clk/X                           10     33    -23 (VIOLATED)
clkbuf_4_8_0_clk/X                       10     21    -11 (VIOLATED)
fanout35/X                               10     11        (VIOLATED)
fanout40/X                               10     11        (VIOLATED)



===========================================================================
report_parasitic_annotation -report_unannotated
============================================================================
Found 98 unannotated drivers.
 gpio_in[16]
 gpio_in[17]
 gpio_in[18]
 gpio_in[19]
 gpio_in[20]
 gpio_in[21]
 gpio_in[22]
 gpio_in[23]
 gpio_in[24]
 gpio_in[25]
 gpio_in[26]
 gpio_in[27]
 gpio_in[28]
 gpio_in[29]
 gpio_in[30]
 gpio_in[31]
 gpio_in[32]
 gpio_in[33]
 clkload0/X
 clkload1/X
 clkload10/X
 clkload11/X
 clkload12/X
 clkload13/X
 clkload2/X
 clkload3/X
 clkload4/X
 clkload5/X
 clkload6/X
 clkload7/X
 clkload8/X
 clkload9/X
 team_07/HI
 team_07_100/LO
 team_07_101/LO
 team_07_102/LO
 team_07_103/LO
 team_07_104/LO
 team_07_105/LO
 team_07_106/LO
 team_07_107/LO
 team_07_108/LO
 team_07_109/LO
 team_07_110/LO
 team_07_111/LO
 team_07_112/LO
 team_07_113/LO
 team_07_114/LO
 team_07_115/LO
 team_07_116/LO
 team_07_117/LO
 team_07_118/LO
 team_07_119/LO
 team_07_55/HI
 team_07_56/HI
 team_07_57/HI
 team_07_58/HI
 team_07_59/HI
 team_07_60/HI
 team_07_61/HI
 team_07_62/HI
 team_07_63/HI
 team_07_64/HI
 team_07_65/HI
 team_07_66/HI
 team_07_67/HI
 team_07_68/HI
 team_07_69/HI
 team_07_70/HI
 team_07_71/HI
 team_07_72/HI
 team_07_73/HI
 team_07_74/HI
 team_07_75/HI
 team_07_76/HI
 team_07_77/HI
 team_07_78/HI
 team_07_79/HI
 team_07_80/HI
 team_07_81/HI
 team_07_82/HI
 team_07_83/HI
 team_07_84/HI
 team_07_85/HI
 team_07_86/HI
 team_07_87/HI
 team_07_88/HI
 team_07_89/LO
 team_07_90/LO
 team_07_91/LO
 team_07_92/LO
 team_07_93/LO
 team_07_94/LO
 team_07_95/LO
 team_07_96/LO
 team_07_97/LO
 team_07_98/LO
 team_07_99/LO
Found 0 partially unannotated drivers.

===========================================================================
max slew violation count 0
max fanout violation count 4
max cap violation count 0
============================================================================

===========================================================================
check_setup -verbose -unconstrained_endpoints -multiple_clock -no_clock -no_input_delay -loops -generated_clocks
===========================================================================
