Clock: clk
Sources: clk 
Generated: no
Virtual: yes
Propagated: no
Period: 25.000000

===========================================================================
report_clock_properties
============================================================================
Clock                   Period          Waveform
----------------------------------------------------
clk                  25.000000    0.000000 12.500000

===========================================================================
report_clock_latency
============================================================================
Clock clk
rise -> rise
    min     max
0.000000 0.000000 source latency
0.314331         network latency _1037_/CLK
        0.322911 network latency _1029_/CLK
---------------
0.314331 0.322911 latency
        0.008580 skew

fall -> fall
    min     max
0.000000 0.000000 source latency
0.278657         network latency _1037_/CLK
        0.285687 network latency _1029_/CLK
---------------
0.278657 0.285687 latency
        0.007030 skew



===========================================================================
report_clock_min_period
============================================================================
clk period_min = 2.64 fmax = 379.31
