
===========================================================================
report_checks -unconstrained
===========================================================================
======================= min_ff_n40C_1v95 Corner ===================================

Startpoint: en (input port clocked by clk)
Endpoint: _3335_ (recovery check against rising-edge clock clk)
Path Group: asynchronous
Path Type: max

Fanout         Cap        Slew       Delay        Time   Description
---------------------------------------------------------------------------------------------
                                  0.000000    0.000000   clock clk (rise edge)
                                  0.000000    0.000000   clock network delay (propagated)
                                  5.000000    5.000000 ^ input external delay
     2    0.004687    0.020645    0.012160    5.012160 ^ en (in)
                                                         en (net)
                      0.020645    0.000000    5.012160 ^ input1/A (sky130_fd_sc_hd__clkdlybuf4s25_1)
     2    0.004983    0.046840    0.166275    5.178435 ^ input1/X (sky130_fd_sc_hd__clkdlybuf4s25_1)
                                                         net1 (net)
                      0.046840    0.000036    5.178471 ^ _1575_/B (sky130_fd_sc_hd__and2_2)
     1    0.003963    0.028527    0.086324    5.264795 ^ _1575_/X (sky130_fd_sc_hd__and2_2)
                                                         MATMULT_INST.nrst (net)
                      0.028527    0.000052    5.264847 ^ fanout291/A (sky130_fd_sc_hd__clkdlybuf4s25_1)
    11    0.049792    0.373700    0.395672    5.660519 ^ fanout291/X (sky130_fd_sc_hd__clkdlybuf4s25_1)
                                                         net291 (net)
                      0.373729    0.002756    5.663274 ^ fanout290/A (sky130_fd_sc_hd__clkdlybuf4s25_1)
    13    0.053490    0.400454    0.451494    6.114769 ^ fanout290/X (sky130_fd_sc_hd__clkdlybuf4s25_1)
                                                         net290 (net)
                      0.400454    0.001287    6.116055 ^ fanout289/A (sky130_fd_sc_hd__clkdlybuf4s25_1)
    11    0.041948    0.316028    0.392332    6.508388 ^ fanout289/X (sky130_fd_sc_hd__clkdlybuf4s25_1)
                                                         net289 (net)
                      0.316028    0.000255    6.508643 ^ fanout279/A (sky130_fd_sc_hd__clkdlybuf4s25_1)
    11    0.042321    0.318778    0.393792    6.902434 ^ fanout279/X (sky130_fd_sc_hd__clkdlybuf4s25_1)
                                                         net279 (net)
                      0.318778    0.000693    6.903128 ^ fanout277/A (sky130_fd_sc_hd__clkdlybuf4s25_1)
     3    0.012196    0.098333    0.240685    7.143812 ^ fanout277/X (sky130_fd_sc_hd__clkdlybuf4s25_1)
                                                         net277 (net)
                      0.098333    0.000150    7.143962 ^ fanout275/A (sky130_fd_sc_hd__clkdlybuf4s25_1)
     5    0.021111    0.163118    0.266815    7.410777 ^ fanout275/X (sky130_fd_sc_hd__clkdlybuf4s25_1)
                                                         net275 (net)
                      0.163118    0.000258    7.411035 ^ load_slew276/A (sky130_fd_sc_hd__buf_2)
     6    0.030134    0.113851    0.153940    7.564975 ^ load_slew276/X (sky130_fd_sc_hd__buf_2)
                                                         net276 (net)
                      0.113854    0.000759    7.565733 ^ _3335_/RESET_B (sky130_fd_sc_hd__dfrtp_2)
                                              7.565733   data arrival time

                                 25.000000   25.000000   clock clk (rise edge)
                                  0.000000   25.000000   clock source latency
     2    0.040968    0.141408    0.098753   25.098753 ^ clk (in)
                                                         clk (net)
                      0.141465    0.000000   25.098753 ^ clkbuf_0_clk/A (sky130_fd_sc_hd__clkbuf_16)
    17    0.134179    0.113897    0.174529   25.273281 ^ clkbuf_0_clk/X (sky130_fd_sc_hd__clkbuf_16)
                                                         clknet_0_clk (net)
                      0.114181    0.004549   25.277830 ^ clkbuf_3_7__f_clk/A (sky130_fd_sc_hd__clkbuf_16)
     6    0.041357    0.046812    0.120332   25.398163 ^ clkbuf_3_7__f_clk/X (sky130_fd_sc_hd__clkbuf_16)
                                                         clknet_3_7__leaf_clk (net)
                      0.046820    0.000565   25.398727 ^ clkbuf_leaf_20_clk/A (sky130_fd_sc_hd__clkbuf_8)
    10    0.030267    0.049534    0.102409   25.501137 ^ clkbuf_leaf_20_clk/X (sky130_fd_sc_hd__clkbuf_8)
                                                         clknet_leaf_20_clk (net)
                      0.049534    0.000062   25.501198 ^ _3335_/CLK (sky130_fd_sc_hd__dfrtp_2)
                                 -0.250000   25.251200   clock uncertainty
                                  0.000000   25.251200   clock reconvergence pessimism
                                  0.115330   25.366529   library recovery time
                                             25.366529   data required time
---------------------------------------------------------------------------------------------
                                             25.366529   data required time
                                             -7.565733   data arrival time
---------------------------------------------------------------------------------------------
                                             17.800797   slack (MET)


Startpoint: en (input port clocked by clk)
Endpoint: _3066_ (rising edge-triggered flip-flop clocked by clk)
Path Group: clk
Path Type: max

Fanout         Cap        Slew       Delay        Time   Description
---------------------------------------------------------------------------------------------
                                  0.000000    0.000000   clock clk (rise edge)
                                  0.000000    0.000000   clock network delay (propagated)
                                  5.000000    5.000000 ^ input external delay
     2    0.004687    0.020645    0.012160    5.012160 ^ en (in)
                                                         en (net)
                      0.020645    0.000000    5.012160 ^ input1/A (sky130_fd_sc_hd__clkdlybuf4s25_1)
     2    0.004983    0.046840    0.166275    5.178435 ^ input1/X (sky130_fd_sc_hd__clkdlybuf4s25_1)
                                                         net1 (net)
                      0.046840    0.000036    5.178471 ^ _1575_/B (sky130_fd_sc_hd__and2_2)
     1    0.003963    0.028527    0.086324    5.264795 ^ _1575_/X (sky130_fd_sc_hd__and2_2)
                                                         MATMULT_INST.nrst (net)
                      0.028527    0.000052    5.264847 ^ fanout291/A (sky130_fd_sc_hd__clkdlybuf4s25_1)
    11    0.049792    0.373700    0.395672    5.660519 ^ fanout291/X (sky130_fd_sc_hd__clkdlybuf4s25_1)
                                                         net291 (net)
                      0.373700    0.000245    5.660764 ^ fanout214/A (sky130_fd_sc_hd__clkdlybuf4s25_1)
    11    0.040964    0.308810    0.387212    6.047976 ^ fanout214/X (sky130_fd_sc_hd__clkdlybuf4s25_1)
                                                         net214 (net)
                      0.308810    0.000121    6.048097 ^ fanout203/A (sky130_fd_sc_hd__clkdlybuf4s25_1)
     5    0.030721    0.233639    0.334421    6.382518 ^ fanout203/X (sky130_fd_sc_hd__clkdlybuf4s25_1)
                                                         net203 (net)
                      0.233639    0.000108    6.382626 ^ _1775_/B (sky130_fd_sc_hd__nand2_2)
     1    0.003050    0.043251    0.025730    6.408356 v _1775_/Y (sky130_fd_sc_hd__nand2_2)
                                                         _0609_ (net)
                      0.043251    0.000035    6.408391 v fanout98/A (sky130_fd_sc_hd__clkdlybuf4s25_1)
    17    0.048140    0.242717    0.331016    6.739407 v fanout98/X (sky130_fd_sc_hd__clkdlybuf4s25_1)
                                                         net98 (net)
                      0.242717    0.000100    6.739507 v fanout97/A (sky130_fd_sc_hd__clkdlybuf4s25_1)
    21    0.054974    0.276658    0.415852    7.155359 v fanout97/X (sky130_fd_sc_hd__clkdlybuf4s25_1)
                                                         net97 (net)
                      0.276680    0.002571    7.157930 v _2070_/B (sky130_fd_sc_hd__or3b_2)
     1    0.002969    0.050842    0.326692    7.484622 v _2070_/X (sky130_fd_sc_hd__or3b_2)
                                                         _0892_ (net)
                      0.050842    0.000032    7.484654 v _2071_/B1 (sky130_fd_sc_hd__o21a_2)
     1    0.002626    0.026166    0.075848    7.560502 v _2071_/X (sky130_fd_sc_hd__o21a_2)
                                                         _0124_ (net)
                      0.026166    0.000030    7.560532 v _3066_/D (sky130_fd_sc_hd__dfxtp_2)
                                              7.560532   data arrival time

                                 25.000000   25.000000   clock clk (rise edge)
                                  0.000000   25.000000   clock source latency
     2    0.040968    0.141408    0.098753   25.098753 ^ clk (in)
                                                         clk (net)
                      0.141465    0.000000   25.098753 ^ clkbuf_0_clk/A (sky130_fd_sc_hd__clkbuf_16)
    17    0.134179    0.113897    0.174529   25.273281 ^ clkbuf_0_clk/X (sky130_fd_sc_hd__clkbuf_16)
                                                         clknet_0_clk (net)
                      0.114047    0.003331   25.276611 ^ clkbuf_3_0__f_clk/A (sky130_fd_sc_hd__clkbuf_16)
    13    0.053231    0.055180    0.126906   25.403519 ^ clkbuf_3_0__f_clk/X (sky130_fd_sc_hd__clkbuf_16)
                                                         clknet_3_0__leaf_clk (net)
                      0.055192    0.000767   25.404285 ^ clkbuf_leaf_41_clk/A (sky130_fd_sc_hd__clkbuf_8)
    10    0.036934    0.057634    0.110678   25.514963 ^ clkbuf_leaf_41_clk/X (sky130_fd_sc_hd__clkbuf_8)
                                                         clknet_leaf_41_clk (net)
                      0.057636    0.000446   25.515409 ^ _3066_/CLK (sky130_fd_sc_hd__dfxtp_2)
                                 -0.250000   25.265409   clock uncertainty
                                  0.000000   25.265409   clock reconvergence pessimism
                                 -0.066676   25.198734   library setup time
                                             25.198734   data required time
---------------------------------------------------------------------------------------------
                                             25.198734   data required time
                                             -7.560532   data arrival time
---------------------------------------------------------------------------------------------
                                             17.638203   slack (MET)




===========================================================================
report_checks --slack_max -0.01
============================================================================
======================= min_ff_n40C_1v95 Corner ===================================

No paths found.


===========================================================================
 report_check_types -max_slew -max_cap -max_fanout -violators
============================================================================
======================= min_ff_n40C_1v95 Corner ===================================

max slew

Pin                                        Limit        Slew       Slack
------------------------------------------------------------------------
_2702_/S                                0.750000    0.764693   -0.014693 (VIOLATED)
ANTENNA__2702__S/DIODE                  0.750000    0.764692   -0.014692 (VIOLATED)
_2701_/S                                0.750000    0.764684   -0.014684 (VIOLATED)
ANTENNA__2701__S/DIODE                  0.750000    0.764683   -0.014683 (VIOLATED)
_2703_/S                                0.750000    0.764680   -0.014680 (VIOLATED)
ANTENNA__2703__S/DIODE                  0.750000    0.764678   -0.014678 (VIOLATED)
_2691_/S                                0.750000    0.764650   -0.014650 (VIOLATED)
ANTENNA__2691__S/DIODE                  0.750000    0.764648   -0.014648 (VIOLATED)
ANTENNA__2693__S/DIODE                  0.750000    0.764640   -0.014640 (VIOLATED)
_2693_/S                                0.750000    0.764639   -0.014639 (VIOLATED)
ANTENNA__2692__S/DIODE                  0.750000    0.764624   -0.014624 (VIOLATED)
_2692_/S                                0.750000    0.764621   -0.014621 (VIOLATED)
_2704_/S                                0.750000    0.764621   -0.014621 (VIOLATED)
ANTENNA__2704__S/DIODE                  0.750000    0.764621   -0.014621 (VIOLATED)
_2699_/S                                0.750000    0.764620   -0.014620 (VIOLATED)
ANTENNA__2699__S/DIODE                  0.750000    0.764620   -0.014620 (VIOLATED)
_2698_/S                                0.750000    0.764619   -0.014619 (VIOLATED)
ANTENNA__2698__S/DIODE                  0.750000    0.764617   -0.014617 (VIOLATED)
_2687_/S                                0.750000    0.764608   -0.014608 (VIOLATED)
ANTENNA__2687__S/DIODE                  0.750000    0.764605   -0.014605 (VIOLATED)
ANTENNA_fanout27_X/DIODE                0.750000    0.764605   -0.014605 (VIOLATED)
fanout27/X                              0.750000    0.764605   -0.014605 (VIOLATED)
_2683_/S                                0.750000    0.758982   -0.008982 (VIOLATED)
ANTENNA__2683__S/DIODE                  0.750000    0.758981   -0.008981 (VIOLATED)
_2682_/S                                0.750000    0.758977   -0.008977 (VIOLATED)
ANTENNA__2682__S/DIODE                  0.750000    0.758974   -0.008974 (VIOLATED)
_2684_/S                                0.750000    0.758965   -0.008965 (VIOLATED)
ANTENNA__2684__S/DIODE                  0.750000    0.758962   -0.008962 (VIOLATED)
_2672_/S                                0.750000    0.758956   -0.008956 (VIOLATED)
ANTENNA__2672__S/DIODE                  0.750000    0.758956   -0.008956 (VIOLATED)
_2674_/S                                0.750000    0.758949   -0.008949 (VIOLATED)
ANTENNA__2674__S/DIODE                  0.750000    0.758941   -0.008941 (VIOLATED)
_2673_/S                                0.750000    0.758898   -0.008898 (VIOLATED)
_2685_/S                                0.750000    0.758895   -0.008895 (VIOLATED)
ANTENNA__2685__S/DIODE                  0.750000    0.758895   -0.008895 (VIOLATED)
ANTENNA__2680__S/DIODE                  0.750000    0.758892   -0.008892 (VIOLATED)
_2680_/S                                0.750000    0.758891   -0.008891 (VIOLATED)
_2679_/S                                0.750000    0.758891   -0.008891 (VIOLATED)
ANTENNA__2679__S/DIODE                  0.750000    0.758890   -0.008890 (VIOLATED)
ANTENNA__2673__S/DIODE                  0.750000    0.758888   -0.008889 (VIOLATED)
ANTENNA_fanout29_X/DIODE                0.750000    0.758781   -0.008781 (VIOLATED)
ANTENNA__2668__S/DIODE                  0.750000    0.758781   -0.008781 (VIOLATED)
_2668_/S                                0.750000    0.758779   -0.008779 (VIOLATED)
fanout29/X                              0.750000    0.758779   -0.008779 (VIOLATED)

max fanout

Pin                                   Limit Fanout  Slack
---------------------------------------------------------
fanout100/X                              10     21    -11 (VIOLATED)
fanout103/X                              10     21    -11 (VIOLATED)
fanout107/X                              10     21    -11 (VIOLATED)
fanout11/X                               10     21    -11 (VIOLATED)
fanout110/X                              10     21    -11 (VIOLATED)
fanout111/X                              10     21    -11 (VIOLATED)
fanout112/X                              10     21    -11 (VIOLATED)
fanout113/X                              10     21    -11 (VIOLATED)
fanout114/X                              10     21    -11 (VIOLATED)
fanout116/X                              10     21    -11 (VIOLATED)
fanout117/X                              10     21    -11 (VIOLATED)
fanout118/X                              10     21    -11 (VIOLATED)
fanout119/X                              10     21    -11 (VIOLATED)
fanout121/X                              10     21    -11 (VIOLATED)
fanout122/X                              10     21    -11 (VIOLATED)
fanout125/X                              10     21    -11 (VIOLATED)
fanout127/X                              10     21    -11 (VIOLATED)
fanout129/X                              10     21    -11 (VIOLATED)
fanout13/X                               10     21    -11 (VIOLATED)
fanout130/X                              10     21    -11 (VIOLATED)
fanout134/X                              10     21    -11 (VIOLATED)
fanout137/X                              10     21    -11 (VIOLATED)
fanout138/X                              10     21    -11 (VIOLATED)
fanout141/X                              10     21    -11 (VIOLATED)
fanout145/X                              10     21    -11 (VIOLATED)
fanout147/X                              10     21    -11 (VIOLATED)
fanout149/X                              10     21    -11 (VIOLATED)
fanout15/X                               10     21    -11 (VIOLATED)
fanout151/X                              10     21    -11 (VIOLATED)
fanout153/X                              10     21    -11 (VIOLATED)
fanout155/X                              10     21    -11 (VIOLATED)
fanout159/X                              10     21    -11 (VIOLATED)
fanout162/X                              10     21    -11 (VIOLATED)
fanout164/X                              10     21    -11 (VIOLATED)
fanout166/X                              10     21    -11 (VIOLATED)
fanout168/X                              10     21    -11 (VIOLATED)
fanout17/X                               10     21    -11 (VIOLATED)
fanout170/X                              10     21    -11 (VIOLATED)
fanout171/X                              10     21    -11 (VIOLATED)
fanout174/X                              10     21    -11 (VIOLATED)
fanout176/X                              10     21    -11 (VIOLATED)
fanout180/X                              10     21    -11 (VIOLATED)
fanout182/X                              10     21    -11 (VIOLATED)
fanout186/X                              10     21    -11 (VIOLATED)
fanout19/X                               10     21    -11 (VIOLATED)
fanout191/X                              10     21    -11 (VIOLATED)
fanout193/X                              10     21    -11 (VIOLATED)
fanout200/X                              10     21    -11 (VIOLATED)
fanout21/X                               10     21    -11 (VIOLATED)
fanout23/X                               10     21    -11 (VIOLATED)
fanout25/X                               10     21    -11 (VIOLATED)
fanout27/X                               10     21    -11 (VIOLATED)
fanout29/X                               10     21    -11 (VIOLATED)
fanout292/X                              10     21    -11 (VIOLATED)
fanout31/X                               10     21    -11 (VIOLATED)
fanout33/X                               10     21    -11 (VIOLATED)
fanout35/X                               10     21    -11 (VIOLATED)
fanout60/X                               10     21    -11 (VIOLATED)
fanout61/X                               10     21    -11 (VIOLATED)
fanout62/X                               10     21    -11 (VIOLATED)
fanout63/X                               10     21    -11 (VIOLATED)
fanout71/X                               10     21    -11 (VIOLATED)
fanout76/X                               10     21    -11 (VIOLATED)
fanout81/X                               10     21    -11 (VIOLATED)
fanout82/X                               10     21    -11 (VIOLATED)
fanout85/X                               10     21    -11 (VIOLATED)
fanout87/X                               10     21    -11 (VIOLATED)
fanout89/X                               10     21    -11 (VIOLATED)
fanout91/X                               10     21    -11 (VIOLATED)
fanout93/X                               10     21    -11 (VIOLATED)
fanout94/X                               10     21    -11 (VIOLATED)
fanout95/X                               10     21    -11 (VIOLATED)
fanout97/X                               10     21    -11 (VIOLATED)
wire66/X                                 10     21    -11 (VIOLATED)
_1602_/X                                 10     19     -9 (VIOLATED)
clkbuf_leaf_7_clk/X                      10     19     -9 (VIOLATED)
fanout161/X                              10     19     -9 (VIOLATED)
fanout18/X                               10     19     -9 (VIOLATED)
fanout196/X                              10     19     -9 (VIOLATED)
fanout34/X                               10     19     -9 (VIOLATED)
fanout36/X                               10     19     -9 (VIOLATED)
load_slew68/X                            10     19     -9 (VIOLATED)
load_slew73/X                            10     19     -9 (VIOLATED)
load_slew78/X                            10     19     -9 (VIOLATED)
_1563_/X                                 10     17     -7 (VIOLATED)
_2551_/X                                 10     17     -7 (VIOLATED)
clkbuf_0_clk/X                           10     17     -7 (VIOLATED)
fanout12/X                               10     17     -7 (VIOLATED)
fanout14/X                               10     17     -7 (VIOLATED)
fanout157/X                              10     17     -7 (VIOLATED)
fanout16/X                               10     17     -7 (VIOLATED)
fanout188/X                              10     17     -7 (VIOLATED)
fanout190/X                              10     17     -7 (VIOLATED)
fanout20/X                               10     17     -7 (VIOLATED)
fanout22/X                               10     17     -7 (VIOLATED)
fanout24/X                               10     17     -7 (VIOLATED)
fanout26/X                               10     17     -7 (VIOLATED)
fanout28/X                               10     17     -7 (VIOLATED)
fanout30/X                               10     17     -7 (VIOLATED)
fanout32/X                               10     17     -7 (VIOLATED)
fanout64/X                               10     17     -7 (VIOLATED)
fanout98/X                               10     17     -7 (VIOLATED)
max_cap88/X                              10     17     -7 (VIOLATED)
fanout132/X                              10     15     -5 (VIOLATED)
fanout136/X                              10     15     -5 (VIOLATED)
fanout228/X                              10     15     -5 (VIOLATED)
fanout242/X                              10     15     -5 (VIOLATED)
fanout251/X                              10     15     -5 (VIOLATED)
fanout70/X                               10     15     -5 (VIOLATED)
fanout80/X                               10     15     -5 (VIOLATED)
clkbuf_3_0__f_clk/X                      10     13     -3 (VIOLATED)
clkbuf_3_1__f_clk/X                      10     13     -3 (VIOLATED)
clkbuf_3_2__f_clk/X                      10     13     -3 (VIOLATED)
clkbuf_3_3__f_clk/X                      10     13     -3 (VIOLATED)
clkbuf_3_4__f_clk/X                      10     13     -3 (VIOLATED)
clkbuf_3_5__f_clk/X                      10     13     -3 (VIOLATED)
clkbuf_3_6__f_clk/X                      10     13     -3 (VIOLATED)
clkbuf_leaf_38_clk/X                     10     13     -3 (VIOLATED)
fanout115/X                              10     13     -3 (VIOLATED)
fanout120/X                              10     13     -3 (VIOLATED)
fanout126/X                              10     13     -3 (VIOLATED)
fanout128/X                              10     13     -3 (VIOLATED)
fanout140/X                              10     13     -3 (VIOLATED)
fanout223/X                              10     13     -3 (VIOLATED)
fanout290/X                              10     13     -3 (VIOLATED)
clkbuf_leaf_0_clk/X                      10     12     -2 (VIOLATED)
clkbuf_leaf_10_clk/X                     10     12     -2 (VIOLATED)
clkbuf_leaf_11_clk/X                     10     12     -2 (VIOLATED)
clkbuf_leaf_12_clk/X                     10     12     -2 (VIOLATED)
clkbuf_leaf_2_clk/X                      10     12     -2 (VIOLATED)
clkbuf_leaf_37_clk/X                     10     12     -2 (VIOLATED)
clkbuf_leaf_9_clk/X                      10     12     -2 (VIOLATED)
_3046_/Q                                 10     11        (VIOLATED)
clkbuf_leaf_15_clk/X                     10     11        (VIOLATED)
clkbuf_leaf_19_clk/X                     10     11        (VIOLATED)
clkbuf_leaf_24_clk/X                     10     11        (VIOLATED)
clkbuf_leaf_26_clk/X                     10     11        (VIOLATED)
clkbuf_leaf_31_clk/X                     10     11        (VIOLATED)
clkbuf_leaf_32_clk/X                     10     11        (VIOLATED)
clkbuf_leaf_33_clk/X                     10     11        (VIOLATED)
clkbuf_leaf_34_clk/X                     10     11        (VIOLATED)
clkbuf_leaf_4_clk/X                      10     11        (VIOLATED)
clkbuf_leaf_5_clk/X                      10     11        (VIOLATED)
fanout214/X                              10     11        (VIOLATED)
fanout279/X                              10     11        (VIOLATED)
fanout289/X                              10     11        (VIOLATED)
fanout291/X                              10     11        (VIOLATED)
fanout96/X                               10     11        (VIOLATED)



===========================================================================
report_parasitic_annotation -report_unannotated
============================================================================
Found 118 unannotated drivers.
 gpio_in[10]
 gpio_in[11]
 gpio_in[12]
 gpio_in[13]
 gpio_in[14]
 gpio_in[15]
 gpio_in[16]
 gpio_in[17]
 gpio_in[18]
 gpio_in[19]
 gpio_in[20]
 gpio_in[21]
 gpio_in[22]
 gpio_in[23]
 gpio_in[24]
 gpio_in[25]
 gpio_in[26]
 gpio_in[27]
 gpio_in[28]
 gpio_in[29]
 gpio_in[30]
 gpio_in[31]
 gpio_in[32]
 gpio_in[33]
 gpio_in[3]
 gpio_in[4]
 gpio_in[5]
 gpio_in[6]
 gpio_in[7]
 gpio_in[8]
 gpio_in[9]
 _3470__331/LO
 clkload0/X
 clkload1/X
 clkload10/X
 clkload11/X
 clkload12/Y
 clkload13/Y
 clkload14/X
 clkload15/X
 clkload16/X
 clkload17/Y
 clkload18/X
 clkload19/X
 clkload2/X
 clkload3/X
 clkload4/X
 clkload5/X
 clkload6/X
 clkload7/X
 clkload8/X
 clkload9/Y
 team_02/HI
 team_02_298/HI
 team_02_299/HI
 team_02_300/HI
 team_02_301/HI
 team_02_302/HI
 team_02_303/HI
 team_02_304/HI
 team_02_305/HI
 team_02_306/HI
 team_02_307/HI
 team_02_308/HI
 team_02_309/HI
 team_02_310/HI
 team_02_311/HI
 team_02_312/HI
 team_02_313/HI
 team_02_314/HI
 team_02_315/HI
 team_02_316/HI
 team_02_317/HI
 team_02_318/HI
 team_02_319/HI
 team_02_320/HI
 team_02_321/HI
 team_02_322/HI
 team_02_323/HI
 team_02_324/HI
 team_02_325/HI
 team_02_326/HI
 team_02_327/HI
 team_02_328/HI
 team_02_329/HI
 team_02_330/HI
 team_02_332/LO
 team_02_333/LO
 team_02_334/LO
 team_02_335/LO
 team_02_336/LO
 team_02_337/LO
 team_02_338/LO
 team_02_339/LO
 team_02_340/LO
 team_02_341/LO
 team_02_342/LO
 team_02_343/LO
 team_02_344/LO
 team_02_345/LO
 team_02_346/LO
 team_02_347/LO
 team_02_348/LO
 team_02_349/LO
 team_02_350/LO
 team_02_351/LO
 team_02_352/LO
 team_02_353/LO
 team_02_354/LO
 team_02_355/LO
 team_02_356/LO
 team_02_357/LO
 team_02_358/LO
 team_02_359/LO
 team_02_360/LO
 team_02_361/LO
 team_02_362/LO
 team_02_363/LO
Found 0 partially unannotated drivers.

===========================================================================
max slew violation count 44
max fanout violation count 148
max cap violation count 0
============================================================================

===========================================================================
check_setup -verbose -unconstrained_endpoints -multiple_clock -no_clock -no_input_delay -loops -generated_clocks
===========================================================================
Warning: There are 38 unclocked register/latch pins.
  _3361_/CLK
  _3362_/CLK
  _3363_/CLK
  _3364_/CLK
  _3365_/CLK
  _3366_/CLK
  _3367_/CLK
  _3368_/CLK
  _3369_/CLK
  _3370_/CLK
  _3371_/CLK
  _3372_/CLK
  _3373_/CLK
  _3374_/CLK
  _3375_/CLK
  _3376_/CLK
  _3377_/CLK
  _3378_/CLK
  _3379_/CLK
  _3380_/CLK
  _3454_/CLK
  _3455_/CLK
  _3456_/CLK
  _3457_/CLK
  _3458_/CLK
  _3459_/CLK
  _3460_/CLK
  _3461_/CLK
  _3462_/CLK
  _3463_/CLK
  _3464_/CLK
  _3465_/CLK
  _3466_/CLK
  _3467_/CLK
  _3468_/CLK
  _3469_/CLK
  _3470_/CLK
  _3471_/CLK
Warning: There are 46 unconstrained endpoints.
  _3361_/D
  _3362_/D
  _3363_/D
  _3364_/D
  _3365_/D
  _3366_/D
  _3367_/D
  _3368_/D
  _3369_/D
  _3370_/D
  _3371_/D
  _3372_/D
  _3373_/D
  _3374_/D
  _3375_/D
  _3376_/D
  _3377_/D
  _3378_/D
  _3379_/D
  _3380_/D
  _3445_/D
  _3446_/D
  _3447_/D
  _3448_/D
  _3449_/D
  _3450_/D
  _3451_/D
  _3452_/D
  _3453_/D
  _3454_/D
  _3455_/D
  _3456_/D
  _3457_/D
  _3458_/D
  _3459_/D
  _3460_/D
  _3461_/D
  _3462_/D
  _3463_/D
  _3464_/D
  _3465_/D
  _3466_/D
  _3467_/D
  _3468_/D
  _3469_/D
  _3471_/D
