Clock: clk
Sources: clk 
Generated: no
Virtual: yes
Propagated: no
Period: 25.000000

===========================================================================
report_clock_properties
============================================================================
Clock                   Period          Waveform
----------------------------------------------------
clk                  25.000000    0.000000 12.500000

===========================================================================
report_clock_latency
============================================================================
Clock clk
rise -> rise
    min     max
0.000000 0.000000 source latency
0.341407         network latency _3426_/CLK
        5.669415 network latency _3451_/CLK
---------------
0.341407 5.669415 latency
        5.328008 skew

rise -> fall
    min     max
0.000000 0.000000 source latency
5.295011         network latency _3508_/CLK
        5.748539 network latency _3451_/CLK
---------------
5.295011 5.748539 latency
        0.453529 skew

fall -> fall
    min     max
0.000000 0.000000 source latency
0.291278         network latency _3426_/CLK
        0.441744 network latency _3207_/CLK
---------------
0.291278 0.441744 latency
        0.150465 skew



===========================================================================
report_clock_min_period
============================================================================
clk period_min = 3.09 fmax = 323.14
