
===========================================================================
report_checks -unconstrained
===========================================================================
======================= nom_ff_n40C_1v95 Corner ===================================

Startpoint: nrst (input port clocked by clk)
Endpoint: _8397_ (recovery check against rising-edge clock clk)
Path Group: asynchronous
Path Type: max

Fanout         Cap        Slew       Delay        Time   Description
---------------------------------------------------------------------------------------------
                                  0.000000    0.000000   clock clk (rise edge)
                                  0.000000    0.000000   clock network delay (propagated)
                                  5.000000    5.000000 ^ input external delay
     2    0.004777    0.020963    0.012421    5.012421 ^ nrst (in)
                                                         nrst (net)
                      0.020963    0.000000    5.012421 ^ input20/A (sky130_fd_sc_hd__clkdlybuf4s25_1)
     1    0.002466    0.029567    0.153022    5.165443 ^ input20/X (sky130_fd_sc_hd__clkdlybuf4s25_1)
                                                         net20 (net)
                      0.029567    0.000071    5.165514 ^ _4226_/A (sky130_fd_sc_hd__and2_2)
     9    0.082989    0.313348    0.279613    5.445127 ^ _4226_/X (sky130_fd_sc_hd__and2_2)
                                                         PID_INST.add_three.n_rst (net)
                      0.313494    0.005627    5.450754 ^ fanout379/A (sky130_fd_sc_hd__clkdlybuf4s25_1)
    15    0.081943    0.610324    0.595340    6.046094 ^ fanout379/X (sky130_fd_sc_hd__clkdlybuf4s25_1)
                                                         net379 (net)
                      0.610335    0.002152    6.048246 ^ fanout374/A (sky130_fd_sc_hd__clkdlybuf4s25_1)
     2    0.008092    0.068908    0.225142    6.273388 ^ fanout374/X (sky130_fd_sc_hd__clkdlybuf4s25_1)
                                                         net374 (net)
                      0.068908    0.000135    6.273523 ^ load_slew375/A (sky130_fd_sc_hd__clkbuf_4)
     9    0.043802    0.104898    0.150707    6.424229 ^ load_slew375/X (sky130_fd_sc_hd__clkbuf_4)
                                                         net375 (net)
                      0.104906    0.000996    6.425225 ^ fanout372/A (sky130_fd_sc_hd__clkdlybuf4s25_1)
     5    0.021892    0.168836    0.272027    6.697252 ^ fanout372/X (sky130_fd_sc_hd__clkdlybuf4s25_1)
                                                         net372 (net)
                      0.168836    0.000315    6.697567 ^ load_slew373/A (sky130_fd_sc_hd__clkbuf_2)
     6    0.027251    0.117441    0.152775    6.850342 ^ load_slew373/X (sky130_fd_sc_hd__clkbuf_2)
                                                         net373 (net)
                      0.117445    0.000838    6.851180 ^ _8397_/RESET_B (sky130_fd_sc_hd__dfrtp_2)
                                              6.851180   data arrival time

                                 25.000000   25.000000   clock clk (rise edge)
                                  0.000000   25.000000   clock source latency
     2    0.040576    0.139600    0.098309   25.098309 ^ clk (in)
                                                         clk (net)
                      0.139732    0.000000   25.098309 ^ clkbuf_0_clk/A (sky130_fd_sc_hd__clkbuf_16)
    33    0.182101    0.150577    0.193346   25.291655 ^ clkbuf_0_clk/X (sky130_fd_sc_hd__clkbuf_16)
                                                         clknet_0_clk (net)
                      0.150933    0.006068   25.297722 ^ clkbuf_4_9_0_clk/A (sky130_fd_sc_hd__clkbuf_8)
     9    0.024486    0.044303    0.121878   25.419600 ^ clkbuf_4_9_0_clk/X (sky130_fd_sc_hd__clkbuf_8)
                                                         clknet_4_9_0_clk (net)
                      0.044304    0.000325   25.419924 ^ _8397_/CLK (sky130_fd_sc_hd__dfrtp_2)
                                 -0.250000   25.169926   clock uncertainty
                                  0.000000   25.169926   clock reconvergence pessimism
                                  0.113594   25.283520   library recovery time
                                             25.283520   data required time
---------------------------------------------------------------------------------------------
                                             25.283520   data required time
                                             -6.851180   data arrival time
---------------------------------------------------------------------------------------------
                                             18.432341   slack (MET)


Startpoint: gpio_in[2] (input port clocked by clk)
Endpoint: _8334_ (rising edge-triggered flip-flop clocked by clk)
Path Group: clk
Path Type: max

Fanout         Cap        Slew       Delay        Time   Description
---------------------------------------------------------------------------------------------
                                  0.000000    0.000000   clock clk (rise edge)
                                  0.000000    0.000000   clock network delay (propagated)
                                  5.000000    5.000000 ^ input external delay
     2    0.007194    0.029047    0.018285    5.018285 ^ gpio_in[2] (in)
                                                         gpio_in[2] (net)
                      0.029048    0.000000    5.018285 ^ input12/A (sky130_fd_sc_hd__clkdlybuf4s25_1)
    13    0.064239    0.478459    0.465942    5.484228 ^ input12/X (sky130_fd_sc_hd__clkdlybuf4s25_1)
                                                         net12 (net)
                      0.478728    0.009442    5.493669 ^ _4227_/A1 (sky130_fd_sc_hd__mux2_1)
     9    0.041448    0.275452    0.280016    5.773685 ^ _4227_/X (sky130_fd_sc_hd__mux2_1)
                                                         PID_INST.k3_calc.d1.y[0] (net)
                      0.275452    0.000405    5.774091 ^ fanout165/A (sky130_fd_sc_hd__dlymetal6s4s_1)
    21    0.078353    0.581584    0.511958    6.286050 ^ fanout165/X (sky130_fd_sc_hd__dlymetal6s4s_1)
                                                         net165 (net)
                      0.581724    0.007525    6.293575 ^ _4657_/A (sky130_fd_sc_hd__and3_2)
     2    0.013729    0.073013    0.191093    6.484668 ^ _4657_/X (sky130_fd_sc_hd__and3_2)
                                                         _3920_ (net)
                      0.073015    0.000493    6.485161 ^ _4658_/B (sky130_fd_sc_hd__xnor2_2)
     2    0.011703    0.050982    0.054949    6.540110 v _4658_/Y (sky130_fd_sc_hd__xnor2_2)
                                                         _3921_ (net)
                      0.050983    0.000367    6.540477 v _4666_/B (sky130_fd_sc_hd__xnor2_2)
     2    0.008352    0.046163    0.096410    6.636887 v _4666_/Y (sky130_fd_sc_hd__xnor2_2)
                                                         _3929_ (net)
                      0.046180    0.000163    6.637050 v _4678_/A (sky130_fd_sc_hd__or2_4)
     2    0.008096    0.036673    0.161169    6.798220 v _4678_/X (sky130_fd_sc_hd__or2_4)
                                                         _3941_ (net)
                      0.036673    0.000203    6.798422 v _4680_/A (sky130_fd_sc_hd__nand2_2)
     2    0.012806    0.062098    0.061309    6.859731 ^ _4680_/Y (sky130_fd_sc_hd__nand2_2)
                                                         _3943_ (net)
                      0.062124    0.000419    6.860150 ^ _4682_/B (sky130_fd_sc_hd__xor2_2)
     2    0.005361    0.034844    0.040793    6.900943 v _4682_/X (sky130_fd_sc_hd__xor2_2)
                                                         _3945_ (net)
                      0.034844    0.000138    6.901081 v _4720_/A1 (sky130_fd_sc_hd__a221o_2)
     1    0.007860    0.042037    0.193060    7.094141 v _4720_/X (sky130_fd_sc_hd__a221o_2)
                                                         _3983_ (net)
                      0.042037    0.000329    7.094471 v _4722_/A2_N (sky130_fd_sc_hd__o2bb2a_4)
     1    0.009738    0.034560    0.122980    7.217451 ^ _4722_/X (sky130_fd_sc_hd__o2bb2a_4)
                                                         _3985_ (net)
                      0.034563    0.000314    7.217764 ^ _4724_/B2 (sky130_fd_sc_hd__o22ai_4)
     2    0.014390    0.050549    0.034773    7.252537 v _4724_/Y (sky130_fd_sc_hd__o22ai_4)
                                                         _3987_ (net)
                      0.050553    0.000826    7.253362 v _4726_/A1 (sky130_fd_sc_hd__a211o_4)
     3    0.012511    0.044024    0.216989    7.470351 v _4726_/X (sky130_fd_sc_hd__a211o_4)
                                                         _3989_ (net)
                      0.044024    0.000273    7.470623 v _4728_/A2 (sky130_fd_sc_hd__a31o_4)
     2    0.010318    0.032608    0.153769    7.624392 v _4728_/X (sky130_fd_sc_hd__a31o_4)
                                                         _3991_ (net)
                      0.032611    0.000370    7.624763 v _4730_/A2 (sky130_fd_sc_hd__a21bo_4)
     2    0.007140    0.027950    0.135944    7.760706 v _4730_/X (sky130_fd_sc_hd__a21bo_4)
                                                         _3993_ (net)
                      0.027950    0.000163    7.760870 v rebuffer487/A (sky130_fd_sc_hd__buf_4)
     2    0.013151    0.026729    0.091666    7.852536 v rebuffer487/X (sky130_fd_sc_hd__buf_4)
                                                         net487 (net)
                      0.026731    0.000252    7.852788 v _4731_/B (sky130_fd_sc_hd__xor2_2)
     2    0.017945    0.187563    0.161658    8.014446 ^ _4731_/X (sky130_fd_sc_hd__xor2_2)
                                                         _3994_ (net)
                      0.187579    0.001362    8.015808 ^ fanout67/A (sky130_fd_sc_hd__dlymetal6s4s_1)
    21    0.079473    0.588789    0.512687    8.528495 ^ fanout67/X (sky130_fd_sc_hd__dlymetal6s4s_1)
                                                         net67 (net)
                      0.588794    0.001547    8.530042 ^ _4732_/B (sky130_fd_sc_hd__nand2_2)
     4    0.025751    0.146505    0.103884    8.633925 v _4732_/Y (sky130_fd_sc_hd__nand2_2)
                                                         _3995_ (net)
                      0.146510    0.000671    8.634597 v _5047_/A (sky130_fd_sc_hd__xor2_2)
     2    0.014499    0.161469    0.203721    8.838319 ^ _5047_/X (sky130_fd_sc_hd__xor2_2)
                                                         _0245_ (net)
                      0.161469    0.000336    8.838655 ^ _5051_/A (sky130_fd_sc_hd__xor2_2)
     2    0.015615    0.168821    0.154011    8.992665 ^ _5051_/X (sky130_fd_sc_hd__xor2_2)
                                                         _0249_ (net)
                      0.168821    0.000391    8.993056 ^ _5072_/A (sky130_fd_sc_hd__xor2_2)
     2    0.020865    0.211057    0.184349    9.177405 ^ _5072_/X (sky130_fd_sc_hd__xor2_2)
                                                         _0270_ (net)
                      0.211065    0.001040    9.178446 ^ _5081_/A (sky130_fd_sc_hd__xor2_2)
     2    0.007097    0.102522    0.103826    9.282272 ^ _5081_/X (sky130_fd_sc_hd__xor2_2)
                                                         _0279_ (net)
                      0.102522    0.000038    9.282310 ^ _5082_/C (sky130_fd_sc_hd__and3_2)
     3    0.014525    0.066068    0.146665    9.428975 ^ _5082_/X (sky130_fd_sc_hd__and3_2)
                                                         _0280_ (net)
                      0.066069    0.000372    9.429347 ^ _5204_/B1 (sky130_fd_sc_hd__a21oi_2)
     2    0.008912    0.061080    0.029700    9.459047 v _5204_/Y (sky130_fd_sc_hd__a21oi_2)
                                                         _0402_ (net)
                      0.061080    0.000165    9.459212 v _5205_/A (sky130_fd_sc_hd__or3_4)
     2    0.007336    0.049041    0.243649    9.702861 v _5205_/X (sky130_fd_sc_hd__or3_4)
                                                         _0403_ (net)
                      0.049041    0.000180    9.703041 v _5208_/A2 (sky130_fd_sc_hd__a21o_4)
     2    0.008497    0.028352    0.143393    9.846435 v _5208_/X (sky130_fd_sc_hd__a21o_4)
                                                         _0406_ (net)
                      0.028352    0.000233    9.846667 v _5210_/A1 (sky130_fd_sc_hd__a211o_4)
     2    0.007299    0.038567    0.200813   10.047480 v _5210_/X (sky130_fd_sc_hd__a211o_4)
                                                         _0408_ (net)
                      0.038567    0.000142   10.047622 v _5812_/A2 (sky130_fd_sc_hd__a21o_4)
     2    0.008042    0.027994    0.138573   10.186194 v _5812_/X (sky130_fd_sc_hd__a21o_4)
                                                         _1010_ (net)
                      0.027994    0.000256   10.186450 v _5998_/A1 (sky130_fd_sc_hd__a21o_4)
     2    0.008627    0.028461    0.127000   10.313450 v _5998_/X (sky130_fd_sc_hd__a21o_4)
                                                         _1195_ (net)
                      0.028461    0.000293   10.313743 v _6083_/A1 (sky130_fd_sc_hd__a21bo_4)
     2    0.014771    0.035992    0.142274   10.456017 v _6083_/X (sky130_fd_sc_hd__a21bo_4)
                                                         _1279_ (net)
                      0.035996    0.000409   10.456427 v _6392_/A2 (sky130_fd_sc_hd__a21o_4)
     2    0.006044    0.026295    0.134851   10.591277 v _6392_/X (sky130_fd_sc_hd__a21o_4)
                                                         _1587_ (net)
                      0.026295    0.000143   10.591420 v rebuffer488/A (sky130_fd_sc_hd__buf_2)
     2    0.011214    0.029967    0.085153   10.676574 v rebuffer488/X (sky130_fd_sc_hd__buf_2)
                                                         net488 (net)
                      0.029968    0.000216   10.676789 v _6394_/B (sky130_fd_sc_hd__xor2_2)
     2    0.010878    0.061158    0.100829   10.777618 v _6394_/X (sky130_fd_sc_hd__xor2_2)
                                                         _1589_ (net)
                      0.061158    0.000314   10.777932 v _6476_/A (sky130_fd_sc_hd__xor2_2)
     3    0.010804    0.098947    0.131435   10.909367 v _6476_/X (sky130_fd_sc_hd__xor2_2)
                                                         _1671_ (net)
                      0.098947    0.000215   10.909582 v _6686_/A1 (sky130_fd_sc_hd__a21o_2)
     3    0.009229    0.036327    0.153452   11.063034 v _6686_/X (sky130_fd_sc_hd__a21o_2)
                                                         _1890_ (net)
                      0.036328    0.000226   11.063261 v _6878_/A2 (sky130_fd_sc_hd__a21o_2)
     3    0.009966    0.037724    0.148059   11.211320 v _6878_/X (sky130_fd_sc_hd__a21o_2)
                                                         _2092_ (net)
                      0.037725    0.000242   11.211562 v _7043_/A2 (sky130_fd_sc_hd__a21o_2)
     3    0.012753    0.043330    0.154895   11.366457 v _7043_/X (sky130_fd_sc_hd__a21o_2)
                                                         _2267_ (net)
                      0.043334    0.000400   11.366857 v _7207_/A2 (sky130_fd_sc_hd__a21oi_2)
     3    0.018497    0.177446    0.173545   11.540401 ^ _7207_/Y (sky130_fd_sc_hd__a21oi_2)
                                                         _2440_ (net)
                      0.177448    0.000497   11.540898 ^ _7512_/A2 (sky130_fd_sc_hd__o31ai_2)
     2    0.008702    0.052534    0.060595   11.601494 v _7512_/Y (sky130_fd_sc_hd__o31ai_2)
                                                         _2765_ (net)
                      0.052534    0.000222   11.601715 v max_cap37/A (sky130_fd_sc_hd__clkbuf_2)
     2    0.007687    0.027887    0.084564   11.686280 v max_cap37/X (sky130_fd_sc_hd__clkbuf_2)
                                                         net37 (net)
                      0.027887    0.000190   11.686470 v _7661_/A3 (sky130_fd_sc_hd__a31o_4)
     2    0.009079    0.031521    0.153928   11.840398 v _7661_/X (sky130_fd_sc_hd__a31o_4)
                                                         _2927_ (net)
                      0.031521    0.000267   11.840665 v _8069_/A1 (sky130_fd_sc_hd__a31o_4)
     2    0.018231    0.040646    0.154146   11.994811 v _8069_/X (sky130_fd_sc_hd__a31o_4)
                                                         _3373_ (net)
                      0.040646    0.000563   11.995374 v _8072_/A1 (sky130_fd_sc_hd__a21oi_4)
     2    0.008161    0.085206    0.091383   12.086757 ^ _8072_/Y (sky130_fd_sc_hd__a21oi_4)
                                                         _3376_ (net)
                      0.085206    0.000212   12.086969 ^ _8162_/A2 (sky130_fd_sc_hd__a21o_2)
     1    0.002404    0.021510    0.078236   12.165205 ^ _8162_/X (sky130_fd_sc_hd__a21o_2)
                                                         _3475_ (net)
                      0.021510    0.000070   12.165276 ^ _8163_/A1_N (sky130_fd_sc_hd__a2bb2o_2)
     1    0.002327    0.029246    0.115445   12.280721 v _8163_/X (sky130_fd_sc_hd__a2bb2o_2)
                                                         _0017_ (net)
                      0.029246    0.000066   12.280787 v _8334_/D (sky130_fd_sc_hd__dfrtp_2)
                                             12.280787   data arrival time

                                 25.000000   25.000000   clock clk (rise edge)
                                  0.000000   25.000000   clock source latency
     2    0.040576    0.139600    0.098309   25.098309 ^ clk (in)
                                                         clk (net)
                      0.139732    0.000000   25.098309 ^ clkbuf_0_clk/A (sky130_fd_sc_hd__clkbuf_16)
    33    0.182101    0.150577    0.193346   25.291655 ^ clkbuf_0_clk/X (sky130_fd_sc_hd__clkbuf_16)
                                                         clknet_0_clk (net)
                      0.151366    0.008855   25.300508 ^ clkbuf_4_13_0_clk/A (sky130_fd_sc_hd__clkbuf_8)
     9    0.029990    0.050632    0.126546   25.427055 ^ clkbuf_4_13_0_clk/X (sky130_fd_sc_hd__clkbuf_8)
                                                         clknet_4_13_0_clk (net)
                      0.050684    0.001426   25.428482 ^ _8334_/CLK (sky130_fd_sc_hd__dfrtp_2)
                                 -0.250000   25.178482   clock uncertainty
                                  0.000000   25.178482   clock reconvergence pessimism
                                 -0.070884   25.107599   library setup time
                                             25.107599   data required time
---------------------------------------------------------------------------------------------
                                             25.107599   data required time
                                            -12.280787   data arrival time
---------------------------------------------------------------------------------------------
                                             12.826812   slack (MET)




===========================================================================
report_checks --slack_max -0.01
============================================================================
======================= nom_ff_n40C_1v95 Corner ===================================

No paths found.


===========================================================================
 report_check_types -max_slew -max_cap -max_fanout -violators
============================================================================
======================= nom_ff_n40C_1v95 Corner ===================================

max slew

Pin                                        Limit        Slew       Slack
------------------------------------------------------------------------
ANTENNA__4159__S/DIODE                  0.750000    0.926819   -0.176819 (VIOLATED)
_4159_/S                                0.750000    0.926818   -0.176818 (VIOLATED)
ANTENNA__4165__A1/DIODE                 0.750000    0.926811   -0.176811 (VIOLATED)
ANTENNA__4164__B/DIODE                  0.750000    0.926809   -0.176810 (VIOLATED)
_4165_/A1                               0.750000    0.926808   -0.176808 (VIOLATED)
_4164_/B                                0.750000    0.926777   -0.176777 (VIOLATED)
ANTENNA__4163__S/DIODE                  0.750000    0.926771   -0.176771 (VIOLATED)
_4163_/S                                0.750000    0.926770   -0.176770 (VIOLATED)
_4171_/A1                               0.750000    0.926744   -0.176744 (VIOLATED)
_4170_/B                                0.750000    0.926726   -0.176726 (VIOLATED)
ANTENNA__4170__B/DIODE                  0.750000    0.926699   -0.176699 (VIOLATED)
ANTENNA__4171__A1/DIODE                 0.750000    0.926650   -0.176650 (VIOLATED)
ANTENNA_fanout198_X/DIODE               0.750000    0.926630   -0.176630 (VIOLATED)
ANTENNA__4168__A1/DIODE                 0.750000    0.926630   -0.176630 (VIOLATED)
ANTENNA__4167__B/DIODE                  0.750000    0.926627   -0.176627 (VIOLATED)
_4167_/B                                0.750000    0.926622   -0.176622 (VIOLATED)
_4222_/C                                0.750000    0.926600   -0.176600 (VIOLATED)
ANTENNA__4222__C/DIODE                  0.750000    0.926599   -0.176599 (VIOLATED)
ANTENNA__4227__S/DIODE                  0.750000    0.926592   -0.176592 (VIOLATED)
_4227_/S                                0.750000    0.926590   -0.176590 (VIOLATED)
_4168_/A1                               0.750000    0.926566   -0.176566 (VIOLATED)
fanout198/X                             0.750000    0.926559   -0.176559 (VIOLATED)
_4151_/S                                0.750000    0.791310   -0.041310 (VIOLATED)
ANTENNA__4151__S/DIODE                  0.750000    0.791308   -0.041308 (VIOLATED)
_4148_/S                                0.750000    0.791305   -0.041305 (VIOLATED)
ANTENNA__4148__S/DIODE                  0.750000    0.791291   -0.041291 (VIOLATED)
_4150_/S                                0.750000    0.791269   -0.041269 (VIOLATED)
ANTENNA__4149__S/DIODE                  0.750000    0.791269   -0.041269 (VIOLATED)
ANTENNA__4150__S/DIODE                  0.750000    0.791269   -0.041269 (VIOLATED)
_4149_/S                                0.750000    0.791263   -0.041263 (VIOLATED)
_4153_/B                                0.750000    0.791219   -0.041219 (VIOLATED)
ANTENNA__4153__B/DIODE                  0.750000    0.791214   -0.041214 (VIOLATED)
_4154_/A1                               0.750000    0.791210   -0.041210 (VIOLATED)
ANTENNA__4154__A1/DIODE                 0.750000    0.791204   -0.041204 (VIOLATED)
_4156_/B                                0.750000    0.791151   -0.041151 (VIOLATED)
ANTENNA__4156__B/DIODE                  0.750000    0.791149   -0.041149 (VIOLATED)
ANTENNA__4157__A1/DIODE                 0.750000    0.791144   -0.041144 (VIOLATED)
_4157_/A1                               0.750000    0.791136   -0.041136 (VIOLATED)
_4161_/A1                               0.750000    0.791102   -0.041102 (VIOLATED)
_4160_/B                                0.750000    0.791062   -0.041062 (VIOLATED)
ANTENNA__4160__B/DIODE                  0.750000    0.791053   -0.041053 (VIOLATED)
ANTENNA__4161__A1/DIODE                 0.750000    0.791052   -0.041052 (VIOLATED)
ANTENNA_fanout197_X/DIODE               0.750000    0.791049   -0.041049 (VIOLATED)
fanout197/X                             0.750000    0.791041   -0.041041 (VIOLATED)
_5499_/A                                0.750000    0.782719   -0.032719 (VIOLATED)
ANTENNA__5499__A/DIODE                  0.750000    0.782719   -0.032719 (VIOLATED)
_5366_/A                                0.750000    0.782709   -0.032709 (VIOLATED)
ANTENNA__5366__A/DIODE                  0.750000    0.782706   -0.032706 (VIOLATED)
ANTENNA__5401__C/DIODE                  0.750000    0.782701   -0.032701 (VIOLATED)
ANTENNA__5402__B1/DIODE                 0.750000    0.782691   -0.032691 (VIOLATED)
_5402_/B1                               0.750000    0.782686   -0.032686 (VIOLATED)
_5401_/C                                0.750000    0.782686   -0.032686 (VIOLATED)
ANTENNA__5837__A2/DIODE                 0.750000    0.782686   -0.032686 (VIOLATED)
_6038_/B                                0.750000    0.782679   -0.032679 (VIOLATED)
ANTENNA__6038__B/DIODE                  0.750000    0.782676   -0.032676 (VIOLATED)
ANTENNA__5838__B/DIODE                  0.750000    0.782669   -0.032669 (VIOLATED)
_5838_/B                                0.750000    0.782665   -0.032665 (VIOLATED)
ANTENNA__8219__A/DIODE                  0.750000    0.782661   -0.032662 (VIOLATED)
_8219_/A                                0.750000    0.782645   -0.032645 (VIOLATED)
_5837_/A2                               0.750000    0.782632   -0.032632 (VIOLATED)
ANTENNA_fanout312_X/DIODE               0.750000    0.782588   -0.032588 (VIOLATED)
ANTENNA__8225__A0/DIODE                 0.750000    0.782586   -0.032586 (VIOLATED)
_8225_/A0                               0.750000    0.782568   -0.032568 (VIOLATED)
_8220_/A                                0.750000    0.782557   -0.032557 (VIOLATED)
ANTENNA__8220__A/DIODE                  0.750000    0.782556   -0.032557 (VIOLATED)
fanout312/X                             0.750000    0.782554   -0.032554 (VIOLATED)

max fanout

Pin                                   Limit Fanout  Slack
---------------------------------------------------------
clkbuf_0_clk/X                           10     33    -23 (VIOLATED)
_4143_/Y                                 10     21    -11 (VIOLATED)
_5062_/X                                 10     21    -11 (VIOLATED)
clkbuf_4_4_0_clk/X                       10     21    -11 (VIOLATED)
fanout131/X                              10     21    -11 (VIOLATED)
fanout134/X                              10     21    -11 (VIOLATED)
fanout135/X                              10     21    -11 (VIOLATED)
fanout141/X                              10     21    -11 (VIOLATED)
fanout143/X                              10     21    -11 (VIOLATED)
fanout144/X                              10     21    -11 (VIOLATED)
fanout146/X                              10     21    -11 (VIOLATED)
fanout154/X                              10     21    -11 (VIOLATED)
fanout156/X                              10     21    -11 (VIOLATED)
fanout160/X                              10     21    -11 (VIOLATED)
fanout165/X                              10     21    -11 (VIOLATED)
fanout180/X                              10     21    -11 (VIOLATED)
fanout181/X                              10     21    -11 (VIOLATED)
fanout182/X                              10     21    -11 (VIOLATED)
fanout183/X                              10     21    -11 (VIOLATED)
fanout184/X                              10     21    -11 (VIOLATED)
fanout192/X                              10     21    -11 (VIOLATED)
fanout197/X                              10     21    -11 (VIOLATED)
fanout198/X                              10     21    -11 (VIOLATED)
fanout201/X                              10     21    -11 (VIOLATED)
fanout202/X                              10     21    -11 (VIOLATED)
fanout214/X                              10     21    -11 (VIOLATED)
fanout217/X                              10     21    -11 (VIOLATED)
fanout222/X                              10     21    -11 (VIOLATED)
fanout225/X                              10     21    -11 (VIOLATED)
fanout226/X                              10     21    -11 (VIOLATED)
fanout227/X                              10     21    -11 (VIOLATED)
fanout228/X                              10     21    -11 (VIOLATED)
fanout235/X                              10     21    -11 (VIOLATED)
fanout236/X                              10     21    -11 (VIOLATED)
fanout238/X                              10     21    -11 (VIOLATED)
fanout241/X                              10     21    -11 (VIOLATED)
fanout243/X                              10     21    -11 (VIOLATED)
fanout248/X                              10     21    -11 (VIOLATED)
fanout249/X                              10     21    -11 (VIOLATED)
fanout254/X                              10     21    -11 (VIOLATED)
fanout260/X                              10     21    -11 (VIOLATED)
fanout267/X                              10     21    -11 (VIOLATED)
fanout270/X                              10     21    -11 (VIOLATED)
fanout272/X                              10     21    -11 (VIOLATED)
fanout274/X                              10     21    -11 (VIOLATED)
fanout276/X                              10     21    -11 (VIOLATED)
fanout277/X                              10     21    -11 (VIOLATED)
fanout281/X                              10     21    -11 (VIOLATED)
fanout282/X                              10     21    -11 (VIOLATED)
fanout284/X                              10     21    -11 (VIOLATED)
fanout286/X                              10     21    -11 (VIOLATED)
fanout288/X                              10     21    -11 (VIOLATED)
fanout291/X                              10     21    -11 (VIOLATED)
fanout292/X                              10     21    -11 (VIOLATED)
fanout293/X                              10     21    -11 (VIOLATED)
fanout294/X                              10     21    -11 (VIOLATED)
fanout295/X                              10     21    -11 (VIOLATED)
fanout296/X                              10     21    -11 (VIOLATED)
fanout301/X                              10     21    -11 (VIOLATED)
fanout302/X                              10     21    -11 (VIOLATED)
fanout303/X                              10     21    -11 (VIOLATED)
fanout304/X                              10     21    -11 (VIOLATED)
fanout305/X                              10     21    -11 (VIOLATED)
fanout306/X                              10     21    -11 (VIOLATED)
fanout307/X                              10     21    -11 (VIOLATED)
fanout309/X                              10     21    -11 (VIOLATED)
fanout312/X                              10     21    -11 (VIOLATED)
fanout316/X                              10     21    -11 (VIOLATED)
fanout317/X                              10     21    -11 (VIOLATED)
fanout320/X                              10     21    -11 (VIOLATED)
fanout322/X                              10     21    -11 (VIOLATED)
fanout324/X                              10     21    -11 (VIOLATED)
fanout326/X                              10     21    -11 (VIOLATED)
fanout334/X                              10     21    -11 (VIOLATED)
fanout338/X                              10     21    -11 (VIOLATED)
fanout39/X                               10     21    -11 (VIOLATED)
fanout41/X                               10     21    -11 (VIOLATED)
fanout47/X                               10     21    -11 (VIOLATED)
fanout67/X                               10     21    -11 (VIOLATED)
fanout69/X                               10     21    -11 (VIOLATED)
fanout78/X                               10     21    -11 (VIOLATED)
fanout81/X                               10     21    -11 (VIOLATED)
fanout85/X                               10     21    -11 (VIOLATED)
fanout97/X                               10     21    -11 (VIOLATED)
_6333_/Y                                 10     19     -9 (VIOLATED)
clkbuf_4_12_0_clk/X                      10     19     -9 (VIOLATED)
clkbuf_4_14_0_clk/X                      10     19     -9 (VIOLATED)
clkbuf_4_6_0_clk/X                       10     19     -9 (VIOLATED)
clkbuf_4_7_0_clk/X                       10     19     -9 (VIOLATED)
fanout110/X                              10     19     -9 (VIOLATED)
fanout247/X                              10     19     -9 (VIOLATED)
fanout259/X                              10     19     -9 (VIOLATED)
fanout266/X                              10     19     -9 (VIOLATED)
fanout311/X                              10     19     -9 (VIOLATED)
fanout335/X                              10     19     -9 (VIOLATED)
fanout356/X                              10     19     -9 (VIOLATED)
load_slew112/X                           10     19     -9 (VIOLATED)
load_slew117/X                           10     19     -9 (VIOLATED)
load_slew174/X                           10     19     -9 (VIOLATED)
rebuffer441/X                            10     19     -9 (VIOLATED)
rebuffer483/X                            10     19     -9 (VIOLATED)
rebuffer501/X                            10     19     -9 (VIOLATED)
_6610_/Y                                 10     17     -7 (VIOLATED)
fanout126/X                              10     17     -7 (VIOLATED)
fanout221/X                              10     17     -7 (VIOLATED)
fanout224/X                              10     17     -7 (VIOLATED)
fanout237/X                              10     17     -7 (VIOLATED)
fanout265/X                              10     17     -7 (VIOLATED)
fanout271/X                              10     17     -7 (VIOLATED)
fanout290/X                              10     17     -7 (VIOLATED)
fanout300/X                              10     17     -7 (VIOLATED)
fanout352/X                              10     17     -7 (VIOLATED)
fanout46/X                               10     17     -7 (VIOLATED)
fanout68/X                               10     17     -7 (VIOLATED)
load_slew107/X                           10     17     -7 (VIOLATED)
load_slew177/X                           10     17     -7 (VIOLATED)
load_slew358/X                           10     17     -7 (VIOLATED)
load_slew384/X                           10     17     -7 (VIOLATED)
max_cap159/X                             10     17     -7 (VIOLATED)
wire364/X                                10     17     -7 (VIOLATED)
wire92/X                                 10     17     -7 (VIOLATED)
_4299_/X                                 10     15     -5 (VIOLATED)
_4301_/Y                                 10     15     -5 (VIOLATED)
_6332_/X                                 10     15     -5 (VIOLATED)
fanout115/X                              10     15     -5 (VIOLATED)
fanout229/X                              10     15     -5 (VIOLATED)
fanout318/X                              10     15     -5 (VIOLATED)
fanout339/X                              10     15     -5 (VIOLATED)
fanout379/X                              10     15     -5 (VIOLATED)
input13/X                                10     15     -5 (VIOLATED)
load_slew360/X                           10     15     -5 (VIOLATED)
load_slew45/X                            10     15     -5 (VIOLATED)
load_slew61/X                            10     15     -5 (VIOLATED)
max_cap155/X                             10     15     -5 (VIOLATED)
max_cap40/X                              10     15     -5 (VIOLATED)
wire362/X                                10     15     -5 (VIOLATED)
wire72/X                                 10     15     -5 (VIOLATED)
_4168_/Y                                 10     13     -3 (VIOLATED)
_4172_/Y                                 10     13     -3 (VIOLATED)
_4292_/Y                                 10     13     -3 (VIOLATED)
_4963_/Y                                 10     13     -3 (VIOLATED)
_6608_/X                                 10     13     -3 (VIOLATED)
_8361_/Q                                 10     13     -3 (VIOLATED)
fanout196/X                              10     13     -3 (VIOLATED)
fanout199/X                              10     13     -3 (VIOLATED)
fanout250/X                              10     13     -3 (VIOLATED)
fanout253/X                              10     13     -3 (VIOLATED)
fanout255/X                              10     13     -3 (VIOLATED)
fanout278/X                              10     13     -3 (VIOLATED)
fanout319/X                              10     13     -3 (VIOLATED)
fanout321/X                              10     13     -3 (VIOLATED)
fanout331/X                              10     13     -3 (VIOLATED)
fanout73/X                               10     13     -3 (VIOLATED)
input10/X                                10     13     -3 (VIOLATED)
input12/X                                10     13     -3 (VIOLATED)
input14/X                                10     13     -3 (VIOLATED)
input16/X                                10     13     -3 (VIOLATED)
input17/X                                10     13     -3 (VIOLATED)
input18/X                                10     13     -3 (VIOLATED)
input4/X                                 10     13     -3 (VIOLATED)
input5/X                                 10     13     -3 (VIOLATED)
input6/X                                 10     13     -3 (VIOLATED)
input7/X                                 10     13     -3 (VIOLATED)
input8/X                                 10     13     -3 (VIOLATED)
input9/X                                 10     13     -3 (VIOLATED)
max_cap151/X                             10     13     -3 (VIOLATED)
_4293_/X                                 10     11        (VIOLATED)
_4295_/Y                                 10     11        (VIOLATED)
_4307_/Y                                 10     11        (VIOLATED)
_5049_/Y                                 10     11        (VIOLATED)
_6609_/Y                                 10     11        (VIOLATED)
_8351_/Q                                 10     11        (VIOLATED)
fanout162/X                              10     11        (VIOLATED)
fanout179/X                              10     11        (VIOLATED)
fanout194/X                              10     11        (VIOLATED)
fanout230/X                              10     11        (VIOLATED)
fanout244/X                              10     11        (VIOLATED)
fanout262/X                              10     11        (VIOLATED)
fanout269/X                              10     11        (VIOLATED)
fanout273/X                              10     11        (VIOLATED)
fanout279/X                              10     11        (VIOLATED)
fanout298/X                              10     11        (VIOLATED)
fanout308/X                              10     11        (VIOLATED)
fanout315/X                              10     11        (VIOLATED)
fanout325/X                              10     11        (VIOLATED)
fanout344/X                              10     11        (VIOLATED)
max_cap157/X                             10     11        (VIOLATED)



===========================================================================
report_parasitic_annotation -report_unannotated
============================================================================
Found 83 unannotated drivers.
 gpio_in[18]
 gpio_in[19]
 gpio_in[20]
 gpio_in[21]
 gpio_in[22]
 gpio_in[23]
 gpio_in[24]
 gpio_in[25]
 gpio_in[26]
 gpio_in[27]
 gpio_in[28]
 gpio_in[29]
 gpio_in[30]
 gpio_in[31]
 gpio_in[32]
 gpio_in[33]
 clkload0/X
 clkload1/X
 clkload10/X
 clkload11/X
 clkload12/X
 clkload13/X
 clkload14/X
 clkload2/X
 clkload3/X
 clkload4/X
 clkload5/X
 clkload6/X
 clkload7/X
 clkload8/X
 clkload9/X
 team_03/HI
 team_03_388/HI
 team_03_389/HI
 team_03_390/HI
 team_03_391/HI
 team_03_392/HI
 team_03_393/HI
 team_03_394/HI
 team_03_395/HI
 team_03_396/HI
 team_03_397/HI
 team_03_398/HI
 team_03_399/HI
 team_03_400/HI
 team_03_401/HI
 team_03_402/HI
 team_03_403/HI
 team_03_404/HI
 team_03_405/HI
 team_03_406/HI
 team_03_407/HI
 team_03_408/HI
 team_03_409/HI
 team_03_410/HI
 team_03_411/HI
 team_03_412/HI
 team_03_413/HI
 team_03_414/HI
 team_03_415/HI
 team_03_416/HI
 team_03_417/HI
 team_03_418/HI
 team_03_419/HI
 team_03_420/HI
 team_03_421/LO
 team_03_422/LO
 team_03_423/LO
 team_03_424/LO
 team_03_425/LO
 team_03_426/LO
 team_03_427/LO
 team_03_428/LO
 team_03_429/LO
 team_03_430/LO
 team_03_431/LO
 team_03_432/LO
 team_03_433/LO
 team_03_434/LO
 team_03_435/LO
 team_03_436/LO
 team_03_437/LO
 team_03_438/LO
Found 0 partially unannotated drivers.

===========================================================================
max slew violation count 66
max fanout violation count 187
max cap violation count 0
============================================================================

===========================================================================
check_setup -verbose -unconstrained_endpoints -multiple_clock -no_clock -no_input_delay -loops -generated_clocks
===========================================================================
