Clock: clk
Sources: clk 
Generated: no
Virtual: yes
Propagated: no
Period: 25.000000

===========================================================================
report_clock_properties
============================================================================
Clock                   Period          Waveform
----------------------------------------------------
clk                  25.000000    0.000000 12.500000

===========================================================================
report_clock_latency
============================================================================
Clock clk
rise -> rise
    min     max
0.000000 0.000000 source latency
0.419640         network latency _8403_/CLK
        0.474267 network latency _8400_/CLK
---------------
0.419640 0.474267 latency
        0.054627 skew

fall -> fall
    min     max
0.000000 0.000000 source latency
0.339204         network latency _8403_/CLK
        0.377757 network latency _8400_/CLK
---------------
0.339204 0.377757 latency
        0.038553 skew



===========================================================================
report_clock_min_period
============================================================================
clk period_min = 8.87 fmax = 112.72
