
===========================================================================
report_checks -unconstrained
===========================================================================
======================= nom_ff_n40C_1v95 Corner ===================================

Startpoint: nrst (input port clocked by clk)
Endpoint: _1472_ (recovery check against rising-edge clock clk)
Path Group: asynchronous
Path Type: max

Fanout         Cap        Slew       Delay        Time   Description
---------------------------------------------------------------------------------------------
                                  0.000000    0.000000   clock clk (rise edge)
                                  0.000000    0.000000   clock network delay (propagated)
                                  5.000000    5.000000 ^ input external delay
     2    0.004250    0.019080    0.011084    5.011084 ^ nrst (in)
                                                         nrst (net)
                      0.019082    0.000000    5.011084 ^ input6/A (sky130_fd_sc_hd__clkdlybuf4s25_1)
     9    0.046275    0.347914    0.374016    5.385099 ^ input6/X (sky130_fd_sc_hd__clkdlybuf4s25_1)
                                                         net6 (net)
                      0.347987    0.004214    5.389314 ^ fanout141/A (sky130_fd_sc_hd__clkdlybuf4s25_1)
     3    0.011643    0.094329    0.238365    5.627679 ^ fanout141/X (sky130_fd_sc_hd__clkdlybuf4s25_1)
                                                         net141 (net)
                      0.094329    0.000286    5.627965 ^ wire142/A (sky130_fd_sc_hd__clkbuf_4)
    17    0.058863    0.137505    0.179660    5.807626 ^ wire142/X (sky130_fd_sc_hd__clkbuf_4)
                                                         net142 (net)
                      0.137685    0.004074    5.811700 ^ fanout139/A (sky130_fd_sc_hd__clkdlybuf4s25_1)
     6    0.026705    0.203941    0.301372    6.113071 ^ fanout139/X (sky130_fd_sc_hd__clkdlybuf4s25_1)
                                                         net139 (net)
                      0.203941    0.000136    6.113208 ^ load_slew140/A (sky130_fd_sc_hd__clkbuf_2)
     5    0.028392    0.122322    0.158900    6.272108 ^ load_slew140/X (sky130_fd_sc_hd__clkbuf_2)
                                                         net140 (net)
                      0.122359    0.001739    6.273848 ^ _1472_/RESET_B (sky130_fd_sc_hd__dfrtp_2)
                                              6.273848   data arrival time

                                 25.000000   25.000000   clock clk (rise edge)
                                  0.000000   25.000000   clock source latency
     2    0.024549    0.086549    0.060163   25.060163 ^ clk (in)
                                                         clk (net)
                      0.086607    0.000000   25.060163 ^ clkbuf_0_clk/A (sky130_fd_sc_hd__clkbuf_16)
     4    0.041946    0.046925    0.113037   25.173199 ^ clkbuf_0_clk/X (sky130_fd_sc_hd__clkbuf_16)
                                                         clknet_0_clk (net)
                      0.046975    0.001290   25.174488 ^ clkbuf_2_3__f_clk/A (sky130_fd_sc_hd__clkbuf_16)
     9    0.030808    0.038634    0.096213   25.270702 ^ clkbuf_2_3__f_clk/X (sky130_fd_sc_hd__clkbuf_16)
                                                         clknet_2_3__leaf_clk (net)
                      0.038674    0.001043   25.271744 ^ _1472_/CLK (sky130_fd_sc_hd__dfrtp_2)
                                 -0.250000   25.021746   clock uncertainty
                                  0.000000   25.021746   clock reconvergence pessimism
                                  0.111455   25.133202   library recovery time
                                             25.133202   data required time
---------------------------------------------------------------------------------------------
                                             25.133202   data required time
                                             -6.273848   data arrival time
---------------------------------------------------------------------------------------------
                                             18.859354   slack (MET)


Startpoint: en (input port clocked by clk)
Endpoint: gpio_oeb[9] (output port clocked by clk)
Path Group: clk
Path Type: max

Fanout         Cap        Slew       Delay        Time   Description
---------------------------------------------------------------------------------------------
                                  0.000000    0.000000   clock clk (rise edge)
                                  0.000000    0.000000   clock network delay (propagated)
                                  5.000000    5.000000 v input external delay
     2    0.004850    0.007969    0.004082    5.004082 v en (in)
                                                         en (net)
                      0.007969    0.000000    5.004082 v input1/A (sky130_fd_sc_hd__clkdlybuf4s25_1)
     5    0.018480    0.099722    0.209646    5.213727 v input1/X (sky130_fd_sc_hd__clkdlybuf4s25_1)
                                                         net1 (net)
                      0.099723    0.000515    5.214242 v _0687_/A (sky130_fd_sc_hd__inv_2)
     1    0.003441    0.030896    0.049669    5.263911 ^ _0687_/Y (sky130_fd_sc_hd__inv_2)
                                                         net48 (net)
                      0.030896    0.000103    5.264014 ^ fanout133/A (sky130_fd_sc_hd__clkdlybuf4s25_1)
     5    0.017855    0.139588    0.234642    5.498656 ^ fanout133/X (sky130_fd_sc_hd__clkdlybuf4s25_1)
                                                         net133 (net)
                      0.139589    0.000732    5.499388 ^ fanout130/A (sky130_fd_sc_hd__clkdlybuf4s25_1)
    10    0.028017    0.213663    0.307850    5.807239 ^ fanout130/X (sky130_fd_sc_hd__clkdlybuf4s25_1)
                                                         net130 (net)
                      0.213666    0.001120    5.808358 ^ fanout129/A (sky130_fd_sc_hd__clkdlybuf4s25_1)
    10    0.024950    0.191238    0.298690    6.107049 ^ fanout129/X (sky130_fd_sc_hd__clkdlybuf4s25_1)
                                                         net129 (net)
                      0.191238    0.000829    6.107877 ^ _1520_/A (sky130_fd_sc_hd__buf_2)
     1    0.003857    0.026888    0.090262    6.198139 ^ _1520_/X (sky130_fd_sc_hd__buf_2)
                                                         net55 (net)
                      0.026888    0.000124    6.198264 ^ output55/A (sky130_fd_sc_hd__clkdlybuf4s25_1)
     1    0.036073    0.272710    0.326247    6.524511 ^ output55/X (sky130_fd_sc_hd__clkdlybuf4s25_1)
                                                         gpio_oeb[9] (net)
                      0.272710    0.000705    6.525216 ^ gpio_oeb[9] (out)
                                              6.525216   data arrival time

                                 25.000000   25.000000   clock clk (rise edge)
                                  0.000000   25.000000   clock network delay (propagated)
                                 -0.250000   24.750000   clock uncertainty
                                  0.000000   24.750000   clock reconvergence pessimism
                                 -5.000000   19.750000   output external delay
                                             19.750000   data required time
---------------------------------------------------------------------------------------------
                                             19.750000   data required time
                                             -6.525216   data arrival time
---------------------------------------------------------------------------------------------
                                             13.224783   slack (MET)




===========================================================================
report_checks --slack_max -0.01
============================================================================
======================= nom_ff_n40C_1v95 Corner ===================================

No paths found.


===========================================================================
 report_check_types -max_slew -max_cap -max_fanout -violators
============================================================================
======================= nom_ff_n40C_1v95 Corner ===================================

max fanout

Pin                                   Limit Fanout  Slack
---------------------------------------------------------
fanout103/X                              10     21    -11 (VIOLATED)
fanout104/X                              10     21    -11 (VIOLATED)
fanout107/X                              10     21    -11 (VIOLATED)
fanout109/X                              10     21    -11 (VIOLATED)
fanout110/X                              10     21    -11 (VIOLATED)
fanout128/X                              10     21    -11 (VIOLATED)
fanout134/X                              10     21    -11 (VIOLATED)
fanout94/X                               10     21    -11 (VIOLATED)
fanout95/X                               10     21    -11 (VIOLATED)
fanout96/X                               10     21    -11 (VIOLATED)
input20/X                                10     21    -11 (VIOLATED)
input9/X                                 10     21    -11 (VIOLATED)
clkbuf_2_0__f_clk/X                      10     19     -9 (VIOLATED)
clkbuf_2_1__f_clk/X                      10     19     -9 (VIOLATED)
clkbuf_2_2__f_clk/X                      10     19     -9 (VIOLATED)
fanout105/X                              10     19     -9 (VIOLATED)
input10/X                                10     19     -9 (VIOLATED)
_0695_/Y                                 10     17     -7 (VIOLATED)
wire142/X                                10     17     -7 (VIOLATED)
load_slew137/X                           10     15     -5 (VIOLATED)
input7/X                                 10     13     -3 (VIOLATED)
_0692_/Y                                 10     11        (VIOLATED)
_0698_/Y                                 10     11        (VIOLATED)



===========================================================================
report_parasitic_annotation -report_unannotated
============================================================================
Found 126 unannotated drivers.
 gpio_in[0]
 gpio_in[10]
 gpio_in[11]
 gpio_in[12]
 gpio_in[13]
 gpio_in[14]
 gpio_in[15]
 gpio_in[16]
 gpio_in[17]
 gpio_in[18]
 gpio_in[19]
 gpio_in[1]
 gpio_in[20]
 gpio_in[21]
 gpio_in[22]
 gpio_in[23]
 gpio_in[24]
 gpio_in[25]
 gpio_in[26]
 gpio_in[27]
 gpio_in[28]
 gpio_in[29]
 gpio_in[2]
 gpio_in[30]
 gpio_in[31]
 gpio_in[32]
 gpio_in[33]
 gpio_in[3]
 gpio_in[4]
 gpio_in[5]
 gpio_in[6]
 gpio_in[7]
 gpio_in[8]
 gpio_in[9]
 la_data_in[10]
 la_data_in[11]
 la_data_in[12]
 la_data_in[13]
 la_data_in[14]
 la_data_in[15]
 la_data_in[16]
 la_data_in[17]
 la_data_in[18]
 la_data_in[19]
 la_data_in[20]
 la_data_in[21]
 la_data_in[22]
 la_data_in[23]
 la_data_in[24]
 la_data_in[25]
 la_data_in[26]
 la_data_in[27]
 la_data_in[28]
 la_data_in[29]
 la_data_in[2]
 la_data_in[30]
 la_data_in[31]
 la_data_in[3]
 la_data_in[4]
 la_data_in[5]
 la_data_in[6]
 la_data_in[7]
 la_data_in[8]
 la_data_in[9]
 la_oenb[10]
 la_oenb[11]
 la_oenb[12]
 la_oenb[13]
 la_oenb[14]
 la_oenb[15]
 la_oenb[16]
 la_oenb[17]
 la_oenb[18]
 la_oenb[19]
 la_oenb[20]
 la_oenb[21]
 la_oenb[22]
 la_oenb[23]
 la_oenb[24]
 la_oenb[25]
 la_oenb[26]
 la_oenb[27]
 la_oenb[28]
 la_oenb[29]
 la_oenb[2]
 la_oenb[30]
 la_oenb[31]
 la_oenb[3]
 la_oenb[4]
 la_oenb[5]
 la_oenb[6]
 la_oenb[7]
 la_oenb[8]
 la_oenb[9]
 team_00/HI
 team_00_148/HI
 team_00_149/HI
 team_00_150/HI
 team_00_151/HI
 team_00_152/HI
 team_00_153/HI
 team_00_154/HI
 team_00_155/HI
 team_00_156/HI
 team_00_157/HI
 team_00_158/HI
 team_00_159/HI
 team_00_160/HI
 team_00_161/HI
 team_00_162/HI
 team_00_163/HI
 team_00_164/HI
 team_00_165/HI
 team_00_166/HI
 team_00_167/HI
 team_00_168/HI
 team_00_169/HI
 team_00_170/HI
 team_00_171/HI
 team_00_172/HI
 team_00_173/HI
 team_00_174/HI
 team_00_175/HI
 team_00_176/HI
 team_00_177/HI
 team_00_178/HI
Found 0 partially unannotated drivers.

===========================================================================
max slew violation count 0
max fanout violation count 23
max cap violation count 0
============================================================================

===========================================================================
check_setup -verbose -unconstrained_endpoints -multiple_clock -no_clock -no_input_delay -loops -generated_clocks
===========================================================================
