Clock: clk
Sources: clk 
Generated: no
Virtual: yes
Propagated: no
Period: 25.000000

===========================================================================
report_clock_properties
============================================================================
Clock                   Period          Waveform
----------------------------------------------------
clk                  25.000000    0.000000 12.500000

===========================================================================
report_clock_latency
============================================================================
Clock clk
rise -> rise
    min     max
0.000000 0.000000 source latency
0.271349         network latency _1478_/CLK
        0.285251 network latency _1451_/CLK
---------------
0.271349 0.285251 latency
        0.013902 skew

fall -> fall
    min     max
0.000000 0.000000 source latency
0.243590         network latency _1478_/CLK
        0.254164 network latency _1451_/CLK
---------------
0.243590 0.254164 latency
        0.010574 skew



===========================================================================
report_clock_min_period
============================================================================
clk period_min = 4.57 fmax = 218.67
