
===========================================================================
report_checks -unconstrained
===========================================================================
======================= nom_ff_n40C_1v95 Corner ===================================

Startpoint: en (input port clocked by clk)
Endpoint: _427_ (recovery check against rising-edge clock clk)
Path Group: asynchronous
Path Type: max

Fanout         Cap        Slew       Delay        Time   Description
---------------------------------------------------------------------------------------------
                                  0.000000    0.000000   clock clk (rise edge)
                                  0.000000    0.000000   clock network delay (propagated)
                                  5.000000    5.000000 ^ input external delay
     2    0.004478    0.019905    0.011631    5.011631 ^ en (in)
                                                         en (net)
                      0.019906    0.000000    5.011631 ^ input1/A (sky130_fd_sc_hd__clkbuf_1)
     1    0.002042    0.025985    0.044784    5.056415 ^ input1/X (sky130_fd_sc_hd__clkbuf_1)
                                                         net1 (net)
                      0.025986    0.000040    5.056455 ^ _270_/B (sky130_fd_sc_hd__and2_1)
     1    0.003870    0.039264    0.076211    5.132666 ^ _270_/X (sky130_fd_sc_hd__and2_1)
                                                         TOP.n_rst (net)
                      0.039264    0.000127    5.132793 ^ fanout42/A (sky130_fd_sc_hd__clkbuf_2)
    11    0.036536    0.153968    0.153736    5.286529 ^ fanout42/X (sky130_fd_sc_hd__clkbuf_2)
                                                         net42 (net)
                      0.153970    0.000437    5.286967 ^ fanout37/A (sky130_fd_sc_hd__clkbuf_2)
     5    0.028916    0.123694    0.155329    5.442295 ^ fanout37/X (sky130_fd_sc_hd__clkbuf_2)
                                                         net37 (net)
                      0.123702    0.000859    5.443154 ^ fanout36/A (sky130_fd_sc_hd__clkbuf_4)
    10    0.054731    0.127987    0.182009    5.625163 ^ fanout36/X (sky130_fd_sc_hd__clkbuf_4)
                                                         net36 (net)
                      0.128041    0.000616    5.625779 ^ fanout35/A (sky130_fd_sc_hd__clkbuf_4)
    10    0.050714    0.119462    0.176693    5.802472 ^ fanout35/X (sky130_fd_sc_hd__clkbuf_4)
                                                         net35 (net)
                      0.119521    0.000933    5.803405 ^ _427_/RESET_B (sky130_fd_sc_hd__dfrtp_2)
                                              5.803405   data arrival time

                                 25.000000   25.000000   clock clk (rise edge)
                                  0.000000   25.000000   clock source latency
     2    0.018466    0.066616    0.045452   25.045450 ^ clk (in)
                                                         clk (net)
                      0.066623    0.000000   25.045450 ^ clkbuf_0_clk/A (sky130_fd_sc_hd__clkbuf_16)
    17    0.100219    0.089291    0.138689   25.184139 ^ clkbuf_0_clk/X (sky130_fd_sc_hd__clkbuf_16)
                                                         clknet_0_clk (net)
                      0.089412    0.002672   25.186811 ^ clkbuf_3_0__f_clk/A (sky130_fd_sc_hd__clkbuf_16)
     9    0.030636    0.039002    0.107640   25.294451 ^ clkbuf_3_0__f_clk/X (sky130_fd_sc_hd__clkbuf_16)
                                                         clknet_3_0__leaf_clk (net)
                      0.039020    0.000728   25.295179 ^ _427_/CLK (sky130_fd_sc_hd__dfrtp_2)
                                 -0.250000   25.045181   clock uncertainty
                                  0.000000   25.045181   clock reconvergence pessimism
                                  0.112237   25.157417   library recovery time
                                             25.157417   data required time
---------------------------------------------------------------------------------------------
                                             25.157417   data required time
                                             -5.803405   data arrival time
---------------------------------------------------------------------------------------------
                                             19.354013   slack (MET)


Startpoint: _424_ (rising edge-triggered flip-flop clocked by clk)
Endpoint: gpio_out[10] (output port clocked by clk)
Path Group: clk
Path Type: max

Fanout         Cap        Slew       Delay        Time   Description
---------------------------------------------------------------------------------------------
                                  0.000000    0.000000   clock clk (rise edge)
                                  0.000000    0.000000   clock source latency
     2    0.018466    0.066616    0.045452    0.045452 ^ clk (in)
                                                         clk (net)
                      0.066623    0.000000    0.045452 ^ clkbuf_0_clk/A (sky130_fd_sc_hd__clkbuf_16)
    17    0.100219    0.089291    0.138689    0.184140 ^ clkbuf_0_clk/X (sky130_fd_sc_hd__clkbuf_16)
                                                         clknet_0_clk (net)
                      0.089556    0.003908    0.188048 ^ clkbuf_3_7__f_clk/A (sky130_fd_sc_hd__clkbuf_16)
    10    0.034848    0.042002    0.110105    0.298153 ^ clkbuf_3_7__f_clk/X (sky130_fd_sc_hd__clkbuf_16)
                                                         clknet_3_7__leaf_clk (net)
                      0.042003    0.000347    0.298499 ^ _424_/CLK (sky130_fd_sc_hd__dfrtp_1)
     2    0.006718    0.040437    0.239124    0.537624 v _424_/Q (sky130_fd_sc_hd__dfrtp_1)
                                                         TOP.top_rng_inst.display.current_data[3] (net)
                      0.040481    0.000180    0.537804 v fanout30/A (sky130_fd_sc_hd__clkbuf_2)
    10    0.029172    0.079203    0.121579    0.659383 v fanout30/X (sky130_fd_sc_hd__clkbuf_2)
                                                         net30 (net)
                      0.079206    0.000550    0.659933 v _259_/B (sky130_fd_sc_hd__or3b_1)
     2    0.004939    0.051544    0.221973    0.881907 v _259_/X (sky130_fd_sc_hd__or3b_1)
                                                         _084_ (net)
                      0.051544    0.000105    0.882012 v _260_/B1 (sky130_fd_sc_hd__o2bb2a_1)
     1    0.002378    0.036162    0.172413    1.054425 v _260_/X (sky130_fd_sc_hd__o2bb2a_1)
                                                         net7 (net)
                      0.036162    0.000070    1.054495 v output7/A (sky130_fd_sc_hd__buf_2)
     1    0.033992    0.062362    0.119346    1.173841 v output7/X (sky130_fd_sc_hd__buf_2)
                                                         gpio_out[10] (net)
                      0.062368    0.000633    1.174474 v gpio_out[10] (out)
                                              1.174474   data arrival time

                                 25.000000   25.000000   clock clk (rise edge)
                                  0.000000   25.000000   clock network delay (propagated)
                                 -0.250000   24.750000   clock uncertainty
                                  0.000000   24.750000   clock reconvergence pessimism
                                 -5.000000   19.750000   output external delay
                                             19.750000   data required time
---------------------------------------------------------------------------------------------
                                             19.750000   data required time
                                             -1.174474   data arrival time
---------------------------------------------------------------------------------------------
                                             18.575525   slack (MET)




===========================================================================
report_checks --slack_max -0.01
============================================================================
======================= nom_ff_n40C_1v95 Corner ===================================

No paths found.


===========================================================================
 report_check_types -max_slew -max_cap -max_fanout -violators
============================================================================
======================= nom_ff_n40C_1v95 Corner ===================================

max fanout

Pin                                   Limit Fanout  Slack
---------------------------------------------------------
fanout19/X                               10     21    -11 (VIOLATED)
fanout22/X                               10     21    -11 (VIOLATED)
fanout31/X                               10     21    -11 (VIOLATED)
fanout29/X                               10     19     -9 (VIOLATED)
clkbuf_0_clk/X                           10     17     -7 (VIOLATED)
fanout32/X                               10     17     -7 (VIOLATED)
clkbuf_3_1__f_clk/X                      10     12     -2 (VIOLATED)
clkbuf_3_2__f_clk/X                      10     12     -2 (VIOLATED)
fanout42/X                               10     11        (VIOLATED)



===========================================================================
report_parasitic_annotation -report_unannotated
============================================================================
Found 94 unannotated drivers.
 gpio_in[10]
 gpio_in[11]
 gpio_in[12]
 gpio_in[13]
 gpio_in[14]
 gpio_in[15]
 gpio_in[16]
 gpio_in[17]
 gpio_in[18]
 gpio_in[19]
 gpio_in[20]
 gpio_in[21]
 gpio_in[22]
 gpio_in[23]
 gpio_in[24]
 gpio_in[25]
 gpio_in[26]
 gpio_in[27]
 gpio_in[28]
 gpio_in[29]
 gpio_in[30]
 gpio_in[31]
 gpio_in[32]
 gpio_in[33]
 gpio_in[4]
 gpio_in[5]
 gpio_in[6]
 gpio_in[7]
 gpio_in[8]
 gpio_in[9]
 _436__99/LO
 clkload0/Y
 clkload1/X
 clkload2/Y
 clkload3/Y
 clkload4/Y
 clkload5/Y
 clkload6/Y
 team_01_43/HI
 team_01_44/HI
 team_01_45/HI
 team_01_46/HI
 team_01_47/HI
 team_01_48/HI
 team_01_49/HI
 team_01_50/HI
 team_01_51/HI
 team_01_52/HI
 team_01_53/HI
 team_01_54/HI
 team_01_55/HI
 team_01_56/HI
 team_01_57/HI
 team_01_58/HI
 team_01_59/HI
 team_01_60/HI
 team_01_61/HI
 team_01_62/HI
 team_01_63/HI
 team_01_64/HI
 team_01_65/HI
 team_01_66/HI
 team_01_67/HI
 team_01_68/HI
 team_01_69/HI
 team_01_70/HI
 team_01_71/HI
 team_01_72/HI
 team_01_73/HI
 team_01_74/HI
 team_01_75/HI
 team_01_76/HI
 team_01_77/HI
 team_01_78/HI
 team_01_79/HI
 team_01_80/HI
 team_01_81/LO
 team_01_82/LO
 team_01_83/LO
 team_01_84/LO
 team_01_85/LO
 team_01_86/LO
 team_01_87/LO
 team_01_88/LO
 team_01_89/LO
 team_01_90/LO
 team_01_91/LO
 team_01_92/LO
 team_01_93/LO
 team_01_94/LO
 team_01_95/LO
 team_01_96/LO
 team_01_97/LO
 team_01_98/LO
Found 0 partially unannotated drivers.

===========================================================================
max slew violation count 0
max fanout violation count 9
max cap violation count 0
============================================================================

===========================================================================
check_setup -verbose -unconstrained_endpoints -multiple_clock -no_clock -no_input_delay -loops -generated_clocks
===========================================================================
Warning: There are 2 unclocked register/latch pins.
  _485_/CLK
  _486_/CLK
Warning: There are 61 unconstrained endpoints.
  gpio_oeb[0]
  gpio_oeb[10]
  gpio_oeb[11]
  gpio_oeb[12]
  gpio_oeb[13]
  gpio_oeb[14]
  gpio_oeb[15]
  gpio_oeb[16]
  gpio_oeb[17]
  gpio_oeb[18]
  gpio_oeb[19]
  gpio_oeb[1]
  gpio_oeb[20]
  gpio_oeb[21]
  gpio_oeb[22]
  gpio_oeb[23]
  gpio_oeb[24]
  gpio_oeb[25]
  gpio_oeb[26]
  gpio_oeb[27]
  gpio_oeb[28]
  gpio_oeb[29]
  gpio_oeb[2]
  gpio_oeb[30]
  gpio_oeb[31]
  gpio_oeb[32]
  gpio_oeb[33]
  gpio_oeb[3]
  gpio_oeb[4]
  gpio_oeb[5]
  gpio_oeb[6]
  gpio_oeb[7]
  gpio_oeb[8]
  gpio_oeb[9]
  gpio_out[0]
  gpio_out[15]
  gpio_out[16]
  gpio_out[17]
  gpio_out[1]
  gpio_out[21]
  gpio_out[22]
  gpio_out[23]
  gpio_out[24]
  gpio_out[25]
  gpio_out[26]
  gpio_out[27]
  gpio_out[28]
  gpio_out[29]
  gpio_out[2]
  gpio_out[30]
  gpio_out[31]
  gpio_out[32]
  gpio_out[33]
  gpio_out[3]
  gpio_out[4]
  gpio_out[5]
  gpio_out[6]
  gpio_out[7]
  _436_/D
  _485_/D
  _486_/D
