Clock: clk
Sources: clk 
Generated: no
Virtual: yes
Propagated: no
Period: 25.000000

===========================================================================
report_clock_properties
============================================================================
Clock                   Period          Waveform
----------------------------------------------------
clk                  25.000000    0.000000 12.500000

===========================================================================
report_clock_latency
============================================================================
Clock clk
rise -> rise
    min     max
0.000000 0.000000 source latency
0.284772         network latency _452_/CLK
        0.505213 network latency _485_/CLK
---------------
0.284772 0.505213 latency
        0.220441 skew

rise -> fall
    min     max
0.000000 0.000000 source latency
0.532907         network latency _486_/CLK
        0.532922 network latency _485_/CLK
---------------
0.532907 0.532922 latency
        0.000015 skew

fall -> fall
    min     max
0.000000 0.000000 source latency
0.254254         network latency _452_/CLK
        0.261768 network latency _483_/CLK
---------------
0.254254 0.261768 latency
        0.007515 skew



===========================================================================
report_clock_min_period
============================================================================
clk period_min = 2.13 fmax = 469.52
