Clock: clk
Sources: clk 
Generated: no
Virtual: yes
Propagated: no
Period: 25.000000

===========================================================================
report_clock_properties
============================================================================
Clock                   Period          Waveform
----------------------------------------------------
clk                  25.000000    0.000000 12.500000

===========================================================================
report_clock_latency
============================================================================
Clock clk
rise -> rise
    min     max
0.000000 0.000000 source latency
0.295026         network latency _482_/CLK
        0.518521 network latency _485_/CLK
---------------
0.295026 0.518521 latency
        0.223495 skew

rise -> fall
    min     max
0.000000 0.000000 source latency
0.538427         network latency _486_/CLK
        0.538441 network latency _485_/CLK
---------------
0.538427 0.538441 latency
        0.000015 skew

fall -> fall
    min     max
0.000000 0.000000 source latency
0.263021         network latency _482_/CLK
        0.269906 network latency _477_/CLK
---------------
0.263021 0.269906 latency
        0.006885 skew



===========================================================================
report_clock_min_period
============================================================================
clk period_min = 1.77 fmax = 563.57
