
===========================================================================
report_checks -unconstrained
===========================================================================
======================= min_ff_n40C_1v95 Corner ===================================

Startpoint: nrst (input port clocked by clk)
Endpoint: _1472_ (recovery check against rising-edge clock clk)
Path Group: asynchronous
Path Type: max

Fanout         Cap        Slew       Delay        Time   Description
---------------------------------------------------------------------------------------------
                                  0.000000    0.000000   clock clk (rise edge)
                                  0.000000    0.000000   clock network delay (propagated)
                                  5.000000    5.000000 ^ input external delay
     2    0.004183    0.018865    0.010859    5.010859 ^ nrst (in)
                                                         nrst (net)
                      0.018865    0.000000    5.010859 ^ input6/A (sky130_fd_sc_hd__clkdlybuf4s25_1)
     9    0.043629    0.328325    0.361482    5.372342 ^ input6/X (sky130_fd_sc_hd__clkdlybuf4s25_1)
                                                         net6 (net)
                      0.328355    0.002619    5.374960 ^ fanout141/A (sky130_fd_sc_hd__clkdlybuf4s25_1)
     3    0.011421    0.092697    0.236954    5.611914 ^ fanout141/X (sky130_fd_sc_hd__clkdlybuf4s25_1)
                                                         net141 (net)
                      0.092697    0.000108    5.612022 ^ wire142/A (sky130_fd_sc_hd__clkbuf_4)
    17    0.056466    0.131783    0.176501    5.788524 ^ wire142/X (sky130_fd_sc_hd__clkbuf_4)
                                                         net142 (net)
                      0.131843    0.002320    5.790844 ^ fanout139/A (sky130_fd_sc_hd__clkdlybuf4s25_1)
     6    0.026131    0.199705    0.298074    6.088918 ^ fanout139/X (sky130_fd_sc_hd__clkdlybuf4s25_1)
                                                         net139 (net)
                      0.199705    0.000044    6.088961 ^ load_slew140/A (sky130_fd_sc_hd__clkbuf_2)
     5    0.027359    0.118087    0.156069    6.245030 ^ load_slew140/X (sky130_fd_sc_hd__clkbuf_2)
                                                         net140 (net)
                      0.118140    0.000985    6.246015 ^ _1472_/RESET_B (sky130_fd_sc_hd__dfrtp_2)
                                              6.246015   data arrival time

                                 25.000000   25.000000   clock clk (rise edge)
                                  0.000000   25.000000   clock source latency
     2    0.023320    0.082500    0.057064   25.057062 ^ clk (in)
                                                         clk (net)
                      0.082533    0.000000   25.057062 ^ clkbuf_0_clk/A (sky130_fd_sc_hd__clkbuf_16)
     4    0.041025    0.046215    0.111710   25.168772 ^ clkbuf_0_clk/X (sky130_fd_sc_hd__clkbuf_16)
                                                         clknet_0_clk (net)
                      0.046227    0.000675   25.169447 ^ clkbuf_2_3__f_clk/A (sky130_fd_sc_hd__clkbuf_16)
     9    0.029572    0.037819    0.095364   25.264811 ^ clkbuf_2_3__f_clk/X (sky130_fd_sc_hd__clkbuf_16)
                                                         clknet_2_3__leaf_clk (net)
                      0.037828    0.000554   25.265366 ^ _1472_/CLK (sky130_fd_sc_hd__dfrtp_2)
                                 -0.250000   25.015366   clock uncertainty
                                  0.000000   25.015366   clock reconvergence pessimism
                                  0.112405   25.127771   library recovery time
                                             25.127771   data required time
---------------------------------------------------------------------------------------------
                                             25.127771   data required time
                                             -6.246015   data arrival time
---------------------------------------------------------------------------------------------
                                             18.881758   slack (MET)


Startpoint: en (input port clocked by clk)
Endpoint: gpio_oeb[9] (output port clocked by clk)
Path Group: clk
Path Type: max

Fanout         Cap        Slew       Delay        Time   Description
---------------------------------------------------------------------------------------------
                                  0.000000    0.000000   clock clk (rise edge)
                                  0.000000    0.000000   clock network delay (propagated)
                                  5.000000    5.000000 v input external delay
     2    0.004624    0.007566    0.003849    5.003850 v en (in)
                                                         en (net)
                      0.007566    0.000000    5.003850 v input1/A (sky130_fd_sc_hd__clkdlybuf4s25_1)
     5    0.017705    0.095938    0.206799    5.210649 v input1/X (sky130_fd_sc_hd__clkdlybuf4s25_1)
                                                         net1 (net)
                      0.095938    0.000254    5.210904 v _0687_/A (sky130_fd_sc_hd__inv_2)
     1    0.003319    0.029861    0.048157    5.259060 ^ _0687_/Y (sky130_fd_sc_hd__inv_2)
                                                         net48 (net)
                      0.029861    0.000037    5.259097 ^ fanout133/A (sky130_fd_sc_hd__clkdlybuf4s25_1)
     5    0.017175    0.134604    0.231093    5.490190 ^ fanout133/X (sky130_fd_sc_hd__clkdlybuf4s25_1)
                                                         net133 (net)
                      0.134604    0.000389    5.490579 ^ fanout130/A (sky130_fd_sc_hd__clkdlybuf4s25_1)
    10    0.027199    0.207587    0.303559    5.794138 ^ fanout130/X (sky130_fd_sc_hd__clkdlybuf4s25_1)
                                                         net130 (net)
                      0.207587    0.000603    5.794741 ^ fanout129/A (sky130_fd_sc_hd__clkdlybuf4s25_1)
    10    0.024376    0.186998    0.295477    6.090219 ^ fanout129/X (sky130_fd_sc_hd__clkdlybuf4s25_1)
                                                         net129 (net)
                      0.186998    0.000453    6.090672 ^ _1520_/A (sky130_fd_sc_hd__buf_2)
     1    0.003711    0.026312    0.089396    6.180068 ^ _1520_/X (sky130_fd_sc_hd__buf_2)
                                                         net55 (net)
                      0.026313    0.000049    6.180117 ^ output55/A (sky130_fd_sc_hd__clkdlybuf4s25_1)
     1    0.035826    0.270807    0.325159    6.505276 ^ output55/X (sky130_fd_sc_hd__clkdlybuf4s25_1)
                                                         gpio_oeb[9] (net)
                      0.270807    0.000225    6.505500 ^ gpio_oeb[9] (out)
                                              6.505500   data arrival time

                                 25.000000   25.000000   clock clk (rise edge)
                                  0.000000   25.000000   clock network delay (propagated)
                                 -0.250000   24.750000   clock uncertainty
                                  0.000000   24.750000   clock reconvergence pessimism
                                 -5.000000   19.750000   output external delay
                                             19.750000   data required time
---------------------------------------------------------------------------------------------
                                             19.750000   data required time
                                             -6.505500   data arrival time
---------------------------------------------------------------------------------------------
                                             13.244499   slack (MET)




===========================================================================
report_checks --slack_max -0.01
============================================================================
======================= min_ff_n40C_1v95 Corner ===================================

No paths found.


===========================================================================
 report_check_types -max_slew -max_cap -max_fanout -violators
============================================================================
======================= min_ff_n40C_1v95 Corner ===================================

max fanout

Pin                                   Limit Fanout  Slack
---------------------------------------------------------
fanout103/X                              10     21    -11 (VIOLATED)
fanout104/X                              10     21    -11 (VIOLATED)
fanout107/X                              10     21    -11 (VIOLATED)
fanout109/X                              10     21    -11 (VIOLATED)
fanout110/X                              10     21    -11 (VIOLATED)
fanout128/X                              10     21    -11 (VIOLATED)
fanout134/X                              10     21    -11 (VIOLATED)
fanout94/X                               10     21    -11 (VIOLATED)
fanout95/X                               10     21    -11 (VIOLATED)
fanout96/X                               10     21    -11 (VIOLATED)
input20/X                                10     21    -11 (VIOLATED)
input9/X                                 10     21    -11 (VIOLATED)
clkbuf_2_0__f_clk/X                      10     19     -9 (VIOLATED)
clkbuf_2_1__f_clk/X                      10     19     -9 (VIOLATED)
clkbuf_2_2__f_clk/X                      10     19     -9 (VIOLATED)
fanout105/X                              10     19     -9 (VIOLATED)
input10/X                                10     19     -9 (VIOLATED)
_0695_/Y                                 10     17     -7 (VIOLATED)
wire142/X                                10     17     -7 (VIOLATED)
load_slew137/X                           10     15     -5 (VIOLATED)
input7/X                                 10     13     -3 (VIOLATED)
_0692_/Y                                 10     11        (VIOLATED)
_0698_/Y                                 10     11        (VIOLATED)



===========================================================================
report_parasitic_annotation -report_unannotated
============================================================================
Found 126 unannotated drivers.
 gpio_in[0]
 gpio_in[10]
 gpio_in[11]
 gpio_in[12]
 gpio_in[13]
 gpio_in[14]
 gpio_in[15]
 gpio_in[16]
 gpio_in[17]
 gpio_in[18]
 gpio_in[19]
 gpio_in[1]
 gpio_in[20]
 gpio_in[21]
 gpio_in[22]
 gpio_in[23]
 gpio_in[24]
 gpio_in[25]
 gpio_in[26]
 gpio_in[27]
 gpio_in[28]
 gpio_in[29]
 gpio_in[2]
 gpio_in[30]
 gpio_in[31]
 gpio_in[32]
 gpio_in[33]
 gpio_in[3]
 gpio_in[4]
 gpio_in[5]
 gpio_in[6]
 gpio_in[7]
 gpio_in[8]
 gpio_in[9]
 la_data_in[10]
 la_data_in[11]
 la_data_in[12]
 la_data_in[13]
 la_data_in[14]
 la_data_in[15]
 la_data_in[16]
 la_data_in[17]
 la_data_in[18]
 la_data_in[19]
 la_data_in[20]
 la_data_in[21]
 la_data_in[22]
 la_data_in[23]
 la_data_in[24]
 la_data_in[25]
 la_data_in[26]
 la_data_in[27]
 la_data_in[28]
 la_data_in[29]
 la_data_in[2]
 la_data_in[30]
 la_data_in[31]
 la_data_in[3]
 la_data_in[4]
 la_data_in[5]
 la_data_in[6]
 la_data_in[7]
 la_data_in[8]
 la_data_in[9]
 la_oenb[10]
 la_oenb[11]
 la_oenb[12]
 la_oenb[13]
 la_oenb[14]
 la_oenb[15]
 la_oenb[16]
 la_oenb[17]
 la_oenb[18]
 la_oenb[19]
 la_oenb[20]
 la_oenb[21]
 la_oenb[22]
 la_oenb[23]
 la_oenb[24]
 la_oenb[25]
 la_oenb[26]
 la_oenb[27]
 la_oenb[28]
 la_oenb[29]
 la_oenb[2]
 la_oenb[30]
 la_oenb[31]
 la_oenb[3]
 la_oenb[4]
 la_oenb[5]
 la_oenb[6]
 la_oenb[7]
 la_oenb[8]
 la_oenb[9]
 team_00/HI
 team_00_148/HI
 team_00_149/HI
 team_00_150/HI
 team_00_151/HI
 team_00_152/HI
 team_00_153/HI
 team_00_154/HI
 team_00_155/HI
 team_00_156/HI
 team_00_157/HI
 team_00_158/HI
 team_00_159/HI
 team_00_160/HI
 team_00_161/HI
 team_00_162/HI
 team_00_163/HI
 team_00_164/HI
 team_00_165/HI
 team_00_166/HI
 team_00_167/HI
 team_00_168/HI
 team_00_169/HI
 team_00_170/HI
 team_00_171/HI
 team_00_172/HI
 team_00_173/HI
 team_00_174/HI
 team_00_175/HI
 team_00_176/HI
 team_00_177/HI
 team_00_178/HI
Found 0 partially unannotated drivers.

===========================================================================
max slew violation count 0
max fanout violation count 23
max cap violation count 0
============================================================================

===========================================================================
check_setup -verbose -unconstrained_endpoints -multiple_clock -no_clock -no_input_delay -loops -generated_clocks
===========================================================================
