Clock: clk
Sources: clk 
Generated: no
Virtual: yes
Propagated: no
Period: 25.000000

===========================================================================
report_clock_properties
============================================================================
Clock                   Period          Waveform
----------------------------------------------------
clk                  25.000000    0.000000 12.500000

===========================================================================
report_clock_latency
============================================================================
Clock clk
rise -> rise
    min     max
0.000000 0.000000 source latency
0.265081         network latency _1478_/CLK
        0.277593 network latency _1453_/CLK
---------------
0.265081 0.277593 latency
        0.012512 skew

fall -> fall
    min     max
0.000000 0.000000 source latency
0.239454         network latency _1478_/CLK
        0.248900 network latency _1453_/CLK
---------------
0.239454 0.248900 latency
        0.009447 skew



===========================================================================
report_clock_min_period
============================================================================
clk period_min = 4.54 fmax = 220.38
