
===========================================================================
report_checks -unconstrained
===========================================================================
======================= max_ff_n40C_1v95 Corner ===================================

Startpoint: nrst (input port clocked by clk)
Endpoint: _1472_ (recovery check against rising-edge clock clk)
Path Group: asynchronous
Path Type: max

Fanout         Cap        Slew       Delay        Time   Description
---------------------------------------------------------------------------------------------
                                  0.000000    0.000000   clock clk (rise edge)
                                  0.000000    0.000000   clock network delay (propagated)
                                  5.000000    5.000000 ^ input external delay
     2    0.004309    0.019309    0.011333    5.011333 ^ nrst (in)
                                                         nrst (net)
                      0.019317    0.000000    5.011333 ^ input6/A (sky130_fd_sc_hd__clkdlybuf4s25_1)
     9    0.049321    0.370713    0.387172    5.398505 ^ input6/X (sky130_fd_sc_hd__clkdlybuf4s25_1)
                                                         net6 (net)
                      0.370944    0.007689    5.406193 ^ fanout141/A (sky130_fd_sc_hd__clkdlybuf4s25_1)
     3    0.011905    0.096273    0.239901    5.646094 ^ fanout141/X (sky130_fd_sc_hd__clkdlybuf4s25_1)
                                                         net141 (net)
                      0.096277    0.000738    5.646832 ^ wire142/A (sky130_fd_sc_hd__clkbuf_4)
    17    0.061225    0.142638    0.181522    5.828354 ^ wire142/X (sky130_fd_sc_hd__clkbuf_4)
                                                         net142 (net)
                      0.143368    0.008249    5.836603 ^ fanout139/A (sky130_fd_sc_hd__clkdlybuf4s25_1)
     6    0.027415    0.209219    0.305250    6.141853 ^ fanout139/X (sky130_fd_sc_hd__clkdlybuf4s25_1)
                                                         net139 (net)
                      0.209219    0.000326    6.142179 ^ load_slew140/A (sky130_fd_sc_hd__clkbuf_2)
     5    0.029329    0.126151    0.160842    6.303021 ^ load_slew140/X (sky130_fd_sc_hd__clkbuf_2)
                                                         net140 (net)
                      0.126329    0.003845    6.306866 ^ _1472_/RESET_B (sky130_fd_sc_hd__dfrtp_2)
                                              6.306866   data arrival time

                                 25.000000   25.000000   clock clk (rise edge)
                                  0.000000   25.000000   clock source latency
     2    0.025872    0.090909    0.063610   25.063608 ^ clk (in)
                                                         clk (net)
                      0.091011    0.000000   25.063608 ^ clkbuf_0_clk/A (sky130_fd_sc_hd__clkbuf_16)
     4    0.043310    0.047823    0.114346   25.177954 ^ clkbuf_0_clk/X (sky130_fd_sc_hd__clkbuf_16)
                                                         clknet_0_clk (net)
                      0.048121    0.002657   25.180613 ^ clkbuf_2_3__f_clk/A (sky130_fd_sc_hd__clkbuf_16)
     9    0.032108    0.039567    0.096939   25.277552 ^ clkbuf_2_3__f_clk/X (sky130_fd_sc_hd__clkbuf_16)
                                                         clknet_2_3__leaf_clk (net)
                      0.039751    0.002238   25.279789 ^ _1472_/CLK (sky130_fd_sc_hd__dfrtp_2)
                                 -0.250000   25.029791   clock uncertainty
                                  0.000000   25.029791   clock reconvergence pessimism
                                  0.110606   25.140398   library recovery time
                                             25.140398   data required time
---------------------------------------------------------------------------------------------
                                             25.140398   data required time
                                             -6.306866   data arrival time
---------------------------------------------------------------------------------------------
                                             18.833530   slack (MET)


Startpoint: en (input port clocked by clk)
Endpoint: gpio_oeb[9] (output port clocked by clk)
Path Group: clk
Path Type: max

Fanout         Cap        Slew       Delay        Time   Description
---------------------------------------------------------------------------------------------
                                  0.000000    0.000000   clock clk (rise edge)
                                  0.000000    0.000000   clock network delay (propagated)
                                  5.000000    5.000000 v input external delay
     2    0.004974    0.008177    0.004258    5.004259 v en (in)
                                                         en (net)
                      0.008183    0.000000    5.004259 v input1/A (sky130_fd_sc_hd__clkdlybuf4s25_1)
     5    0.019316    0.103864    0.212470    5.216728 v input1/X (sky130_fd_sc_hd__clkdlybuf4s25_1)
                                                         net1 (net)
                      0.103874    0.001072    5.217800 v _0687_/A (sky130_fd_sc_hd__inv_2)
     1    0.003550    0.031984    0.051227    5.269028 ^ _0687_/Y (sky130_fd_sc_hd__inv_2)
                                                         net48 (net)
                      0.031986    0.000230    5.269258 ^ fanout133/A (sky130_fd_sc_hd__clkdlybuf4s25_1)
     5    0.018567    0.144862    0.238030    5.507288 ^ fanout133/X (sky130_fd_sc_hd__clkdlybuf4s25_1)
                                                         net133 (net)
                      0.144879    0.001621    5.508909 ^ fanout130/A (sky130_fd_sc_hd__clkdlybuf4s25_1)
    10    0.028583    0.217970    0.310449    5.819358 ^ fanout130/X (sky130_fd_sc_hd__clkdlybuf4s25_1)
                                                         net130 (net)
                      0.217996    0.002423    5.821782 ^ fanout129/A (sky130_fd_sc_hd__clkdlybuf4s25_1)
    10    0.025471    0.195149    0.301230    6.123011 ^ fanout129/X (sky130_fd_sc_hd__clkdlybuf4s25_1)
                                                         net129 (net)
                      0.195161    0.001687    6.124698 ^ _1520_/A (sky130_fd_sc_hd__buf_2)
     1    0.004014    0.027489    0.091124    6.215822 ^ _1520_/X (sky130_fd_sc_hd__buf_2)
                                                         net55 (net)
                      0.027490    0.000259    6.216082 ^ output55/A (sky130_fd_sc_hd__clkdlybuf4s25_1)
     1    0.036253    0.274062    0.326625    6.542706 ^ output55/X (sky130_fd_sc_hd__clkdlybuf4s25_1)
                                                         gpio_oeb[9] (net)
                      0.274154    0.001736    6.544443 ^ gpio_oeb[9] (out)
                                              6.544443   data arrival time

                                 25.000000   25.000000   clock clk (rise edge)
                                  0.000000   25.000000   clock network delay (propagated)
                                 -0.250000   24.750000   clock uncertainty
                                  0.000000   24.750000   clock reconvergence pessimism
                                 -5.000000   19.750000   output external delay
                                             19.750000   data required time
---------------------------------------------------------------------------------------------
                                             19.750000   data required time
                                             -6.544443   data arrival time
---------------------------------------------------------------------------------------------
                                             13.205557   slack (MET)




===========================================================================
report_checks --slack_max -0.01
============================================================================
======================= max_ff_n40C_1v95 Corner ===================================

No paths found.


===========================================================================
 report_check_types -max_slew -max_cap -max_fanout -violators
============================================================================
======================= max_ff_n40C_1v95 Corner ===================================

max fanout

Pin                                   Limit Fanout  Slack
---------------------------------------------------------
fanout103/X                              10     21    -11 (VIOLATED)
fanout104/X                              10     21    -11 (VIOLATED)
fanout107/X                              10     21    -11 (VIOLATED)
fanout109/X                              10     21    -11 (VIOLATED)
fanout110/X                              10     21    -11 (VIOLATED)
fanout128/X                              10     21    -11 (VIOLATED)
fanout134/X                              10     21    -11 (VIOLATED)
fanout94/X                               10     21    -11 (VIOLATED)
fanout95/X                               10     21    -11 (VIOLATED)
fanout96/X                               10     21    -11 (VIOLATED)
input20/X                                10     21    -11 (VIOLATED)
input9/X                                 10     21    -11 (VIOLATED)
clkbuf_2_0__f_clk/X                      10     19     -9 (VIOLATED)
clkbuf_2_1__f_clk/X                      10     19     -9 (VIOLATED)
clkbuf_2_2__f_clk/X                      10     19     -9 (VIOLATED)
fanout105/X                              10     19     -9 (VIOLATED)
input10/X                                10     19     -9 (VIOLATED)
_0695_/Y                                 10     17     -7 (VIOLATED)
wire142/X                                10     17     -7 (VIOLATED)
load_slew137/X                           10     15     -5 (VIOLATED)
input7/X                                 10     13     -3 (VIOLATED)
_0692_/Y                                 10     11        (VIOLATED)
_0698_/Y                                 10     11        (VIOLATED)



===========================================================================
report_parasitic_annotation -report_unannotated
============================================================================
Found 126 unannotated drivers.
 gpio_in[0]
 gpio_in[10]
 gpio_in[11]
 gpio_in[12]
 gpio_in[13]
 gpio_in[14]
 gpio_in[15]
 gpio_in[16]
 gpio_in[17]
 gpio_in[18]
 gpio_in[19]
 gpio_in[1]
 gpio_in[20]
 gpio_in[21]
 gpio_in[22]
 gpio_in[23]
 gpio_in[24]
 gpio_in[25]
 gpio_in[26]
 gpio_in[27]
 gpio_in[28]
 gpio_in[29]
 gpio_in[2]
 gpio_in[30]
 gpio_in[31]
 gpio_in[32]
 gpio_in[33]
 gpio_in[3]
 gpio_in[4]
 gpio_in[5]
 gpio_in[6]
 gpio_in[7]
 gpio_in[8]
 gpio_in[9]
 la_data_in[10]
 la_data_in[11]
 la_data_in[12]
 la_data_in[13]
 la_data_in[14]
 la_data_in[15]
 la_data_in[16]
 la_data_in[17]
 la_data_in[18]
 la_data_in[19]
 la_data_in[20]
 la_data_in[21]
 la_data_in[22]
 la_data_in[23]
 la_data_in[24]
 la_data_in[25]
 la_data_in[26]
 la_data_in[27]
 la_data_in[28]
 la_data_in[29]
 la_data_in[2]
 la_data_in[30]
 la_data_in[31]
 la_data_in[3]
 la_data_in[4]
 la_data_in[5]
 la_data_in[6]
 la_data_in[7]
 la_data_in[8]
 la_data_in[9]
 la_oenb[10]
 la_oenb[11]
 la_oenb[12]
 la_oenb[13]
 la_oenb[14]
 la_oenb[15]
 la_oenb[16]
 la_oenb[17]
 la_oenb[18]
 la_oenb[19]
 la_oenb[20]
 la_oenb[21]
 la_oenb[22]
 la_oenb[23]
 la_oenb[24]
 la_oenb[25]
 la_oenb[26]
 la_oenb[27]
 la_oenb[28]
 la_oenb[29]
 la_oenb[2]
 la_oenb[30]
 la_oenb[31]
 la_oenb[3]
 la_oenb[4]
 la_oenb[5]
 la_oenb[6]
 la_oenb[7]
 la_oenb[8]
 la_oenb[9]
 team_00/HI
 team_00_148/HI
 team_00_149/HI
 team_00_150/HI
 team_00_151/HI
 team_00_152/HI
 team_00_153/HI
 team_00_154/HI
 team_00_155/HI
 team_00_156/HI
 team_00_157/HI
 team_00_158/HI
 team_00_159/HI
 team_00_160/HI
 team_00_161/HI
 team_00_162/HI
 team_00_163/HI
 team_00_164/HI
 team_00_165/HI
 team_00_166/HI
 team_00_167/HI
 team_00_168/HI
 team_00_169/HI
 team_00_170/HI
 team_00_171/HI
 team_00_172/HI
 team_00_173/HI
 team_00_174/HI
 team_00_175/HI
 team_00_176/HI
 team_00_177/HI
 team_00_178/HI
Found 0 partially unannotated drivers.

===========================================================================
max slew violation count 0
max fanout violation count 23
max cap violation count 0
============================================================================

===========================================================================
check_setup -verbose -unconstrained_endpoints -multiple_clock -no_clock -no_input_delay -loops -generated_clocks
===========================================================================
