Clock: clk
Sources: clk 
Generated: no
Virtual: yes
Propagated: no
Period: 25.000000

===========================================================================
report_clock_properties
============================================================================
Clock                   Period          Waveform
----------------------------------------------------
clk                  25.000000    0.000000 12.500000

===========================================================================
report_clock_latency
============================================================================
Clock clk
rise -> rise
    min     max
0.000000 0.000000 source latency
0.279086         network latency _1478_/CLK
        0.295677 network latency _1451_/CLK
---------------
0.279086 0.295677 latency
        0.016591 skew

fall -> fall
    min     max
0.000000 0.000000 source latency
0.249011         network latency _1478_/CLK
        0.261962 network latency _1451_/CLK
---------------
0.249011 0.261962 latency
        0.012951 skew



===========================================================================
report_clock_min_period
============================================================================
clk period_min = 4.61 fmax = 216.87
