
===========================================================================
report_checks -unconstrained
===========================================================================
======================= nom_tt_025C_1v80 Corner ===================================

Startpoint: en (input port clocked by clk)
Endpoint: _461_ (recovery check against rising-edge clock clk)
Path Group: asynchronous
Path Type: max

Fanout         Cap        Slew       Delay        Time   Description
---------------------------------------------------------------------------------------------
                                  0.000000    0.000000   clock clk (rise edge)
                                  0.000000    0.000000   clock network delay (propagated)
                                  5.000000    5.000000 ^ input external delay
     2    0.004792    0.028385    0.017182    5.017182 ^ en (in)
                                                         en (net)
                      0.028385    0.000000    5.017182 ^ input1/A (sky130_fd_sc_hd__clkdlybuf4s25_1)
     1    0.001930    0.036429    0.230405    5.247587 ^ input1/X (sky130_fd_sc_hd__clkdlybuf4s25_1)
                                                         net1 (net)
                      0.036429    0.000053    5.247640 ^ _229_/B (sky130_fd_sc_hd__and2_2)
     1    0.004185    0.043239    0.132078    5.379719 ^ _229_/X (sky130_fd_sc_hd__and2_2)
                                                         TOP.n_rst (net)
                      0.043246    0.000110    5.379828 ^ fanout51/A (sky130_fd_sc_hd__clkdlybuf4s25_1)
     5    0.026321    0.268696    0.404426    5.784254 ^ fanout51/X (sky130_fd_sc_hd__clkdlybuf4s25_1)
                                                         net51 (net)
                      0.268696    0.000868    5.785122 ^ fanout47/A (sky130_fd_sc_hd__clkdlybuf4s25_1)
     8    0.038946    0.391833    0.552815    6.337937 ^ fanout47/X (sky130_fd_sc_hd__clkdlybuf4s25_1)
                                                         net47 (net)
                      0.391834    0.001489    6.339427 ^ fanout45/A (sky130_fd_sc_hd__clkdlybuf4s25_1)
     6    0.026582    0.271267    0.487287    6.826713 ^ fanout45/X (sky130_fd_sc_hd__clkdlybuf4s25_1)
                                                         net45 (net)
                      0.271267    0.000492    6.827205 ^ load_slew46/A (sky130_fd_sc_hd__clkbuf_2)
     5    0.023119    0.132300    0.233717    7.060922 ^ load_slew46/X (sky130_fd_sc_hd__clkbuf_2)
                                                         net46 (net)
                      0.132300    0.000535    7.061457 ^ _461_/RESET_B (sky130_fd_sc_hd__dfrtp_2)
                                              7.061457   data arrival time

                                 25.000000   25.000000   clock clk (rise edge)
                                  0.000000   25.000000   clock source latency
     2    0.019867    0.095149    0.065633   25.065632 ^ clk (in)
                                                         clk (net)
                      0.095166    0.000000   25.065632 ^ clkbuf_0_clk/A (sky130_fd_sc_hd__clkbuf_16)
     8    0.083891    0.100833    0.191418   25.257050 ^ clkbuf_0_clk/X (sky130_fd_sc_hd__clkbuf_16)
                                                         clknet_0_clk (net)
                      0.101003    0.002757   25.259808 ^ clkbuf_3_5__f_clk/A (sky130_fd_sc_hd__clkbuf_16)
    10    0.033671    0.054184    0.157490   25.417297 ^ clkbuf_3_5__f_clk/X (sky130_fd_sc_hd__clkbuf_16)
                                                         clknet_3_5__leaf_clk (net)
                      0.054188    0.000721   25.418018 ^ _461_/CLK (sky130_fd_sc_hd__dfrtp_2)
                                 -0.250000   25.168020   clock uncertainty
                                  0.000000   25.168020   clock reconvergence pessimism
                                  0.195995   25.364014   library recovery time
                                             25.364014   data required time
---------------------------------------------------------------------------------------------
                                             25.364014   data required time
                                             -7.061457   data arrival time
---------------------------------------------------------------------------------------------
                                             18.302559   slack (MET)


Startpoint: _454_ (rising edge-triggered flip-flop clocked by clk)
Endpoint: gpio_out[10] (output port clocked by clk)
Path Group: clk
Path Type: max

Fanout         Cap        Slew       Delay        Time   Description
---------------------------------------------------------------------------------------------
                                  0.000000    0.000000   clock clk (rise edge)
                                  0.000000    0.000000   clock source latency
     2    0.019867    0.095149    0.065634    0.065634 ^ clk (in)
                                                         clk (net)
                      0.095166    0.000000    0.065634 ^ clkbuf_0_clk/A (sky130_fd_sc_hd__clkbuf_16)
     8    0.083891    0.100833    0.191418    0.257052 ^ clkbuf_0_clk/X (sky130_fd_sc_hd__clkbuf_16)
                                                         clknet_0_clk (net)
                      0.100929    0.001663    0.258715 ^ clkbuf_3_7__f_clk/A (sky130_fd_sc_hd__clkbuf_16)
     9    0.027056    0.048206    0.152610    0.411325 ^ clkbuf_3_7__f_clk/X (sky130_fd_sc_hd__clkbuf_16)
                                                         clknet_3_7__leaf_clk (net)
                      0.048211    0.000450    0.411775 ^ _454_/CLK (sky130_fd_sc_hd__dfrtp_2)
     2    0.006654    0.048652    0.396193    0.807968 v _454_/Q (sky130_fd_sc_hd__dfrtp_2)
                                                         TOP.top_rng_inst.display.current_data[3] (net)
                      0.048652    0.000153    0.808121 v fanout28/A (sky130_fd_sc_hd__clkdlybuf4s25_1)
    10    0.038573    0.286108    0.438533    1.246655 v fanout28/X (sky130_fd_sc_hd__clkdlybuf4s25_1)
                                                         net28 (net)
                      0.286110    0.001156    1.247811 v _262_/B (sky130_fd_sc_hd__or3b_2)
     2    0.006885    0.090142    0.544261    1.792071 v _262_/X (sky130_fd_sc_hd__or3b_2)
                                                         _085_ (net)
                      0.090142    0.000112    1.792183 v _263_/B1 (sky130_fd_sc_hd__o2bb2a_2)
     1    0.002319    0.041805    0.265463    2.057646 v _263_/X (sky130_fd_sc_hd__o2bb2a_2)
                                                         net7 (net)
                      0.041805    0.000065    2.057711 v output7/A (sky130_fd_sc_hd__clkdlybuf4s25_1)
     1    0.034654    0.258105    0.414924    2.472635 v output7/X (sky130_fd_sc_hd__clkdlybuf4s25_1)
                                                         gpio_out[10] (net)
                      0.258105    0.000803    2.473438 v gpio_out[10] (out)
                                              2.473438   data arrival time

                                 25.000000   25.000000   clock clk (rise edge)
                                  0.000000   25.000000   clock network delay (propagated)
                                 -0.250000   24.750000   clock uncertainty
                                  0.000000   24.750000   clock reconvergence pessimism
                                 -5.000000   19.750000   output external delay
                                             19.750000   data required time
---------------------------------------------------------------------------------------------
                                             19.750000   data required time
                                             -2.473438   data arrival time
---------------------------------------------------------------------------------------------
                                             17.276562   slack (MET)




===========================================================================
report_checks --slack_max -0.01
============================================================================
======================= nom_tt_025C_1v80 Corner ===================================

No paths found.


===========================================================================
 report_check_types -max_slew -max_cap -max_fanout -violators
============================================================================
======================= nom_tt_025C_1v80 Corner ===================================

max fanout

Pin                                   Limit Fanout  Slack
---------------------------------------------------------
fanout21/X                               10     21    -11 (VIOLATED)
fanout23/X                               10     21    -11 (VIOLATED)
fanout33/X                               10     21    -11 (VIOLATED)
fanout35/X                               10     21    -11 (VIOLATED)
max_cap27/X                              10     19     -9 (VIOLATED)



===========================================================================
report_parasitic_annotation -report_unannotated
============================================================================
Found 94 unannotated drivers.
 gpio_in[10]
 gpio_in[11]
 gpio_in[12]
 gpio_in[13]
 gpio_in[14]
 gpio_in[15]
 gpio_in[16]
 gpio_in[17]
 gpio_in[18]
 gpio_in[19]
 gpio_in[20]
 gpio_in[21]
 gpio_in[22]
 gpio_in[23]
 gpio_in[24]
 gpio_in[25]
 gpio_in[26]
 gpio_in[27]
 gpio_in[28]
 gpio_in[29]
 gpio_in[30]
 gpio_in[31]
 gpio_in[32]
 gpio_in[33]
 gpio_in[4]
 gpio_in[5]
 gpio_in[6]
 gpio_in[7]
 gpio_in[8]
 gpio_in[9]
 _431__107/LO
 clkload0/X
 clkload1/X
 clkload2/X
 clkload3/X
 clkload4/X
 clkload5/X
 clkload6/X
 team_01/HI
 team_01_100/LO
 team_01_101/LO
 team_01_102/LO
 team_01_103/LO
 team_01_104/LO
 team_01_105/LO
 team_01_106/LO
 team_01_52/HI
 team_01_53/HI
 team_01_54/HI
 team_01_55/HI
 team_01_56/HI
 team_01_57/HI
 team_01_58/HI
 team_01_59/HI
 team_01_60/HI
 team_01_61/HI
 team_01_62/HI
 team_01_63/HI
 team_01_64/HI
 team_01_65/HI
 team_01_66/HI
 team_01_67/HI
 team_01_68/HI
 team_01_69/HI
 team_01_70/HI
 team_01_71/HI
 team_01_72/HI
 team_01_73/HI
 team_01_74/HI
 team_01_75/HI
 team_01_76/HI
 team_01_77/HI
 team_01_78/HI
 team_01_79/HI
 team_01_80/HI
 team_01_81/HI
 team_01_82/HI
 team_01_83/HI
 team_01_84/HI
 team_01_85/HI
 team_01_86/HI
 team_01_87/HI
 team_01_88/HI
 team_01_89/LO
 team_01_90/LO
 team_01_91/LO
 team_01_92/LO
 team_01_93/LO
 team_01_94/LO
 team_01_95/LO
 team_01_96/LO
 team_01_97/LO
 team_01_98/LO
 team_01_99/LO
Found 0 partially unannotated drivers.

===========================================================================
max slew violation count 0
max fanout violation count 5
max cap violation count 0
============================================================================

===========================================================================
check_setup -verbose -unconstrained_endpoints -multiple_clock -no_clock -no_input_delay -loops -generated_clocks
===========================================================================
Warning: There are 2 unclocked register/latch pins.
  _485_/CLK
  _486_/CLK
Warning: There are 4 unconstrained endpoints.
  gpio_out[16]
  gpio_out[17]
  _485_/D
  _486_/D
