Clock: clk
Sources: clk 
Generated: no
Virtual: yes
Propagated: no
Period: 25.000000

===========================================================================
report_clock_properties
============================================================================
Clock                   Period          Waveform
----------------------------------------------------
clk                  25.000000    0.000000 12.500000

===========================================================================
report_clock_latency
============================================================================
Clock clk
rise -> rise
    min     max
0.000000 0.000000 source latency
0.426199         network latency _482_/CLK
        0.774450 network latency _485_/CLK
---------------
0.426199 0.774450 latency
        0.348250 skew

rise -> fall
    min     max
0.000000 0.000000 source latency
0.808257         network latency _486_/CLK
        0.808271 network latency _485_/CLK
---------------
0.808257 0.808271 latency
        0.000014 skew

fall -> fall
    min     max
0.000000 0.000000 source latency
0.384692         network latency _482_/CLK
        0.392829 network latency _477_/CLK
---------------
0.384692 0.392829 latency
        0.008137 skew



===========================================================================
report_clock_min_period
============================================================================
clk period_min = 2.93 fmax = 341.21
