Clock: clk
Sources: wb_clk_i 
Generated: no
Virtual: yes
Propagated: no
Period: 100.000000

===========================================================================
report_clock_properties
============================================================================
Clock                   Period          Waveform
----------------------------------------------------
clk                 100.000000    0.000000 50.000000

===========================================================================
report_clock_latency
============================================================================
Clock clk
rise -> rise
    min     max
4.650000 5.570000 source latency
6.079931         network latency _4641_/CLK
        7.161238 network latency mprj.team_07_Wrapper.team_07_WB.instance_to_wrap/clk
---------------
10.729931 12.731238 latency
        2.001308 skew

fall -> fall
    min     max
4.650000 5.570000 source latency
6.518096         network latency _4641_/CLK
        7.645760 network latency mprj.team_07_Wrapper.team_07_WB.instance_to_wrap/clk
---------------
11.168097 13.215759 latency
        2.047663 skew



===========================================================================
report_clock_min_period
============================================================================
clk period_min = 9.31 fmax = 107.45
