Clock: clk
Sources: clk 
Generated: no
Virtual: yes
Propagated: no
Period: 25.000000

===========================================================================
report_clock_properties
============================================================================
Clock                   Period          Waveform
----------------------------------------------------
clk                  25.000000    0.000000 12.500000

===========================================================================
report_clock_latency
============================================================================
Clock clk
rise -> rise
    min     max
0.000000 0.000000 source latency
0.289128         network latency _482_/CLK
        0.510469 network latency _485_/CLK
---------------
0.289128 0.510469 latency
        0.221341 skew

rise -> fall
    min     max
0.000000 0.000000 source latency
0.530569         network latency _486_/CLK
        0.530575 network latency _485_/CLK
---------------
0.530569 0.530575 latency
        0.000006 skew

fall -> fall
    min     max
0.000000 0.000000 source latency
0.258719         network latency _482_/CLK
        0.264809 network latency _477_/CLK
---------------
0.258719 0.264809 latency
        0.006089 skew



===========================================================================
report_clock_min_period
============================================================================
clk period_min = 1.76 fmax = 568.97
