
===========================================================================
report_checks -unconstrained
===========================================================================
======================= nom_ss_100C_1v60 Corner ===================================

Startpoint: en (input port clocked by clk)
Endpoint: _0964_ (recovery check against rising-edge clock clk)
Path Group: asynchronous
Path Type: max

Fanout         Cap        Slew       Delay        Time   Description
---------------------------------------------------------------------------------------------
                                  0.000000    0.000000   clock clk (rise edge)
                                  0.000000    0.000000   clock network delay (propagated)
                                  5.000000    5.000000 ^ input external delay
     2    0.004248    0.042019    0.023420    5.023420 ^ en (in)
                                                         en (net)
                      0.042019    0.000000    5.023420 ^ input1/A (sky130_fd_sc_hd__clkbuf_1)
     1    0.001945    0.058141    0.126196    5.149617 ^ input1/X (sky130_fd_sc_hd__clkbuf_1)
                                                         net1 (net)
                      0.058141    0.000039    5.149656 ^ _0749_/B (sky130_fd_sc_hd__and2_1)
     1    0.003582    0.089458    0.231190    5.380846 ^ _0749_/X (sky130_fd_sc_hd__and2_1)
                                                         MATMULT_INST.cntrl.n_rst (net)
                      0.089458    0.000120    5.380967 ^ fanout37/A (sky130_fd_sc_hd__buf_2)
    17    0.052800    0.410251    0.448832    5.829798 ^ fanout37/X (sky130_fd_sc_hd__buf_2)
                                                         net37 (net)
                      0.410262    0.001776    5.831574 ^ fanout30/A (sky130_fd_sc_hd__clkbuf_4)
    21    0.070329    0.337200    0.594906    6.426481 ^ fanout30/X (sky130_fd_sc_hd__clkbuf_4)
                                                         net30 (net)
                      0.337200    0.001278    6.427759 ^ fanout28/A (sky130_fd_sc_hd__clkbuf_4)
    10    0.043404    0.220270    0.478773    6.906532 ^ fanout28/X (sky130_fd_sc_hd__clkbuf_4)
                                                         net28 (net)
                      0.220274    0.001293    6.907825 ^ _0964_/SET_B (sky130_fd_sc_hd__dfstp_1)
                                              6.907825   data arrival time

                                 25.000000   25.000000   clock clk (rise edge)
                                  0.000000   25.000000   clock source latency
     2    0.017657    0.133828    0.090786   25.090786 ^ clk (in)
                                                         clk (net)
                      0.133841    0.000000   25.090786 ^ clkbuf_0_clk/A (sky130_fd_sc_hd__clkbuf_16)
    17    0.110552    0.190849    0.354948   25.445734 ^ clkbuf_0_clk/X (sky130_fd_sc_hd__clkbuf_16)
                                                         clknet_0_clk (net)
                      0.190908    0.003196   25.448929 ^ clkbuf_3_2__f_clk/A (sky130_fd_sc_hd__clkbuf_16)
    13    0.047880    0.104245    0.314198   25.763128 ^ clkbuf_3_2__f_clk/X (sky130_fd_sc_hd__clkbuf_16)
                                                         clknet_3_2__leaf_clk (net)
                      0.104253    0.000979   25.764107 ^ _0964_/CLK (sky130_fd_sc_hd__dfstp_1)
                                 -0.250000   25.514107   clock uncertainty
                                  0.000000   25.514107   clock reconvergence pessimism
                                  0.259363   25.773470   library recovery time
                                             25.773470   data required time
---------------------------------------------------------------------------------------------
                                             25.773470   data required time
                                             -6.907825   data arrival time
---------------------------------------------------------------------------------------------
                                             18.865646   slack (MET)


Startpoint: gpio_in[2] (input port clocked by clk)
Endpoint: _0944_ (rising edge-triggered flip-flop clocked by clk)
Path Group: clk
Path Type: max

Fanout         Cap        Slew       Delay        Time   Description
---------------------------------------------------------------------------------------------
                                  0.000000    0.000000   clock clk (rise edge)
                                  0.000000    0.000000   clock network delay (propagated)
                                  5.000000    5.000000 ^ input external delay
     2    0.004976    0.047022    0.027279    5.027279 ^ gpio_in[2] (in)
                                                         gpio_in[2] (net)
                      0.047022    0.000000    5.027279 ^ input10/A (sky130_fd_sc_hd__buf_1)
     3    0.015102    0.293994    0.299917    5.327195 ^ input10/X (sky130_fd_sc_hd__buf_1)
                                                         net10 (net)
                      0.293996    0.000528    5.327724 ^ _0497_/A_N (sky130_fd_sc_hd__and2b_1)
     1    0.002731    0.065397    0.439028    5.766752 v _0497_/X (sky130_fd_sc_hd__and2b_1)
                                                         _0105_ (net)
                      0.065397    0.000078    5.766829 v _0516_/B1 (sky130_fd_sc_hd__a2111o_1)
     1    0.003915    0.119153    0.745694    6.512523 v _0516_/X (sky130_fd_sc_hd__a2111o_1)
                                                         _0124_ (net)
                      0.119153    0.000128    6.512651 v _0518_/C (sky130_fd_sc_hd__nor4_1)
     2    0.007462    0.678753    0.636425    7.149076 ^ _0518_/Y (sky130_fd_sc_hd__nor4_1)
                                                         _0126_ (net)
                      0.678753    0.000187    7.149263 ^ max_cap23/A (sky130_fd_sc_hd__clkbuf_1)
     1    0.005861    0.131103    0.375645    7.524909 ^ max_cap23/X (sky130_fd_sc_hd__clkbuf_1)
                                                         net23 (net)
                      0.131103    0.000183    7.525092 ^ _0521_/A2 (sky130_fd_sc_hd__a21boi_2)
     4    0.015542    0.150623    0.195898    7.720990 v _0521_/Y (sky130_fd_sc_hd__a21boi_2)
                                                         _0128_ (net)
                      0.150623    0.000386    7.721376 v fanout22/A (sky130_fd_sc_hd__clkbuf_2)
    10    0.034432    0.242348    0.374979    8.096355 v fanout22/X (sky130_fd_sc_hd__clkbuf_2)
                                                         net22 (net)
                      0.242368    0.002301    8.098657 v _0540_/C (sky130_fd_sc_hd__and3b_1)
     2    0.008234    0.114317    0.491575    8.590232 v _0540_/X (sky130_fd_sc_hd__and3b_1)
                                                         MATMULT_INST.uart_tx.count.next_cnt_out[6] (net)
                      0.114317    0.000186    8.590418 v _0570_/B (sky130_fd_sc_hd__xnor2_1)
     1    0.003752    0.217932    0.253747    8.844165 ^ _0570_/Y (sky130_fd_sc_hd__xnor2_1)
                                                         _0164_ (net)
                      0.217932    0.000121    8.844286 ^ _0571_/C1 (sky130_fd_sc_hd__o221a_1)
     1    0.005401    0.130587    0.435347    9.279633 ^ _0571_/X (sky130_fd_sc_hd__o221a_1)
                                                         _0165_ (net)
                      0.130587    0.000152    9.279784 ^ _0572_/D_N (sky130_fd_sc_hd__or4b_1)
     1    0.002163    0.168564    1.024746   10.304530 v _0572_/X (sky130_fd_sc_hd__or4b_1)
                                                         _0166_ (net)
                      0.168564    0.000061   10.304591 v _0574_/C (sky130_fd_sc_hd__or4_1)
     1    0.008113    0.240119    1.232833   11.537425 v _0574_/X (sky130_fd_sc_hd__or4_1)
                                                         _0168_ (net)
                      0.240119    0.000324   11.537749 v _0581_/A_N (sky130_fd_sc_hd__and4b_1)
     1    0.002780    0.100978    0.567343   12.105091 ^ _0581_/X (sky130_fd_sc_hd__and4b_1)
                                                         MATMULT_INST.uart_tx.count.next_roflag (net)
                      0.100978    0.000083   12.105174 ^ _0944_/D (sky130_fd_sc_hd__dfrtp_1)
                                             12.105174   data arrival time

                                 25.000000   25.000000   clock clk (rise edge)
                                  0.000000   25.000000   clock source latency
     2    0.017657    0.133828    0.090786   25.090786 ^ clk (in)
                                                         clk (net)
                      0.133841    0.000000   25.090786 ^ clkbuf_0_clk/A (sky130_fd_sc_hd__clkbuf_16)
    17    0.110552    0.190849    0.354948   25.445734 ^ clkbuf_0_clk/X (sky130_fd_sc_hd__clkbuf_16)
                                                         clknet_0_clk (net)
                      0.190916    0.003393   25.449125 ^ clkbuf_3_6__f_clk/A (sky130_fd_sc_hd__clkbuf_16)
    15    0.047534    0.103806    0.313905   25.763031 ^ clkbuf_3_6__f_clk/X (sky130_fd_sc_hd__clkbuf_16)
                                                         clknet_3_6__leaf_clk (net)
                      0.103814    0.000943   25.763975 ^ _0944_/CLK (sky130_fd_sc_hd__dfrtp_1)
                                 -0.250000   25.513975   clock uncertainty
                                  0.000000   25.513975   clock reconvergence pessimism
                                 -0.134914   25.379061   library setup time
                                             25.379061   data required time
---------------------------------------------------------------------------------------------
                                             25.379061   data required time
                                            -12.105174   data arrival time
---------------------------------------------------------------------------------------------
                                             13.273888   slack (MET)




===========================================================================
report_checks --slack_max -0.01
============================================================================
======================= nom_ss_100C_1v60 Corner ===================================

No paths found.


===========================================================================
 report_check_types -max_slew -max_cap -max_fanout -violators
============================================================================
======================= nom_ss_100C_1v60 Corner ===================================

max fanout

Pin                                   Limit Fanout  Slack
---------------------------------------------------------
_0485_/Y                                 10     21    -11 (VIOLATED)
_0927_/X                                 10     21    -11 (VIOLATED)
fanout24/X                               10     21    -11 (VIOLATED)
fanout30/X                               10     21    -11 (VIOLATED)
_0481_/Y                                 10     19     -9 (VIOLATED)
clkbuf_3_7__f_clk/X                      10     18     -8 (VIOLATED)
clkbuf_0_clk/X                           10     17     -7 (VIOLATED)
fanout37/X                               10     17     -7 (VIOLATED)
clkbuf_3_1__f_clk/X                      10     16     -6 (VIOLATED)
clkbuf_3_4__f_clk/X                      10     15     -5 (VIOLATED)
clkbuf_3_6__f_clk/X                      10     15     -5 (VIOLATED)
clkbuf_3_2__f_clk/X                      10     13     -3 (VIOLATED)
clkbuf_3_0__f_clk/X                      10     12     -2 (VIOLATED)
clkbuf_3_3__f_clk/X                      10     11        (VIOLATED)



===========================================================================
report_parasitic_annotation -report_unannotated
============================================================================
Found 91 unannotated drivers.
 gpio_in[16]
 gpio_in[17]
 gpio_in[18]
 gpio_in[19]
 gpio_in[20]
 gpio_in[21]
 gpio_in[22]
 gpio_in[23]
 gpio_in[24]
 gpio_in[25]
 gpio_in[26]
 gpio_in[27]
 gpio_in[28]
 gpio_in[29]
 gpio_in[30]
 gpio_in[31]
 gpio_in[32]
 gpio_in[33]
 clkload0/Y
 clkload1/Y
 clkload2/Y
 clkload3/Y
 clkload4/Y
 clkload5/Y
 clkload6/Y
 team_07_100/LO
 team_07_101/LO
 team_07_102/LO
 team_07_103/LO
 team_07_38/HI
 team_07_39/HI
 team_07_40/HI
 team_07_41/HI
 team_07_42/HI
 team_07_43/HI
 team_07_44/HI
 team_07_45/HI
 team_07_46/HI
 team_07_47/HI
 team_07_48/HI
 team_07_49/HI
 team_07_50/HI
 team_07_51/HI
 team_07_52/HI
 team_07_53/HI
 team_07_54/HI
 team_07_55/HI
 team_07_56/HI
 team_07_57/HI
 team_07_58/HI
 team_07_59/HI
 team_07_60/HI
 team_07_61/HI
 team_07_62/HI
 team_07_63/HI
 team_07_64/HI
 team_07_65/HI
 team_07_66/HI
 team_07_67/HI
 team_07_68/HI
 team_07_69/HI
 team_07_70/HI
 team_07_71/HI
 team_07_72/HI
 team_07_73/LO
 team_07_74/LO
 team_07_75/LO
 team_07_76/LO
 team_07_77/LO
 team_07_78/LO
 team_07_79/LO
 team_07_80/LO
 team_07_81/LO
 team_07_82/LO
 team_07_83/LO
 team_07_84/LO
 team_07_85/LO
 team_07_86/LO
 team_07_87/LO
 team_07_88/LO
 team_07_89/LO
 team_07_90/LO
 team_07_91/LO
 team_07_92/LO
 team_07_93/LO
 team_07_94/LO
 team_07_95/LO
 team_07_96/LO
 team_07_97/LO
 team_07_98/LO
 team_07_99/LO
Found 0 partially unannotated drivers.

===========================================================================
max slew violation count 0
max fanout violation count 14
max cap violation count 0
============================================================================

===========================================================================
check_setup -verbose -unconstrained_endpoints -multiple_clock -no_clock -no_input_delay -loops -generated_clocks
===========================================================================
Warning: There are 66 unconstrained endpoints.
  gpio_oeb[0]
  gpio_oeb[10]
  gpio_oeb[11]
  gpio_oeb[12]
  gpio_oeb[13]
  gpio_oeb[14]
  gpio_oeb[15]
  gpio_oeb[16]
  gpio_oeb[17]
  gpio_oeb[18]
  gpio_oeb[19]
  gpio_oeb[1]
  gpio_oeb[20]
  gpio_oeb[21]
  gpio_oeb[22]
  gpio_oeb[23]
  gpio_oeb[24]
  gpio_oeb[25]
  gpio_oeb[26]
  gpio_oeb[27]
  gpio_oeb[28]
  gpio_oeb[29]
  gpio_oeb[2]
  gpio_oeb[30]
  gpio_oeb[31]
  gpio_oeb[32]
  gpio_oeb[33]
  gpio_oeb[3]
  gpio_oeb[4]
  gpio_oeb[5]
  gpio_oeb[6]
  gpio_oeb[7]
  gpio_oeb[8]
  gpio_oeb[9]
  gpio_out[0]
  gpio_out[10]
  gpio_out[11]
  gpio_out[12]
  gpio_out[13]
  gpio_out[14]
  gpio_out[15]
  gpio_out[18]
  gpio_out[19]
  gpio_out[1]
  gpio_out[20]
  gpio_out[21]
  gpio_out[22]
  gpio_out[23]
  gpio_out[24]
  gpio_out[25]
  gpio_out[26]
  gpio_out[27]
  gpio_out[28]
  gpio_out[29]
  gpio_out[2]
  gpio_out[30]
  gpio_out[31]
  gpio_out[32]
  gpio_out[33]
  gpio_out[3]
  gpio_out[4]
  gpio_out[5]
  gpio_out[6]
  gpio_out[7]
  gpio_out[8]
  gpio_out[9]
