Clock: clk
Sources: clk 
Generated: no
Virtual: yes
Propagated: no
Period: 25.000000

===========================================================================
report_clock_properties
============================================================================
Clock                   Period          Waveform
----------------------------------------------------
clk                  25.000000    0.000000 12.500000

===========================================================================
report_clock_latency
============================================================================
Clock clk
rise -> rise
    min     max
0.000000 0.000000 source latency
0.759257         network latency _1037_/CLK
        0.768075 network latency _1029_/CLK
---------------
0.759257 0.768075 latency
        0.008818 skew

fall -> fall
    min     max
0.000000 0.000000 source latency
0.700177         network latency _1037_/CLK
        0.707864 network latency _1029_/CLK
---------------
0.700177 0.707864 latency
        0.007687 skew



===========================================================================
report_clock_min_period
============================================================================
clk period_min = 8.89 fmax = 112.52
