
===========================================================================
report_checks -unconstrained
===========================================================================
======================= nom_ss_100C_1v60 Corner ===================================

Startpoint: nrst (input port clocked by clk)
Endpoint: _1472_ (recovery check against rising-edge clock clk)
Path Group: asynchronous
Path Type: max

Fanout         Cap        Slew       Delay        Time   Description
---------------------------------------------------------------------------------------------
                                  0.000000    0.000000   clock clk (rise edge)
                                  0.000000    0.000000   clock network delay (propagated)
                                  5.000000    5.000000 ^ input external delay
     2    0.004382    0.042951    0.024176    5.024176 ^ nrst (in)
                                                         nrst (net)
                      0.042952    0.000000    5.024176 ^ input6/A (sky130_fd_sc_hd__clkdlybuf4s25_1)
     9    0.046721    0.746985    0.935164    5.959341 ^ input6/X (sky130_fd_sc_hd__clkdlybuf4s25_1)
                                                         net6 (net)
                      0.746998    0.004224    5.963565 ^ fanout141/A (sky130_fd_sc_hd__clkdlybuf4s25_1)
     3    0.010897    0.193654    0.793694    6.757258 ^ fanout141/X (sky130_fd_sc_hd__clkdlybuf4s25_1)
                                                         net141 (net)
                      0.193654    0.000271    6.757530 ^ wire142/A (sky130_fd_sc_hd__clkbuf_4)
    17    0.058133    0.284163    0.461355    7.218885 ^ wire142/X (sky130_fd_sc_hd__clkbuf_4)
                                                         net142 (net)
                      0.284222    0.004027    7.222913 ^ fanout139/A (sky130_fd_sc_hd__clkdlybuf4s25_1)
     6    0.024876    0.408390    0.798185    8.021098 ^ fanout139/X (sky130_fd_sc_hd__clkdlybuf4s25_1)
                                                         net139 (net)
                      0.408390    0.000131    8.021229 ^ load_slew140/A (sky130_fd_sc_hd__clkbuf_2)
     5    0.026622    0.234450    0.450277    8.471505 ^ load_slew140/X (sky130_fd_sc_hd__clkbuf_2)
                                                         net140 (net)
                      0.234457    0.001636    8.473142 ^ _1472_/RESET_B (sky130_fd_sc_hd__dfrtp_2)
                                              8.473142   data arrival time

                                 25.000000   25.000000   clock clk (rise edge)
                                  0.000000   25.000000   clock source latency
     2    0.024682    0.182803    0.125850   25.125849 ^ clk (in)
                                                         clk (net)
                      0.182831    0.000000   25.125849 ^ clkbuf_0_clk/A (sky130_fd_sc_hd__clkbuf_16)
     4    0.041670    0.096021    0.303663   25.429512 ^ clkbuf_0_clk/X (sky130_fd_sc_hd__clkbuf_16)
                                                         clknet_0_clk (net)
                      0.096066    0.001283   25.430794 ^ clkbuf_2_3__f_clk/A (sky130_fd_sc_hd__clkbuf_16)
     9    0.029215    0.079356    0.246342   25.677135 ^ clkbuf_2_3__f_clk/X (sky130_fd_sc_hd__clkbuf_16)
                                                         clknet_2_3__leaf_clk (net)
                      0.079369    0.000986   25.678122 ^ _1472_/CLK (sky130_fd_sc_hd__dfrtp_2)
                                 -0.250000   25.428123   clock uncertainty
                                  0.000000   25.428123   clock reconvergence pessimism
                                  0.377438   25.805561   library recovery time
                                             25.805561   data required time
---------------------------------------------------------------------------------------------
                                             25.805561   data required time
                                             -8.473142   data arrival time
---------------------------------------------------------------------------------------------
                                             17.332418   slack (MET)


Startpoint: prescaler[10] (input port clocked by clk)
Endpoint: _1443_ (rising edge-triggered flip-flop clocked by clk)
Path Group: clk
Path Type: max

Fanout         Cap        Slew       Delay        Time   Description
---------------------------------------------------------------------------------------------
                                  0.000000    0.000000   clock clk (rise edge)
                                  0.000000    0.000000   clock network delay (propagated)
                                  5.000000    5.000000 ^ input external delay
     2    0.004796    0.045796    0.026315    5.026315 ^ prescaler[10] (in)
                                                         prescaler[10] (net)
                      0.045796    0.000000    5.026315 ^ input8/A (sky130_fd_sc_hd__clkdlybuf4s25_1)
     3    0.018377    0.307721    0.625556    5.651871 ^ input8/X (sky130_fd_sc_hd__clkdlybuf4s25_1)
                                                         net8 (net)
                      0.307721    0.000232    5.652103 ^ fanout134/A (sky130_fd_sc_hd__clkdlybuf4s25_1)
    21    0.079488    1.259695    1.411608    7.063711 ^ fanout134/X (sky130_fd_sc_hd__clkdlybuf4s25_1)
                                                         net134 (net)
                      1.259695    0.003887    7.067598 ^ _0881_/A (sky130_fd_sc_hd__xnor2_2)
     2    0.010012    0.235105    0.497538    7.565135 v _0881_/Y (sky130_fd_sc_hd__xnor2_2)
                                                         _0191_ (net)
                      0.235105    0.000179    7.565315 v _0882_/B (sky130_fd_sc_hd__or2_2)
     2    0.011287    0.153821    0.755088    8.320402 v _0882_/X (sky130_fd_sc_hd__or2_2)
                                                         _0192_ (net)
                      0.153821    0.000437    8.320839 v _0966_/A (sky130_fd_sc_hd__nor2_2)
     2    0.007321    0.173235    0.248478    8.569317 ^ _0966_/Y (sky130_fd_sc_hd__nor2_2)
                                                         _0276_ (net)
                      0.173235    0.000147    8.569464 ^ _0969_/A_N (sky130_fd_sc_hd__and2b_2)
     1    0.008370    0.093914    0.516939    9.086403 v _0969_/X (sky130_fd_sc_hd__and2b_2)
                                                         _0279_ (net)
                      0.093914    0.000097    9.086500 v _0987_/B (sky130_fd_sc_hd__xor2_2)
     2    0.007368    0.110147    0.285067    9.371567 v _0987_/X (sky130_fd_sc_hd__xor2_2)
                                                         _0297_ (net)
                      0.110147    0.000078    9.371645 v _0988_/B1 (sky130_fd_sc_hd__o21a_2)
     3    0.006987    0.078537    0.249689    9.621334 v _0988_/X (sky130_fd_sc_hd__o21a_2)
                                                         _0298_ (net)
                      0.078537    0.000165    9.621499 v _0990_/A (sky130_fd_sc_hd__or2_2)
     4    0.025559    0.215691    0.817634   10.439134 v _0990_/X (sky130_fd_sc_hd__or2_2)
                                                         _0300_ (net)
                      0.215691    0.000746   10.439879 v _0996_/A (sky130_fd_sc_hd__xnor2_2)
     2    0.016014    0.381391    0.458733   10.898613 ^ _0996_/Y (sky130_fd_sc_hd__xnor2_2)
                                                         _0306_ (net)
                      0.381391    0.000265   10.898878 ^ _0999_/B (sky130_fd_sc_hd__nor2_2)
     1    0.004579    0.082311    0.150204   11.049082 v _0999_/Y (sky130_fd_sc_hd__nor2_2)
                                                         _0309_ (net)
                      0.082311    0.000135   11.049217 v _1000_/B1 (sky130_fd_sc_hd__a311oi_2)
     3    0.011040    0.490759    0.549713   11.598930 ^ _1000_/Y (sky130_fd_sc_hd__a311oi_2)
                                                         _0310_ (net)
                      0.490759    0.000268   11.599198 ^ _1002_/A2 (sky130_fd_sc_hd__a211o_2)
     5    0.020371    0.172718    0.507008   12.106206 ^ _1002_/X (sky130_fd_sc_hd__a211o_2)
                                                         _0312_ (net)
                      0.172718    0.000652   12.106858 ^ _1047_/A1 (sky130_fd_sc_hd__a21o_2)
     7    0.027124    0.224935    0.409134   12.515992 ^ _1047_/X (sky130_fd_sc_hd__a21o_2)
                                                         _0357_ (net)
                      0.224935    0.000652   12.516644 ^ _1049_/C_N (sky130_fd_sc_hd__or3b_2)
     2    0.008516    0.198891    1.144345   13.660989 v _1049_/X (sky130_fd_sc_hd__or3b_2)
                                                         _0359_ (net)
                      0.198891    0.000195   13.661183 v _1060_/A3 (sky130_fd_sc_hd__a311o_2)
     2    0.005886    0.108704    0.799064   14.460248 v _1060_/X (sky130_fd_sc_hd__a311o_2)
                                                         _0370_ (net)
                      0.108704    0.000156   14.460404 v _1070_/B (sky130_fd_sc_hd__or4_2)
     2    0.009882    0.267429    1.629331   16.089735 v _1070_/X (sky130_fd_sc_hd__or4_2)
                                                         _0380_ (net)
                      0.267429    0.000401   16.090136 v _1133_/C (sky130_fd_sc_hd__or4_2)
     1    0.003139    0.216072    1.507495   17.597631 v _1133_/X (sky130_fd_sc_hd__or4_2)
                                                         _0443_ (net)
                      0.216072    0.000096   17.597727 v fanout96/A (sky130_fd_sc_hd__clkdlybuf4s25_1)
    21    0.073562    0.975416    1.204011   18.801737 v fanout96/X (sky130_fd_sc_hd__clkdlybuf4s25_1)
                                                         net96 (net)
                      0.975416    0.001521   18.803259 v fanout95/A (sky130_fd_sc_hd__clkdlybuf4s25_1)
    21    0.072187    0.953629    1.404866   20.208124 v fanout95/X (sky130_fd_sc_hd__clkdlybuf4s25_1)
                                                         net95 (net)
                      0.953629    0.001730   20.209854 v _1266_/A3 (sky130_fd_sc_hd__a32o_2)
     1    0.005048    0.079175    0.814598   21.024452 v _1266_/X (sky130_fd_sc_hd__a32o_2)
                                                         _0559_ (net)
                      0.079175    0.000147   21.024599 v _1267_/A2 (sky130_fd_sc_hd__a21oi_2)
     2    0.006119    0.298051    0.251513   21.276112 ^ _1267_/Y (sky130_fd_sc_hd__a21oi_2)
                                                         _0560_ (net)
                      0.298051    0.000213   21.276325 ^ _1363_/A2 (sky130_fd_sc_hd__o32a_2)
     1    0.008755    0.109006    0.410410   21.686735 ^ _1363_/X (sky130_fd_sc_hd__o32a_2)
                                                         _0641_ (net)
                      0.109006    0.000238   21.686974 ^ _1365_/D_N (sky130_fd_sc_hd__or4b_2)
     1    0.004797    0.233886    1.437055   23.124027 v _1365_/X (sky130_fd_sc_hd__or4b_2)
                                                         _0643_ (net)
                      0.233886    0.000160   23.124187 v _1378_/A (sky130_fd_sc_hd__or4_2)
     1    0.006541    0.249257    1.668115   24.792303 v _1378_/X (sky130_fd_sc_hd__or4_2)
                                                         _0656_ (net)
                      0.249257    0.000284   24.792587 v _1379_/C (sky130_fd_sc_hd__nor3_2)
     1    0.007654    0.301927    0.315493   25.108080 ^ _1379_/Y (sky130_fd_sc_hd__nor3_2)
                                                         clk_divider.next_flag (net)
                      0.301927    0.000338   25.108418 ^ _1443_/D (sky130_fd_sc_hd__dfrtp_2)
                                             25.108418   data arrival time

                                 25.000000   25.000000   clock clk (rise edge)
                                  0.000000   25.000000   clock source latency
     2    0.024682    0.182803    0.125850   25.125849 ^ clk (in)
                                                         clk (net)
                      0.182831    0.000000   25.125849 ^ clkbuf_0_clk/A (sky130_fd_sc_hd__clkbuf_16)
     4    0.041670    0.096021    0.303663   25.429512 ^ clkbuf_0_clk/X (sky130_fd_sc_hd__clkbuf_16)
                                                         clknet_0_clk (net)
                      0.096069    0.001354   25.430864 ^ clkbuf_2_2__f_clk/A (sky130_fd_sc_hd__clkbuf_16)
    19    0.051042    0.108506    0.274168   25.705034 ^ clkbuf_2_2__f_clk/X (sky130_fd_sc_hd__clkbuf_16)
                                                         clknet_2_2__leaf_clk (net)
                      0.108507    0.000737   25.705770 ^ _1443_/CLK (sky130_fd_sc_hd__dfrtp_2)
                                 -0.250000   25.455772   clock uncertainty
                                  0.000000   25.455772   clock reconvergence pessimism
                                 -0.190175   25.265596   library setup time
                                             25.265596   data required time
---------------------------------------------------------------------------------------------
                                             25.265596   data required time
                                            -25.108418   data arrival time
---------------------------------------------------------------------------------------------
                                              0.157179   slack (MET)




===========================================================================
report_checks --slack_max -0.01
============================================================================
======================= nom_ss_100C_1v60 Corner ===================================

No paths found.


===========================================================================
 report_check_types -max_slew -max_cap -max_fanout -violators
============================================================================
======================= nom_ss_100C_1v60 Corner ===================================

max slew

Pin                                        Limit        Slew       Slack
------------------------------------------------------------------------
ANTENNA__1245__B1/DIODE                 0.750000    1.410019   -0.660019 (VIOLATED)
_1245_/B1                               0.750000    1.410019   -0.660019 (VIOLATED)
_1260_/B1                               0.750000    1.410018   -0.660019 (VIOLATED)
_1283_/B1                               0.750000    1.410018   -0.660018 (VIOLATED)
ANTENNA__1260__B1/DIODE                 0.750000    1.410017   -0.660017 (VIOLATED)
ANTENNA__1283__B1/DIODE                 0.750000    1.410017   -0.660017 (VIOLATED)
_1252_/B1                               0.750000    1.410012   -0.660012 (VIOLATED)
ANTENNA__0715__B/DIODE                  0.750000    1.410010   -0.660010 (VIOLATED)
ANTENNA__1222__B1/DIODE                 0.750000    1.410010   -0.660010 (VIOLATED)
ANTENNA__1237__B1/DIODE                 0.750000    1.410010   -0.660010 (VIOLATED)
ANTENNA__1252__B1/DIODE                 0.750000    1.410010   -0.660010 (VIOLATED)
ANTENNA__1326__C1/DIODE                 0.750000    1.410010   -0.660010 (VIOLATED)
ANTENNA__1331__B1/DIODE                 0.750000    1.410010   -0.660010 (VIOLATED)
ANTENNA_fanout109_A/DIODE               0.750000    1.410010   -0.660010 (VIOLATED)
ANTENNA_fanout110_X/DIODE               0.750000    1.410010   -0.660010 (VIOLATED)
_0715_/B                                0.750000    1.410010   -0.660010 (VIOLATED)
_1222_/B1                               0.750000    1.410010   -0.660010 (VIOLATED)
_1237_/B1                               0.750000    1.410010   -0.660010 (VIOLATED)
_1326_/C1                               0.750000    1.410010   -0.660010 (VIOLATED)
_1331_/B1                               0.750000    1.410010   -0.660010 (VIOLATED)
fanout109/A                             0.750000    1.410010   -0.660010 (VIOLATED)
fanout110/X                             0.750000    1.410010   -0.660010 (VIOLATED)
_1183_/B                                0.750000    1.299374   -0.549374 (VIOLATED)
ANTENNA__1183__B/DIODE                  0.750000    1.299373   -0.549373 (VIOLATED)
_1169_/B                                0.750000    1.299371   -0.549371 (VIOLATED)
ANTENNA__1169__B/DIODE                  0.750000    1.299369   -0.549369 (VIOLATED)
_1205_/B                                0.750000    1.299363   -0.549363 (VIOLATED)
ANTENNA__1160__B/DIODE                  0.750000    1.299362   -0.549362 (VIOLATED)
_1197_/B                                0.750000    1.299362   -0.549362 (VIOLATED)
ANTENNA__1176__B/DIODE                  0.750000    1.299362   -0.549362 (VIOLATED)
ANTENNA__1197__B/DIODE                  0.750000    1.299362   -0.549362 (VIOLATED)
ANTENNA__1205__B/DIODE                  0.750000    1.299362   -0.549362 (VIOLATED)
_1176_/B                                0.750000    1.299361   -0.549361 (VIOLATED)
_1160_/B                                0.750000    1.299359   -0.549359 (VIOLATED)
ANTENNA__1187__C/DIODE                  0.750000    1.299356   -0.549356 (VIOLATED)
_1187_/C                                0.750000    1.299357   -0.549357 (VIOLATED)
_1155_/A3                               0.750000    1.299353   -0.549353 (VIOLATED)
ANTENNA__1155__A3/DIODE                 0.750000    1.299349   -0.549349 (VIOLATED)
ANTENNA__1146__B/DIODE                  0.750000    1.299340   -0.549340 (VIOLATED)
_1146_/B                                0.750000    1.299337   -0.549337 (VIOLATED)
ANTENNA__1137__B/DIODE                  0.750000    1.299336   -0.549336 (VIOLATED)
ANTENNA_fanout94_X/DIODE                0.750000    1.299336   -0.549336 (VIOLATED)
_1137_/B                                0.750000    1.299336   -0.549336 (VIOLATED)
fanout94/X                              0.750000    1.299336   -0.549336 (VIOLATED)
_1156_/A1                               0.750000    1.293926   -0.543926 (VIOLATED)
ANTENNA__1156__A1/DIODE                 0.750000    1.293924   -0.543924 (VIOLATED)
_1191_/B1                               0.750000    1.293578   -0.543578 (VIOLATED)
_1324_/B1                               0.750000    1.293576   -0.543577 (VIOLATED)
ANTENNA__1191__B1/DIODE                 0.750000    1.293576   -0.543576 (VIOLATED)
ANTENNA__1324__B1/DIODE                 0.750000    1.293576   -0.543576 (VIOLATED)
ANTENNA__1330__B1/DIODE                 0.750000    1.293574   -0.543575 (VIOLATED)
_1318_/B1                               0.750000    1.293574   -0.543574 (VIOLATED)
_1330_/B1                               0.750000    1.293575   -0.543575 (VIOLATED)
ANTENNA__1318__B1/DIODE                 0.750000    1.293574   -0.543574 (VIOLATED)
_1311_/B1                               0.750000    1.293569   -0.543569 (VIOLATED)
ANTENNA__1311__B1/DIODE                 0.750000    1.293567   -0.543567 (VIOLATED)
_1213_/A1                               0.750000    1.293561   -0.543561 (VIOLATED)
ANTENNA__1213__A1/DIODE                 0.750000    1.293557   -0.543557 (VIOLATED)
ANTENNA__1251__A1/DIODE                 0.750000    1.293551   -0.543551 (VIOLATED)
ANTENNA__1267__A1/DIODE                 0.750000    1.293551   -0.543551 (VIOLATED)
ANTENNA__1289__B1/DIODE                 0.750000    1.293551   -0.543551 (VIOLATED)
ANTENNA_fanout103_X/DIODE               0.750000    1.293551   -0.543551 (VIOLATED)
_1251_/A1                               0.750000    1.293551   -0.543551 (VIOLATED)
_1267_/A1                               0.750000    1.293551   -0.543551 (VIOLATED)
_1289_/B1                               0.750000    1.293551   -0.543551 (VIOLATED)
fanout103/X                             0.750000    1.293551   -0.543551 (VIOLATED)
_1163_/B1                               0.750000    1.285461   -0.535461 (VIOLATED)
_1179_/B1                               0.750000    1.285461   -0.535461 (VIOLATED)
ANTENNA__1163__B1/DIODE                 0.750000    1.285461   -0.535461 (VIOLATED)
ANTENNA__1179__B1/DIODE                 0.750000    1.285461   -0.535461 (VIOLATED)
ANTENNA__1171__B1/DIODE                 0.750000    1.285456   -0.535456 (VIOLATED)
_1171_/B1                               0.750000    1.285457   -0.535457 (VIOLATED)
ANTENNA__1185__B1/DIODE                 0.750000    1.285456   -0.535456 (VIOLATED)
_1185_/B1                               0.750000    1.285456   -0.535456 (VIOLATED)
_1149_/B1                               0.750000    1.285452   -0.535452 (VIOLATED)
ANTENNA__1149__B1/DIODE                 0.750000    1.285451   -0.535451 (VIOLATED)
_1193_/C1                               0.750000    1.285449   -0.535449 (VIOLATED)
ANTENNA__1193__C1/DIODE                 0.750000    1.285448   -0.535448 (VIOLATED)
ANTENNA__1200__B1/DIODE                 0.750000    1.285444   -0.535444 (VIOLATED)
ANTENNA__1208__B1/DIODE                 0.750000    1.285444   -0.535444 (VIOLATED)
ANTENNA__1214__B1/DIODE                 0.750000    1.285444   -0.535444 (VIOLATED)
ANTENNA__1320__C1/DIODE                 0.750000    1.285444   -0.535444 (VIOLATED)
ANTENNA_fanout109_X/DIODE               0.750000    1.285444   -0.535444 (VIOLATED)
_1200_/B1                               0.750000    1.285444   -0.535444 (VIOLATED)
_1208_/B1                               0.750000    1.285444   -0.535444 (VIOLATED)
_1214_/B1                               0.750000    1.285444   -0.535444 (VIOLATED)
_1320_/C1                               0.750000    1.285444   -0.535444 (VIOLATED)
fanout109/X                             0.750000    1.285444   -0.535444 (VIOLATED)
ANTENNA__1268__B1/DIODE                 0.750000    1.280962   -0.530962 (VIOLATED)
ANTENNA__1275__B1/DIODE                 0.750000    1.280962   -0.530962 (VIOLATED)
_1268_/B1                               0.750000    1.280962   -0.530962 (VIOLATED)
_1275_/B1                               0.750000    1.280962   -0.530962 (VIOLATED)
ANTENNA__0716__B1/DIODE                 0.750000    1.280961   -0.530961 (VIOLATED)
ANTENNA__0722__B1/DIODE                 0.750000    1.280961   -0.530961 (VIOLATED)
ANTENNA__1141__C1/DIODE                 0.750000    1.280961   -0.530961 (VIOLATED)
ANTENNA__1157__B1/DIODE                 0.750000    1.280961   -0.530961 (VIOLATED)
ANTENNA__1229__C1/DIODE                 0.750000    1.280961   -0.530961 (VIOLATED)
ANTENNA__1296__B1/DIODE                 0.750000    1.280961   -0.530961 (VIOLATED)
ANTENNA__1304__B1/DIODE                 0.750000    1.280961   -0.530961 (VIOLATED)
ANTENNA__1313__B1/DIODE                 0.750000    1.280961   -0.530961 (VIOLATED)
ANTENNA_fanout128_X/DIODE               0.750000    1.280961   -0.530961 (VIOLATED)
_0716_/B1                               0.750000    1.280961   -0.530961 (VIOLATED)
_0722_/B1                               0.750000    1.280961   -0.530961 (VIOLATED)
_1141_/C1                               0.750000    1.280961   -0.530961 (VIOLATED)
_1157_/B1                               0.750000    1.280961   -0.530961 (VIOLATED)
_1229_/C1                               0.750000    1.280961   -0.530961 (VIOLATED)
_1296_/B1                               0.750000    1.280961   -0.530961 (VIOLATED)
_1304_/B1                               0.750000    1.280961   -0.530961 (VIOLATED)
_1313_/B1                               0.750000    1.280961   -0.530961 (VIOLATED)
fanout128/X                             0.750000    1.280961   -0.530961 (VIOLATED)
_0789_/A                                0.750000    1.259704   -0.509704 (VIOLATED)
ANTENNA__0789__A/DIODE                  0.750000    1.259703   -0.509703 (VIOLATED)
_0792_/A                                0.750000    1.259704   -0.509704 (VIOLATED)
ANTENNA__0792__A/DIODE                  0.750000    1.259702   -0.509702 (VIOLATED)
ANTENNA__0881__A/DIODE                  0.750000    1.259695   -0.509695 (VIOLATED)
ANTENNA__0904__B/DIODE                  0.750000    1.259695   -0.509695 (VIOLATED)
ANTENNA__0905__B/DIODE                  0.750000    1.259695   -0.509695 (VIOLATED)
ANTENNA__0908__A3/DIODE                 0.750000    1.259695   -0.509695 (VIOLATED)
ANTENNA__0911__B/DIODE                  0.750000    1.259695   -0.509695 (VIOLATED)
ANTENNA__0915__A/DIODE                  0.750000    1.259695   -0.509695 (VIOLATED)
ANTENNA__0942__B/DIODE                  0.750000    1.259695   -0.509695 (VIOLATED)
ANTENNA__0967__A1/DIODE                 0.750000    1.259695   -0.509695 (VIOLATED)
ANTENNA_fanout134_X/DIODE               0.750000    1.259695   -0.509695 (VIOLATED)
_0881_/A                                0.750000    1.259695   -0.509695 (VIOLATED)
_0904_/B                                0.750000    1.259695   -0.509695 (VIOLATED)
_0905_/B                                0.750000    1.259695   -0.509695 (VIOLATED)
_0908_/A3                               0.750000    1.259695   -0.509695 (VIOLATED)
_0911_/B                                0.750000    1.259695   -0.509695 (VIOLATED)
_0915_/A                                0.750000    1.259695   -0.509695 (VIOLATED)
_0942_/B                                0.750000    1.259695   -0.509695 (VIOLATED)
_0967_/A1                               0.750000    1.259695   -0.509695 (VIOLATED)
fanout134/X                             0.750000    1.259695   -0.509695 (VIOLATED)
ANTENNA__1251__B1/DIODE                 0.750000    1.220104   -0.470104 (VIOLATED)
_1251_/B1                               0.750000    1.220104   -0.470104 (VIOLATED)
ANTENNA__1267__B1/DIODE                 0.750000    1.220099   -0.470099 (VIOLATED)
_1267_/B1                               0.750000    1.220098   -0.470098 (VIOLATED)
_1156_/B1                               0.750000    1.220090   -0.470090 (VIOLATED)
ANTENNA__1157__A2/DIODE                 0.750000    1.220089   -0.470089 (VIOLATED)
_1157_/A2                               0.750000    1.220090   -0.470090 (VIOLATED)
ANTENNA__1156__B1/DIODE                 0.750000    1.220084   -0.470084 (VIOLATED)
ANTENNA__1193__A1/DIODE                 0.750000    1.220080   -0.470080 (VIOLATED)
ANTENNA__1213__B1/DIODE                 0.750000    1.220080   -0.470080 (VIOLATED)
ANTENNA__1313__A2/DIODE                 0.750000    1.220080   -0.470080 (VIOLATED)
ANTENNA__1320__A1/DIODE                 0.750000    1.220080   -0.470080 (VIOLATED)
ANTENNA__1326__A1/DIODE                 0.750000    1.220080   -0.470080 (VIOLATED)
ANTENNA__1332__A1/DIODE                 0.750000    1.220080   -0.470080 (VIOLATED)
ANTENNA_fanout107_X/DIODE               0.750000    1.220080   -0.470080 (VIOLATED)
_1193_/A1                               0.750000    1.220080   -0.470080 (VIOLATED)
_1213_/B1                               0.750000    1.220080   -0.470080 (VIOLATED)
_1313_/A2                               0.750000    1.220080   -0.470080 (VIOLATED)
_1320_/A1                               0.750000    1.220080   -0.470080 (VIOLATED)
_1326_/A1                               0.750000    1.220080   -0.470080 (VIOLATED)
_1332_/A1                               0.750000    1.220080   -0.470080 (VIOLATED)
fanout107/X                             0.750000    1.220080   -0.470080 (VIOLATED)
ANTENNA__1315__C/DIODE                  0.750000    1.211195   -0.461195 (VIOLATED)
ANTENNA__1321__C/DIODE                  0.750000    1.211195   -0.461195 (VIOLATED)
_1315_/C                                0.750000    1.211195   -0.461196 (VIOLATED)
_1321_/C                                0.750000    1.211195   -0.461195 (VIOLATED)
_1327_/C                                0.750000    1.211193   -0.461193 (VIOLATED)
ANTENNA__1327__C/DIODE                  0.750000    1.211193   -0.461193 (VIOLATED)
_1312_/A3                               0.750000    1.211188   -0.461188 (VIOLATED)
ANTENNA__1312__A3/DIODE                 0.750000    1.211187   -0.461187 (VIOLATED)
_1234_/B                                0.750000    1.211186   -0.461186 (VIOLATED)
ANTENNA__1234__B/DIODE                  0.750000    1.211185   -0.461185 (VIOLATED)
_1226_/B                                0.750000    1.211185   -0.461185 (VIOLATED)
ANTENNA__1226__B/DIODE                  0.750000    1.211184   -0.461184 (VIOLATED)
_1300_/B                                0.750000    1.211183   -0.461183 (VIOLATED)
ANTENNA__1300__B/DIODE                  0.750000    1.211182   -0.461182 (VIOLATED)
_1293_/B                                0.750000    1.211179   -0.461179 (VIOLATED)
fanout94/A                              0.750000    1.211178   -0.461178 (VIOLATED)
ANTENNA__1293__B/DIODE                  0.750000    1.211177   -0.461178 (VIOLATED)
ANTENNA_fanout94_A/DIODE                0.750000    1.211178   -0.461178 (VIOLATED)
ANTENNA_fanout95_A/DIODE                0.750000    1.210869   -0.460869 (VIOLATED)
ANTENNA_fanout96_X/DIODE                0.750000    1.210869   -0.460869 (VIOLATED)
fanout95/A                              0.750000    1.210869   -0.460869 (VIOLATED)
fanout96/X                              0.750000    1.210869   -0.460869 (VIOLATED)
ANTENNA__1212__A2/DIODE                 0.750000    1.196955   -0.446955 (VIOLATED)
ANTENNA__1219__B/DIODE                  0.750000    1.196955   -0.446955 (VIOLATED)
ANTENNA__1242__B/DIODE                  0.750000    1.196955   -0.446955 (VIOLATED)
ANTENNA__1250__A3/DIODE                 0.750000    1.196955   -0.446955 (VIOLATED)
ANTENNA__1257__B/DIODE                  0.750000    1.196955   -0.446955 (VIOLATED)
ANTENNA__1266__A3/DIODE                 0.750000    1.196955   -0.446955 (VIOLATED)
ANTENNA__1272__B/DIODE                  0.750000    1.196955   -0.446955 (VIOLATED)
ANTENNA__1280__B/DIODE                  0.750000    1.196955   -0.446955 (VIOLATED)
ANTENNA__1285__C/DIODE                  0.750000    1.196955   -0.446955 (VIOLATED)
ANTENNA__1308__A3/DIODE                 0.750000    1.196955   -0.446955 (VIOLATED)
ANTENNA_fanout95_X/DIODE                0.750000    1.196955   -0.446955 (VIOLATED)
_1212_/A2                               0.750000    1.196955   -0.446955 (VIOLATED)
_1219_/B                                0.750000    1.196955   -0.446955 (VIOLATED)
_1242_/B                                0.750000    1.196955   -0.446955 (VIOLATED)
_1250_/A3                               0.750000    1.196955   -0.446955 (VIOLATED)
_1257_/B                                0.750000    1.196955   -0.446955 (VIOLATED)
_1266_/A3                               0.750000    1.196955   -0.446955 (VIOLATED)
_1272_/B                                0.750000    1.196955   -0.446955 (VIOLATED)
_1280_/B                                0.750000    1.196955   -0.446955 (VIOLATED)
_1285_/C                                0.750000    1.196955   -0.446955 (VIOLATED)
_1308_/A3                               0.750000    1.196955   -0.446955 (VIOLATED)
fanout95/X                              0.750000    1.196955   -0.446955 (VIOLATED)
ANTENNA__1184__C1/DIODE                 0.750000    1.168342   -0.418342 (VIOLATED)
_1184_/C1                               0.750000    1.168342   -0.418342 (VIOLATED)
ANTENNA__0902__A/DIODE                  0.750000    1.168341   -0.418341 (VIOLATED)
ANTENNA__1139__C1/DIODE                 0.750000    1.168341   -0.418341 (VIOLATED)
ANTENNA__1148__C1/DIODE                 0.750000    1.168341   -0.418341 (VIOLATED)
ANTENNA__1162__C1/DIODE                 0.750000    1.168341   -0.418341 (VIOLATED)
ANTENNA__1170__C1/DIODE                 0.750000    1.168341   -0.418341 (VIOLATED)
ANTENNA__1178__C1/DIODE                 0.750000    1.168341   -0.418341 (VIOLATED)
ANTENNA__1199__C1/DIODE                 0.750000    1.168341   -0.418341 (VIOLATED)
ANTENNA__1207__C1/DIODE                 0.750000    1.168341   -0.418341 (VIOLATED)
ANTENNA__1361__D1/DIODE                 0.750000    1.168341   -0.418341 (VIOLATED)
ANTENNA_fanout104_X/DIODE               0.750000    1.168341   -0.418341 (VIOLATED)
_0902_/A                                0.750000    1.168341   -0.418341 (VIOLATED)
_1139_/C1                               0.750000    1.168341   -0.418341 (VIOLATED)
_1148_/C1                               0.750000    1.168341   -0.418341 (VIOLATED)
_1162_/C1                               0.750000    1.168341   -0.418341 (VIOLATED)
_1170_/C1                               0.750000    1.168341   -0.418341 (VIOLATED)
_1178_/C1                               0.750000    1.168341   -0.418341 (VIOLATED)
_1199_/C1                               0.750000    1.168341   -0.418341 (VIOLATED)
_1207_/C1                               0.750000    1.168341   -0.418341 (VIOLATED)
_1361_/D1                               0.750000    1.168341   -0.418341 (VIOLATED)
fanout104/X                             0.750000    1.168341   -0.418341 (VIOLATED)
ANTENNA__1221__C1/DIODE                 0.750000    0.961748   -0.211748 (VIOLATED)
_1221_/C1                               0.750000    0.961748   -0.211748 (VIOLATED)
_1236_/C1                               0.750000    0.961748   -0.211748 (VIOLATED)
ANTENNA__1236__C1/DIODE                 0.750000    0.961748   -0.211748 (VIOLATED)
_1227_/C1                               0.750000    0.961747   -0.211747 (VIOLATED)
ANTENNA__1227__C1/DIODE                 0.750000    0.961745   -0.211745 (VIOLATED)
ANTENNA__1303__C1/DIODE                 0.750000    0.961744   -0.211745 (VIOLATED)
_1303_/C1                               0.750000    0.961745   -0.211745 (VIOLATED)
ANTENNA__1295__A1/DIODE                 0.750000    0.961743   -0.211743 (VIOLATED)
_1295_/A1                               0.750000    0.961742   -0.211742 (VIOLATED)
ANTENNA__1244__C1/DIODE                 0.750000    0.961741   -0.211741 (VIOLATED)
ANTENNA__1259__C1/DIODE                 0.750000    0.961741   -0.211741 (VIOLATED)
ANTENNA__1274__C1/DIODE                 0.750000    0.961741   -0.211741 (VIOLATED)
ANTENNA__1282__C1/DIODE                 0.750000    0.961741   -0.211741 (VIOLATED)
ANTENNA_fanout105_X/DIODE               0.750000    0.961741   -0.211741 (VIOLATED)
_1244_/C1                               0.750000    0.961741   -0.211741 (VIOLATED)
_1259_/C1                               0.750000    0.961741   -0.211741 (VIOLATED)
_1274_/C1                               0.750000    0.961741   -0.211741 (VIOLATED)
_1282_/C1                               0.750000    0.961741   -0.211741 (VIOLATED)
fanout105/X                             0.750000    0.961741   -0.211741 (VIOLATED)
_0812_/A                                0.750000    0.853106   -0.103106 (VIOLATED)
ANTENNA__0812__A/DIODE                  0.750000    0.853106   -0.103106 (VIOLATED)
ANTENNA_max_cap135_A/DIODE              0.750000    0.853104   -0.103104 (VIOLATED)
max_cap135/A                            0.750000    0.853104   -0.103104 (VIOLATED)
ANTENNA__0819__A2/DIODE                 0.750000    0.853102   -0.103102 (VIOLATED)
_0819_/A2                               0.750000    0.853102   -0.103102 (VIOLATED)
_0823_/B                                0.750000    0.853099   -0.103099 (VIOLATED)
ANTENNA__0823__B/DIODE                  0.750000    0.853099   -0.103099 (VIOLATED)
_0698_/A                                0.750000    0.853090   -0.103090 (VIOLATED)
ANTENNA__0698__A/DIODE                  0.750000    0.853088   -0.103088 (VIOLATED)
_1363_/B2                               0.750000    0.853084   -0.103084 (VIOLATED)
ANTENNA__1363__B2/DIODE                 0.750000    0.853084   -0.103084 (VIOLATED)
ANTENNA_input7_X/DIODE                  0.750000    0.853071   -0.103071 (VIOLATED)
input7/X                                0.750000    0.853071   -0.103071 (VIOLATED)
_1139_/A1                               0.750000    0.840684   -0.090684 (VIOLATED)
_1148_/A1                               0.750000    0.840684   -0.090684 (VIOLATED)
_1155_/A2                               0.750000    0.840684   -0.090684 (VIOLATED)
_1162_/A1                               0.750000    0.840684   -0.090684 (VIOLATED)
_1170_/A1                               0.750000    0.840684   -0.090684 (VIOLATED)
_1178_/A1                               0.750000    0.840684   -0.090684 (VIOLATED)
_1190_/A                                0.750000    0.840684   -0.090684 (VIOLATED)
_1311_/A2                               0.750000    0.840684   -0.090684 (VIOLATED)
_1312_/A2                               0.750000    0.840684   -0.090684 (VIOLATED)
fanout90/A                              0.750000    0.840684   -0.090684 (VIOLATED)
fanout91/X                              0.750000    0.840684   -0.090684 (VIOLATED)
_1206_/A1                               0.750000    0.831050   -0.081050 (VIOLATED)
_1198_/A1                               0.750000    0.831049   -0.081049 (VIOLATED)
_1182_/A1                               0.750000    0.831049   -0.081049 (VIOLATED)
_1128_/A1                               0.750000    0.831048   -0.081048 (VIOLATED)
_1168_/A1                               0.750000    0.831040   -0.081040 (VIOLATED)
_1177_/A1                               0.750000    0.831039   -0.081039 (VIOLATED)
_1161_/A1                               0.750000    0.831038   -0.081038 (VIOLATED)
_1138_/A1                               0.750000    0.831036   -0.081036 (VIOLATED)
_1147_/A1                               0.750000    0.831036   -0.081036 (VIOLATED)
_1154_/A1                               0.750000    0.831036   -0.081036 (VIOLATED)
fanout102/X                             0.750000    0.831036   -0.081036 (VIOLATED)
_1206_/B1                               0.750000    0.806834   -0.056834 (VIOLATED)
_1198_/B1                               0.750000    0.806833   -0.056833 (VIOLATED)
_1128_/B1                               0.750000    0.806829   -0.056829 (VIOLATED)
_1182_/B1                               0.750000    0.806828   -0.056828 (VIOLATED)
_1168_/B1                               0.750000    0.806821   -0.056821 (VIOLATED)
_1177_/B1                               0.750000    0.806819   -0.056819 (VIOLATED)
_1161_/B1                               0.750000    0.806814   -0.056814 (VIOLATED)
_1138_/B1                               0.750000    0.806813   -0.056813 (VIOLATED)
_1147_/B1                               0.750000    0.806813   -0.056813 (VIOLATED)
_1154_/B1                               0.750000    0.806813   -0.056813 (VIOLATED)
fanout98/X                              0.750000    0.806813   -0.056813 (VIOLATED)
_1206_/A2                               0.750000    0.798190   -0.048190 (VIOLATED)
_1198_/A2                               0.750000    0.798190   -0.048190 (VIOLATED)
_1128_/A2                               0.750000    0.798186   -0.048186 (VIOLATED)
_1182_/A2                               0.750000    0.798185   -0.048185 (VIOLATED)
_1168_/A2                               0.750000    0.798180   -0.048180 (VIOLATED)
_1177_/A2                               0.750000    0.798178   -0.048178 (VIOLATED)
_1161_/A2                               0.750000    0.798177   -0.048177 (VIOLATED)
_1138_/A2                               0.750000    0.798176   -0.048176 (VIOLATED)
_1147_/A2                               0.750000    0.798176   -0.048176 (VIOLATED)
_1154_/A2                               0.750000    0.798176   -0.048176 (VIOLATED)
fanout100/X                             0.750000    0.798176   -0.048176 (VIOLATED)

max fanout

Pin                                   Limit Fanout  Slack
---------------------------------------------------------
fanout103/X                              10     21    -11 (VIOLATED)
fanout104/X                              10     21    -11 (VIOLATED)
fanout107/X                              10     21    -11 (VIOLATED)
fanout109/X                              10     21    -11 (VIOLATED)
fanout110/X                              10     21    -11 (VIOLATED)
fanout128/X                              10     21    -11 (VIOLATED)
fanout134/X                              10     21    -11 (VIOLATED)
fanout94/X                               10     21    -11 (VIOLATED)
fanout95/X                               10     21    -11 (VIOLATED)
fanout96/X                               10     21    -11 (VIOLATED)
input20/X                                10     21    -11 (VIOLATED)
input9/X                                 10     21    -11 (VIOLATED)
clkbuf_2_0__f_clk/X                      10     19     -9 (VIOLATED)
clkbuf_2_1__f_clk/X                      10     19     -9 (VIOLATED)
clkbuf_2_2__f_clk/X                      10     19     -9 (VIOLATED)
fanout105/X                              10     19     -9 (VIOLATED)
input10/X                                10     19     -9 (VIOLATED)
_0695_/Y                                 10     17     -7 (VIOLATED)
wire142/X                                10     17     -7 (VIOLATED)
load_slew137/X                           10     15     -5 (VIOLATED)
input7/X                                 10     13     -3 (VIOLATED)
_0692_/Y                                 10     11        (VIOLATED)
_0698_/Y                                 10     11        (VIOLATED)



===========================================================================
report_parasitic_annotation -report_unannotated
============================================================================
Found 126 unannotated drivers.
 gpio_in[0]
 gpio_in[10]
 gpio_in[11]
 gpio_in[12]
 gpio_in[13]
 gpio_in[14]
 gpio_in[15]
 gpio_in[16]
 gpio_in[17]
 gpio_in[18]
 gpio_in[19]
 gpio_in[1]
 gpio_in[20]
 gpio_in[21]
 gpio_in[22]
 gpio_in[23]
 gpio_in[24]
 gpio_in[25]
 gpio_in[26]
 gpio_in[27]
 gpio_in[28]
 gpio_in[29]
 gpio_in[2]
 gpio_in[30]
 gpio_in[31]
 gpio_in[32]
 gpio_in[33]
 gpio_in[3]
 gpio_in[4]
 gpio_in[5]
 gpio_in[6]
 gpio_in[7]
 gpio_in[8]
 gpio_in[9]
 la_data_in[10]
 la_data_in[11]
 la_data_in[12]
 la_data_in[13]
 la_data_in[14]
 la_data_in[15]
 la_data_in[16]
 la_data_in[17]
 la_data_in[18]
 la_data_in[19]
 la_data_in[20]
 la_data_in[21]
 la_data_in[22]
 la_data_in[23]
 la_data_in[24]
 la_data_in[25]
 la_data_in[26]
 la_data_in[27]
 la_data_in[28]
 la_data_in[29]
 la_data_in[2]
 la_data_in[30]
 la_data_in[31]
 la_data_in[3]
 la_data_in[4]
 la_data_in[5]
 la_data_in[6]
 la_data_in[7]
 la_data_in[8]
 la_data_in[9]
 la_oenb[10]
 la_oenb[11]
 la_oenb[12]
 la_oenb[13]
 la_oenb[14]
 la_oenb[15]
 la_oenb[16]
 la_oenb[17]
 la_oenb[18]
 la_oenb[19]
 la_oenb[20]
 la_oenb[21]
 la_oenb[22]
 la_oenb[23]
 la_oenb[24]
 la_oenb[25]
 la_oenb[26]
 la_oenb[27]
 la_oenb[28]
 la_oenb[29]
 la_oenb[2]
 la_oenb[30]
 la_oenb[31]
 la_oenb[3]
 la_oenb[4]
 la_oenb[5]
 la_oenb[6]
 la_oenb[7]
 la_oenb[8]
 la_oenb[9]
 team_00/HI
 team_00_148/HI
 team_00_149/HI
 team_00_150/HI
 team_00_151/HI
 team_00_152/HI
 team_00_153/HI
 team_00_154/HI
 team_00_155/HI
 team_00_156/HI
 team_00_157/HI
 team_00_158/HI
 team_00_159/HI
 team_00_160/HI
 team_00_161/HI
 team_00_162/HI
 team_00_163/HI
 team_00_164/HI
 team_00_165/HI
 team_00_166/HI
 team_00_167/HI
 team_00_168/HI
 team_00_169/HI
 team_00_170/HI
 team_00_171/HI
 team_00_172/HI
 team_00_173/HI
 team_00_174/HI
 team_00_175/HI
 team_00_176/HI
 team_00_177/HI
 team_00_178/HI
Found 0 partially unannotated drivers.

===========================================================================
max slew violation count 298
max fanout violation count 23
max cap violation count 0
============================================================================

===========================================================================
check_setup -verbose -unconstrained_endpoints -multiple_clock -no_clock -no_input_delay -loops -generated_clocks
===========================================================================
