
===========================================================================
report_checks -unconstrained
===========================================================================
======================= nom_ss_100C_1v60 Corner ===================================

Startpoint: nrst (input port clocked by clk)
Endpoint: _1289_ (recovery check against rising-edge clock clk)
Path Group: asynchronous
Path Type: max

Fanout         Cap        Slew       Delay        Time   Description
---------------------------------------------------------------------------------------------
                                  0.000000    0.000000   clock clk (rise edge)
                                  0.000000    0.000000   clock network delay (propagated)
                                  5.000000    5.000000 ^ input external delay
     2    0.003671    0.038080    0.020384    5.020384 ^ nrst (in)
                                                         nrst (net)
                      0.038080    0.000000    5.020384 ^ input6/A (sky130_fd_sc_hd__buf_2)
     5    0.045833    0.358595    0.387213    5.407597 ^ input6/X (sky130_fd_sc_hd__buf_2)
                                                         net6 (net)
                      0.358723    0.005634    5.413231 ^ fanout125/A (sky130_fd_sc_hd__buf_4)
    21    0.086455    0.381103    0.557770    5.971002 ^ fanout125/X (sky130_fd_sc_hd__buf_4)
                                                         net125 (net)
                      0.381130    0.002706    5.973708 ^ fanout124/A (sky130_fd_sc_hd__clkbuf_4)
    21    0.069789    0.335674    0.582153    6.555861 ^ fanout124/X (sky130_fd_sc_hd__clkbuf_4)
                                                         net124 (net)
                      0.335727    0.004255    6.560116 ^ fanout122/A (sky130_fd_sc_hd__clkbuf_4)
    21    0.066553    0.321688    0.550727    7.110843 ^ fanout122/X (sky130_fd_sc_hd__clkbuf_4)
                                                         net122 (net)
                      0.321791    0.005496    7.116338 ^ _1289_/RESET_B (sky130_fd_sc_hd__dfrtp_4)
                                              7.116338   data arrival time

                                 25.000000   25.000000   clock clk (rise edge)
                                  0.000000   25.000000   clock source latency
     2    0.029793    0.218458    0.151367   25.151365 ^ clk (in)
                                                         clk (net)
                      0.218479    0.000000   25.151365 ^ clkbuf_0_clk/A (sky130_fd_sc_hd__clkbuf_16)
     9    0.059593    0.119992    0.339407   25.490772 ^ clkbuf_0_clk/X (sky130_fd_sc_hd__clkbuf_16)
                                                         clknet_0_clk (net)
                      0.120004    0.001275   25.492048 ^ clkbuf_2_0__f_clk/A (sky130_fd_sc_hd__clkbuf_16)
    10    0.039690    0.094173    0.271783   25.763830 ^ clkbuf_2_0__f_clk/X (sky130_fd_sc_hd__clkbuf_16)
                                                         clknet_2_0__leaf_clk (net)
                      0.094235    0.002217   25.766048 ^ _1289_/CLK (sky130_fd_sc_hd__dfrtp_4)
                                 -0.250000   25.516048   clock uncertainty
                                  0.000000   25.516048   clock reconvergence pessimism
                                  0.334159   25.850208   library recovery time
                                             25.850208   data required time
---------------------------------------------------------------------------------------------
                                             25.850208   data required time
                                             -7.116338   data arrival time
---------------------------------------------------------------------------------------------
                                             18.733870   slack (MET)


Startpoint: prescaler[0] (input port clocked by clk)
Endpoint: _1281_ (rising edge-triggered flip-flop clocked by clk)
Path Group: clk
Path Type: max

Fanout         Cap        Slew       Delay        Time   Description
---------------------------------------------------------------------------------------------
                                  0.000000    0.000000   clock clk (rise edge)
                                  0.000000    0.000000   clock network delay (propagated)
                                  5.000000    5.000000 v input external delay
     2    0.003629    0.021673    0.011836    5.011837 v prescaler[0] (in)
                                                         prescaler[0] (net)
                      0.021673    0.000000    5.011837 v input7/A (sky130_fd_sc_hd__buf_1)
     2    0.015997    0.188549    0.247459    5.259295 v input7/X (sky130_fd_sc_hd__buf_1)
                                                         net7 (net)
                      0.188550    0.000765    5.260060 v fanout121/A (sky130_fd_sc_hd__buf_2)
    10    0.042102    0.197313    0.426157    5.686217 v fanout121/X (sky130_fd_sc_hd__buf_2)
                                                         net121 (net)
                      0.197316    0.001023    5.687241 v _0765_/B (sky130_fd_sc_hd__and2_1)
     4    0.012479    0.144600    0.456789    6.144030 v _0765_/X (sky130_fd_sc_hd__and2_1)
                                                         _0156_ (net)
                      0.144600    0.000220    6.144250 v _0766_/C (sky130_fd_sc_hd__or3_1)
     3    0.012148    0.235460    0.875740    7.019990 v _0766_/X (sky130_fd_sc_hd__or3_1)
                                                         _0157_ (net)
                      0.235460    0.000256    7.020247 v _0769_/B (sky130_fd_sc_hd__xor2_1)
     2    0.007292    0.169033    0.365222    7.385468 v _0769_/X (sky130_fd_sc_hd__xor2_1)
                                                         _0160_ (net)
                      0.169033    0.000137    7.385605 v _0770_/A2 (sky130_fd_sc_hd__a21oi_1)
     2    0.007867    0.319577    0.386383    7.771988 ^ _0770_/Y (sky130_fd_sc_hd__a21oi_1)
                                                         _0161_ (net)
                      0.319577    0.000187    7.772175 ^ _0771_/A_N (sky130_fd_sc_hd__and2b_1)
     1    0.003145    0.068606    0.451347    8.223522 v _0771_/X (sky130_fd_sc_hd__and2b_1)
                                                         _0162_ (net)
                      0.068606    0.000091    8.223614 v _0773_/B1 (sky130_fd_sc_hd__a21o_1)
     2    0.007962    0.100231    0.318885    8.542500 v _0773_/X (sky130_fd_sc_hd__a21o_1)
                                                         _0164_ (net)
                      0.100231    0.000226    8.542726 v _0776_/A (sky130_fd_sc_hd__xor2_1)
     2    0.005283    0.152903    0.325259    8.867985 v _0776_/X (sky130_fd_sc_hd__xor2_1)
                                                         _0167_ (net)
                      0.152903    0.000093    8.868078 v _0785_/A (sky130_fd_sc_hd__nand2_1)
     3    0.010341    0.170498    0.203887    9.071965 ^ _0785_/Y (sky130_fd_sc_hd__nand2_1)
                                                         _0176_ (net)
                      0.170498    0.000262    9.072227 ^ _0786_/A2 (sky130_fd_sc_hd__a21oi_2)
     4    0.017388    0.162044    0.222538    9.294765 v _0786_/Y (sky130_fd_sc_hd__a21oi_2)
                                                         _0177_ (net)
                      0.162044    0.000430    9.295195 v _0789_/A2 (sky130_fd_sc_hd__a211o_1)
     4    0.013475    0.175253    0.683524    9.978719 v _0789_/X (sky130_fd_sc_hd__a211o_1)
                                                         _0180_ (net)
                      0.175253    0.000331    9.979050 v _0940_/A2 (sky130_fd_sc_hd__a31o_1)
     2    0.011751    0.140609    0.490752   10.469802 v _0940_/X (sky130_fd_sc_hd__a31o_1)
                                                         _0331_ (net)
                      0.140609    0.000256   10.470058 v _0941_/A2 (sky130_fd_sc_hd__a21oi_1)
     1    0.009841    0.380129    0.420243   10.890301 ^ _0941_/Y (sky130_fd_sc_hd__a21oi_1)
                                                         _0332_ (net)
                      0.380129    0.000251   10.890552 ^ _0942_/B (sky130_fd_sc_hd__xnor2_2)
     5    0.025853    0.276913    0.366200   11.256752 v _0942_/Y (sky130_fd_sc_hd__xnor2_2)
                                                         _0333_ (net)
                      0.276913    0.001054   11.257807 v _0947_/A2 (sky130_fd_sc_hd__a211o_1)
     2    0.005018    0.106810    0.643157   11.900963 v _0947_/X (sky130_fd_sc_hd__a211o_1)
                                                         _0338_ (net)
                      0.106810    0.000125   11.901089 v _0953_/B (sky130_fd_sc_hd__or4_2)
     2    0.014048    0.296430    1.680727   13.581815 v _0953_/X (sky130_fd_sc_hd__or4_2)
                                                         _0344_ (net)
                      0.296600    0.000511   13.582326 v _1010_/A (sky130_fd_sc_hd__nor4_1)
     2    0.006759    0.613042    0.742143   14.324470 ^ _1010_/Y (sky130_fd_sc_hd__nor4_1)
                                                         _0401_ (net)
                      0.613042    0.000217   14.324686 ^ _1011_/C (sky130_fd_sc_hd__and3_1)
     4    0.018887    0.306058    0.652928   14.977614 ^ _1011_/X (sky130_fd_sc_hd__and3_1)
                                                         _0402_ (net)
                      0.306058    0.000785   14.978399 ^ _1013_/B1 (sky130_fd_sc_hd__a21oi_1)
     2    0.011235    0.259078    0.225073   15.203473 v _1013_/Y (sky130_fd_sc_hd__a21oi_1)
                                                         _0404_ (net)
                      0.259078    0.000369   15.203842 v fanout90/A (sky130_fd_sc_hd__clkbuf_4)
    21    0.072300    0.260114    0.507356   15.711198 v fanout90/X (sky130_fd_sc_hd__clkbuf_4)
                                                         net90 (net)
                      0.260122    0.001776   15.712975 v _1101_/A2 (sky130_fd_sc_hd__a221o_1)
     2    0.005554    0.118851    0.745160   16.458136 v _1101_/X (sky130_fd_sc_hd__a221o_1)
                                                         _0475_ (net)
                      0.118851    0.000119   16.458254 v _1190_/C1 (sky130_fd_sc_hd__o2111a_1)
     1    0.009848    0.133485    0.309189   16.767443 v _1190_/X (sky130_fd_sc_hd__o2111a_1)
                                                         _0549_ (net)
                      0.133485    0.000517   16.767960 v _1192_/C1 (sky130_fd_sc_hd__a2111oi_1)
     1    0.002820    0.542286    0.583333   17.351292 ^ _1192_/Y (sky130_fd_sc_hd__a2111oi_1)
                                                         _0551_ (net)
                      0.542286    0.000080   17.351372 ^ _1198_/C (sky130_fd_sc_hd__and4_1)
     1    0.002523    0.098468    0.518854   17.870226 ^ _1198_/X (sky130_fd_sc_hd__and4_1)
                                                         _0557_ (net)
                      0.098468    0.000076   17.870302 ^ _1222_/A (sky130_fd_sc_hd__and4_2)
     3    0.028215    0.286654    0.622329   18.492632 ^ _1222_/X (sky130_fd_sc_hd__and4_2)
                                                         clk_divider.next_flag (net)
                      0.286685    0.003151   18.495783 ^ _1281_/D (sky130_fd_sc_hd__dfrtp_1)
                                             18.495783   data arrival time

                                 25.000000   25.000000   clock clk (rise edge)
                                  0.000000   25.000000   clock source latency
     2    0.029793    0.218458    0.151367   25.151365 ^ clk (in)
                                                         clk (net)
                      0.218479    0.000000   25.151365 ^ clkbuf_0_clk/A (sky130_fd_sc_hd__clkbuf_16)
     9    0.059593    0.119992    0.339407   25.490772 ^ clkbuf_0_clk/X (sky130_fd_sc_hd__clkbuf_16)
                                                         clknet_0_clk (net)
                      0.120047    0.002304   25.493076 ^ clkbuf_2_2__f_clk/A (sky130_fd_sc_hd__clkbuf_16)
    19    0.049355    0.106175    0.282999   25.776075 ^ clkbuf_2_2__f_clk/X (sky130_fd_sc_hd__clkbuf_16)
                                                         clknet_2_2__leaf_clk (net)
                      0.106202    0.001634   25.777710 ^ _1281_/CLK (sky130_fd_sc_hd__dfrtp_1)
                                 -0.250000   25.527710   clock uncertainty
                                  0.000000   25.527710   clock reconvergence pessimism
                                 -0.181247   25.346464   library setup time
                                             25.346464   data required time
---------------------------------------------------------------------------------------------
                                             25.346464   data required time
                                            -18.495783   data arrival time
---------------------------------------------------------------------------------------------
                                              6.850680   slack (MET)




===========================================================================
report_checks --slack_max -0.01
============================================================================
======================= nom_ss_100C_1v60 Corner ===================================

No paths found.


===========================================================================
 report_check_types -max_slew -max_cap -max_fanout -violators
============================================================================
======================= nom_ss_100C_1v60 Corner ===================================

max fanout

Pin                                   Limit Fanout  Slack
---------------------------------------------------------
clkbuf_2_1__f_clk/X                      10     25    -15 (VIOLATED)
_0616_/Y                                 10     21    -11 (VIOLATED)
_1005_/X                                 10     21    -11 (VIOLATED)
fanout103/X                              10     21    -11 (VIOLATED)
fanout110/X                              10     21    -11 (VIOLATED)
fanout122/X                              10     21    -11 (VIOLATED)
fanout124/X                              10     21    -11 (VIOLATED)
fanout125/X                              10     21    -11 (VIOLATED)
fanout126/X                              10     21    -11 (VIOLATED)
fanout127/X                              10     21    -11 (VIOLATED)
fanout90/X                               10     21    -11 (VIOLATED)
input11/X                                10     21    -11 (VIOLATED)
input12/X                                10     21    -11 (VIOLATED)
input15/X                                10     21    -11 (VIOLATED)
input8/X                                 10     21    -11 (VIOLATED)
clkbuf_2_2__f_clk/X                      10     19     -9 (VIOLATED)
input14/X                                10     19     -9 (VIOLATED)
input17/X                                10     19     -9 (VIOLATED)
input18/X                                10     19     -9 (VIOLATED)
clkbuf_2_3__f_clk/X                      10     17     -7 (VIOLATED)
fanout120/X                              10     17     -7 (VIOLATED)
input19/X                                10     17     -7 (VIOLATED)
_0632_/X                                 10     15     -5 (VIOLATED)



===========================================================================
report_parasitic_annotation -report_unannotated
============================================================================
Found 129 unannotated drivers.
 gpio_in[0]
 gpio_in[10]
 gpio_in[11]
 gpio_in[12]
 gpio_in[13]
 gpio_in[14]
 gpio_in[15]
 gpio_in[16]
 gpio_in[17]
 gpio_in[18]
 gpio_in[19]
 gpio_in[1]
 gpio_in[20]
 gpio_in[21]
 gpio_in[22]
 gpio_in[23]
 gpio_in[24]
 gpio_in[25]
 gpio_in[26]
 gpio_in[27]
 gpio_in[28]
 gpio_in[29]
 gpio_in[2]
 gpio_in[30]
 gpio_in[31]
 gpio_in[32]
 gpio_in[33]
 gpio_in[3]
 gpio_in[4]
 gpio_in[5]
 gpio_in[6]
 gpio_in[7]
 gpio_in[8]
 gpio_in[9]
 la_data_in[10]
 la_data_in[11]
 la_data_in[12]
 la_data_in[13]
 la_data_in[14]
 la_data_in[15]
 la_data_in[16]
 la_data_in[17]
 la_data_in[18]
 la_data_in[19]
 la_data_in[20]
 la_data_in[21]
 la_data_in[22]
 la_data_in[23]
 la_data_in[24]
 la_data_in[25]
 la_data_in[26]
 la_data_in[27]
 la_data_in[28]
 la_data_in[29]
 la_data_in[2]
 la_data_in[30]
 la_data_in[31]
 la_data_in[3]
 la_data_in[4]
 la_data_in[5]
 la_data_in[6]
 la_data_in[7]
 la_data_in[8]
 la_data_in[9]
 la_oenb[10]
 la_oenb[11]
 la_oenb[12]
 la_oenb[13]
 la_oenb[14]
 la_oenb[15]
 la_oenb[16]
 la_oenb[17]
 la_oenb[18]
 la_oenb[19]
 la_oenb[20]
 la_oenb[21]
 la_oenb[22]
 la_oenb[23]
 la_oenb[24]
 la_oenb[25]
 la_oenb[26]
 la_oenb[27]
 la_oenb[28]
 la_oenb[29]
 la_oenb[2]
 la_oenb[30]
 la_oenb[31]
 la_oenb[3]
 la_oenb[4]
 la_oenb[5]
 la_oenb[6]
 la_oenb[7]
 la_oenb[8]
 la_oenb[9]
 clkload0/Y
 clkload1/Y
 clkload2/Y
 team_00_128/HI
 team_00_129/HI
 team_00_130/HI
 team_00_131/HI
 team_00_132/HI
 team_00_133/HI
 team_00_134/HI
 team_00_135/HI
 team_00_136/HI
 team_00_137/HI
 team_00_138/HI
 team_00_139/HI
 team_00_140/HI
 team_00_141/HI
 team_00_142/HI
 team_00_143/HI
 team_00_144/HI
 team_00_145/HI
 team_00_146/HI
 team_00_147/HI
 team_00_148/HI
 team_00_149/HI
 team_00_150/HI
 team_00_151/HI
 team_00_152/HI
 team_00_153/HI
 team_00_154/HI
 team_00_155/HI
 team_00_156/HI
 team_00_157/HI
 team_00_158/HI
 team_00_159/HI
Found 0 partially unannotated drivers.

===========================================================================
max slew violation count 0
max fanout violation count 23
max cap violation count 0
============================================================================

===========================================================================
check_setup -verbose -unconstrained_endpoints -multiple_clock -no_clock -no_input_delay -loops -generated_clocks
===========================================================================
Warning: There are 32 unconstrained endpoints.
  la_data_out[0]
  la_data_out[10]
  la_data_out[11]
  la_data_out[12]
  la_data_out[13]
  la_data_out[14]
  la_data_out[15]
  la_data_out[16]
  la_data_out[17]
  la_data_out[18]
  la_data_out[19]
  la_data_out[1]
  la_data_out[20]
  la_data_out[21]
  la_data_out[22]
  la_data_out[23]
  la_data_out[24]
  la_data_out[25]
  la_data_out[26]
  la_data_out[27]
  la_data_out[28]
  la_data_out[29]
  la_data_out[2]
  la_data_out[30]
  la_data_out[31]
  la_data_out[3]
  la_data_out[4]
  la_data_out[5]
  la_data_out[6]
  la_data_out[7]
  la_data_out[8]
  la_data_out[9]
