Clock: clk
Sources: clk 
Generated: no
Virtual: yes
Propagated: no
Period: 25.000000

===========================================================================
report_clock_properties
============================================================================
Clock                   Period          Waveform
----------------------------------------------------
clk                  25.000000    0.000000 12.500000

===========================================================================
report_clock_latency
============================================================================
Clock clk
rise -> rise
    min     max
0.000000 0.000000 source latency
0.677749         network latency _1478_/CLK
        0.709875 network latency _1451_/CLK
---------------
0.677749 0.709875 latency
        0.032126 skew

fall -> fall
    min     max
0.000000 0.000000 source latency
0.639194         network latency _1478_/CLK
        0.665245 network latency _1451_/CLK
---------------
0.639194 0.665245 latency
        0.026050 skew



===========================================================================
report_clock_min_period
============================================================================
clk period_min = 15.32 fmax = 65.26
