Clock: clk
Sources: clk 
Generated: no
Virtual: yes
Propagated: no
Period: 25.000000

===========================================================================
report_clock_properties
============================================================================
Clock                   Period          Waveform
----------------------------------------------------
clk                  25.000000    0.000000 12.500000

===========================================================================
report_clock_latency
============================================================================
Clock clk
rise -> rise
    min     max
0.000000 0.000000 source latency
1.113586         network latency _2862_/CLK
        1.160005 network latency _2478_/CLK
---------------
1.113586 1.160005 latency
        0.046419 skew

fall -> fall
    min     max
0.000000 0.000000 source latency
1.031636         network latency _2862_/CLK
        1.065512 network latency _2478_/CLK
---------------
1.031636 1.065512 latency
        0.033876 skew



===========================================================================
report_clock_min_period
============================================================================
clk period_min = 10.20 fmax = 98.02
