
===========================================================================
report_checks -unconstrained
===========================================================================
======================= max_tt_025C_1v80 Corner ===================================

Startpoint: en (input port clocked by clk)
Endpoint: _0964_ (recovery check against rising-edge clock clk)
Path Group: asynchronous
Path Type: max

Fanout         Cap        Slew       Delay        Time   Description
---------------------------------------------------------------------------------------------
                                  0.000000    0.000000   clock clk (rise edge)
                                  0.000000    0.000000   clock network delay (propagated)
                                  5.000000    5.000000 ^ input external delay
     2    0.004296    0.026230    0.015592    5.015592 ^ en (in)
                                                         en (net)
                      0.026231    0.000000    5.015592 ^ input1/A (sky130_fd_sc_hd__clkbuf_1)
     1    0.002045    0.035945    0.067812    5.083405 ^ input1/X (sky130_fd_sc_hd__clkbuf_1)
                                                         net1 (net)
                      0.035945    0.000094    5.083498 ^ _0749_/B (sky130_fd_sc_hd__and2_1)
     1    0.003817    0.054559    0.119301    5.202799 ^ _0749_/X (sky130_fd_sc_hd__and2_1)
                                                         MATMULT_INST.cntrl.n_rst (net)
                      0.054560    0.000277    5.203076 ^ fanout37/A (sky130_fd_sc_hd__buf_2)
    17    0.055063    0.268539    0.265529    5.468605 ^ fanout37/X (sky130_fd_sc_hd__buf_2)
                                                         net37 (net)
                      0.268643    0.004412    5.473018 ^ fanout30/A (sky130_fd_sc_hd__clkbuf_4)
    21    0.074618    0.226208    0.336904    5.809922 ^ fanout30/X (sky130_fd_sc_hd__clkbuf_4)
                                                         net30 (net)
                      0.226287    0.003577    5.813498 ^ fanout28/A (sky130_fd_sc_hd__clkbuf_4)
    10    0.048180    0.151619    0.276289    6.089787 ^ fanout28/X (sky130_fd_sc_hd__clkbuf_4)
                                                         net28 (net)
                      0.151696    0.003145    6.092933 ^ _0964_/SET_B (sky130_fd_sc_hd__dfstp_1)
                                              6.092933   data arrival time

                                 25.000000   25.000000   clock clk (rise edge)
                                  0.000000   25.000000   clock source latency
     2    0.018194    0.087443    0.060611   25.060610 ^ clk (in)
                                                         clk (net)
                      0.087487    0.000000   25.060610 ^ clkbuf_0_clk/A (sky130_fd_sc_hd__clkbuf_16)
    17    0.112789    0.126581    0.207491   25.268101 ^ clkbuf_0_clk/X (sky130_fd_sc_hd__clkbuf_16)
                                                         clknet_0_clk (net)
                      0.127178    0.006949   25.275051 ^ clkbuf_3_2__f_clk/A (sky130_fd_sc_hd__clkbuf_16)
    13    0.050595    0.069612    0.178316   25.453367 ^ clkbuf_3_2__f_clk/X (sky130_fd_sc_hd__clkbuf_16)
                                                         clknet_3_2__leaf_clk (net)
                      0.069818    0.002530   25.455896 ^ _0964_/CLK (sky130_fd_sc_hd__dfstp_1)
                                 -0.250000   25.205896   clock uncertainty
                                  0.000000   25.205896   clock reconvergence pessimism
                                  0.134146   25.340044   library recovery time
                                             25.340044   data required time
---------------------------------------------------------------------------------------------
                                             25.340044   data required time
                                             -6.092933   data arrival time
---------------------------------------------------------------------------------------------
                                             19.247110   slack (MET)


Startpoint: _1022_ (rising edge-triggered flip-flop clocked by clk)
Endpoint: gpio_out[17] (output port clocked by clk)
Path Group: clk
Path Type: max

Fanout         Cap        Slew       Delay        Time   Description
---------------------------------------------------------------------------------------------
                                  0.000000    0.000000   clock clk (rise edge)
                                  0.000000    0.000000   clock source latency
     2    0.018194    0.087443    0.060612    0.060612 ^ clk (in)
                                                         clk (net)
                      0.087487    0.000000    0.060612 ^ clkbuf_0_clk/A (sky130_fd_sc_hd__clkbuf_16)
    17    0.112789    0.126581    0.207490    0.268102 ^ clkbuf_0_clk/X (sky130_fd_sc_hd__clkbuf_16)
                                                         clknet_0_clk (net)
                      0.127162    0.006860    0.274962 ^ clkbuf_3_4__f_clk/A (sky130_fd_sc_hd__clkbuf_16)
    15    0.051117    0.070086    0.178731    0.453693 ^ clkbuf_3_4__f_clk/X (sky130_fd_sc_hd__clkbuf_16)
                                                         clknet_3_4__leaf_clk (net)
                      0.070480    0.003801    0.457494 ^ _1022_/CLK (sky130_fd_sc_hd__dfstp_1)
     4    0.010269    0.058562    0.386842    0.844335 v _1022_/Q (sky130_fd_sc_hd__dfstp_1)
                                                         MATMULT_INST.prod_adder.gen_for_loop[1].adder_n.b (net)
                      0.058562    0.000557    0.844893 v _0698_/A1 (sky130_fd_sc_hd__o211a_1)
     3    0.009323    0.067212    0.256416    1.101308 v _0698_/X (sky130_fd_sc_hd__o211a_1)
                                                         _0272_ (net)
                      0.067212    0.000282    1.101590 v _0701_/A3 (sky130_fd_sc_hd__o31a_1)
     2    0.005688    0.060095    0.256237    1.357827 v _0701_/X (sky130_fd_sc_hd__o31a_1)
                                                         _0275_ (net)
                      0.060095    0.000290    1.358117 v _0703_/C (sky130_fd_sc_hd__or3_1)
     2    0.005312    0.078727    0.326084    1.684201 v _0703_/X (sky130_fd_sc_hd__or3_1)
                                                         _0277_ (net)
                      0.078727    0.000228    1.684430 v _0704_/B1_N (sky130_fd_sc_hd__a21bo_1)
     3    0.009160    0.085706    0.221108    1.905538 ^ _0704_/X (sky130_fd_sc_hd__a21bo_1)
                                                         _0278_ (net)
                      0.085707    0.000517    1.906055 ^ _0705_/A2 (sky130_fd_sc_hd__a21boi_1)
     2    0.007887    0.072098    0.095312    2.001367 v _0705_/Y (sky130_fd_sc_hd__a21boi_1)
                                                         _0279_ (net)
                      0.072099    0.000405    2.001772 v _0706_/A2 (sky130_fd_sc_hd__o21ai_1)
     3    0.011727    0.251231    0.237772    2.239545 ^ _0706_/Y (sky130_fd_sc_hd__o21ai_1)
                                                         _0280_ (net)
                      0.251232    0.000580    2.240125 ^ _0708_/A2 (sky130_fd_sc_hd__o21ba_1)
     1    0.005568    0.068942    0.169448    2.409573 ^ _0708_/X (sky130_fd_sc_hd__o21ba_1)
                                                         _0282_ (net)
                      0.068943    0.000429    2.410002 ^ _0711_/A (sky130_fd_sc_hd__xnor2_1)
     1    0.002690    0.047238    0.069338    2.479340 v _0711_/Y (sky130_fd_sc_hd__xnor2_1)
                                                         _0285_ (net)
                      0.047238    0.000195    2.479535 v _0719_/A2 (sky130_fd_sc_hd__o221a_1)
     1    0.003288    0.048280    0.238632    2.718167 v _0719_/X (sky130_fd_sc_hd__o221a_1)
                                                         _0293_ (net)
                      0.048280    0.000216    2.718383 v _0748_/A2 (sky130_fd_sc_hd__o21ai_1)
     1    0.005531    0.143638    0.147889    2.866272 ^ _0748_/Y (sky130_fd_sc_hd__o21ai_1)
                                                         MATMULT_INST.serial_out (net)
                      0.143638    0.000391    2.866663 ^ _1109_/A (sky130_fd_sc_hd__clkbuf_1)
     1    0.002240    0.039256    0.099918    2.966581 ^ _1109_/X (sky130_fd_sc_hd__clkbuf_1)
                                                         net20 (net)
                      0.039256    0.000152    2.966733 ^ output20/A (sky130_fd_sc_hd__buf_2)
     1    0.034377    0.170854    0.195477    3.162210 ^ output20/X (sky130_fd_sc_hd__buf_2)
                                                         gpio_out[17] (net)
                      0.170876    0.001595    3.163805 ^ gpio_out[17] (out)
                                              3.163805   data arrival time

                                 25.000000   25.000000   clock clk (rise edge)
                                  0.000000   25.000000   clock network delay (propagated)
                                 -0.250000   24.750000   clock uncertainty
                                  0.000000   24.750000   clock reconvergence pessimism
                                 -5.000000   19.750000   output external delay
                                             19.750000   data required time
---------------------------------------------------------------------------------------------
                                             19.750000   data required time
                                             -3.163805   data arrival time
---------------------------------------------------------------------------------------------
                                             16.586195   slack (MET)




===========================================================================
report_checks --slack_max -0.01
============================================================================
======================= max_tt_025C_1v80 Corner ===================================

No paths found.


===========================================================================
 report_check_types -max_slew -max_cap -max_fanout -violators
============================================================================
======================= max_tt_025C_1v80 Corner ===================================

max fanout

Pin                                   Limit Fanout  Slack
---------------------------------------------------------
_0485_/Y                                 10     21    -11 (VIOLATED)
_0927_/X                                 10     21    -11 (VIOLATED)
fanout24/X                               10     21    -11 (VIOLATED)
fanout30/X                               10     21    -11 (VIOLATED)
_0481_/Y                                 10     19     -9 (VIOLATED)
clkbuf_3_7__f_clk/X                      10     18     -8 (VIOLATED)
clkbuf_0_clk/X                           10     17     -7 (VIOLATED)
fanout37/X                               10     17     -7 (VIOLATED)
clkbuf_3_1__f_clk/X                      10     16     -6 (VIOLATED)
clkbuf_3_4__f_clk/X                      10     15     -5 (VIOLATED)
clkbuf_3_6__f_clk/X                      10     15     -5 (VIOLATED)
clkbuf_3_2__f_clk/X                      10     13     -3 (VIOLATED)
clkbuf_3_0__f_clk/X                      10     12     -2 (VIOLATED)
clkbuf_3_3__f_clk/X                      10     11        (VIOLATED)



===========================================================================
report_parasitic_annotation -report_unannotated
============================================================================
Found 91 unannotated drivers.
 gpio_in[16]
 gpio_in[17]
 gpio_in[18]
 gpio_in[19]
 gpio_in[20]
 gpio_in[21]
 gpio_in[22]
 gpio_in[23]
 gpio_in[24]
 gpio_in[25]
 gpio_in[26]
 gpio_in[27]
 gpio_in[28]
 gpio_in[29]
 gpio_in[30]
 gpio_in[31]
 gpio_in[32]
 gpio_in[33]
 clkload0/Y
 clkload1/Y
 clkload2/Y
 clkload3/Y
 clkload4/Y
 clkload5/Y
 clkload6/Y
 team_07_100/LO
 team_07_101/LO
 team_07_102/LO
 team_07_103/LO
 team_07_38/HI
 team_07_39/HI
 team_07_40/HI
 team_07_41/HI
 team_07_42/HI
 team_07_43/HI
 team_07_44/HI
 team_07_45/HI
 team_07_46/HI
 team_07_47/HI
 team_07_48/HI
 team_07_49/HI
 team_07_50/HI
 team_07_51/HI
 team_07_52/HI
 team_07_53/HI
 team_07_54/HI
 team_07_55/HI
 team_07_56/HI
 team_07_57/HI
 team_07_58/HI
 team_07_59/HI
 team_07_60/HI
 team_07_61/HI
 team_07_62/HI
 team_07_63/HI
 team_07_64/HI
 team_07_65/HI
 team_07_66/HI
 team_07_67/HI
 team_07_68/HI
 team_07_69/HI
 team_07_70/HI
 team_07_71/HI
 team_07_72/HI
 team_07_73/LO
 team_07_74/LO
 team_07_75/LO
 team_07_76/LO
 team_07_77/LO
 team_07_78/LO
 team_07_79/LO
 team_07_80/LO
 team_07_81/LO
 team_07_82/LO
 team_07_83/LO
 team_07_84/LO
 team_07_85/LO
 team_07_86/LO
 team_07_87/LO
 team_07_88/LO
 team_07_89/LO
 team_07_90/LO
 team_07_91/LO
 team_07_92/LO
 team_07_93/LO
 team_07_94/LO
 team_07_95/LO
 team_07_96/LO
 team_07_97/LO
 team_07_98/LO
 team_07_99/LO
Found 0 partially unannotated drivers.

===========================================================================
max slew violation count 0
max fanout violation count 14
max cap violation count 0
============================================================================

===========================================================================
check_setup -verbose -unconstrained_endpoints -multiple_clock -no_clock -no_input_delay -loops -generated_clocks
===========================================================================
Warning: There are 66 unconstrained endpoints.
  gpio_oeb[0]
  gpio_oeb[10]
  gpio_oeb[11]
  gpio_oeb[12]
  gpio_oeb[13]
  gpio_oeb[14]
  gpio_oeb[15]
  gpio_oeb[16]
  gpio_oeb[17]
  gpio_oeb[18]
  gpio_oeb[19]
  gpio_oeb[1]
  gpio_oeb[20]
  gpio_oeb[21]
  gpio_oeb[22]
  gpio_oeb[23]
  gpio_oeb[24]
  gpio_oeb[25]
  gpio_oeb[26]
  gpio_oeb[27]
  gpio_oeb[28]
  gpio_oeb[29]
  gpio_oeb[2]
  gpio_oeb[30]
  gpio_oeb[31]
  gpio_oeb[32]
  gpio_oeb[33]
  gpio_oeb[3]
  gpio_oeb[4]
  gpio_oeb[5]
  gpio_oeb[6]
  gpio_oeb[7]
  gpio_oeb[8]
  gpio_oeb[9]
  gpio_out[0]
  gpio_out[10]
  gpio_out[11]
  gpio_out[12]
  gpio_out[13]
  gpio_out[14]
  gpio_out[15]
  gpio_out[18]
  gpio_out[19]
  gpio_out[1]
  gpio_out[20]
  gpio_out[21]
  gpio_out[22]
  gpio_out[23]
  gpio_out[24]
  gpio_out[25]
  gpio_out[26]
  gpio_out[27]
  gpio_out[28]
  gpio_out[29]
  gpio_out[2]
  gpio_out[30]
  gpio_out[31]
  gpio_out[32]
  gpio_out[33]
  gpio_out[3]
  gpio_out[4]
  gpio_out[5]
  gpio_out[6]
  gpio_out[7]
  gpio_out[8]
  gpio_out[9]
