Clock: clk
Sources: clk 
Generated: no
Virtual: yes
Propagated: no
Period: 25.000000

===========================================================================
report_clock_properties
============================================================================
Clock                   Period          Waveform
----------------------------------------------------
clk                  25.000000    0.000000 12.500000

===========================================================================
report_clock_latency
============================================================================
Clock clk
rise -> rise
    min     max
0.000000 0.000000 source latency
0.451128         network latency _1037_/CLK
        0.460995 network latency _1029_/CLK
---------------
0.451128 0.460995 latency
        0.009867 skew

fall -> fall
    min     max
0.000000 0.000000 source latency
0.404787         network latency _1037_/CLK
        0.412833 network latency _1029_/CLK
---------------
0.404787 0.412833 latency
        0.008046 skew



===========================================================================
report_clock_min_period
============================================================================
clk period_min = 4.23 fmax = 236.39
