Clock: clk
Sources: clk 
Generated: no
Virtual: yes
Propagated: no
Period: 25.000000

===========================================================================
report_clock_properties
============================================================================
Clock                   Period          Waveform
----------------------------------------------------
clk                  25.000000    0.000000 12.500000

===========================================================================
report_clock_latency
============================================================================
Clock clk
rise -> rise
    min     max
0.000000 0.000000 source latency
0.481706         network latency _0928_/CLK
        0.494768 network latency _0925_/CLK
---------------
0.481706 0.494768 latency
        0.013062 skew

fall -> fall
    min     max
0.000000 0.000000 source latency
0.414808         network latency _1031_/CLK
        0.425114 network latency _1015_/CLK
---------------
0.414808 0.425114 latency
        0.010306 skew



===========================================================================
report_clock_min_period
============================================================================
clk period_min = 4.71 fmax = 212.26
