Clock: clk
Sources: clk 
Generated: no
Virtual: yes
Propagated: no
Period: 25.000000

===========================================================================
report_clock_properties
============================================================================
Clock                   Period          Waveform
----------------------------------------------------
clk                  25.000000    0.000000 12.500000

===========================================================================
report_clock_latency
============================================================================
Clock clk
rise -> rise
    min     max
0.000000 0.000000 source latency
0.518377         network latency _3335_/CLK
        6.394712 network latency _3365_/CLK
---------------
0.518377 6.394712 latency
        5.876335 skew

rise -> fall
    min     max
0.000000 0.000000 source latency
5.558287         network latency _3464_/CLK
        6.531753 network latency _3365_/CLK
---------------
5.558287 6.531753 latency
        0.973466 skew

fall -> fall
    min     max
0.000000 0.000000 source latency
0.445840         network latency _3335_/CLK
        0.462540 network latency _3418_/CLK
---------------
0.445840 0.462540 latency
        0.016700 skew



===========================================================================
report_clock_min_period
============================================================================
clk period_min = 4.27 fmax = 234.25
