
===========================================================================
report_checks -unconstrained
===========================================================================
======================= nom_ff_n40C_1v95 Corner ===================================

Startpoint: nrst (input port clocked by clk)
Endpoint: _1643_ (recovery check against rising-edge clock clk)
Path Group: asynchronous
Path Type: max

Fanout         Cap        Slew       Delay        Time   Description
---------------------------------------------------------------------------------------------
                                  0.000000    0.000000   clock clk (rise edge)
                                  0.000000    0.000000   clock network delay (propagated)
                                  5.000000    5.000000 ^ input external delay
     2    0.003869    0.017755    0.010040    5.010040 ^ nrst (in)
                                                         nrst (net)
                      0.017755    0.000000    5.010040 ^ input6/A (sky130_fd_sc_hd__clkbuf_1)
     1    0.005250    0.052511    0.063179    5.073219 ^ input6/X (sky130_fd_sc_hd__clkbuf_1)
                                                         net6 (net)
                      0.052512    0.000183    5.073401 ^ _0853_/A (sky130_fd_sc_hd__and2_1)
     1    0.002323    0.029631    0.071445    5.144846 ^ _0853_/X (sky130_fd_sc_hd__and2_1)
                                                         STOPWATCH_INST.clock_div.n_rst (net)
                      0.029631    0.000066    5.144913 ^ fanout59/A (sky130_fd_sc_hd__buf_2)
    15    0.051518    0.189672    0.178777    5.323690 ^ fanout59/X (sky130_fd_sc_hd__buf_2)
                                                         net59 (net)
                      0.189688    0.001427    5.325118 ^ fanout55/A (sky130_fd_sc_hd__clkbuf_2)
     5    0.027581    0.118907    0.155671    5.480789 ^ fanout55/X (sky130_fd_sc_hd__clkbuf_2)
                                                         net55 (net)
                      0.118910    0.000785    5.481574 ^ fanout54/A (sky130_fd_sc_hd__clkbuf_4)
    10    0.049695    0.117235    0.173320    5.654894 ^ fanout54/X (sky130_fd_sc_hd__clkbuf_4)
                                                         net54 (net)
                      0.117347    0.002323    5.657217 ^ _1643_/RESET_B (sky130_fd_sc_hd__dfrtp_4)
                                              5.657217   data arrival time

                                 25.000000   25.000000   clock clk (rise edge)
                                  0.000000   25.000000   clock source latency
     2    0.023759    0.083941    0.058376   25.058376 ^ clk (in)
                                                         clk (net)
                      0.083999    0.000000   25.058376 ^ clkbuf_0_clk/A (sky130_fd_sc_hd__clkbuf_16)
    17    0.100837    0.089825    0.143809   25.202185 ^ clkbuf_0_clk/X (sky130_fd_sc_hd__clkbuf_16)
                                                         clknet_0_clk (net)
                      0.089999    0.002773   25.204958 ^ clkbuf_3_3__f_clk/A (sky130_fd_sc_hd__clkbuf_16)
    10    0.035478    0.042415    0.110525   25.315481 ^ clkbuf_3_3__f_clk/X (sky130_fd_sc_hd__clkbuf_16)
                                                         clknet_3_3__leaf_clk (net)
                      0.042452    0.001148   25.316629 ^ _1643_/CLK (sky130_fd_sc_hd__dfrtp_4)
                                 -0.250000   25.066631   clock uncertainty
                                  0.000000   25.066631   clock reconvergence pessimism
                                  0.105709   25.172340   library recovery time
                                             25.172340   data required time
---------------------------------------------------------------------------------------------
                                             25.172340   data required time
                                             -5.657217   data arrival time
---------------------------------------------------------------------------------------------
                                             19.515123   slack (MET)


Startpoint: _1641_ (rising edge-triggered flip-flop clocked by clk)
Endpoint: _1630_ (rising edge-triggered flip-flop clocked by clk)
Path Group: clk
Path Type: max

Fanout         Cap        Slew       Delay        Time   Description
---------------------------------------------------------------------------------------------
                                  0.000000    0.000000   clock clk (rise edge)
                                  0.000000    0.000000   clock source latency
     2    0.023759    0.083941    0.058376    0.058376 ^ clk (in)
                                                         clk (net)
                      0.083999    0.000000    0.058376 ^ clkbuf_0_clk/A (sky130_fd_sc_hd__clkbuf_16)
    17    0.100837    0.089825    0.143810    0.202185 ^ clkbuf_0_clk/X (sky130_fd_sc_hd__clkbuf_16)
                                                         clknet_0_clk (net)
                      0.089999    0.002773    0.204959 ^ clkbuf_3_3__f_clk/A (sky130_fd_sc_hd__clkbuf_16)
    10    0.035478    0.042415    0.110525    0.315483 ^ clkbuf_3_3__f_clk/X (sky130_fd_sc_hd__clkbuf_16)
                                                         clknet_3_3__leaf_clk (net)
                      0.042434    0.000875    0.316359 ^ _1641_/CLK (sky130_fd_sc_hd__dfrtp_1)
     3    0.010669    0.052168    0.253587    0.569946 v _1641_/Q (sky130_fd_sc_hd__dfrtp_1)
                                                         STOPWATCH_INST.clock_div.cycles[25] (net)
                      0.052169    0.000293    0.570239 v fanout42/A (sky130_fd_sc_hd__buf_6)
     5    0.018071    0.023729    0.089809    0.660048 v fanout42/X (sky130_fd_sc_hd__buf_6)
                                                         net42 (net)
                      0.023748    0.000601    0.660649 v _0941_/A (sky130_fd_sc_hd__or3_4)
     1    0.003079    0.043360    0.221393    0.882042 v _0941_/X (sky130_fd_sc_hd__or3_4)
                                                         _0180_ (net)
                      0.043360    0.000067    0.882109 v _0973_/A (sky130_fd_sc_hd__or4_4)
     2    0.013793    0.069707    0.338660    1.220769 v _0973_/X (sky130_fd_sc_hd__or4_4)
                                                         _0205_ (net)
                      0.069707    0.000315    1.221084 v _0975_/B1 (sky130_fd_sc_hd__a21o_4)
     5    0.028109    0.045268    0.122770    1.343854 v _0975_/X (sky130_fd_sc_hd__a21o_4)
                                                         _0207_ (net)
                      0.045282    0.000736    1.344590 v _0981_/A2 (sky130_fd_sc_hd__a21oi_1)
     1    0.008831    0.157527    0.159785    1.504375 ^ _0981_/Y (sky130_fd_sc_hd__a21oi_1)
                                                         _0213_ (net)
                      0.157528    0.000266    1.504641 ^ _0982_/B (sky130_fd_sc_hd__xnor2_2)
     3    0.015729    0.065138    0.071928    1.576569 v _0982_/Y (sky130_fd_sc_hd__xnor2_2)
                                                         _0214_ (net)
                      0.065164    0.000347    1.576916 v _0992_/A (sky130_fd_sc_hd__or4_4)
     2    0.005633    0.059798    0.328955    1.905870 v _0992_/X (sky130_fd_sc_hd__or4_4)
                                                         _0224_ (net)
                      0.059798    0.000117    1.905988 v _1002_/A1 (sky130_fd_sc_hd__a41o_1)
     1    0.002314    0.027717    0.117370    2.023358 v _1002_/X (sky130_fd_sc_hd__a41o_1)
                                                         _0234_ (net)
                      0.027717    0.000044    2.023401 v _1020_/A2 (sky130_fd_sc_hd__a21o_1)
     3    0.011688    0.048988    0.136780    2.160182 v _1020_/X (sky130_fd_sc_hd__a21o_1)
                                                         _0252_ (net)
                      0.048990    0.000377    2.160558 v clone15/A (sky130_fd_sc_hd__clkbuf_1)
     5    0.018806    0.076885    0.111919    2.272477 v clone15/X (sky130_fd_sc_hd__clkbuf_1)
                                                         net133 (net)
                      0.076885    0.000247    2.272725 v _1037_/A1 (sky130_fd_sc_hd__a21o_1)
     1    0.008840    0.042028    0.130956    2.403681 v _1037_/X (sky130_fd_sc_hd__a21o_1)
                                                         _0269_ (net)
                      0.042029    0.000281    2.403962 v _1038_/B (sky130_fd_sc_hd__xnor2_2)
     4    0.015812    0.181514    0.158759    2.562721 ^ _1038_/Y (sky130_fd_sc_hd__xnor2_2)
                                                         _0270_ (net)
                      0.181514    0.000341    2.563062 ^ _1049_/B (sky130_fd_sc_hd__nand3_1)
     1    0.002746    0.057428    0.048761    2.611823 v _1049_/Y (sky130_fd_sc_hd__nand3_1)
                                                         _0281_ (net)
                      0.057428    0.000058    2.611881 v _1061_/A (sky130_fd_sc_hd__or4bb_4)
     2    0.006818    0.061670    0.331234    2.943115 v _1061_/X (sky130_fd_sc_hd__or4bb_4)
                                                         _0293_ (net)
                      0.061670    0.000181    2.943296 v _1071_/A3 (sky130_fd_sc_hd__a311o_1)
     2    0.006606    0.052778    0.240787    3.184083 v _1071_/X (sky130_fd_sc_hd__a311o_1)
                                                         _0303_ (net)
                      0.052778    0.000149    3.184232 v _1080_/A2 (sky130_fd_sc_hd__a21o_1)
     3    0.015425    0.059433    0.155366    3.339597 v _1080_/X (sky130_fd_sc_hd__a21o_1)
                                                         _0312_ (net)
                      0.059435    0.000423    3.340020 v fanout30/A (sky130_fd_sc_hd__buf_6)
     5    0.020628    0.025529    0.094899    3.434920 v fanout30/X (sky130_fd_sc_hd__buf_6)
                                                         net30 (net)
                      0.025553    0.000708    3.435628 v _1093_/A2 (sky130_fd_sc_hd__a221o_1)
     1    0.008506    0.052696    0.196713    3.632341 v _1093_/X (sky130_fd_sc_hd__a221o_1)
                                                         _0325_ (net)
                      0.052697    0.000248    3.632589 v _1094_/A (sky130_fd_sc_hd__xnor2_2)
     4    0.015757    0.181134    0.180655    3.813244 ^ _1094_/Y (sky130_fd_sc_hd__xnor2_2)
                                                         _0326_ (net)
                      0.181137    0.000536    3.813781 ^ _1095_/A (sky130_fd_sc_hd__or2_4)
     2    0.005710    0.030151    0.098700    3.912481 ^ _1095_/X (sky130_fd_sc_hd__or2_4)
                                                         _0327_ (net)
                      0.030151    0.000121    3.912601 ^ rebuffer19/A (sky130_fd_sc_hd__dlymetal6s4s_1)
     1    0.003577    0.050180    0.119400    4.032001 ^ rebuffer19/X (sky130_fd_sc_hd__dlymetal6s4s_1)
                                                         net137 (net)
                      0.050180    0.000105    4.032107 ^ _1110_/A2 (sky130_fd_sc_hd__o221a_1)
     2    0.006601    0.061762    0.114410    4.146517 ^ _1110_/X (sky130_fd_sc_hd__o221a_1)
                                                         _0342_ (net)
                      0.061762    0.000160    4.146677 ^ _1130_/A2 (sky130_fd_sc_hd__a21o_1)
     3    0.012490    0.086592    0.115239    4.261916 ^ _1130_/X (sky130_fd_sc_hd__a21o_1)
                                                         _0362_ (net)
                      0.086622    0.000401    4.262317 ^ rebuffer2/A (sky130_fd_sc_hd__clkbuf_2)
     2    0.015993    0.071675    0.109806    4.372123 ^ rebuffer2/X (sky130_fd_sc_hd__clkbuf_2)
                                                         net120 (net)
                      0.071677    0.000474    4.372598 ^ _1132_/A (sky130_fd_sc_hd__nand3_4)
     5    0.023602    0.081126    0.065727    4.438325 v _1132_/Y (sky130_fd_sc_hd__nand3_4)
                                                         _0364_ (net)
                      0.081129    0.000559    4.438884 v _1151_/C (sky130_fd_sc_hd__and3_1)
     3    0.014557    0.060683    0.167453    4.606337 v _1151_/X (sky130_fd_sc_hd__and3_1)
                                                         _0383_ (net)
                      0.060683    0.000293    4.606630 v _1156_/B (sky130_fd_sc_hd__or4b_4)
     2    0.010155    0.065442    0.324705    4.931334 v _1156_/X (sky130_fd_sc_hd__or4b_4)
                                                         _0388_ (net)
                      0.065442    0.000347    4.931682 v _1164_/A3 (sky130_fd_sc_hd__a31o_4)
     4    0.017866    0.040206    0.181651    5.113333 v _1164_/X (sky130_fd_sc_hd__a31o_4)
                                                         _0396_ (net)
                      0.040206    0.000537    5.113870 v _1170_/A2 (sky130_fd_sc_hd__a21o_1)
     5    0.014660    0.057269    0.148808    5.262678 v _1170_/X (sky130_fd_sc_hd__a21o_1)
                                                         _0402_ (net)
                      0.057272    0.000477    5.263155 v _1185_/A2 (sky130_fd_sc_hd__a211o_4)
     4    0.016447    0.048815    0.231092    5.494247 v _1185_/X (sky130_fd_sc_hd__a211o_4)
                                                         _0417_ (net)
                      0.048817    0.000375    5.494623 v _1189_/A2 (sky130_fd_sc_hd__o21bai_4)
     3    0.015331    0.112215    0.109813    5.604436 ^ _1189_/Y (sky130_fd_sc_hd__o21bai_4)
                                                         _0421_ (net)
                      0.112216    0.000487    5.604923 ^ fanout28/A (sky130_fd_sc_hd__buf_6)
     5    0.028817    0.050456    0.094379    5.699302 ^ fanout28/X (sky130_fd_sc_hd__buf_6)
                                                         net28 (net)
                      0.050462    0.000570    5.699872 ^ _1209_/A1 (sky130_fd_sc_hd__a21oi_4)
     2    0.005873    0.038379    0.030469    5.730341 v _1209_/Y (sky130_fd_sc_hd__a21oi_4)
                                                         _0441_ (net)
                      0.038379    0.000125    5.730466 v _1215_/C (sky130_fd_sc_hd__or4_4)
     4    0.016094    0.072357    0.307414    6.037880 v _1215_/X (sky130_fd_sc_hd__or4_4)
                                                         _0447_ (net)
                      0.072358    0.000585    6.038465 v _1219_/A1 (sky130_fd_sc_hd__a21o_1)
     1    0.002448    0.022837    0.108481    6.146946 v _1219_/X (sky130_fd_sc_hd__a21o_1)
                                                         _0451_ (net)
                      0.022837    0.000071    6.147018 v _1237_/C (sky130_fd_sc_hd__and3_1)
     3    0.014055    0.059000    0.142913    6.289930 v _1237_/X (sky130_fd_sc_hd__and3_1)
                                                         _0469_ (net)
                      0.059001    0.000336    6.290267 v _1243_/A2 (sky130_fd_sc_hd__o31ai_4)
     5    0.017468    0.210752    0.219459    6.509726 ^ _1243_/Y (sky130_fd_sc_hd__o31ai_4)
                                                         _0475_ (net)
                      0.210753    0.000482    6.510207 ^ clone12/A (sky130_fd_sc_hd__clkbuf_1)
     5    0.020496    0.181810    0.163930    6.674138 ^ clone12/X (sky130_fd_sc_hd__clkbuf_1)
                                                         net130 (net)
                      0.181812    0.000505    6.674643 ^ _1258_/A1 (sky130_fd_sc_hd__a21oi_1)
     3    0.009221    0.075584    0.077097    6.751739 v _1258_/Y (sky130_fd_sc_hd__a21oi_1)
                                                         _0490_ (net)
                      0.075584    0.000227    6.751966 v _1265_/B (sky130_fd_sc_hd__or3_1)
     3    0.007073    0.058918    0.228809    6.980776 v _1265_/X (sky130_fd_sc_hd__or3_1)
                                                         _0497_ (net)
                      0.058918    0.000128    6.980904 v _1268_/A3 (sky130_fd_sc_hd__a31o_1)
     3    0.012228    0.054750    0.176695    7.157598 v _1268_/X (sky130_fd_sc_hd__a31o_1)
                                                         _0500_ (net)
                      0.054751    0.000342    7.157941 v _1272_/A1 (sky130_fd_sc_hd__a21o_1)
     3    0.010487    0.045979    0.127846    7.285787 v _1272_/X (sky130_fd_sc_hd__a21o_1)
                                                         _0504_ (net)
                      0.045980    0.000282    7.286069 v _1300_/A1 (sky130_fd_sc_hd__a41o_1)
     3    0.011284    0.054386    0.142514    7.428583 v _1300_/X (sky130_fd_sc_hd__a41o_1)
                                                         _0532_ (net)
                      0.054387    0.000337    7.428920 v _1302_/A2 (sky130_fd_sc_hd__a21bo_4)
     4    0.019200    0.040043    0.160882    7.589803 v _1302_/X (sky130_fd_sc_hd__a21bo_4)
                                                         _0534_ (net)
                      0.040059    0.000559    7.590362 v fanout25/A (sky130_fd_sc_hd__buf_8)
     6    0.032942    0.029357    0.091374    7.681736 v fanout25/X (sky130_fd_sc_hd__buf_8)
                                                         net25 (net)
                      0.029394    0.000970    7.682705 v fanout24/A (sky130_fd_sc_hd__buf_8)
     5    0.016598    0.021621    0.078669    7.761374 v fanout24/X (sky130_fd_sc_hd__buf_8)
                                                         net24 (net)
                      0.021628    0.000522    7.761896 v _1310_/A2 (sky130_fd_sc_hd__a21o_1)
     2    0.005462    0.031612    0.115420    7.877316 v _1310_/X (sky130_fd_sc_hd__a21o_1)
                                                         _0542_ (net)
                      0.031612    0.000140    7.877456 v _1316_/A2 (sky130_fd_sc_hd__a2111o_1)
     3    0.010746    0.068674    0.279432    8.156888 v _1316_/X (sky130_fd_sc_hd__a2111o_1)
                                                         _0548_ (net)
                      0.068675    0.000338    8.157226 v _1333_/C (sky130_fd_sc_hd__or4_4)
     2    0.016080    0.072485    0.316843    8.474068 v _1333_/X (sky130_fd_sc_hd__or4_4)
                                                         _0565_ (net)
                      0.072509    0.000690    8.474758 v _1352_/B (sky130_fd_sc_hd__nor4_4)
     2    0.013322    0.208818    0.232697    8.707455 ^ _1352_/Y (sky130_fd_sc_hd__nor4_4)
                                                         _0584_ (net)
                      0.208818    0.000333    8.707788 ^ _1353_/A1 (sky130_fd_sc_hd__a31oi_4)
     5    0.020650    0.114052    0.094670    8.802458 v _1353_/Y (sky130_fd_sc_hd__a31oi_4)
                                                         _0585_ (net)
                      0.114054    0.000953    8.803411 v _1366_/A2 (sky130_fd_sc_hd__a21o_1)
     3    0.012851    0.052183    0.170322    8.973732 v _1366_/X (sky130_fd_sc_hd__a21o_1)
                                                         _0598_ (net)
                      0.052183    0.000136    8.973868 v _1373_/B (sky130_fd_sc_hd__xor2_2)
     3    0.009067    0.065804    0.105659    9.079527 v _1373_/X (sky130_fd_sc_hd__xor2_2)
                                                         _0605_ (net)
                      0.065804    0.000161    9.079687 v _1377_/A1 (sky130_fd_sc_hd__o31a_1)
     3    0.006811    0.046691    0.204611    9.284298 v _1377_/X (sky130_fd_sc_hd__o31a_1)
                                                         _0609_ (net)
                      0.046691    0.000161    9.284459 v _1389_/A2 (sky130_fd_sc_hd__a41o_1)
     6    0.020686    0.081920    0.189702    9.474161 v _1389_/X (sky130_fd_sc_hd__a41o_1)
                                                         _0621_ (net)
                      0.081923    0.000573    9.474734 v _1407_/A2 (sky130_fd_sc_hd__a211o_1)
     4    0.014051    0.068138    0.236272    9.711006 v _1407_/X (sky130_fd_sc_hd__a211o_1)
                                                         _0639_ (net)
                      0.068138    0.000204    9.711211 v _1418_/A2 (sky130_fd_sc_hd__o21ai_2)
     1    0.005678    0.081861    0.096418    9.807629 ^ _1418_/Y (sky130_fd_sc_hd__o21ai_2)
                                                         _0650_ (net)
                      0.081861    0.000171    9.807800 ^ fanout19/A (sky130_fd_sc_hd__buf_6)
     8    0.034100    0.057444    0.094987    9.902787 ^ fanout19/X (sky130_fd_sc_hd__buf_6)
                                                         net19 (net)
                      0.057461    0.000949    9.903736 ^ fanout16/A (sky130_fd_sc_hd__buf_6)
    10    0.033251    0.055988    0.090417    9.994152 ^ fanout16/X (sky130_fd_sc_hd__buf_6)
                                                         net16 (net)
                      0.056000    0.000826    9.994979 ^ _1482_/A2 (sky130_fd_sc_hd__a31o_1)
     1    0.002309    0.029473    0.079193   10.074171 ^ _1482_/X (sky130_fd_sc_hd__a31o_1)
                                                         _0707_ (net)
                      0.029473    0.000067   10.074238 ^ _1485_/C_N (sky130_fd_sc_hd__or3b_4)
     1    0.005835    0.048742    0.222204   10.296442 v _1485_/X (sky130_fd_sc_hd__or3b_4)
                                                         _0710_ (net)
                      0.048743    0.000219   10.296661 v _1490_/A2 (sky130_fd_sc_hd__a32o_1)
     1    0.002490    0.026142    0.129415   10.426076 v _1490_/X (sky130_fd_sc_hd__a32o_1)
                                                         _0039_ (net)
                      0.026142    0.000071   10.426147 v _1630_/D (sky130_fd_sc_hd__dfrtp_4)
                                             10.426147   data arrival time

                                 25.000000   25.000000   clock clk (rise edge)
                                  0.000000   25.000000   clock source latency
     2    0.023759    0.083941    0.058376   25.058376 ^ clk (in)
                                                         clk (net)
                      0.083999    0.000000   25.058376 ^ clkbuf_0_clk/A (sky130_fd_sc_hd__clkbuf_16)
    17    0.100837    0.089825    0.143809   25.202185 ^ clkbuf_0_clk/X (sky130_fd_sc_hd__clkbuf_16)
                                                         clknet_0_clk (net)
                      0.089974    0.002505   25.204689 ^ clkbuf_3_6__f_clk/A (sky130_fd_sc_hd__clkbuf_16)
     7    0.036011    0.042787    0.110838   25.315527 ^ clkbuf_3_6__f_clk/X (sky130_fd_sc_hd__clkbuf_16)
                                                         clknet_3_6__leaf_clk (net)
                      0.042812    0.000897   25.316423 ^ _1630_/CLK (sky130_fd_sc_hd__dfrtp_4)
                                 -0.250000   25.066423   clock uncertainty
                                  0.000000   25.066423   clock reconvergence pessimism
                                 -0.069392   24.997032   library setup time
                                             24.997032   data required time
---------------------------------------------------------------------------------------------
                                             24.997032   data required time
                                            -10.426147   data arrival time
---------------------------------------------------------------------------------------------
                                             14.570886   slack (MET)




===========================================================================
report_checks --slack_max -0.01
============================================================================
======================= nom_ff_n40C_1v95 Corner ===================================

No paths found.


===========================================================================
 report_check_types -max_slew -max_cap -max_fanout -violators
============================================================================
======================= nom_ff_n40C_1v95 Corner ===================================

max fanout

Pin                                   Limit Fanout  Slack
---------------------------------------------------------
_0946_/Y                                 10     21    -11 (VIOLATED)
fanout36/X                               10     21    -11 (VIOLATED)
clkbuf_0_clk/X                           10     17     -7 (VIOLATED)
fanout59/X                               10     15     -5 (VIOLATED)
clkbuf_3_2__f_clk/X                      10     13     -3 (VIOLATED)
clkbuf_3_0__f_clk/X                      10     12     -2 (VIOLATED)
clkbuf_3_1__f_clk/X                      10     11        (VIOLATED)



===========================================================================
report_parasitic_annotation -report_unannotated
============================================================================
Found 96 unannotated drivers.
 gpio_in[10]
 gpio_in[11]
 gpio_in[12]
 gpio_in[13]
 gpio_in[14]
 gpio_in[15]
 gpio_in[16]
 gpio_in[17]
 gpio_in[18]
 gpio_in[19]
 gpio_in[20]
 gpio_in[21]
 gpio_in[22]
 gpio_in[23]
 gpio_in[24]
 gpio_in[25]
 gpio_in[26]
 gpio_in[27]
 gpio_in[28]
 gpio_in[29]
 gpio_in[30]
 gpio_in[31]
 gpio_in[32]
 gpio_in[33]
 gpio_in[4]
 gpio_in[5]
 gpio_in[6]
 gpio_in[7]
 gpio_in[8]
 gpio_in[9]
 clkload0/X
 clkload1/Y
 clkload2/Y
 clkload3/Y
 clkload4/Y
 clkload5/Y
 clkload6/Y
 team_04_100/LO
 team_04_101/LO
 team_04_102/LO
 team_04_103/LO
 team_04_104/LO
 team_04_105/LO
 team_04_106/LO
 team_04_107/LO
 team_04_108/LO
 team_04_109/LO
 team_04_110/LO
 team_04_111/LO
 team_04_112/LO
 team_04_113/LO
 team_04_114/LO
 team_04_115/LO
 team_04_116/LO
 team_04_117/LO
 team_04_118/LO
 team_04_60/HI
 team_04_61/HI
 team_04_62/HI
 team_04_63/HI
 team_04_64/HI
 team_04_65/HI
 team_04_66/HI
 team_04_67/HI
 team_04_68/HI
 team_04_69/HI
 team_04_70/HI
 team_04_71/HI
 team_04_72/HI
 team_04_73/HI
 team_04_74/HI
 team_04_75/HI
 team_04_76/HI
 team_04_77/HI
 team_04_78/HI
 team_04_79/HI
 team_04_80/HI
 team_04_81/HI
 team_04_82/HI
 team_04_83/HI
 team_04_84/HI
 team_04_85/HI
 team_04_86/HI
 team_04_87/HI
 team_04_88/HI
 team_04_89/HI
 team_04_90/HI
 team_04_91/HI
 team_04_92/HI
 team_04_93/HI
 team_04_94/LO
 team_04_95/LO
 team_04_96/LO
 team_04_97/LO
 team_04_98/LO
 team_04_99/LO
Found 0 partially unannotated drivers.

===========================================================================
max slew violation count 0
max fanout violation count 7
max cap violation count 0
============================================================================

===========================================================================
check_setup -verbose -unconstrained_endpoints -multiple_clock -no_clock -no_input_delay -loops -generated_clocks
===========================================================================
Warning: There are 59 unconstrained endpoints.
  gpio_oeb[0]
  gpio_oeb[10]
  gpio_oeb[11]
  gpio_oeb[12]
  gpio_oeb[13]
  gpio_oeb[14]
  gpio_oeb[15]
  gpio_oeb[16]
  gpio_oeb[17]
  gpio_oeb[18]
  gpio_oeb[19]
  gpio_oeb[1]
  gpio_oeb[20]
  gpio_oeb[21]
  gpio_oeb[22]
  gpio_oeb[23]
  gpio_oeb[24]
  gpio_oeb[25]
  gpio_oeb[26]
  gpio_oeb[27]
  gpio_oeb[28]
  gpio_oeb[29]
  gpio_oeb[2]
  gpio_oeb[30]
  gpio_oeb[31]
  gpio_oeb[32]
  gpio_oeb[33]
  gpio_oeb[3]
  gpio_oeb[4]
  gpio_oeb[5]
  gpio_oeb[6]
  gpio_oeb[7]
  gpio_oeb[8]
  gpio_oeb[9]
  gpio_out[0]
  gpio_out[15]
  gpio_out[16]
  gpio_out[17]
  gpio_out[18]
  gpio_out[19]
  gpio_out[1]
  gpio_out[20]
  gpio_out[21]
  gpio_out[22]
  gpio_out[23]
  gpio_out[24]
  gpio_out[25]
  gpio_out[26]
  gpio_out[27]
  gpio_out[28]
  gpio_out[29]
  gpio_out[2]
  gpio_out[30]
  gpio_out[31]
  gpio_out[32]
  gpio_out[33]
  gpio_out[3]
  gpio_out[6]
  gpio_out[7]
