
===========================================================================
report_checks -unconstrained
===========================================================================
======================= nom_ff_n40C_1v95 Corner ===================================

Startpoint: nrst (input port clocked by clk)
Endpoint: _1634_ (recovery check against rising-edge clock clk)
Path Group: asynchronous
Path Type: max

Fanout         Cap        Slew       Delay        Time   Description
---------------------------------------------------------------------------------------------
                                  0.000000    0.000000   clock clk (rise edge)
                                  0.000000    0.000000   clock network delay (propagated)
                                  5.000000    5.000000 ^ input external delay
     2    0.003923    0.017947    0.010187    5.010187 ^ nrst (in)
                                                         nrst (net)
                      0.017948    0.000000    5.010187 ^ input5/A (sky130_fd_sc_hd__buf_1)
     7    0.026886    0.236764    0.189049    5.199236 ^ input5/X (sky130_fd_sc_hd__buf_1)
                                                         net5 (net)
                      0.236769    0.000936    5.200172 ^ fanout49/A (sky130_fd_sc_hd__clkbuf_4)
    21    0.077164    0.176938    0.234696    5.434869 ^ fanout49/X (sky130_fd_sc_hd__clkbuf_4)
                                                         net49 (net)
                      0.176959    0.001623    5.436491 ^ fanout48/A (sky130_fd_sc_hd__clkbuf_4)
    10    0.047888    0.114391    0.181297    5.617789 ^ fanout48/X (sky130_fd_sc_hd__clkbuf_4)
                                                         net48 (net)
                      0.114419    0.001724    5.619512 ^ _1634_/RESET_B (sky130_fd_sc_hd__dfrtp_4)
                                              5.619512   data arrival time

                                 25.000000   25.000000   clock clk (rise edge)
                                  0.000000   25.000000   clock source latency
     2    0.018757    0.067559    0.046036   25.046036 ^ clk (in)
                                                         clk (net)
                      0.067562    0.000000   25.046036 ^ clkbuf_0_clk/A (sky130_fd_sc_hd__clkbuf_16)
    17    0.100588    0.090080    0.136781   25.182817 ^ clkbuf_0_clk/X (sky130_fd_sc_hd__clkbuf_16)
                                                         clknet_0_clk (net)
                      0.091421    0.008733   25.191549 ^ clkbuf_3_2__f_clk/A (sky130_fd_sc_hd__clkbuf_16)
    12    0.039375    0.045076    0.112847   25.304396 ^ clkbuf_3_2__f_clk/X (sky130_fd_sc_hd__clkbuf_16)
                                                         clknet_3_2__leaf_clk (net)
                      0.045202    0.001441   25.305836 ^ _1634_/CLK (sky130_fd_sc_hd__dfrtp_4)
                                 -0.250000   25.055838   clock uncertainty
                                  0.000000   25.055838   clock reconvergence pessimism
                                  0.107064   25.162901   library recovery time
                                             25.162901   data required time
---------------------------------------------------------------------------------------------
                                             25.162901   data required time
                                             -5.619512   data arrival time
---------------------------------------------------------------------------------------------
                                             19.543390   slack (MET)


Startpoint: _1628_ (rising edge-triggered flip-flop clocked by clk)
Endpoint: _1624_ (rising edge-triggered flip-flop clocked by clk)
Path Group: clk
Path Type: max

Fanout         Cap        Slew       Delay        Time   Description
---------------------------------------------------------------------------------------------
                                  0.000000    0.000000   clock clk (rise edge)
                                  0.000000    0.000000   clock source latency
     2    0.018757    0.067559    0.046037    0.046037 ^ clk (in)
                                                         clk (net)
                      0.067562    0.000000    0.046037 ^ clkbuf_0_clk/A (sky130_fd_sc_hd__clkbuf_16)
    17    0.100588    0.090080    0.136780    0.182817 ^ clkbuf_0_clk/X (sky130_fd_sc_hd__clkbuf_16)
                                                         clknet_0_clk (net)
                      0.091398    0.008655    0.191473 ^ clkbuf_3_3__f_clk/A (sky130_fd_sc_hd__clkbuf_16)
    12    0.038528    0.044514    0.112609    0.304082 ^ clkbuf_3_3__f_clk/X (sky130_fd_sc_hd__clkbuf_16)
                                                         clknet_3_3__leaf_clk (net)
                      0.044550    0.000541    0.304623 ^ _1628_/CLK (sky130_fd_sc_hd__dfrtp_1)
     2    0.009998    0.051175    0.251751    0.556374 v _1628_/Q (sky130_fd_sc_hd__dfrtp_1)
                                                         STOPWATCH_INST.clock_div.cycles[21] (net)
                      0.051176    0.000272    0.556646 v fanout39/A (sky130_fd_sc_hd__buf_6)
     9    0.026595    0.028080    0.095119    0.651764 v fanout39/X (sky130_fd_sc_hd__buf_6)
                                                         net39 (net)
                      0.028120    0.000892    0.652656 v _0922_/B (sky130_fd_sc_hd__or4bb_4)
     3    0.009553    0.065068    0.313945    0.966602 v _0922_/X (sky130_fd_sc_hd__or4bb_4)
                                                         _0166_ (net)
                      0.065068    0.000203    0.966805 v _0955_/B1_N (sky130_fd_sc_hd__o21bai_4)
     2    0.007973    0.033108    0.110710    1.077515 v _0955_/Y (sky130_fd_sc_hd__o21bai_4)
                                                         _0192_ (net)
                      0.033108    0.000209    1.077724 v _0957_/A2 (sky130_fd_sc_hd__a21o_4)
     7    0.037895    0.053279    0.167558    1.245282 v _0957_/X (sky130_fd_sc_hd__a21o_4)
                                                         _0194_ (net)
                      0.053312    0.001211    1.246493 v _0960_/A2 (sky130_fd_sc_hd__a21oi_2)
     3    0.014222    0.142028    0.154164    1.400657 ^ _0960_/Y (sky130_fd_sc_hd__a21oi_2)
                                                         _0197_ (net)
                      0.142028    0.000240    1.400897 ^ _0973_/B (sky130_fd_sc_hd__nor3_1)
     3    0.015144    0.072913    0.081713    1.482610 v _0973_/Y (sky130_fd_sc_hd__nor3_1)
                                                         _0210_ (net)
                      0.072914    0.000311    1.482921 v _0977_/A1 (sky130_fd_sc_hd__o31a_1)
     3    0.011498    0.059936    0.223763    1.706684 v _0977_/X (sky130_fd_sc_hd__o31a_1)
                                                         _0214_ (net)
                      0.059936    0.000307    1.706991 v _0987_/A1 (sky130_fd_sc_hd__o2111a_1)
     3    0.011139    0.056576    0.193999    1.900989 v _0987_/X (sky130_fd_sc_hd__o2111a_1)
                                                         _0224_ (net)
                      0.056576    0.000218    1.901208 v _1008_/B (sky130_fd_sc_hd__or3_4)
     5    0.021043    0.064705    0.253504    2.154711 v _1008_/X (sky130_fd_sc_hd__or3_4)
                                                         _0245_ (net)
                      0.064705    0.000366    2.155077 v _1011_/A (sky130_fd_sc_hd__and2_4)
     5    0.020918    0.036699    0.118072    2.273149 v _1011_/X (sky130_fd_sc_hd__and2_4)
                                                         _0248_ (net)
                      0.036740    0.001119    2.274268 v rebuffer33/A (sky130_fd_sc_hd__buf_6)
     1    0.016231    0.022562    0.081883    2.356151 v rebuffer33/X (sky130_fd_sc_hd__buf_6)
                                                         net141 (net)
                      0.022574    0.000476    2.356627 v _1016_/A (sky130_fd_sc_hd__xnor2_4)
     2    0.007397    0.096005    0.109428    2.466055 ^ _1016_/Y (sky130_fd_sc_hd__xnor2_4)
                                                         _0253_ (net)
                      0.096005    0.000189    2.466244 ^ _1040_/A2 (sky130_fd_sc_hd__o211a_4)
     4    0.024561    0.067130    0.129901    2.596144 ^ _1040_/X (sky130_fd_sc_hd__o211a_4)
                                                         _0277_ (net)
                      0.067148    0.001081    2.597226 ^ _1047_/B (sky130_fd_sc_hd__nand4_4)
     2    0.008097    0.071612    0.057960    2.655186 v _1047_/Y (sky130_fd_sc_hd__nand4_4)
                                                         _0284_ (net)
                      0.071612    0.000213    2.655399 v _1056_/A2 (sky130_fd_sc_hd__a311o_1)
     2    0.006816    0.053529    0.220109    2.875508 v _1056_/X (sky130_fd_sc_hd__a311o_1)
                                                         _0293_ (net)
                      0.053529    0.000158    2.875666 v _1066_/A2 (sky130_fd_sc_hd__a21bo_1)
     2    0.016115    0.062892    0.166353    3.042019 v _1066_/X (sky130_fd_sc_hd__a21bo_1)
                                                         _0303_ (net)
                      0.062904    0.000844    3.042862 v fanout25/A (sky130_fd_sc_hd__buf_6)
     5    0.021389    0.026144    0.097001    3.139863 v fanout25/X (sky130_fd_sc_hd__buf_6)
                                                         net25 (net)
                      0.026162    0.000620    3.140483 v _1096_/A2 (sky130_fd_sc_hd__a211o_1)
     1    0.008755    0.053859    0.199965    3.340448 v _1096_/X (sky130_fd_sc_hd__a211o_1)
                                                         _0333_ (net)
                      0.053859    0.000214    3.340662 v _1097_/B (sky130_fd_sc_hd__xor2_2)
     5    0.019053    0.092059    0.122693    3.463355 v _1097_/X (sky130_fd_sc_hd__xor2_2)
                                                         _0334_ (net)
                      0.092066    0.000664    3.464019 v _1114_/A_N (sky130_fd_sc_hd__nand4b_4)
     1    0.002700    0.063928    0.123670    3.587689 v _1114_/Y (sky130_fd_sc_hd__nand4b_4)
                                                         _0351_ (net)
                      0.063928    0.000080    3.587769 v _1115_/A1 (sky130_fd_sc_hd__o41a_1)
     3    0.011971    0.073938    0.299379    3.887147 v _1115_/X (sky130_fd_sc_hd__o41a_1)
                                                         _0352_ (net)
                      0.073938    0.000251    3.887398 v _1126_/A2 (sky130_fd_sc_hd__a21o_1)
     4    0.010394    0.045833    0.150016    4.037415 v _1126_/X (sky130_fd_sc_hd__a21o_1)
                                                         _0363_ (net)
                      0.045833    0.000217    4.037631 v _1133_/A (sky130_fd_sc_hd__and4_1)
     2    0.005877    0.037419    0.105796    4.143427 v _1133_/X (sky130_fd_sc_hd__and4_1)
                                                         _0370_ (net)
                      0.037420    0.000175    4.143603 v _1135_/B (sky130_fd_sc_hd__or3_4)
     4    0.012789    0.054964    0.233443    4.377046 v _1135_/X (sky130_fd_sc_hd__or3_4)
                                                         _0372_ (net)
                      0.054964    0.000453    4.377499 v _1150_/A1 (sky130_fd_sc_hd__a31o_4)
     4    0.011307    0.033531    0.153539    4.531037 v _1150_/X (sky130_fd_sc_hd__a31o_4)
                                                         _0387_ (net)
                      0.033531    0.000281    4.531318 v _1160_/A2 (sky130_fd_sc_hd__a21o_1)
     4    0.014335    0.056354    0.145531    4.676849 v _1160_/X (sky130_fd_sc_hd__a21o_1)
                                                         _0397_ (net)
                      0.056355    0.000352    4.677200 v _1173_/A2 (sky130_fd_sc_hd__a2111o_1)
     3    0.007209    0.056751    0.271822    4.949022 v _1173_/X (sky130_fd_sc_hd__a2111o_1)
                                                         _0410_ (net)
                      0.056751    0.000168    4.949190 v _1180_/A1 (sky130_fd_sc_hd__a311o_1)
     3    0.015209    0.079337    0.211991    5.161181 v _1180_/X (sky130_fd_sc_hd__a311o_1)
                                                         _0417_ (net)
                      0.079337    0.000254    5.161435 v fanout23/A (sky130_fd_sc_hd__buf_6)
     6    0.033207    0.031828    0.110406    5.271841 v fanout23/X (sky130_fd_sc_hd__buf_6)
                                                         net23 (net)
                      0.031829    0.000417    5.272258 v fanout22/A (sky130_fd_sc_hd__buf_8)
     5    0.019760    0.022953    0.081202    5.353460 v fanout22/X (sky130_fd_sc_hd__buf_8)
                                                         net22 (net)
                      0.022962    0.000559    5.354019 v _1188_/B (sky130_fd_sc_hd__and3_1)
     3    0.010446    0.048928    0.123164    5.477183 v _1188_/X (sky130_fd_sc_hd__and3_1)
                                                         _0425_ (net)
                      0.048928    0.000200    5.477383 v _1197_/A (sky130_fd_sc_hd__or3b_4)
     2    0.005955    0.048888    0.244513    5.721896 v _1197_/X (sky130_fd_sc_hd__or3b_4)
                                                         _0434_ (net)
                      0.048889    0.000159    5.722055 v _1208_/C (sky130_fd_sc_hd__or4b_4)
     2    0.004889    0.058534    0.288182    6.010237 v _1208_/X (sky130_fd_sc_hd__or4b_4)
                                                         _0445_ (net)
                      0.058534    0.000135    6.010372 v _1234_/A (sky130_fd_sc_hd__or4b_4)
     2    0.006751    0.061317    0.330522    6.340894 v _1234_/X (sky130_fd_sc_hd__or4b_4)
                                                         _0471_ (net)
                      0.061318    0.000150    6.341044 v _1240_/A1 (sky130_fd_sc_hd__a32o_2)
     4    0.024177    0.059281    0.167200    6.508245 v _1240_/X (sky130_fd_sc_hd__a32o_2)
                                                         _0477_ (net)
                      0.059290    0.000751    6.508995 v fanout19/A (sky130_fd_sc_hd__buf_8)
     5    0.024662    0.025179    0.095545    6.604540 v fanout19/X (sky130_fd_sc_hd__buf_8)
                                                         net19 (net)
                      0.025232    0.000987    6.605526 v _1241_/B (sky130_fd_sc_hd__and2_1)
     4    0.016990    0.065581    0.133287    6.738813 v _1241_/X (sky130_fd_sc_hd__and2_1)
                                                         _0478_ (net)
                      0.065582    0.000401    6.739214 v _1273_/B (sky130_fd_sc_hd__xnor2_2)
     6    0.027496    0.280145    0.237490    6.976705 ^ _1273_/Y (sky130_fd_sc_hd__xnor2_2)
                                                         _0510_ (net)
                      0.280150    0.000949    6.977654 ^ _1277_/A2 (sky130_fd_sc_hd__o211a_1)
     3    0.007545    0.057912    0.116038    7.093692 ^ _1277_/X (sky130_fd_sc_hd__o211a_1)
                                                         _0514_ (net)
                      0.057912    0.000163    7.093855 ^ _1282_/A2 (sky130_fd_sc_hd__a31o_2)
     4    0.025440    0.115506    0.154315    7.248170 ^ _1282_/X (sky130_fd_sc_hd__a31o_2)
                                                         _0519_ (net)
                      0.115569    0.001280    7.249450 ^ _1288_/B2 (sky130_fd_sc_hd__a221oi_4)
     3    0.016441    0.062760    0.060995    7.310445 v _1288_/Y (sky130_fd_sc_hd__a221oi_4)
                                                         _0525_ (net)
                      0.062760    0.000398    7.310843 v _1297_/A3 (sky130_fd_sc_hd__o31ai_4)
     4    0.018610    0.218235    0.195971    7.506814 ^ _1297_/Y (sky130_fd_sc_hd__o31ai_4)
                                                         _0534_ (net)
                      0.218235    0.000251    7.507065 ^ fanout18/A (sky130_fd_sc_hd__buf_6)
     6    0.036690    0.062679    0.107213    7.614278 ^ fanout18/X (sky130_fd_sc_hd__buf_6)
                                                         net18 (net)
                      0.062730    0.000859    7.615137 ^ clone42/A (sky130_fd_sc_hd__clkbuf_1)
     5    0.018799    0.167793    0.150895    7.766033 ^ clone42/X (sky130_fd_sc_hd__clkbuf_1)
                                                         net150 (net)
                      0.167794    0.000436    7.766469 ^ _1341_/B (sky130_fd_sc_hd__nand3b_1)
     2    0.006490    0.065770    0.070640    7.837109 v _1341_/Y (sky130_fd_sc_hd__nand3b_1)
                                                         _0578_ (net)
                      0.065771    0.000154    7.837263 v _1348_/A1 (sky130_fd_sc_hd__a2111o_1)
     1    0.004215    0.046530    0.231655    8.068917 v _1348_/X (sky130_fd_sc_hd__a2111o_1)
                                                         _0585_ (net)
                      0.046530    0.000143    8.069060 v _1349_/C (sky130_fd_sc_hd__or4_4)
     1    0.010221    0.065431    0.297731    8.366791 v _1349_/X (sky130_fd_sc_hd__or4_4)
                                                         _0586_ (net)
                      0.065431    0.000352    8.367143 v _1350_/A1 (sky130_fd_sc_hd__o32ai_4)
     3    0.024105    0.248880    0.263732    8.630875 ^ _1350_/Y (sky130_fd_sc_hd__o32ai_4)
                                                         _0587_ (net)
                      0.248880    0.000464    8.631338 ^ _1353_/A1 (sky130_fd_sc_hd__o21ai_4)
     5    0.025104    0.077601    0.071635    8.702973 v _1353_/Y (sky130_fd_sc_hd__o21ai_4)
                                                         _0590_ (net)
                      0.077633    0.001277    8.704251 v _1357_/A1 (sky130_fd_sc_hd__a21oi_2)
     4    0.019806    0.188313    0.191315    8.895566 ^ _1357_/Y (sky130_fd_sc_hd__a21oi_2)
                                                         _0594_ (net)
                      0.188315    0.000452    8.896018 ^ _1362_/B (sky130_fd_sc_hd__xor2_2)
     2    0.008565    0.113657    0.112474    9.008492 ^ _1362_/X (sky130_fd_sc_hd__xor2_2)
                                                         _0599_ (net)
                      0.113657    0.000214    9.008707 ^ _1370_/A1 (sky130_fd_sc_hd__a31o_4)
     4    0.023023    0.064873    0.125933    9.134640 ^ _1370_/X (sky130_fd_sc_hd__a31o_4)
                                                         _0607_ (net)
                      0.064887    0.000945    9.135585 ^ _1384_/A2 (sky130_fd_sc_hd__a21oi_4)
     6    0.019668    0.047034    0.049890    9.185474 v _1384_/Y (sky130_fd_sc_hd__a21oi_4)
                                                         _0621_ (net)
                      0.047046    0.000582    9.186057 v _1404_/A2 (sky130_fd_sc_hd__a211o_4)
     4    0.017428    0.050151    0.228961    9.415017 v _1404_/X (sky130_fd_sc_hd__a211o_4)
                                                         _0641_ (net)
                      0.050153    0.000384    9.415401 v rebuffer17/A (sky130_fd_sc_hd__buf_6)
     1    0.008281    0.018004    0.081394    9.496796 v rebuffer17/X (sky130_fd_sc_hd__buf_6)
                                                         net125 (net)
                      0.018004    0.000242    9.497038 v _1418_/A3 (sky130_fd_sc_hd__o31ai_4)
     5    0.022955    0.246513    0.206676    9.703713 ^ _1418_/Y (sky130_fd_sc_hd__o31ai_4)
                                                         _0655_ (net)
                      0.246514    0.000486    9.704200 ^ fanout16/A (sky130_fd_sc_hd__buf_6)
     5    0.017367    0.038026    0.088415    9.792615 ^ fanout16/X (sky130_fd_sc_hd__buf_6)
                                                         net16 (net)
                      0.038029    0.000383    9.792997 ^ _1494_/A2 (sky130_fd_sc_hd__a31o_1)
     1    0.004151    0.040333    0.085032    9.878030 ^ _1494_/X (sky130_fd_sc_hd__a31o_1)
                                                         _0721_ (net)
                      0.040333    0.000179    9.878210 ^ _1496_/C_N (sky130_fd_sc_hd__or3b_4)
     1    0.003170    0.044597    0.217799   10.096008 v _1496_/X (sky130_fd_sc_hd__or3b_4)
                                                         _0723_ (net)
                      0.044598    0.000093   10.096102 v _1500_/A1 (sky130_fd_sc_hd__a32o_1)
     1    0.003215    0.028721    0.115078   10.211180 v _1500_/X (sky130_fd_sc_hd__a32o_1)
                                                         _0042_ (net)
                      0.028721    0.000095   10.211275 v _1624_/D (sky130_fd_sc_hd__dfrtp_4)
                                             10.211275   data arrival time

                                 25.000000   25.000000   clock clk (rise edge)
                                  0.000000   25.000000   clock source latency
     2    0.018757    0.067559    0.046036   25.046036 ^ clk (in)
                                                         clk (net)
                      0.067562    0.000000   25.046036 ^ clkbuf_0_clk/A (sky130_fd_sc_hd__clkbuf_16)
    17    0.100588    0.090080    0.136781   25.182817 ^ clkbuf_0_clk/X (sky130_fd_sc_hd__clkbuf_16)
                                                         clknet_0_clk (net)
                      0.090292    0.003606   25.186422 ^ clkbuf_3_7__f_clk/A (sky130_fd_sc_hd__clkbuf_16)
     7    0.031829    0.039989    0.108527   25.294949 ^ clkbuf_3_7__f_clk/X (sky130_fd_sc_hd__clkbuf_16)
                                                         clknet_3_7__leaf_clk (net)
                      0.039996    0.000957   25.295906 ^ _1624_/CLK (sky130_fd_sc_hd__dfrtp_4)
                                 -0.250000   25.045908   clock uncertainty
                                  0.000000   25.045908   clock reconvergence pessimism
                                 -0.070576   24.975330   library setup time
                                             24.975330   data required time
---------------------------------------------------------------------------------------------
                                             24.975330   data required time
                                            -10.211275   data arrival time
---------------------------------------------------------------------------------------------
                                             14.764056   slack (MET)




===========================================================================
report_checks --slack_max -0.01
============================================================================
======================= nom_ff_n40C_1v95 Corner ===================================

No paths found.


===========================================================================
 report_check_types -max_slew -max_cap -max_fanout -violators
============================================================================
======================= nom_ff_n40C_1v95 Corner ===================================

max fanout

Pin                                   Limit Fanout  Slack
---------------------------------------------------------
_1614_/Q                                 10     21    -11 (VIOLATED)
_1615_/Q                                 10     21    -11 (VIOLATED)
fanout32/X                               10     21    -11 (VIOLATED)
fanout38/X                               10     21    -11 (VIOLATED)
fanout42/X                               10     21    -11 (VIOLATED)
fanout49/X                               10     21    -11 (VIOLATED)
clkbuf_0_clk/X                           10     17     -7 (VIOLATED)
fanout47/X                               10     17     -7 (VIOLATED)
_0854_/X                                 10     13     -3 (VIOLATED)
clkbuf_3_1__f_clk/X                      10     12     -2 (VIOLATED)
clkbuf_3_2__f_clk/X                      10     12     -2 (VIOLATED)
clkbuf_3_3__f_clk/X                      10     12     -2 (VIOLATED)
_0782_/Y                                 10     11        (VIOLATED)
clkbuf_3_5__f_clk/X                      10     11        (VIOLATED)



===========================================================================
report_parasitic_annotation -report_unannotated
============================================================================
Found 97 unannotated drivers.
 en
 gpio_in[10]
 gpio_in[11]
 gpio_in[12]
 gpio_in[13]
 gpio_in[14]
 gpio_in[15]
 gpio_in[16]
 gpio_in[17]
 gpio_in[18]
 gpio_in[19]
 gpio_in[20]
 gpio_in[21]
 gpio_in[22]
 gpio_in[23]
 gpio_in[24]
 gpio_in[25]
 gpio_in[26]
 gpio_in[27]
 gpio_in[28]
 gpio_in[29]
 gpio_in[30]
 gpio_in[31]
 gpio_in[32]
 gpio_in[33]
 gpio_in[4]
 gpio_in[5]
 gpio_in[6]
 gpio_in[7]
 gpio_in[8]
 gpio_in[9]
 clkload0/Y
 clkload1/X
 clkload2/X
 clkload3/Y
 clkload4/Y
 clkload5/Y
 clkload6/Y
 team_04_100/LO
 team_04_101/LO
 team_04_102/LO
 team_04_103/LO
 team_04_104/LO
 team_04_105/LO
 team_04_106/LO
 team_04_107/LO
 team_04_108/LO
 team_04_50/HI
 team_04_51/HI
 team_04_52/HI
 team_04_53/HI
 team_04_54/HI
 team_04_55/HI
 team_04_56/HI
 team_04_57/HI
 team_04_58/HI
 team_04_59/HI
 team_04_60/HI
 team_04_61/HI
 team_04_62/HI
 team_04_63/HI
 team_04_64/HI
 team_04_65/HI
 team_04_66/HI
 team_04_67/HI
 team_04_68/HI
 team_04_69/HI
 team_04_70/HI
 team_04_71/HI
 team_04_72/HI
 team_04_73/HI
 team_04_74/HI
 team_04_75/HI
 team_04_76/HI
 team_04_77/HI
 team_04_78/HI
 team_04_79/HI
 team_04_80/HI
 team_04_81/HI
 team_04_82/HI
 team_04_83/HI
 team_04_84/HI
 team_04_85/HI
 team_04_86/HI
 team_04_87/HI
 team_04_88/HI
 team_04_89/HI
 team_04_90/HI
 team_04_91/HI
 team_04_92/HI
 team_04_93/HI
 team_04_94/LO
 team_04_95/LO
 team_04_96/LO
 team_04_97/LO
 team_04_98/LO
 team_04_99/LO
Found 0 partially unannotated drivers.

===========================================================================
max slew violation count 0
max fanout violation count 14
max cap violation count 0
============================================================================

===========================================================================
check_setup -verbose -unconstrained_endpoints -multiple_clock -no_clock -no_input_delay -loops -generated_clocks
===========================================================================
Warning: There are 59 unconstrained endpoints.
  gpio_oeb[0]
  gpio_oeb[10]
  gpio_oeb[11]
  gpio_oeb[12]
  gpio_oeb[13]
  gpio_oeb[14]
  gpio_oeb[15]
  gpio_oeb[16]
  gpio_oeb[17]
  gpio_oeb[18]
  gpio_oeb[19]
  gpio_oeb[1]
  gpio_oeb[20]
  gpio_oeb[21]
  gpio_oeb[22]
  gpio_oeb[23]
  gpio_oeb[24]
  gpio_oeb[25]
  gpio_oeb[26]
  gpio_oeb[27]
  gpio_oeb[28]
  gpio_oeb[29]
  gpio_oeb[2]
  gpio_oeb[30]
  gpio_oeb[31]
  gpio_oeb[32]
  gpio_oeb[33]
  gpio_oeb[3]
  gpio_oeb[4]
  gpio_oeb[5]
  gpio_oeb[6]
  gpio_oeb[7]
  gpio_oeb[8]
  gpio_oeb[9]
  gpio_out[0]
  gpio_out[15]
  gpio_out[16]
  gpio_out[17]
  gpio_out[18]
  gpio_out[19]
  gpio_out[1]
  gpio_out[20]
  gpio_out[21]
  gpio_out[22]
  gpio_out[23]
  gpio_out[24]
  gpio_out[25]
  gpio_out[26]
  gpio_out[27]
  gpio_out[28]
  gpio_out[29]
  gpio_out[2]
  gpio_out[30]
  gpio_out[31]
  gpio_out[32]
  gpio_out[33]
  gpio_out[3]
  gpio_out[6]
  gpio_out[7]
