Clock: clk
Sources: clk 
Generated: no
Virtual: yes
Propagated: no
Period: 25.000000

===========================================================================
report_clock_properties
============================================================================
Clock                   Period          Waveform
----------------------------------------------------
clk                  25.000000    0.000000 12.500000

===========================================================================
report_clock_latency
============================================================================
Clock clk
rise -> rise
    min     max
0.000000 0.000000 source latency
0.315273         network latency _1593_/CLK
        0.318575 network latency _1586_/CLK
---------------
0.315273 0.318575 latency
        0.003302 skew

fall -> fall
    min     max
0.000000 0.000000 source latency
0.275245         network latency _1593_/CLK
        0.277883 network latency _1586_/CLK
---------------
0.275245 0.277883 latency
        0.002639 skew



===========================================================================
report_clock_min_period
============================================================================
clk period_min = 10.43 fmax = 95.89
