Clock: clk
Sources: clk 
Generated: no
Virtual: yes
Propagated: no
Period: 25.000000

===========================================================================
report_clock_properties
============================================================================
Clock                   Period          Waveform
----------------------------------------------------
clk                  25.000000    0.000000 12.500000

===========================================================================
report_clock_latency
============================================================================
Clock clk
rise -> rise
    min     max
0.000000 0.000000 source latency
0.526348         network latency _3426_/CLK
        6.059145 network latency _3460_/CLK
---------------
0.526348 6.059145 latency
        5.532797 skew

rise -> fall
    min     max
0.000000 0.000000 source latency
5.483773         network latency _3508_/CLK
        6.215368 network latency _3460_/CLK
---------------
5.483773 6.215368 latency
        0.731595 skew

fall -> fall
    min     max
0.000000 0.000000 source latency
0.449988         network latency _3426_/CLK
        0.680211 network latency _3207_/CLK
---------------
0.449988 0.680211 latency
        0.230224 skew



===========================================================================
report_clock_min_period
============================================================================
clk period_min = 4.84 fmax = 206.55
