
===========================================================================
 report_power
============================================================================
======================= max_tt_025C_1v80 Corner ===================================

Group                    Internal    Switching      Leakage        Total
                            Power        Power        Power        Power (Watts)
------------------------------------------------------------------------
Sequential           7.003775e-04 1.849360e-06 5.542837e-09 7.022324e-04  54.9%
Combinational        1.300177e-05 2.183018e-05 1.066264e-08 3.484261e-05   2.7%
Clock                2.592002e-04 2.834883e-04 1.051903e-09 5.426896e-04  42.4%
Macro                0.000000e+00 0.000000e+00 0.000000e+00 0.000000e+00   0.0%
Pad                  0.000000e+00 0.000000e+00 0.000000e+00 0.000000e+00   0.0%
------------------------------------------------------------------------
Total                9.725793e-04 3.071679e-04 1.725746e-08 1.279764e-03 100.0%
                            76.0%        24.0%         0.0%

