
===========================================================================
report_checks -unconstrained
===========================================================================
======================= min_ss_100C_1v60 Corner ===================================

Startpoint: en (input port clocked by clk)
Endpoint: _8420_ (recovery check against rising-edge clock clk)
Path Group: asynchronous
Path Type: max

Fanout         Cap        Slew       Delay        Time   Description
---------------------------------------------------------------------------------------------
                                  0.000000    0.000000   clock clk (rise edge)
                                  0.000000    0.000000   clock network delay (propagated)
                                  5.000000    5.000000 ^ input external delay
     2    0.004133    0.041229    0.022792    5.022792 ^ en (in)
                                                         en (net)
                      0.041229    0.000000    5.022792 ^ input1/A (sky130_fd_sc_hd__clkbuf_1)
     1    0.003333    0.081674    0.144565    5.167357 ^ input1/X (sky130_fd_sc_hd__clkbuf_1)
                                                         net1 (net)
                      0.081674    0.000056    5.167413 ^ _4273_/B (sky130_fd_sc_hd__and2_1)
     5    0.029497    0.463573    0.518526    5.685938 ^ _4273_/X (sky130_fd_sc_hd__and2_1)
                                                         PID_INST.add_three.n_rst (net)
                      0.463573    0.000274    5.686212 ^ fanout339/A (sky130_fd_sc_hd__clkbuf_4)
    15    0.076855    0.366567    0.641422    6.327634 ^ fanout339/X (sky130_fd_sc_hd__clkbuf_4)
                                                         net339 (net)
                      0.366567    0.000215    6.327848 ^ fanout327/A (sky130_fd_sc_hd__clkbuf_4)
    21    0.065102    0.314894    0.561614    6.889462 ^ fanout327/X (sky130_fd_sc_hd__clkbuf_4)
                                                         net327 (net)
                      0.314902    0.002047    6.891510 ^ fanout326/A (sky130_fd_sc_hd__clkbuf_4)
    10    0.049286    0.245643    0.488090    7.379600 ^ fanout326/X (sky130_fd_sc_hd__clkbuf_4)
                                                         net326 (net)
                      0.245646    0.001410    7.381010 ^ _8420_/RESET_B (sky130_fd_sc_hd__dfrtp_1)
                                              7.381010   data arrival time

                                 25.000000   25.000000   clock clk (rise edge)
                                  0.000000   25.000000   clock source latency
     2    0.035033    0.255339    0.177470   25.177469 ^ clk (in)
                                                         clk (net)
                      0.255388    0.000000   25.177469 ^ clkbuf_0_clk/A (sky130_fd_sc_hd__clkbuf_16)
    33    0.143595    0.237599    0.444594   25.622063 ^ clkbuf_0_clk/X (sky130_fd_sc_hd__clkbuf_16)
                                                         clknet_0_clk (net)
                      0.237741    0.005421   25.627485 ^ clkbuf_4_2_0_clk/A (sky130_fd_sc_hd__clkbuf_8)
     6    0.044684    0.141395    0.363077   25.990562 ^ clkbuf_4_2_0_clk/X (sky130_fd_sc_hd__clkbuf_8)
                                                         clknet_4_2_0_clk (net)
                      0.141395    0.000567   25.991129 ^ _8420_/CLK (sky130_fd_sc_hd__dfrtp_1)
                                 -0.250000   25.741129   clock uncertainty
                                  0.000000   25.741129   clock reconvergence pessimism
                                  0.421599   26.162727   library recovery time
                                             26.162727   data required time
---------------------------------------------------------------------------------------------
                                             26.162727   data required time
                                             -7.381010   data arrival time
---------------------------------------------------------------------------------------------
                                             18.781717   slack (MET)


Startpoint: gpio_in[4] (input port clocked by clk)
Endpoint: _8486_ (rising edge-triggered flip-flop clocked by clk)
Path Group: clk
Path Type: max

Fanout         Cap        Slew       Delay        Time   Description
---------------------------------------------------------------------------------------------
                                  0.000000    0.000000   clock clk (rise edge)
                                  0.000000    0.000000   clock network delay (propagated)
                                  5.000000    5.000000 ^ input external delay
     2    0.005579    0.051117    0.030420    5.030420 ^ gpio_in[4] (in)
                                                         gpio_in[4] (net)
                      0.051117    0.000000    5.030420 ^ input14/A (sky130_fd_sc_hd__clkbuf_4)
    13    0.064799    0.313087    0.417706    5.448126 ^ input14/X (sky130_fd_sc_hd__clkbuf_4)
                                                         net14 (net)
                      0.313087    0.001034    5.449160 ^ _4208_/A1 (sky130_fd_sc_hd__o21ai_2)
     5    0.023627    0.221167    0.323126    5.772285 v _4208_/Y (sky130_fd_sc_hd__o21ai_2)
                                                         _2242_ (net)
                      0.221167    0.000268    5.772553 v fanout148/A (sky130_fd_sc_hd__clkbuf_4)
    21    0.067926    0.246448    0.480445    6.252998 v fanout148/X (sky130_fd_sc_hd__clkbuf_4)
                                                         net148 (net)
                      0.246454    0.001589    6.254587 v _4209_/A (sky130_fd_sc_hd__inv_2)
     3    0.021522    0.171876    0.243272    6.497859 ^ _4209_/Y (sky130_fd_sc_hd__inv_2)
                                                         PID_INST.k3_calc.d1.y[2] (net)
                      0.171876    0.000091    6.497950 ^ fanout121/A (sky130_fd_sc_hd__clkbuf_4)
    21    0.066093    0.318790    0.477979    6.975929 ^ fanout121/X (sky130_fd_sc_hd__clkbuf_4)
                                                         net121 (net)
                      0.318790    0.000312    6.976241 ^ fanout120/A (sky130_fd_sc_hd__buf_2)
    21    0.058132    0.449967    0.578644    7.554885 ^ fanout120/X (sky130_fd_sc_hd__buf_2)
                                                         net120 (net)
                      0.449967    0.000886    7.555771 ^ _4652_/B (sky130_fd_sc_hd__nand4_1)
     4    0.009433    0.368110    0.473297    8.029068 v _4652_/Y (sky130_fd_sc_hd__nand4_1)
                                                         _3930_ (net)
                      0.368110    0.000060    8.029128 v _4659_/C (sky130_fd_sc_hd__and4_1)
     2    0.005138    0.092549    0.553874    8.583002 v _4659_/X (sky130_fd_sc_hd__and4_1)
                                                         _3937_ (net)
                      0.092549    0.000054    8.583056 v _4661_/A_N (sky130_fd_sc_hd__and2b_1)
     1    0.004815    0.096536    0.398290    8.981346 ^ _4661_/X (sky130_fd_sc_hd__and2b_1)
                                                         _3939_ (net)
                      0.096536    0.000043    8.981389 ^ _4663_/A (sky130_fd_sc_hd__xnor2_1)
     1    0.003135    0.098252    0.148736    9.130125 v _4663_/Y (sky130_fd_sc_hd__xnor2_1)
                                                         _3941_ (net)
                      0.098252    0.000023    9.130149 v _4666_/B1 (sky130_fd_sc_hd__a41o_1)
     1    0.002388    0.066566    0.358930    9.489079 v _4666_/X (sky130_fd_sc_hd__a41o_1)
                                                         _3944_ (net)
                      0.066566    0.000009    9.489087 v _4670_/A (sky130_fd_sc_hd__nand3_1)
     2    0.006540    0.148940    0.141362    9.630449 ^ _4670_/Y (sky130_fd_sc_hd__nand3_1)
                                                         _3948_ (net)
                      0.148940    0.000082    9.630531 ^ _4672_/A (sky130_fd_sc_hd__nand2_1)
     1    0.003216    0.096608    0.131953    9.762485 v _4672_/Y (sky130_fd_sc_hd__nand2_1)
                                                         _3950_ (net)
                      0.096608    0.000024    9.762508 v _4675_/A2 (sky130_fd_sc_hd__a31o_1)
     2    0.006708    0.098163    0.413347   10.175855 v _4675_/X (sky130_fd_sc_hd__a31o_1)
                                                         _3953_ (net)
                      0.098163    0.000079   10.175934 v _4677_/A2 (sky130_fd_sc_hd__o21a_1)
     1    0.002520    0.062587    0.313681   10.489614 v _4677_/X (sky130_fd_sc_hd__o21a_1)
                                                         _3955_ (net)
                      0.062587    0.000022   10.489637 v _4678_/C1 (sky130_fd_sc_hd__a221o_1)
     1    0.005147    0.115602    0.518611   11.008248 v _4678_/X (sky130_fd_sc_hd__a221o_1)
                                                         _3956_ (net)
                      0.115602    0.000110   11.008358 v _4681_/A2 (sky130_fd_sc_hd__a22o_1)
     1    0.003798    0.080322    0.438416   11.446774 v _4681_/X (sky130_fd_sc_hd__a22o_1)
                                                         _3959_ (net)
                      0.080322    0.000054   11.446829 v _4683_/A2 (sky130_fd_sc_hd__a31o_1)
     2    0.008454    0.112391    0.420748   11.867577 v _4683_/X (sky130_fd_sc_hd__a31o_1)
                                                         _3961_ (net)
                      0.112391    0.000206   11.867783 v _4684_/C (sky130_fd_sc_hd__and3_1)
     3    0.017406    0.186525    0.499453   12.367235 v _4684_/X (sky130_fd_sc_hd__and3_1)
                                                         _3962_ (net)
                      0.186526    0.000838   12.368074 v _4740_/A (sky130_fd_sc_hd__and2_1)
     2    0.005532    0.090175    0.355579   12.723653 v _4740_/X (sky130_fd_sc_hd__and2_1)
                                                         _4018_ (net)
                      0.090175    0.000068   12.723721 v _4809_/A3 (sky130_fd_sc_hd__o311a_1)
     3    0.015583    0.197961    0.680581   13.404301 v _4809_/X (sky130_fd_sc_hd__o311a_1)
                                                         _4087_ (net)
                      0.197961    0.000282   13.404584 v _4877_/A2 (sky130_fd_sc_hd__o211ai_4)
     4    0.018537    0.336939    0.400320   13.804903 ^ _4877_/Y (sky130_fd_sc_hd__o211ai_4)
                                                         _4155_ (net)
                      0.336940    0.000403   13.805306 ^ _5034_/A2 (sky130_fd_sc_hd__a211oi_2)
     4    0.012311    0.195072    0.288153   14.093459 v _5034_/Y (sky130_fd_sc_hd__a211oi_2)
                                                         _0224_ (net)
                      0.195072    0.000117   14.093576 v _5211_/A3 (sky130_fd_sc_hd__o311a_1)
     3    0.014320    0.188726    0.711529   14.805105 v _5211_/X (sky130_fd_sc_hd__o311a_1)
                                                         _0401_ (net)
                      0.188726    0.000198   14.805304 v _5285_/B (sky130_fd_sc_hd__or4_1)
     3    0.006792    0.233221    1.287435   16.092739 v _5285_/X (sky130_fd_sc_hd__or4_1)
                                                         _0475_ (net)
                      0.233221    0.000037   16.092775 v _5286_/B (sky130_fd_sc_hd__nand2_1)
     1    0.005287    0.115065    0.201471   16.294247 ^ _5286_/Y (sky130_fd_sc_hd__nand2_1)
                                                         _0476_ (net)
                      0.115065    0.000110   16.294357 ^ fanout47/A (sky130_fd_sc_hd__clkbuf_4)
    21    0.070636    0.339145    0.465146   16.759502 ^ fanout47/X (sky130_fd_sc_hd__clkbuf_4)
                                                         net47 (net)
                      0.339181    0.003627   16.763130 ^ _5287_/B (sky130_fd_sc_hd__nor2_1)
     1    0.004503    0.092722    0.177126   16.940256 v _5287_/Y (sky130_fd_sc_hd__nor2_1)
                                                         _0477_ (net)
                      0.092722    0.000037   16.940292 v _6005_/A (sky130_fd_sc_hd__xor2_1)
     2    0.007937    0.341318    0.364171   17.304464 ^ _6005_/X (sky130_fd_sc_hd__xor2_1)
                                                         _1195_ (net)
                      0.341318    0.000055   17.304520 ^ _6006_/B (sky130_fd_sc_hd__xor2_1)
     2    0.010385    0.401093    0.501444   17.805964 ^ _6006_/X (sky130_fd_sc_hd__xor2_1)
                                                         _1196_ (net)
                      0.401093    0.000249   17.806211 ^ _6007_/B (sky130_fd_sc_hd__xnor2_1)
     2    0.006535    0.317022    0.353518   18.159731 ^ _6007_/Y (sky130_fd_sc_hd__xnor2_1)
                                                         _1197_ (net)
                      0.317022    0.000030   18.159760 ^ _6009_/B (sky130_fd_sc_hd__xor2_1)
     2    0.013075    0.480863    0.554406   18.714167 ^ _6009_/X (sky130_fd_sc_hd__xor2_1)
                                                         _1199_ (net)
                      0.480863    0.000359   18.714525 ^ _6010_/B (sky130_fd_sc_hd__xor2_1)
     2    0.008439    0.356301    0.494840   19.209366 ^ _6010_/X (sky130_fd_sc_hd__xor2_1)
                                                         _1200_ (net)
                      0.356301    0.000105   19.209471 ^ _6013_/A (sky130_fd_sc_hd__xnor2_1)
     2    0.008176    0.371696    0.356057   19.565527 ^ _6013_/Y (sky130_fd_sc_hd__xnor2_1)
                                                         _1203_ (net)
                      0.371696    0.000082   19.565609 ^ _6016_/A (sky130_fd_sc_hd__xor2_1)
     2    0.013610    0.511221    0.572699   20.138308 ^ _6016_/X (sky130_fd_sc_hd__xor2_1)
                                                         _1206_ (net)
                      0.511221    0.000165   20.138474 ^ _6019_/A (sky130_fd_sc_hd__xor2_2)
     2    0.014450    0.342877    0.487733   20.626205 ^ _6019_/X (sky130_fd_sc_hd__xor2_2)
                                                         _1209_ (net)
                      0.342877    0.000076   20.626282 ^ _6021_/A (sky130_fd_sc_hd__xnor2_2)
     2    0.012338    0.318609    0.343364   20.969646 ^ _6021_/Y (sky130_fd_sc_hd__xnor2_2)
                                                         _1211_ (net)
                      0.318609    0.000437   20.970083 ^ _6099_/A_N (sky130_fd_sc_hd__and2b_1)
     1    0.002800    0.065805    0.447221   21.417305 v _6099_/X (sky130_fd_sc_hd__and2b_1)
                                                         _1289_ (net)
                      0.065805    0.000027   21.417330 v _6298_/B1 (sky130_fd_sc_hd__a21o_1)
     2    0.008683    0.105918    0.323565   21.740896 v _6298_/X (sky130_fd_sc_hd__a21o_1)
                                                         _1487_ (net)
                      0.105918    0.000101   21.740997 v _6497_/A2 (sky130_fd_sc_hd__a21o_1)
     2    0.007984    0.100464    0.373356   22.114353 v _6497_/X (sky130_fd_sc_hd__a21o_1)
                                                         _1685_ (net)
                      0.100464    0.000083   22.114437 v _6700_/A2 (sky130_fd_sc_hd__a21o_1)
     2    0.010570    0.121253    0.390894   22.505331 v _6700_/X (sky130_fd_sc_hd__a21o_1)
                                                         _1898_ (net)
                      0.121253    0.000256   22.505587 v _6902_/A2 (sky130_fd_sc_hd__a21o_1)
     2    0.007353    0.095519    0.374934   22.880522 v _6902_/X (sky130_fd_sc_hd__a21o_1)
                                                         _2112_ (net)
                      0.095519    0.000075   22.880596 v _7091_/A2 (sky130_fd_sc_hd__a21o_1)
     2    0.007775    0.098839    0.367399   23.247993 v _7091_/X (sky130_fd_sc_hd__a21o_1)
                                                         _2312_ (net)
                      0.098839    0.000076   23.248072 v _7250_/A2 (sky130_fd_sc_hd__a21o_1)
     2    0.010593    0.121384    0.390489   23.638559 v _7250_/X (sky130_fd_sc_hd__a21o_1)
                                                         _2480_ (net)
                      0.121384    0.000092   23.638653 v _7409_/A2 (sky130_fd_sc_hd__a21oi_2)
     3    0.018067    0.386462    0.424761   24.063414 ^ _7409_/Y (sky130_fd_sc_hd__a21oi_2)
                                                         _2649_ (net)
                      0.386462    0.000268   24.063681 ^ _7568_/A2 (sky130_fd_sc_hd__o311ai_4)
     4    0.011358    0.197194    0.317820   24.381502 v _7568_/Y (sky130_fd_sc_hd__o311ai_4)
                                                         _2816_ (net)
                      0.197194    0.000153   24.381655 v _8009_/A1 (sky130_fd_sc_hd__a311o_1)
     3    0.010624    0.167233    0.641798   25.023453 v _8009_/X (sky130_fd_sc_hd__a311o_1)
                                                         _3264_ (net)
                      0.167233    0.000137   25.023590 v _8270_/A2 (sky130_fd_sc_hd__a31o_1)
     2    0.007622    0.105518    0.452573   25.476162 v _8270_/X (sky130_fd_sc_hd__a31o_1)
                                                         _3543_ (net)
                      0.105518    0.000053   25.476215 v _8273_/A2 (sky130_fd_sc_hd__a21oi_1)
     1    0.004974    0.239464    0.291763   25.767979 ^ _8273_/Y (sky130_fd_sc_hd__a21oi_1)
                                                         _3545_ (net)
                      0.239464    0.000044   25.768023 ^ _8362_/A (sky130_fd_sc_hd__xnor2_1)
     1    0.003083    0.097177    0.202036   25.970058 v _8362_/Y (sky130_fd_sc_hd__xnor2_1)
                                                         _3641_ (net)
                      0.097177    0.000041   25.970100 v _8363_/A1 (sky130_fd_sc_hd__mux2_1)
     1    0.002193    0.106357    0.649353   26.619452 v _8363_/X (sky130_fd_sc_hd__mux2_1)
                                                         _0074_ (net)
                      0.106357    0.000020   26.619473 v _8486_/D (sky130_fd_sc_hd__dfrtp_1)
                                             26.619473   data arrival time

                                 25.000000   25.000000   clock clk (rise edge)
                                  0.000000   25.000000   clock source latency
     2    0.035033    0.255339    0.177470   25.177469 ^ clk (in)
                                                         clk (net)
                      0.255388    0.000000   25.177469 ^ clkbuf_0_clk/A (sky130_fd_sc_hd__clkbuf_16)
    33    0.143595    0.237599    0.444594   25.622063 ^ clkbuf_0_clk/X (sky130_fd_sc_hd__clkbuf_16)
                                                         clknet_0_clk (net)
                      0.237646    0.003448   25.625511 ^ clkbuf_4_15_0_clk/A (sky130_fd_sc_hd__clkbuf_8)
    15    0.062698    0.185302    0.395996   26.021507 ^ clkbuf_4_15_0_clk/X (sky130_fd_sc_hd__clkbuf_8)
                                                         clknet_4_15_0_clk (net)
                      0.185306    0.001197   26.022705 ^ _8486_/CLK (sky130_fd_sc_hd__dfrtp_1)
                                 -0.250000   25.772705   clock uncertainty
                                  0.000000   25.772705   clock reconvergence pessimism
                                 -0.260967   25.511740   library setup time
                                             25.511740   data required time
---------------------------------------------------------------------------------------------
                                             25.511740   data required time
                                            -26.619473   data arrival time
---------------------------------------------------------------------------------------------
                                             -1.107733   slack (VIOLATED)




===========================================================================
report_checks --slack_max -0.01
============================================================================
======================= min_ss_100C_1v60 Corner ===================================

Startpoint: gpio_in[4] (input port clocked by clk)
Endpoint: _8486_ (rising edge-triggered flip-flop clocked by clk)
Path Group: clk
Path Type: max

Fanout         Cap        Slew       Delay        Time   Description
---------------------------------------------------------------------------------------------
                                  0.000000    0.000000   clock clk (rise edge)
                                  0.000000    0.000000   clock network delay (propagated)
                                  5.000000    5.000000 ^ input external delay
     2    0.005579    0.051117    0.030420    5.030420 ^ gpio_in[4] (in)
                                                         gpio_in[4] (net)
                      0.051117    0.000000    5.030420 ^ input14/A (sky130_fd_sc_hd__clkbuf_4)
    13    0.064799    0.313087    0.417706    5.448126 ^ input14/X (sky130_fd_sc_hd__clkbuf_4)
                                                         net14 (net)
                      0.313087    0.001034    5.449160 ^ _4208_/A1 (sky130_fd_sc_hd__o21ai_2)
     5    0.023627    0.221167    0.323126    5.772285 v _4208_/Y (sky130_fd_sc_hd__o21ai_2)
                                                         _2242_ (net)
                      0.221167    0.000268    5.772553 v fanout148/A (sky130_fd_sc_hd__clkbuf_4)
    21    0.067926    0.246448    0.480445    6.252998 v fanout148/X (sky130_fd_sc_hd__clkbuf_4)
                                                         net148 (net)
                      0.246454    0.001589    6.254587 v _4209_/A (sky130_fd_sc_hd__inv_2)
     3    0.021522    0.171876    0.243272    6.497859 ^ _4209_/Y (sky130_fd_sc_hd__inv_2)
                                                         PID_INST.k3_calc.d1.y[2] (net)
                      0.171876    0.000091    6.497950 ^ fanout121/A (sky130_fd_sc_hd__clkbuf_4)
    21    0.066093    0.318790    0.477979    6.975929 ^ fanout121/X (sky130_fd_sc_hd__clkbuf_4)
                                                         net121 (net)
                      0.318790    0.000312    6.976241 ^ fanout120/A (sky130_fd_sc_hd__buf_2)
    21    0.058132    0.449967    0.578644    7.554885 ^ fanout120/X (sky130_fd_sc_hd__buf_2)
                                                         net120 (net)
                      0.449967    0.000886    7.555771 ^ _4652_/B (sky130_fd_sc_hd__nand4_1)
     4    0.009433    0.368110    0.473297    8.029068 v _4652_/Y (sky130_fd_sc_hd__nand4_1)
                                                         _3930_ (net)
                      0.368110    0.000060    8.029128 v _4659_/C (sky130_fd_sc_hd__and4_1)
     2    0.005138    0.092549    0.553874    8.583002 v _4659_/X (sky130_fd_sc_hd__and4_1)
                                                         _3937_ (net)
                      0.092549    0.000054    8.583056 v _4661_/A_N (sky130_fd_sc_hd__and2b_1)
     1    0.004815    0.096536    0.398290    8.981346 ^ _4661_/X (sky130_fd_sc_hd__and2b_1)
                                                         _3939_ (net)
                      0.096536    0.000043    8.981389 ^ _4663_/A (sky130_fd_sc_hd__xnor2_1)
     1    0.003135    0.098252    0.148736    9.130125 v _4663_/Y (sky130_fd_sc_hd__xnor2_1)
                                                         _3941_ (net)
                      0.098252    0.000023    9.130149 v _4666_/B1 (sky130_fd_sc_hd__a41o_1)
     1    0.002388    0.066566    0.358930    9.489079 v _4666_/X (sky130_fd_sc_hd__a41o_1)
                                                         _3944_ (net)
                      0.066566    0.000009    9.489087 v _4670_/A (sky130_fd_sc_hd__nand3_1)
     2    0.006540    0.148940    0.141362    9.630449 ^ _4670_/Y (sky130_fd_sc_hd__nand3_1)
                                                         _3948_ (net)
                      0.148940    0.000082    9.630531 ^ _4672_/A (sky130_fd_sc_hd__nand2_1)
     1    0.003216    0.096608    0.131953    9.762485 v _4672_/Y (sky130_fd_sc_hd__nand2_1)
                                                         _3950_ (net)
                      0.096608    0.000024    9.762508 v _4675_/A2 (sky130_fd_sc_hd__a31o_1)
     2    0.006708    0.098163    0.413347   10.175855 v _4675_/X (sky130_fd_sc_hd__a31o_1)
                                                         _3953_ (net)
                      0.098163    0.000079   10.175934 v _4677_/A2 (sky130_fd_sc_hd__o21a_1)
     1    0.002520    0.062587    0.313681   10.489614 v _4677_/X (sky130_fd_sc_hd__o21a_1)
                                                         _3955_ (net)
                      0.062587    0.000022   10.489637 v _4678_/C1 (sky130_fd_sc_hd__a221o_1)
     1    0.005147    0.115602    0.518611   11.008248 v _4678_/X (sky130_fd_sc_hd__a221o_1)
                                                         _3956_ (net)
                      0.115602    0.000110   11.008358 v _4681_/A2 (sky130_fd_sc_hd__a22o_1)
     1    0.003798    0.080322    0.438416   11.446774 v _4681_/X (sky130_fd_sc_hd__a22o_1)
                                                         _3959_ (net)
                      0.080322    0.000054   11.446829 v _4683_/A2 (sky130_fd_sc_hd__a31o_1)
     2    0.008454    0.112391    0.420748   11.867577 v _4683_/X (sky130_fd_sc_hd__a31o_1)
                                                         _3961_ (net)
                      0.112391    0.000206   11.867783 v _4684_/C (sky130_fd_sc_hd__and3_1)
     3    0.017406    0.186525    0.499453   12.367235 v _4684_/X (sky130_fd_sc_hd__and3_1)
                                                         _3962_ (net)
                      0.186526    0.000838   12.368074 v _4740_/A (sky130_fd_sc_hd__and2_1)
     2    0.005532    0.090175    0.355579   12.723653 v _4740_/X (sky130_fd_sc_hd__and2_1)
                                                         _4018_ (net)
                      0.090175    0.000068   12.723721 v _4809_/A3 (sky130_fd_sc_hd__o311a_1)
     3    0.015583    0.197961    0.680581   13.404301 v _4809_/X (sky130_fd_sc_hd__o311a_1)
                                                         _4087_ (net)
                      0.197961    0.000282   13.404584 v _4877_/A2 (sky130_fd_sc_hd__o211ai_4)
     4    0.018537    0.336939    0.400320   13.804903 ^ _4877_/Y (sky130_fd_sc_hd__o211ai_4)
                                                         _4155_ (net)
                      0.336940    0.000403   13.805306 ^ _5034_/A2 (sky130_fd_sc_hd__a211oi_2)
     4    0.012311    0.195072    0.288153   14.093459 v _5034_/Y (sky130_fd_sc_hd__a211oi_2)
                                                         _0224_ (net)
                      0.195072    0.000117   14.093576 v _5211_/A3 (sky130_fd_sc_hd__o311a_1)
     3    0.014320    0.188726    0.711529   14.805105 v _5211_/X (sky130_fd_sc_hd__o311a_1)
                                                         _0401_ (net)
                      0.188726    0.000198   14.805304 v _5285_/B (sky130_fd_sc_hd__or4_1)
     3    0.006792    0.233221    1.287435   16.092739 v _5285_/X (sky130_fd_sc_hd__or4_1)
                                                         _0475_ (net)
                      0.233221    0.000037   16.092775 v _5286_/B (sky130_fd_sc_hd__nand2_1)
     1    0.005287    0.115065    0.201471   16.294247 ^ _5286_/Y (sky130_fd_sc_hd__nand2_1)
                                                         _0476_ (net)
                      0.115065    0.000110   16.294357 ^ fanout47/A (sky130_fd_sc_hd__clkbuf_4)
    21    0.070636    0.339145    0.465146   16.759502 ^ fanout47/X (sky130_fd_sc_hd__clkbuf_4)
                                                         net47 (net)
                      0.339181    0.003627   16.763130 ^ _5287_/B (sky130_fd_sc_hd__nor2_1)
     1    0.004503    0.092722    0.177126   16.940256 v _5287_/Y (sky130_fd_sc_hd__nor2_1)
                                                         _0477_ (net)
                      0.092722    0.000037   16.940292 v _6005_/A (sky130_fd_sc_hd__xor2_1)
     2    0.007937    0.341318    0.364171   17.304464 ^ _6005_/X (sky130_fd_sc_hd__xor2_1)
                                                         _1195_ (net)
                      0.341318    0.000055   17.304520 ^ _6006_/B (sky130_fd_sc_hd__xor2_1)
     2    0.010385    0.401093    0.501444   17.805964 ^ _6006_/X (sky130_fd_sc_hd__xor2_1)
                                                         _1196_ (net)
                      0.401093    0.000249   17.806211 ^ _6007_/B (sky130_fd_sc_hd__xnor2_1)
     2    0.006535    0.317022    0.353518   18.159731 ^ _6007_/Y (sky130_fd_sc_hd__xnor2_1)
                                                         _1197_ (net)
                      0.317022    0.000030   18.159760 ^ _6009_/B (sky130_fd_sc_hd__xor2_1)
     2    0.013075    0.480863    0.554406   18.714167 ^ _6009_/X (sky130_fd_sc_hd__xor2_1)
                                                         _1199_ (net)
                      0.480863    0.000359   18.714525 ^ _6010_/B (sky130_fd_sc_hd__xor2_1)
     2    0.008439    0.356301    0.494840   19.209366 ^ _6010_/X (sky130_fd_sc_hd__xor2_1)
                                                         _1200_ (net)
                      0.356301    0.000105   19.209471 ^ _6013_/A (sky130_fd_sc_hd__xnor2_1)
     2    0.008176    0.371696    0.356057   19.565527 ^ _6013_/Y (sky130_fd_sc_hd__xnor2_1)
                                                         _1203_ (net)
                      0.371696    0.000082   19.565609 ^ _6016_/A (sky130_fd_sc_hd__xor2_1)
     2    0.013610    0.511221    0.572699   20.138308 ^ _6016_/X (sky130_fd_sc_hd__xor2_1)
                                                         _1206_ (net)
                      0.511221    0.000165   20.138474 ^ _6019_/A (sky130_fd_sc_hd__xor2_2)
     2    0.014450    0.342877    0.487733   20.626205 ^ _6019_/X (sky130_fd_sc_hd__xor2_2)
                                                         _1209_ (net)
                      0.342877    0.000076   20.626282 ^ _6021_/A (sky130_fd_sc_hd__xnor2_2)
     2    0.012338    0.318609    0.343364   20.969646 ^ _6021_/Y (sky130_fd_sc_hd__xnor2_2)
                                                         _1211_ (net)
                      0.318609    0.000437   20.970083 ^ _6099_/A_N (sky130_fd_sc_hd__and2b_1)
     1    0.002800    0.065805    0.447221   21.417305 v _6099_/X (sky130_fd_sc_hd__and2b_1)
                                                         _1289_ (net)
                      0.065805    0.000027   21.417330 v _6298_/B1 (sky130_fd_sc_hd__a21o_1)
     2    0.008683    0.105918    0.323565   21.740896 v _6298_/X (sky130_fd_sc_hd__a21o_1)
                                                         _1487_ (net)
                      0.105918    0.000101   21.740997 v _6497_/A2 (sky130_fd_sc_hd__a21o_1)
     2    0.007984    0.100464    0.373356   22.114353 v _6497_/X (sky130_fd_sc_hd__a21o_1)
                                                         _1685_ (net)
                      0.100464    0.000083   22.114437 v _6700_/A2 (sky130_fd_sc_hd__a21o_1)
     2    0.010570    0.121253    0.390894   22.505331 v _6700_/X (sky130_fd_sc_hd__a21o_1)
                                                         _1898_ (net)
                      0.121253    0.000256   22.505587 v _6902_/A2 (sky130_fd_sc_hd__a21o_1)
     2    0.007353    0.095519    0.374934   22.880522 v _6902_/X (sky130_fd_sc_hd__a21o_1)
                                                         _2112_ (net)
                      0.095519    0.000075   22.880596 v _7091_/A2 (sky130_fd_sc_hd__a21o_1)
     2    0.007775    0.098839    0.367399   23.247993 v _7091_/X (sky130_fd_sc_hd__a21o_1)
                                                         _2312_ (net)
                      0.098839    0.000076   23.248072 v _7250_/A2 (sky130_fd_sc_hd__a21o_1)
     2    0.010593    0.121384    0.390489   23.638559 v _7250_/X (sky130_fd_sc_hd__a21o_1)
                                                         _2480_ (net)
                      0.121384    0.000092   23.638653 v _7409_/A2 (sky130_fd_sc_hd__a21oi_2)
     3    0.018067    0.386462    0.424761   24.063414 ^ _7409_/Y (sky130_fd_sc_hd__a21oi_2)
                                                         _2649_ (net)
                      0.386462    0.000268   24.063681 ^ _7568_/A2 (sky130_fd_sc_hd__o311ai_4)
     4    0.011358    0.197194    0.317820   24.381502 v _7568_/Y (sky130_fd_sc_hd__o311ai_4)
                                                         _2816_ (net)
                      0.197194    0.000153   24.381655 v _8009_/A1 (sky130_fd_sc_hd__a311o_1)
     3    0.010624    0.167233    0.641798   25.023453 v _8009_/X (sky130_fd_sc_hd__a311o_1)
                                                         _3264_ (net)
                      0.167233    0.000137   25.023590 v _8270_/A2 (sky130_fd_sc_hd__a31o_1)
     2    0.007622    0.105518    0.452573   25.476162 v _8270_/X (sky130_fd_sc_hd__a31o_1)
                                                         _3543_ (net)
                      0.105518    0.000053   25.476215 v _8273_/A2 (sky130_fd_sc_hd__a21oi_1)
     1    0.004974    0.239464    0.291763   25.767979 ^ _8273_/Y (sky130_fd_sc_hd__a21oi_1)
                                                         _3545_ (net)
                      0.239464    0.000044   25.768023 ^ _8362_/A (sky130_fd_sc_hd__xnor2_1)
     1    0.003083    0.097177    0.202036   25.970058 v _8362_/Y (sky130_fd_sc_hd__xnor2_1)
                                                         _3641_ (net)
                      0.097177    0.000041   25.970100 v _8363_/A1 (sky130_fd_sc_hd__mux2_1)
     1    0.002193    0.106357    0.649353   26.619452 v _8363_/X (sky130_fd_sc_hd__mux2_1)
                                                         _0074_ (net)
                      0.106357    0.000020   26.619473 v _8486_/D (sky130_fd_sc_hd__dfrtp_1)
                                             26.619473   data arrival time

                                 25.000000   25.000000   clock clk (rise edge)
                                  0.000000   25.000000   clock source latency
     2    0.035033    0.255339    0.177470   25.177469 ^ clk (in)
                                                         clk (net)
                      0.255388    0.000000   25.177469 ^ clkbuf_0_clk/A (sky130_fd_sc_hd__clkbuf_16)
    33    0.143595    0.237599    0.444594   25.622063 ^ clkbuf_0_clk/X (sky130_fd_sc_hd__clkbuf_16)
                                                         clknet_0_clk (net)
                      0.237646    0.003448   25.625511 ^ clkbuf_4_15_0_clk/A (sky130_fd_sc_hd__clkbuf_8)
    15    0.062698    0.185302    0.395996   26.021507 ^ clkbuf_4_15_0_clk/X (sky130_fd_sc_hd__clkbuf_8)
                                                         clknet_4_15_0_clk (net)
                      0.185306    0.001197   26.022705 ^ _8486_/CLK (sky130_fd_sc_hd__dfrtp_1)
                                 -0.250000   25.772705   clock uncertainty
                                  0.000000   25.772705   clock reconvergence pessimism
                                 -0.260967   25.511740   library setup time
                                             25.511740   data required time
---------------------------------------------------------------------------------------------
                                             25.511740   data required time
                                            -26.619473   data arrival time
---------------------------------------------------------------------------------------------
                                             -1.107733   slack (VIOLATED)




===========================================================================
 report_check_types -max_slew -max_cap -max_fanout -violators
============================================================================
======================= min_ss_100C_1v60 Corner ===================================

max slew

Pin                                        Limit        Slew       Slack
------------------------------------------------------------------------
_6790_/B                                0.750000    0.841693   -0.091693 (VIOLATED)
ANTENNA__6790__B/DIODE                  0.750000    0.841693   -0.091693 (VIOLATED)
_6373_/A2                               0.750000    0.841692   -0.091692 (VIOLATED)
ANTENNA__6373__A2/DIODE                 0.750000    0.841692   -0.091692 (VIOLATED)
_6182_/B                                0.750000    0.841691   -0.091691 (VIOLATED)
_6181_/B                                0.750000    0.841691   -0.091691 (VIOLATED)
ANTENNA__6181__B/DIODE                  0.750000    0.841691   -0.091691 (VIOLATED)
ANTENNA__6182__B/DIODE                  0.750000    0.841691   -0.091691 (VIOLATED)
_5974_/B                                0.750000    0.841691   -0.091691 (VIOLATED)
ANTENNA__5974__B/DIODE                  0.750000    0.841691   -0.091691 (VIOLATED)
ANTENNA__4968__B/DIODE                  0.750000    0.841690   -0.091690 (VIOLATED)
_4968_/B                                0.750000    0.841690   -0.091690 (VIOLATED)
ANTENNA__4966__Y/DIODE                  0.750000    0.841688   -0.091688 (VIOLATED)
ANTENNA__5266__B/DIODE                  0.750000    0.841688   -0.091688 (VIOLATED)
ANTENNA__5333__B/DIODE                  0.750000    0.841688   -0.091688 (VIOLATED)
_4966_/Y                                0.750000    0.841688   -0.091688 (VIOLATED)
_5266_/B                                0.750000    0.841688   -0.091688 (VIOLATED)
_5333_/B                                0.750000    0.841688   -0.091688 (VIOLATED)
ANTENNA__7248__A/DIODE                  0.750000    0.801360   -0.051360 (VIOLATED)
ANTENNA__7249__A/DIODE                  0.750000    0.801360   -0.051360 (VIOLATED)
_7249_/A                                0.750000    0.801360   -0.051360 (VIOLATED)
_7248_/A                                0.750000    0.801360   -0.051360 (VIOLATED)
ANTENNA__7174__Y/DIODE                  0.750000    0.801353   -0.051353 (VIOLATED)
_7174_/Y                                0.750000    0.801353   -0.051353 (VIOLATED)
_4554_/B                                0.750000    0.790568   -0.040568 (VIOLATED)
ANTENNA__4554__B/DIODE                  0.750000    0.790568   -0.040568 (VIOLATED)
_4768_/B                                0.750000    0.790567   -0.040567 (VIOLATED)
_4555_/C                                0.750000    0.790567   -0.040567 (VIOLATED)
ANTENNA__4555__C/DIODE                  0.750000    0.790567   -0.040567 (VIOLATED)
ANTENNA__4768__B/DIODE                  0.750000    0.790566   -0.040566 (VIOLATED)
_4837_/B                                0.750000    0.790559   -0.040559 (VIOLATED)
ANTENNA__4837__B/DIODE                  0.750000    0.790556   -0.040556 (VIOLATED)
_4917_/B1                               0.750000    0.790548   -0.040548 (VIOLATED)
ANTENNA__4917__B1/DIODE                 0.750000    0.790548   -0.040548 (VIOLATED)
ANTENNA__4915__B/DIODE                  0.750000    0.790541   -0.040542 (VIOLATED)
_4915_/B                                0.750000    0.790541   -0.040542 (VIOLATED)
_5087_/B                                0.750000    0.790533   -0.040533 (VIOLATED)
ANTENNA__5087__B/DIODE                  0.750000    0.790531   -0.040531 (VIOLATED)
_6153_/B                                0.750000    0.790487   -0.040487 (VIOLATED)
ANTENNA__6153__B/DIODE                  0.750000    0.790484   -0.040484 (VIOLATED)
_5310_/B                                0.750000    0.790481   -0.040481 (VIOLATED)
ANTENNA__5310__B/DIODE                  0.750000    0.790480   -0.040480 (VIOLATED)
ANTENNA__5948__B/DIODE                  0.750000    0.790478   -0.040478 (VIOLATED)
_5948_/B                                0.750000    0.790478   -0.040478 (VIOLATED)
ANTENNA__4496__Y/DIODE                  0.750000    0.790475   -0.040475 (VIOLATED)
_4496_/Y                                0.750000    0.790475   -0.040475 (VIOLATED)
_4804_/Y                                0.750000    0.782907   -0.032907 (VIOLATED)
_4806_/B1                               0.750000    0.782907   -0.032907 (VIOLATED)
_4807_/B1                               0.750000    0.782907   -0.032907 (VIOLATED)
_4808_/A1                               0.750000    0.782907   -0.032907 (VIOLATED)
max_cap67/A                             0.750000    0.782907   -0.032907 (VIOLATED)

max fanout

Pin                                   Limit Fanout  Slack
---------------------------------------------------------
clkbuf_0_clk/X                           10     33    -23 (VIOLATED)
clkbuf_4_1_0_clk/X                       10     25    -15 (VIOLATED)
_4190_/Y                                 10     21    -11 (VIOLATED)
_4496_/Y                                 10     21    -11 (VIOLATED)
fanout100/X                              10     21    -11 (VIOLATED)
fanout101/X                              10     21    -11 (VIOLATED)
fanout103/X                              10     21    -11 (VIOLATED)
fanout105/X                              10     21    -11 (VIOLATED)
fanout107/X                              10     21    -11 (VIOLATED)
fanout109/X                              10     21    -11 (VIOLATED)
fanout111/X                              10     21    -11 (VIOLATED)
fanout113/X                              10     21    -11 (VIOLATED)
fanout114/X                              10     21    -11 (VIOLATED)
fanout116/X                              10     21    -11 (VIOLATED)
fanout118/X                              10     21    -11 (VIOLATED)
fanout119/X                              10     21    -11 (VIOLATED)
fanout120/X                              10     21    -11 (VIOLATED)
fanout121/X                              10     21    -11 (VIOLATED)
fanout123/X                              10     21    -11 (VIOLATED)
fanout125/X                              10     21    -11 (VIOLATED)
fanout127/X                              10     21    -11 (VIOLATED)
fanout132/X                              10     21    -11 (VIOLATED)
fanout135/X                              10     21    -11 (VIOLATED)
fanout137/X                              10     21    -11 (VIOLATED)
fanout138/X                              10     21    -11 (VIOLATED)
fanout139/X                              10     21    -11 (VIOLATED)
fanout140/X                              10     21    -11 (VIOLATED)
fanout142/X                              10     21    -11 (VIOLATED)
fanout147/X                              10     21    -11 (VIOLATED)
fanout148/X                              10     21    -11 (VIOLATED)
fanout157/X                              10     21    -11 (VIOLATED)
fanout162/X                              10     21    -11 (VIOLATED)
fanout163/X                              10     21    -11 (VIOLATED)
fanout173/X                              10     21    -11 (VIOLATED)
fanout175/X                              10     21    -11 (VIOLATED)
fanout183/X                              10     21    -11 (VIOLATED)
fanout187/X                              10     21    -11 (VIOLATED)
fanout189/X                              10     21    -11 (VIOLATED)
fanout190/X                              10     21    -11 (VIOLATED)
fanout193/X                              10     21    -11 (VIOLATED)
fanout194/X                              10     21    -11 (VIOLATED)
fanout195/X                              10     21    -11 (VIOLATED)
fanout199/X                              10     21    -11 (VIOLATED)
fanout201/X                              10     21    -11 (VIOLATED)
fanout203/X                              10     21    -11 (VIOLATED)
fanout205/X                              10     21    -11 (VIOLATED)
fanout207/X                              10     21    -11 (VIOLATED)
fanout209/X                              10     21    -11 (VIOLATED)
fanout210/X                              10     21    -11 (VIOLATED)
fanout214/X                              10     21    -11 (VIOLATED)
fanout215/X                              10     21    -11 (VIOLATED)
fanout219/X                              10     21    -11 (VIOLATED)
fanout223/X                              10     21    -11 (VIOLATED)
fanout226/X                              10     21    -11 (VIOLATED)
fanout227/X                              10     21    -11 (VIOLATED)
fanout230/X                              10     21    -11 (VIOLATED)
fanout232/X                              10     21    -11 (VIOLATED)
fanout237/X                              10     21    -11 (VIOLATED)
fanout239/X                              10     21    -11 (VIOLATED)
fanout251/X                              10     21    -11 (VIOLATED)
fanout252/X                              10     21    -11 (VIOLATED)
fanout254/X                              10     21    -11 (VIOLATED)
fanout256/X                              10     21    -11 (VIOLATED)
fanout258/X                              10     21    -11 (VIOLATED)
fanout260/X                              10     21    -11 (VIOLATED)
fanout273/X                              10     21    -11 (VIOLATED)
fanout276/X                              10     21    -11 (VIOLATED)
fanout278/X                              10     21    -11 (VIOLATED)
fanout280/X                              10     21    -11 (VIOLATED)
fanout285/X                              10     21    -11 (VIOLATED)
fanout286/X                              10     21    -11 (VIOLATED)
fanout287/X                              10     21    -11 (VIOLATED)
fanout288/X                              10     21    -11 (VIOLATED)
fanout291/X                              10     21    -11 (VIOLATED)
fanout293/X                              10     21    -11 (VIOLATED)
fanout294/X                              10     21    -11 (VIOLATED)
fanout295/X                              10     21    -11 (VIOLATED)
fanout296/X                              10     21    -11 (VIOLATED)
fanout305/X                              10     21    -11 (VIOLATED)
fanout306/X                              10     21    -11 (VIOLATED)
fanout308/X                              10     21    -11 (VIOLATED)
fanout311/X                              10     21    -11 (VIOLATED)
fanout314/X                              10     21    -11 (VIOLATED)
fanout317/X                              10     21    -11 (VIOLATED)
fanout322/X                              10     21    -11 (VIOLATED)
fanout327/X                              10     21    -11 (VIOLATED)
fanout328/X                              10     21    -11 (VIOLATED)
fanout340/X                              10     21    -11 (VIOLATED)
fanout37/X                               10     21    -11 (VIOLATED)
fanout40/X                               10     21    -11 (VIOLATED)
fanout42/X                               10     21    -11 (VIOLATED)
fanout44/X                               10     21    -11 (VIOLATED)
fanout47/X                               10     21    -11 (VIOLATED)
fanout50/X                               10     21    -11 (VIOLATED)
fanout51/X                               10     21    -11 (VIOLATED)
fanout53/X                               10     21    -11 (VIOLATED)
fanout58/X                               10     21    -11 (VIOLATED)
fanout63/X                               10     21    -11 (VIOLATED)
fanout65/X                               10     21    -11 (VIOLATED)
fanout70/X                               10     21    -11 (VIOLATED)
fanout71/X                               10     21    -11 (VIOLATED)
fanout78/X                               10     21    -11 (VIOLATED)
fanout79/X                               10     21    -11 (VIOLATED)
fanout81/X                               10     21    -11 (VIOLATED)
fanout83/X                               10     21    -11 (VIOLATED)
fanout84/X                               10     21    -11 (VIOLATED)
fanout85/X                               10     21    -11 (VIOLATED)
fanout86/X                               10     21    -11 (VIOLATED)
fanout88/X                               10     21    -11 (VIOLATED)
fanout89/X                               10     21    -11 (VIOLATED)
fanout95/X                               10     21    -11 (VIOLATED)
fanout97/X                               10     21    -11 (VIOLATED)
fanout99/X                               10     21    -11 (VIOLATED)
_4456_/Y                                 10     19     -9 (VIOLATED)
clkbuf_4_0_0_clk/X                       10     19     -9 (VIOLATED)
fanout110/X                              10     19     -9 (VIOLATED)
fanout115/X                              10     19     -9 (VIOLATED)
fanout186/X                              10     19     -9 (VIOLATED)
fanout220/X                              10     19     -9 (VIOLATED)
fanout228/X                              10     19     -9 (VIOLATED)
fanout275/X                              10     19     -9 (VIOLATED)
fanout299/X                              10     19     -9 (VIOLATED)
fanout331/X                              10     19     -9 (VIOLATED)
fanout341/X                              10     19     -9 (VIOLATED)
fanout80/X                               10     19     -9 (VIOLATED)
fanout87/X                               10     19     -9 (VIOLATED)
_4966_/Y                                 10     17     -7 (VIOLATED)
clkbuf_4_9_0_clk/X                       10     17     -7 (VIOLATED)
fanout104/X                              10     17     -7 (VIOLATED)
fanout108/X                              10     17     -7 (VIOLATED)
fanout117/X                              10     17     -7 (VIOLATED)
fanout159/X                              10     17     -7 (VIOLATED)
fanout182/X                              10     17     -7 (VIOLATED)
fanout188/X                              10     17     -7 (VIOLATED)
fanout198/X                              10     17     -7 (VIOLATED)
fanout216/X                              10     17     -7 (VIOLATED)
fanout225/X                              10     17     -7 (VIOLATED)
fanout236/X                              10     17     -7 (VIOLATED)
fanout74/X                               10     17     -7 (VIOLATED)
fanout98/X                               10     17     -7 (VIOLATED)
_4205_/Y                                 10     15     -5 (VIOLATED)
_4898_/Y                                 10     15     -5 (VIOLATED)
clkbuf_4_15_0_clk/X                      10     15     -5 (VIOLATED)
clkbuf_4_7_0_clk/X                       10     15     -5 (VIOLATED)
fanout112/X                              10     15     -5 (VIOLATED)
fanout129/X                              10     15     -5 (VIOLATED)
fanout131/X                              10     15     -5 (VIOLATED)
fanout174/X                              10     15     -5 (VIOLATED)
fanout196/X                              10     15     -5 (VIOLATED)
fanout202/X                              10     15     -5 (VIOLATED)
fanout208/X                              10     15     -5 (VIOLATED)
fanout212/X                              10     15     -5 (VIOLATED)
fanout262/X                              10     15     -5 (VIOLATED)
fanout266/X                              10     15     -5 (VIOLATED)
fanout289/X                              10     15     -5 (VIOLATED)
fanout316/X                              10     15     -5 (VIOLATED)
fanout339/X                              10     15     -5 (VIOLATED)
fanout77/X                               10     15     -5 (VIOLATED)
input13/X                                10     15     -5 (VIOLATED)
input16/X                                10     15     -5 (VIOLATED)
input17/X                                10     15     -5 (VIOLATED)
input19/X                                10     15     -5 (VIOLATED)
_4232_/Y                                 10     13     -3 (VIOLATED)
_4821_/X                                 10     13     -3 (VIOLATED)
clkbuf_4_6_0_clk/X                       10     13     -3 (VIOLATED)
fanout192/X                              10     13     -3 (VIOLATED)
fanout204/X                              10     13     -3 (VIOLATED)
fanout213/X                              10     13     -3 (VIOLATED)
fanout221/X                              10     13     -3 (VIOLATED)
fanout229/X                              10     13     -3 (VIOLATED)
fanout277/X                              10     13     -3 (VIOLATED)
fanout309/X                              10     13     -3 (VIOLATED)
fanout321/X                              10     13     -3 (VIOLATED)
fanout92/X                               10     13     -3 (VIOLATED)
input10/X                                10     13     -3 (VIOLATED)
input12/X                                10     13     -3 (VIOLATED)
input14/X                                10     13     -3 (VIOLATED)
input15/X                                10     13     -3 (VIOLATED)
input18/X                                10     13     -3 (VIOLATED)
input3/X                                 10     13     -3 (VIOLATED)
input4/X                                 10     13     -3 (VIOLATED)
input5/X                                 10     13     -3 (VIOLATED)
input6/X                                 10     13     -3 (VIOLATED)
input7/X                                 10     13     -3 (VIOLATED)
input8/X                                 10     13     -3 (VIOLATED)
input9/X                                 10     13     -3 (VIOLATED)
clkbuf_4_4_0_clk/X                       10     12     -2 (VIOLATED)
_4817_/X                                 10     11        (VIOLATED)
clkbuf_4_10_0_clk/X                      10     11        (VIOLATED)
clkbuf_4_11_0_clk/X                      10     11        (VIOLATED)
clkbuf_4_13_0_clk/X                      10     11        (VIOLATED)
fanout156/X                              10     11        (VIOLATED)
fanout200/X                              10     11        (VIOLATED)
fanout206/X                              10     11        (VIOLATED)
fanout217/X                              10     11        (VIOLATED)
fanout255/X                              10     11        (VIOLATED)
fanout259/X                              10     11        (VIOLATED)
fanout282/X                              10     11        (VIOLATED)
fanout292/X                              10     11        (VIOLATED)
fanout297/X                              10     11        (VIOLATED)
fanout304/X                              10     11        (VIOLATED)
fanout62/X                               10     11        (VIOLATED)



===========================================================================
report_parasitic_annotation -report_unannotated
============================================================================
Found 83 unannotated drivers.
 gpio_in[18]
 gpio_in[19]
 gpio_in[20]
 gpio_in[21]
 gpio_in[22]
 gpio_in[23]
 gpio_in[24]
 gpio_in[25]
 gpio_in[26]
 gpio_in[27]
 gpio_in[28]
 gpio_in[29]
 gpio_in[30]
 gpio_in[31]
 gpio_in[32]
 gpio_in[33]
 clkload0/Y
 clkload1/Y
 clkload10/Y
 clkload11/Y
 clkload12/Y
 clkload13/Y
 clkload14/Y
 clkload2/Y
 clkload3/Y
 clkload4/Y
 clkload5/Y
 clkload6/Y
 clkload7/Y
 clkload8/Y
 clkload9/Y
 team_03_342/HI
 team_03_343/HI
 team_03_344/HI
 team_03_345/HI
 team_03_346/HI
 team_03_347/HI
 team_03_348/HI
 team_03_349/HI
 team_03_350/HI
 team_03_351/HI
 team_03_352/HI
 team_03_353/HI
 team_03_354/HI
 team_03_355/HI
 team_03_356/HI
 team_03_357/HI
 team_03_358/HI
 team_03_359/HI
 team_03_360/HI
 team_03_361/HI
 team_03_362/HI
 team_03_363/HI
 team_03_364/HI
 team_03_365/HI
 team_03_366/HI
 team_03_367/HI
 team_03_368/HI
 team_03_369/HI
 team_03_370/HI
 team_03_371/HI
 team_03_372/HI
 team_03_373/HI
 team_03_374/HI
 team_03_375/HI
 team_03_376/LO
 team_03_377/LO
 team_03_378/LO
 team_03_379/LO
 team_03_380/LO
 team_03_381/LO
 team_03_382/LO
 team_03_383/LO
 team_03_384/LO
 team_03_385/LO
 team_03_386/LO
 team_03_387/LO
 team_03_388/LO
 team_03_389/LO
 team_03_390/LO
 team_03_391/LO
 team_03_392/LO
 team_03_393/LO
Found 0 partially unannotated drivers.

===========================================================================
max slew violation count 51
max fanout violation count 202
max cap violation count 0
============================================================================

===========================================================================
check_setup -verbose -unconstrained_endpoints -multiple_clock -no_clock -no_input_delay -loops -generated_clocks
===========================================================================
Warning: There are 52 unconstrained endpoints.
  gpio_oeb[0]
  gpio_oeb[10]
  gpio_oeb[11]
  gpio_oeb[12]
  gpio_oeb[13]
  gpio_oeb[14]
  gpio_oeb[15]
  gpio_oeb[16]
  gpio_oeb[17]
  gpio_oeb[18]
  gpio_oeb[19]
  gpio_oeb[1]
  gpio_oeb[20]
  gpio_oeb[21]
  gpio_oeb[22]
  gpio_oeb[23]
  gpio_oeb[24]
  gpio_oeb[25]
  gpio_oeb[26]
  gpio_oeb[27]
  gpio_oeb[28]
  gpio_oeb[29]
  gpio_oeb[2]
  gpio_oeb[30]
  gpio_oeb[31]
  gpio_oeb[32]
  gpio_oeb[33]
  gpio_oeb[3]
  gpio_oeb[4]
  gpio_oeb[5]
  gpio_oeb[6]
  gpio_oeb[7]
  gpio_oeb[8]
  gpio_oeb[9]
  gpio_out[0]
  gpio_out[10]
  gpio_out[11]
  gpio_out[12]
  gpio_out[13]
  gpio_out[14]
  gpio_out[15]
  gpio_out[16]
  gpio_out[17]
  gpio_out[1]
  gpio_out[2]
  gpio_out[3]
  gpio_out[4]
  gpio_out[5]
  gpio_out[6]
  gpio_out[7]
  gpio_out[8]
  gpio_out[9]
