Clock: clk
Sources: clk 
Generated: no
Virtual: yes
Propagated: no
Period: 25.000000

===========================================================================
report_clock_properties
============================================================================
Clock                   Period          Waveform
----------------------------------------------------
clk                  25.000000    0.000000 12.500000

===========================================================================
report_clock_latency
============================================================================
Clock clk
rise -> rise
    min     max
0.000000 0.000000 source latency
1.020271         network latency _8403_/CLK
        1.121975 network latency _8400_/CLK
---------------
1.020271 1.121975 latency
        0.101704 skew

fall -> fall
    min     max
0.000000 0.000000 source latency
0.863638         network latency _8403_/CLK
        0.940331 network latency _8400_/CLK
---------------
0.863638 0.940331 latency
        0.076693 skew



===========================================================================
report_clock_min_period
============================================================================
clk period_min = 26.13 fmax = 38.26
