
===========================================================================
 report_power
============================================================================
======================= min_ss_100C_1v60 Corner ===================================

Group                    Internal    Switching      Leakage        Total
                            Power        Power        Power        Power (Watts)
------------------------------------------------------------------------
Sequential           9.560822e-04 1.257036e-04 4.426450e-05 1.126050e-03  19.6%
Combinational        1.404301e-03 2.313184e-03 9.797786e-05 3.815463e-03  66.4%
Clock                4.260943e-04 3.745536e-04 6.746985e-06 8.073950e-04  14.0%
Macro                0.000000e+00 0.000000e+00 0.000000e+00 0.000000e+00   0.0%
Pad                  0.000000e+00 0.000000e+00 0.000000e+00 0.000000e+00   0.0%
------------------------------------------------------------------------
Total                2.786481e-03 2.813443e-03 1.489861e-04 5.748909e-03 100.0%
                            48.5%        48.9%         2.6%

