
===========================================================================
report_checks -unconstrained
===========================================================================
======================= nom_ss_100C_1v60 Corner ===================================

Startpoint: en (input port clocked by clk)
Endpoint: _461_ (recovery check against rising-edge clock clk)
Path Group: asynchronous
Path Type: max

Fanout         Cap        Slew       Delay        Time   Description
---------------------------------------------------------------------------------------------
                                  0.000000    0.000000   clock clk (rise edge)
                                  0.000000    0.000000   clock network delay (propagated)
                                  5.000000    5.000000 ^ input external delay
     2    0.004869    0.046290    0.026704    5.026704 ^ en (in)
                                                         en (net)
                      0.046290    0.000000    5.026704 ^ input1/A (sky130_fd_sc_hd__clkdlybuf4s25_1)
     1    0.001849    0.060741    0.438842    5.465546 ^ input1/X (sky130_fd_sc_hd__clkdlybuf4s25_1)
                                                         net1 (net)
                      0.060741    0.000051    5.465597 ^ _229_/B (sky130_fd_sc_hd__and2_2)
     1    0.004155    0.076395    0.266598    5.732194 ^ _229_/X (sky130_fd_sc_hd__and2_2)
                                                         TOP.n_rst (net)
                      0.076395    0.000109    5.732303 ^ fanout51/A (sky130_fd_sc_hd__clkdlybuf4s25_1)
     5    0.025852    0.423096    0.721306    6.453609 ^ fanout51/X (sky130_fd_sc_hd__clkdlybuf4s25_1)
                                                         net51 (net)
                      0.423096    0.000852    6.454462 ^ fanout47/A (sky130_fd_sc_hd__clkdlybuf4s25_1)
     8    0.037073    0.597974    0.981621    7.436083 ^ fanout47/X (sky130_fd_sc_hd__clkdlybuf4s25_1)
                                                         net47 (net)
                      0.597974    0.001429    7.437511 ^ fanout45/A (sky130_fd_sc_hd__clkdlybuf4s25_1)
     6    0.025015    0.410514    0.911154    8.348665 ^ fanout45/X (sky130_fd_sc_hd__clkdlybuf4s25_1)
                                                         net45 (net)
                      0.410514    0.000464    8.349129 ^ load_slew46/A (sky130_fd_sc_hd__clkbuf_2)
     5    0.021374    0.192246    0.421674    8.770803 ^ load_slew46/X (sky130_fd_sc_hd__clkbuf_2)
                                                         net46 (net)
                      0.192246    0.000494    8.771297 ^ _461_/RESET_B (sky130_fd_sc_hd__dfrtp_2)
                                              8.771297   data arrival time

                                 25.000000   25.000000   clock clk (rise edge)
                                  0.000000   25.000000   clock source latency
     2    0.019974    0.149773    0.102336   25.102335 ^ clk (in)
                                                         clk (net)
                      0.149784    0.000000   25.102335 ^ clkbuf_0_clk/A (sky130_fd_sc_hd__clkbuf_16)
     8    0.083891    0.153489    0.333465   25.435801 ^ clkbuf_0_clk/X (sky130_fd_sc_hd__clkbuf_16)
                                                         clknet_0_clk (net)
                      0.153542    0.002760   25.438560 ^ clkbuf_3_5__f_clk/A (sky130_fd_sc_hd__clkbuf_16)
    10    0.032828    0.084309    0.277822   25.716383 ^ clkbuf_3_5__f_clk/X (sky130_fd_sc_hd__clkbuf_16)
                                                         clknet_3_5__leaf_clk (net)
                      0.084313    0.000702   25.717085 ^ _461_/CLK (sky130_fd_sc_hd__dfrtp_2)
                                 -0.250000   25.467085   clock uncertainty
                                  0.000000   25.467085   clock reconvergence pessimism
                                  0.397139   25.864223   library recovery time
                                             25.864223   data required time
---------------------------------------------------------------------------------------------
                                             25.864223   data required time
                                             -8.771297   data arrival time
---------------------------------------------------------------------------------------------
                                             17.092926   slack (MET)


Startpoint: _454_ (rising edge-triggered flip-flop clocked by clk)
Endpoint: gpio_out[10] (output port clocked by clk)
Path Group: clk
Path Type: max

Fanout         Cap        Slew       Delay        Time   Description
---------------------------------------------------------------------------------------------
                                  0.000000    0.000000   clock clk (rise edge)
                                  0.000000    0.000000   clock source latency
     2    0.019974    0.149773    0.102336    0.102336 ^ clk (in)
                                                         clk (net)
                      0.149784    0.000000    0.102336 ^ clkbuf_0_clk/A (sky130_fd_sc_hd__clkbuf_16)
     8    0.083891    0.153489    0.333465    0.435801 ^ clkbuf_0_clk/X (sky130_fd_sc_hd__clkbuf_16)
                                                         clknet_0_clk (net)
                      0.153502    0.001664    0.437465 ^ clkbuf_3_7__f_clk/A (sky130_fd_sc_hd__clkbuf_16)
     9    0.026281    0.075393    0.268791    0.706257 ^ clkbuf_3_7__f_clk/X (sky130_fd_sc_hd__clkbuf_16)
                                                         clknet_3_7__leaf_clk (net)
                      0.075394    0.000438    0.706695 ^ _454_/CLK (sky130_fd_sc_hd__dfrtp_2)
     2    0.006712    0.093569    0.827728    1.534422 v _454_/Q (sky130_fd_sc_hd__dfrtp_2)
                                                         TOP.top_rng_inst.display.current_data[3] (net)
                      0.093569    0.000154    1.534577 v fanout28/A (sky130_fd_sc_hd__clkdlybuf4s25_1)
    10    0.038798    0.521422    0.821274    2.355851 v fanout28/X (sky130_fd_sc_hd__clkdlybuf4s25_1)
                                                         net28 (net)
                      0.521422    0.001158    2.357009 v _262_/B (sky130_fd_sc_hd__or3b_2)
     2    0.006898    0.190619    1.247745    3.604754 v _262_/X (sky130_fd_sc_hd__or3b_2)
                                                         _085_ (net)
                      0.190619    0.000111    3.604865 v _263_/B1 (sky130_fd_sc_hd__o2bb2a_2)
     1    0.002337    0.078393    0.562358    4.167223 v _263_/X (sky130_fd_sc_hd__o2bb2a_2)
                                                         net7 (net)
                      0.078393    0.000066    4.167289 v output7/A (sky130_fd_sc_hd__clkdlybuf4s25_1)
     1    0.034654    0.468892    0.774903    4.942193 v output7/X (sky130_fd_sc_hd__clkdlybuf4s25_1)
                                                         gpio_out[10] (net)
                      0.468892    0.000803    4.942996 v gpio_out[10] (out)
                                              4.942996   data arrival time

                                 25.000000   25.000000   clock clk (rise edge)
                                  0.000000   25.000000   clock network delay (propagated)
                                 -0.250000   24.750000   clock uncertainty
                                  0.000000   24.750000   clock reconvergence pessimism
                                 -5.000000   19.750000   output external delay
                                             19.750000   data required time
---------------------------------------------------------------------------------------------
                                             19.750000   data required time
                                             -4.942996   data arrival time
---------------------------------------------------------------------------------------------
                                             14.807004   slack (MET)




===========================================================================
report_checks --slack_max -0.01
============================================================================
======================= nom_ss_100C_1v60 Corner ===================================

No paths found.


===========================================================================
 report_check_types -max_slew -max_cap -max_fanout -violators
============================================================================
======================= nom_ss_100C_1v60 Corner ===================================

max slew

Pin                                        Limit        Slew       Slack
------------------------------------------------------------------------
_276_/S                                 0.750000    1.163612   -0.413612 (VIOLATED)
ANTENNA__276__S/DIODE                   0.750000    1.163611   -0.413612 (VIOLATED)
_282_/S                                 0.750000    1.163612   -0.413612 (VIOLATED)
ANTENNA__282__S/DIODE                   0.750000    1.163611   -0.413611 (VIOLATED)
ANTENNA__292__A1/DIODE                  0.750000    1.163610   -0.413610 (VIOLATED)
_292_/A1                                0.750000    1.163610   -0.413610 (VIOLATED)
ANTENNA__323__S/DIODE                   0.750000    1.163610   -0.413610 (VIOLATED)
ANTENNA__331__S/DIODE                   0.750000    1.163610   -0.413610 (VIOLATED)
ANTENNA__335__S/DIODE                   0.750000    1.163610   -0.413610 (VIOLATED)
ANTENNA__338__S/DIODE                   0.750000    1.163610   -0.413610 (VIOLATED)
ANTENNA__342__S/DIODE                   0.750000    1.163610   -0.413610 (VIOLATED)
ANTENNA__346__S/DIODE                   0.750000    1.163610   -0.413610 (VIOLATED)
ANTENNA__375__A2/DIODE                  0.750000    1.163610   -0.413610 (VIOLATED)
ANTENNA_fanout35_X/DIODE                0.750000    1.163610   -0.413610 (VIOLATED)
_323_/S                                 0.750000    1.163610   -0.413610 (VIOLATED)
_331_/S                                 0.750000    1.163610   -0.413610 (VIOLATED)
_335_/S                                 0.750000    1.163610   -0.413610 (VIOLATED)
_338_/S                                 0.750000    1.163610   -0.413610 (VIOLATED)
_342_/S                                 0.750000    1.163610   -0.413610 (VIOLATED)
_346_/S                                 0.750000    1.163610   -0.413610 (VIOLATED)
_375_/A2                                0.750000    1.163610   -0.413610 (VIOLATED)
fanout35/X                              0.750000    1.163610   -0.413610 (VIOLATED)
_381_/B1                                0.750000    1.054260   -0.304260 (VIOLATED)
ANTENNA__381__B1/DIODE                  0.750000    1.054260   -0.304260 (VIOLATED)
_384_/A2                                0.750000    1.054259   -0.304259 (VIOLATED)
ANTENNA__384__A2/DIODE                  0.750000    1.054258   -0.304258 (VIOLATED)
_386_/A2                                0.750000    1.054256   -0.304256 (VIOLATED)
ANTENNA__386__A2/DIODE                  0.750000    1.054255   -0.304255 (VIOLATED)
_402_/A2                                0.750000    1.054247   -0.304247 (VIOLATED)
_404_/A2                                0.750000    1.054245   -0.304246 (VIOLATED)
ANTENNA__400__A2/DIODE                  0.750000    1.054245   -0.304245 (VIOLATED)
ANTENNA__406__A2/DIODE                  0.750000    1.054244   -0.304244 (VIOLATED)
_400_/A2                                0.750000    1.054245   -0.304245 (VIOLATED)
_406_/A2                                0.750000    1.054245   -0.304245 (VIOLATED)
ANTENNA__402__A2/DIODE                  0.750000    1.054244   -0.304244 (VIOLATED)
_396_/A2                                0.750000    1.054243   -0.304244 (VIOLATED)
ANTENNA__404__A2/DIODE                  0.750000    1.054243   -0.304243 (VIOLATED)
ANTENNA__375__B1/DIODE                  0.750000    1.054242   -0.304242 (VIOLATED)
ANTENNA__396__A2/DIODE                  0.750000    1.054242   -0.304242 (VIOLATED)
ANTENNA__398__A2/DIODE                  0.750000    1.054242   -0.304242 (VIOLATED)
ANTENNA_fanout23_X/DIODE                0.750000    1.054242   -0.304242 (VIOLATED)
_375_/B1                                0.750000    1.054242   -0.304242 (VIOLATED)
_398_/A2                                0.750000    1.054242   -0.304242 (VIOLATED)
fanout23/X                              0.750000    1.054242   -0.304242 (VIOLATED)
ANTENNA__380__B1/DIODE                  0.750000    1.012702   -0.262703 (VIOLATED)
_380_/B1                                0.750000    1.012703   -0.262703 (VIOLATED)
_388_/B1                                0.750000    1.012699   -0.262699 (VIOLATED)
ANTENNA__388__B1/DIODE                  0.750000    1.012698   -0.262698 (VIOLATED)
_384_/B1                                0.750000    1.012697   -0.262697 (VIOLATED)
ANTENNA__384__B1/DIODE                  0.750000    1.012696   -0.262696 (VIOLATED)
_386_/B1                                0.750000    1.012692   -0.262692 (VIOLATED)
ANTENNA__386__B1/DIODE                  0.750000    1.012688   -0.262688 (VIOLATED)
ANTENNA__406__B1/DIODE                  0.750000    1.012674   -0.262674 (VIOLATED)
_406_/B1                                0.750000    1.012674   -0.262674 (VIOLATED)
ANTENNA__400__B1/DIODE                  0.750000    1.012672   -0.262672 (VIOLATED)
_400_/B1                                0.750000    1.012672   -0.262672 (VIOLATED)
ANTENNA__402__B1/DIODE                  0.750000    1.012671   -0.262671 (VIOLATED)
_402_/B1                                0.750000    1.012671   -0.262671 (VIOLATED)
_404_/B1                                0.750000    1.012666   -0.262666 (VIOLATED)
ANTENNA__404__B1/DIODE                  0.750000    1.012662   -0.262662 (VIOLATED)
ANTENNA__396__B1/DIODE                  0.750000    1.012659   -0.262659 (VIOLATED)
ANTENNA__398__B1/DIODE                  0.750000    1.012659   -0.262659 (VIOLATED)
ANTENNA_fanout21_X/DIODE                0.750000    1.012659   -0.262659 (VIOLATED)
_396_/B1                                0.750000    1.012659   -0.262659 (VIOLATED)
_398_/B1                                0.750000    1.012659   -0.262659 (VIOLATED)
fanout21/X                              0.750000    1.012659   -0.262659 (VIOLATED)
_381_/A2                                0.750000    0.853103   -0.103103 (VIOLATED)
ANTENNA__381__A2/DIODE                  0.750000    0.853103   -0.103103 (VIOLATED)
_383_/B                                 0.750000    0.853102   -0.103102 (VIOLATED)
ANTENNA__383__B/DIODE                   0.750000    0.853101   -0.103101 (VIOLATED)
ANTENNA__374__B/DIODE                   0.750000    0.853099   -0.103099 (VIOLATED)
ANTENNA__379__A_N/DIODE                 0.750000    0.853099   -0.103099 (VIOLATED)
ANTENNA__395__A/DIODE                   0.750000    0.853099   -0.103099 (VIOLATED)
ANTENNA__397__A/DIODE                   0.750000    0.853099   -0.103099 (VIOLATED)
ANTENNA__399__A/DIODE                   0.750000    0.853099   -0.103099 (VIOLATED)
ANTENNA__401__A/DIODE                   0.750000    0.853099   -0.103099 (VIOLATED)
ANTENNA__403__A/DIODE                   0.750000    0.853099   -0.103099 (VIOLATED)
ANTENNA__405__A/DIODE                   0.750000    0.853099   -0.103099 (VIOLATED)
ANTENNA_fanout33_X/DIODE                0.750000    0.853099   -0.103099 (VIOLATED)
_374_/B                                 0.750000    0.853099   -0.103099 (VIOLATED)
_379_/A_N                               0.750000    0.853099   -0.103099 (VIOLATED)
_395_/A                                 0.750000    0.853099   -0.103099 (VIOLATED)
_397_/A                                 0.750000    0.853099   -0.103099 (VIOLATED)
_399_/A                                 0.750000    0.853099   -0.103099 (VIOLATED)
_401_/A                                 0.750000    0.853099   -0.103099 (VIOLATED)
_403_/A                                 0.750000    0.853099   -0.103099 (VIOLATED)
_405_/A                                 0.750000    0.853099   -0.103099 (VIOLATED)
fanout33/X                              0.750000    0.853099   -0.103099 (VIOLATED)

max fanout

Pin                                   Limit Fanout  Slack
---------------------------------------------------------
fanout21/X                               10     21    -11 (VIOLATED)
fanout23/X                               10     21    -11 (VIOLATED)
fanout33/X                               10     21    -11 (VIOLATED)
fanout35/X                               10     21    -11 (VIOLATED)
max_cap27/X                              10     19     -9 (VIOLATED)



===========================================================================
report_parasitic_annotation -report_unannotated
============================================================================
Found 94 unannotated drivers.
 gpio_in[10]
 gpio_in[11]
 gpio_in[12]
 gpio_in[13]
 gpio_in[14]
 gpio_in[15]
 gpio_in[16]
 gpio_in[17]
 gpio_in[18]
 gpio_in[19]
 gpio_in[20]
 gpio_in[21]
 gpio_in[22]
 gpio_in[23]
 gpio_in[24]
 gpio_in[25]
 gpio_in[26]
 gpio_in[27]
 gpio_in[28]
 gpio_in[29]
 gpio_in[30]
 gpio_in[31]
 gpio_in[32]
 gpio_in[33]
 gpio_in[4]
 gpio_in[5]
 gpio_in[6]
 gpio_in[7]
 gpio_in[8]
 gpio_in[9]
 _431__107/LO
 clkload0/X
 clkload1/X
 clkload2/X
 clkload3/X
 clkload4/X
 clkload5/X
 clkload6/X
 team_01/HI
 team_01_100/LO
 team_01_101/LO
 team_01_102/LO
 team_01_103/LO
 team_01_104/LO
 team_01_105/LO
 team_01_106/LO
 team_01_52/HI
 team_01_53/HI
 team_01_54/HI
 team_01_55/HI
 team_01_56/HI
 team_01_57/HI
 team_01_58/HI
 team_01_59/HI
 team_01_60/HI
 team_01_61/HI
 team_01_62/HI
 team_01_63/HI
 team_01_64/HI
 team_01_65/HI
 team_01_66/HI
 team_01_67/HI
 team_01_68/HI
 team_01_69/HI
 team_01_70/HI
 team_01_71/HI
 team_01_72/HI
 team_01_73/HI
 team_01_74/HI
 team_01_75/HI
 team_01_76/HI
 team_01_77/HI
 team_01_78/HI
 team_01_79/HI
 team_01_80/HI
 team_01_81/HI
 team_01_82/HI
 team_01_83/HI
 team_01_84/HI
 team_01_85/HI
 team_01_86/HI
 team_01_87/HI
 team_01_88/HI
 team_01_89/LO
 team_01_90/LO
 team_01_91/LO
 team_01_92/LO
 team_01_93/LO
 team_01_94/LO
 team_01_95/LO
 team_01_96/LO
 team_01_97/LO
 team_01_98/LO
 team_01_99/LO
Found 0 partially unannotated drivers.

===========================================================================
max slew violation count 88
max fanout violation count 5
max cap violation count 0
============================================================================

===========================================================================
check_setup -verbose -unconstrained_endpoints -multiple_clock -no_clock -no_input_delay -loops -generated_clocks
===========================================================================
Warning: There are 2 unclocked register/latch pins.
  _485_/CLK
  _486_/CLK
Warning: There are 4 unconstrained endpoints.
  gpio_out[16]
  gpio_out[17]
  _485_/D
  _486_/D
