Clock: clk
Sources: clk 
Generated: no
Virtual: yes
Propagated: no
Period: 25.000000

===========================================================================
report_clock_properties
============================================================================
Clock                   Period          Waveform
----------------------------------------------------
clk                  25.000000    0.000000 12.500000

===========================================================================
report_clock_latency
============================================================================
Clock clk
rise -> rise
    min     max
0.000000 0.000000 source latency
0.730514         network latency _482_/CLK
        1.424986 network latency _485_/CLK
---------------
0.730514 1.424986 latency
        0.694472 skew

rise -> fall
    min     max
0.000000 0.000000 source latency
1.515578         network latency _486_/CLK
        1.515591 network latency _485_/CLK
---------------
1.515578 1.515591 latency
        0.000013 skew

fall -> fall
    min     max
0.000000 0.000000 source latency
0.677319         network latency _482_/CLK
        0.692838 network latency _477_/CLK
---------------
0.677319 0.692838 latency
        0.015519 skew



===========================================================================
report_clock_min_period
============================================================================
clk period_min = 5.90 fmax = 169.62
