
===========================================================================
 report_power
============================================================================
======================= nom_ss_100C_1v60 Corner ===================================

Group                    Internal    Switching      Leakage        Total
                            Power        Power        Power        Power (Watts)
------------------------------------------------------------------------
Sequential           8.894591e-05 3.723820e-07 1.362935e-06 9.068123e-05  45.8%
Combinational        1.750002e-06 2.648535e-06 1.526528e-06 5.925065e-06   3.0%
Clock                6.615920e-05 3.510780e-05 2.337879e-07 1.015008e-04  51.2%
Macro                0.000000e+00 0.000000e+00 0.000000e+00 0.000000e+00   0.0%
Pad                  0.000000e+00 0.000000e+00 0.000000e+00 0.000000e+00   0.0%
------------------------------------------------------------------------
Total                1.568551e-04 3.812872e-05 3.123246e-06 1.981071e-04 100.0%
                            79.2%        19.2%         1.6%

