
===========================================================================
report_checks -unconstrained
===========================================================================
======================= min_ff_n40C_1v95 Corner ===================================

Startpoint: nrst (input port clocked by clk)
Endpoint: _1643_ (recovery check against rising-edge clock clk)
Path Group: asynchronous
Path Type: max

Fanout         Cap        Slew       Delay        Time   Description
---------------------------------------------------------------------------------------------
                                  0.000000    0.000000   clock clk (rise edge)
                                  0.000000    0.000000   clock network delay (propagated)
                                  5.000000    5.000000 ^ input external delay
     2    0.003810    0.017545    0.009865    5.009865 ^ nrst (in)
                                                         nrst (net)
                      0.017545    0.000000    5.009865 ^ input6/A (sky130_fd_sc_hd__clkbuf_1)
     1    0.005007    0.050448    0.061719    5.071584 ^ input6/X (sky130_fd_sc_hd__clkbuf_1)
                                                         net6 (net)
                      0.050448    0.000109    5.071693 ^ _0853_/A (sky130_fd_sc_hd__and2_1)
     1    0.002283    0.029386    0.070676    5.142369 ^ _0853_/X (sky130_fd_sc_hd__and2_1)
                                                         STOPWATCH_INST.clock_div.n_rst (net)
                      0.029386    0.000021    5.142391 ^ fanout59/A (sky130_fd_sc_hd__buf_2)
    15    0.049017    0.180641    0.173091    5.315482 ^ fanout59/X (sky130_fd_sc_hd__buf_2)
                                                         net59 (net)
                      0.180644    0.000612    5.316094 ^ fanout55/A (sky130_fd_sc_hd__clkbuf_2)
     5    0.026391    0.114065    0.151790    5.467884 ^ fanout55/X (sky130_fd_sc_hd__clkbuf_2)
                                                         net55 (net)
                      0.114065    0.000376    5.468259 ^ fanout54/A (sky130_fd_sc_hd__clkbuf_4)
    10    0.048351    0.114708    0.170521    5.638780 ^ fanout54/X (sky130_fd_sc_hd__clkbuf_4)
                                                         net54 (net)
                      0.114721    0.001249    5.640029 ^ _1643_/RESET_B (sky130_fd_sc_hd__dfrtp_4)
                                              5.640029   data arrival time

                                 25.000000   25.000000   clock clk (rise edge)
                                  0.000000   25.000000   clock source latency
     2    0.022314    0.079431    0.054687   25.054686 ^ clk (in)
                                                         clk (net)
                      0.079458    0.000000   25.054686 ^ clkbuf_0_clk/A (sky130_fd_sc_hd__clkbuf_16)
    17    0.097715    0.087105    0.141766   25.196451 ^ clkbuf_0_clk/X (sky130_fd_sc_hd__clkbuf_16)
                                                         clknet_0_clk (net)
                      0.087126    0.001343   25.197794 ^ clkbuf_3_3__f_clk/A (sky130_fd_sc_hd__clkbuf_16)
    10    0.034469    0.041780    0.109404   25.307199 ^ clkbuf_3_3__f_clk/X (sky130_fd_sc_hd__clkbuf_16)
                                                         clknet_3_3__leaf_clk (net)
                      0.041782    0.000579   25.307777 ^ _1643_/CLK (sky130_fd_sc_hd__dfrtp_4)
                                 -0.250000   25.057779   clock uncertainty
                                  0.000000   25.057779   clock reconvergence pessimism
                                  0.106434   25.164213   library recovery time
                                             25.164213   data required time
---------------------------------------------------------------------------------------------
                                             25.164213   data required time
                                             -5.640029   data arrival time
---------------------------------------------------------------------------------------------
                                             19.524183   slack (MET)


Startpoint: _1641_ (rising edge-triggered flip-flop clocked by clk)
Endpoint: _1630_ (rising edge-triggered flip-flop clocked by clk)
Path Group: clk
Path Type: max

Fanout         Cap        Slew       Delay        Time   Description
---------------------------------------------------------------------------------------------
                                  0.000000    0.000000   clock clk (rise edge)
                                  0.000000    0.000000   clock source latency
     2    0.022314    0.079431    0.054686    0.054686 ^ clk (in)
                                                         clk (net)
                      0.079458    0.000000    0.054686 ^ clkbuf_0_clk/A (sky130_fd_sc_hd__clkbuf_16)
    17    0.097715    0.087105    0.141766    0.196453 ^ clkbuf_0_clk/X (sky130_fd_sc_hd__clkbuf_16)
                                                         clknet_0_clk (net)
                      0.087126    0.001342    0.197795 ^ clkbuf_3_3__f_clk/A (sky130_fd_sc_hd__clkbuf_16)
    10    0.034469    0.041780    0.109405    0.307200 ^ clkbuf_3_3__f_clk/X (sky130_fd_sc_hd__clkbuf_16)
                                                         clknet_3_3__leaf_clk (net)
                      0.041781    0.000391    0.307591 ^ _1641_/CLK (sky130_fd_sc_hd__dfrtp_1)
     3    0.010376    0.051594    0.252431    0.560021 v _1641_/Q (sky130_fd_sc_hd__dfrtp_1)
                                                         STOPWATCH_INST.clock_div.cycles[25] (net)
                      0.051594    0.000125    0.560146 v fanout42/A (sky130_fd_sc_hd__buf_6)
     5    0.017242    0.023138    0.089056    0.649202 v fanout42/X (sky130_fd_sc_hd__buf_6)
                                                         net42 (net)
                      0.023142    0.000300    0.649502 v _0941_/A (sky130_fd_sc_hd__or3_4)
     1    0.002981    0.043213    0.220944    0.870446 v _0941_/X (sky130_fd_sc_hd__or3_4)
                                                         _0180_ (net)
                      0.043213    0.000019    0.870465 v _0973_/A (sky130_fd_sc_hd__or4_4)
     2    0.013628    0.069483    0.338345    1.208810 v _0973_/X (sky130_fd_sc_hd__or4_4)
                                                         _0205_ (net)
                      0.069483    0.000116    1.208926 v _0975_/B1 (sky130_fd_sc_hd__a21o_4)
     5    0.027294    0.044586    0.122201    1.331126 v _0975_/X (sky130_fd_sc_hd__a21o_4)
                                                         _0207_ (net)
                      0.044588    0.000383    1.331509 v _0981_/A2 (sky130_fd_sc_hd__a21oi_1)
     1    0.008786    0.156903    0.159168    1.490677 ^ _0981_/Y (sky130_fd_sc_hd__a21oi_1)
                                                         _0213_ (net)
                      0.156903    0.000085    1.490762 ^ _0982_/B (sky130_fd_sc_hd__xnor2_2)
     3    0.015351    0.063748    0.071083    1.561846 v _0982_/Y (sky130_fd_sc_hd__xnor2_2)
                                                         _0214_ (net)
                      0.063748    0.000142    1.561988 v _0992_/A (sky130_fd_sc_hd__or4_4)
     2    0.005459    0.059486    0.328021    1.890009 v _0992_/X (sky130_fd_sc_hd__or4_4)
                                                         _0224_ (net)
                      0.059486    0.000047    1.890056 v _1002_/A1 (sky130_fd_sc_hd__a41o_1)
     1    0.002306    0.027694    0.117233    2.007288 v _1002_/X (sky130_fd_sc_hd__a41o_1)
                                                         _0234_ (net)
                      0.027694    0.000008    2.007296 v _1020_/A2 (sky130_fd_sc_hd__a21o_1)
     3    0.011285    0.047835    0.135876    2.143173 v _1020_/X (sky130_fd_sc_hd__a21o_1)
                                                         _0252_ (net)
                      0.047835    0.000165    2.143338 v clone15/A (sky130_fd_sc_hd__clkbuf_1)
     5    0.018120    0.074263    0.109635    2.252973 v clone15/X (sky130_fd_sc_hd__clkbuf_1)
                                                         net133 (net)
                      0.074263    0.000074    2.253047 v _1037_/A1 (sky130_fd_sc_hd__a21o_1)
     1    0.008757    0.041680    0.129869    2.382916 v _1037_/X (sky130_fd_sc_hd__a21o_1)
                                                         _0269_ (net)
                      0.041680    0.000097    2.383013 v _1038_/B (sky130_fd_sc_hd__xnor2_2)
     4    0.015428    0.178310    0.156410    2.539424 ^ _1038_/Y (sky130_fd_sc_hd__xnor2_2)
                                                         _0270_ (net)
                      0.178310    0.000137    2.539561 ^ _1049_/B (sky130_fd_sc_hd__nand3_1)
     1    0.002703    0.056189    0.048443    2.588004 v _1049_/Y (sky130_fd_sc_hd__nand3_1)
                                                         _0281_ (net)
                      0.056189    0.000015    2.588019 v _1061_/A (sky130_fd_sc_hd__or4bb_4)
     2    0.006566    0.061356    0.330313    2.918332 v _1061_/X (sky130_fd_sc_hd__or4bb_4)
                                                         _0293_ (net)
                      0.061357    0.000080    2.918412 v _1071_/A3 (sky130_fd_sc_hd__a311o_1)
     2    0.006387    0.051956    0.239736    3.158148 v _1071_/X (sky130_fd_sc_hd__a311o_1)
                                                         _0303_ (net)
                      0.051956    0.000050    3.158198 v _1080_/A2 (sky130_fd_sc_hd__a21o_1)
     3    0.014728    0.057390    0.153487    3.311685 v _1080_/X (sky130_fd_sc_hd__a21o_1)
                                                         _0312_ (net)
                      0.057390    0.000185    3.311870 v fanout30/A (sky130_fd_sc_hd__buf_6)
     5    0.019533    0.024705    0.093328    3.405198 v fanout30/X (sky130_fd_sc_hd__buf_6)
                                                         net30 (net)
                      0.024711    0.000370    3.405568 v _1093_/A2 (sky130_fd_sc_hd__a221o_1)
     1    0.008486    0.052539    0.196438    3.602006 v _1093_/X (sky130_fd_sc_hd__a221o_1)
                                                         _0325_ (net)
                      0.052539    0.000074    3.602081 v _1094_/A (sky130_fd_sc_hd__xnor2_2)
     4    0.015270    0.177012    0.177747    3.779827 ^ _1094_/Y (sky130_fd_sc_hd__xnor2_2)
                                                         _0326_ (net)
                      0.177012    0.000274    3.780102 ^ _1095_/A (sky130_fd_sc_hd__or2_4)
     2    0.005567    0.029679    0.098122    3.878224 ^ _1095_/X (sky130_fd_sc_hd__or2_4)
                                                         _0327_ (net)
                      0.029679    0.000039    3.878262 ^ rebuffer19/A (sky130_fd_sc_hd__dlymetal6s4s_1)
     1    0.003462    0.049368    0.118691    3.996953 ^ rebuffer19/X (sky130_fd_sc_hd__dlymetal6s4s_1)
                                                         net137 (net)
                      0.049368    0.000036    3.996989 ^ _1110_/A2 (sky130_fd_sc_hd__o221a_1)
     2    0.006427    0.060517    0.113336    4.110325 ^ _1110_/X (sky130_fd_sc_hd__o221a_1)
                                                         _0342_ (net)
                      0.060517    0.000060    4.110385 ^ _1130_/A2 (sky130_fd_sc_hd__a21o_1)
     3    0.012174    0.084563    0.113768    4.224153 ^ _1130_/X (sky130_fd_sc_hd__a21o_1)
                                                         _0362_ (net)
                      0.084563    0.000184    4.224337 ^ rebuffer2/A (sky130_fd_sc_hd__clkbuf_2)
     2    0.015497    0.069646    0.108175    4.332512 ^ rebuffer2/X (sky130_fd_sc_hd__clkbuf_2)
                                                         net120 (net)
                      0.069646    0.000184    4.332696 ^ _1132_/A (sky130_fd_sc_hd__nand3_4)
     5    0.022674    0.079047    0.064145    4.396841 v _1132_/Y (sky130_fd_sc_hd__nand3_4)
                                                         _0364_ (net)
                      0.079053    0.000252    4.397093 v _1151_/C (sky130_fd_sc_hd__and3_1)
     3    0.014371    0.060094    0.166207    4.563301 v _1151_/X (sky130_fd_sc_hd__and3_1)
                                                         _0383_ (net)
                      0.060094    0.000121    4.563422 v _1156_/B (sky130_fd_sc_hd__or4b_4)
     2    0.009825    0.065033    0.323863    4.887285 v _1156_/X (sky130_fd_sc_hd__or4b_4)
                                                         _0388_ (net)
                      0.065033    0.000169    4.887454 v _1164_/A3 (sky130_fd_sc_hd__a31o_4)
     4    0.017565    0.039757    0.181215    5.068669 v _1164_/X (sky130_fd_sc_hd__a31o_4)
                                                         _0396_ (net)
                      0.039758    0.000240    5.068909 v _1170_/A2 (sky130_fd_sc_hd__a21o_1)
     5    0.014333    0.056282    0.147972    5.216881 v _1170_/X (sky130_fd_sc_hd__a21o_1)
                                                         _0402_ (net)
                      0.056282    0.000210    5.217092 v _1185_/A2 (sky130_fd_sc_hd__a211o_4)
     4    0.016274    0.048505    0.230572    5.447663 v _1185_/X (sky130_fd_sc_hd__a211o_4)
                                                         _0417_ (net)
                      0.048505    0.000120    5.447783 v _1189_/A2 (sky130_fd_sc_hd__o21bai_4)
     3    0.014784    0.110061    0.108089    5.555872 ^ _1189_/Y (sky130_fd_sc_hd__o21bai_4)
                                                         _0421_ (net)
                      0.110061    0.000230    5.556102 ^ fanout28/A (sky130_fd_sc_hd__buf_6)
     5    0.028216    0.049682    0.093640    5.649742 ^ fanout28/X (sky130_fd_sc_hd__buf_6)
                                                         net28 (net)
                      0.049682    0.000178    5.649920 ^ _1209_/A1 (sky130_fd_sc_hd__a21oi_4)
     2    0.005718    0.037866    0.030137    5.680058 v _1209_/Y (sky130_fd_sc_hd__a21oi_4)
                                                         _0441_ (net)
                      0.037866    0.000045    5.680103 v _1215_/C (sky130_fd_sc_hd__or4_4)
     4    0.015465    0.071553    0.306054    5.986156 v _1215_/X (sky130_fd_sc_hd__or4_4)
                                                         _0447_ (net)
                      0.071575    0.000314    5.986470 v _1219_/A1 (sky130_fd_sc_hd__a21o_1)
     1    0.002354    0.022560    0.107828    6.094298 v _1219_/X (sky130_fd_sc_hd__a21o_1)
                                                         _0451_ (net)
                      0.022560    0.000024    6.094322 v _1237_/C (sky130_fd_sc_hd__and3_1)
     3    0.013784    0.058166    0.142244    6.236566 v _1237_/X (sky130_fd_sc_hd__and3_1)
                                                         _0469_ (net)
                      0.058166    0.000103    6.236670 v _1243_/A2 (sky130_fd_sc_hd__o31ai_4)
     5    0.017050    0.208054    0.217144    6.453813 ^ _1243_/Y (sky130_fd_sc_hd__o31ai_4)
                                                         _0475_ (net)
                      0.208054    0.000240    6.454053 ^ clone12/A (sky130_fd_sc_hd__clkbuf_1)
     5    0.019642    0.174536    0.159124    6.613178 ^ clone12/X (sky130_fd_sc_hd__clkbuf_1)
                                                         net130 (net)
                      0.174536    0.000232    6.613410 ^ _1258_/A1 (sky130_fd_sc_hd__a21oi_1)
     3    0.009020    0.073511    0.075733    6.689143 v _1258_/Y (sky130_fd_sc_hd__a21oi_1)
                                                         _0490_ (net)
                      0.073511    0.000089    6.689231 v _1265_/B (sky130_fd_sc_hd__or3_1)
     3    0.006979    0.058534    0.227743    6.916974 v _1265_/X (sky130_fd_sc_hd__or3_1)
                                                         _0497_ (net)
                      0.058534    0.000039    6.917013 v _1268_/A3 (sky130_fd_sc_hd__a31o_1)
     3    0.011888    0.053753    0.175749    7.092762 v _1268_/X (sky130_fd_sc_hd__a31o_1)
                                                         _0500_ (net)
                      0.053753    0.000163    7.092925 v _1272_/A1 (sky130_fd_sc_hd__a21o_1)
     3    0.010235    0.045559    0.126819    7.219744 v _1272_/X (sky130_fd_sc_hd__a21o_1)
                                                         _0504_ (net)
                      0.045559    0.000125    7.219869 v _1300_/A1 (sky130_fd_sc_hd__a41o_1)
     3    0.011082    0.053786    0.141930    7.361798 v _1300_/X (sky130_fd_sc_hd__a41o_1)
                                                         _0532_ (net)
                      0.053786    0.000145    7.361944 v _1302_/A2 (sky130_fd_sc_hd__a21bo_4)
     4    0.018616    0.039590    0.160231    7.522174 v _1302_/X (sky130_fd_sc_hd__a21bo_4)
                                                         _0534_ (net)
                      0.039603    0.000248    7.522422 v fanout25/A (sky130_fd_sc_hd__buf_8)
     6    0.031917    0.028584    0.090980    7.613402 v fanout25/X (sky130_fd_sc_hd__buf_8)
                                                         net25 (net)
                      0.028592    0.000485    7.613887 v fanout24/A (sky130_fd_sc_hd__buf_8)
     5    0.015788    0.021279    0.077973    7.691860 v fanout24/X (sky130_fd_sc_hd__buf_8)
                                                         net24 (net)
                      0.021279    0.000240    7.692100 v _1310_/A2 (sky130_fd_sc_hd__a21o_1)
     2    0.005345    0.031261    0.114960    7.807060 v _1310_/X (sky130_fd_sc_hd__a21o_1)
                                                         _0542_ (net)
                      0.031261    0.000052    7.807113 v _1316_/A2 (sky130_fd_sc_hd__a2111o_1)
     3    0.010356    0.067604    0.277585    8.084698 v _1316_/X (sky130_fd_sc_hd__a2111o_1)
                                                         _0548_ (net)
                      0.067604    0.000182    8.084880 v _1333_/C (sky130_fd_sc_hd__or4_4)
     2    0.015731    0.072010    0.315882    8.400762 v _1333_/X (sky130_fd_sc_hd__or4_4)
                                                         _0565_ (net)
                      0.072033    0.000369    8.401130 v _1352_/B (sky130_fd_sc_hd__nor4_4)
     2    0.013091    0.206990    0.231150    8.632280 ^ _1352_/Y (sky130_fd_sc_hd__nor4_4)
                                                         _0584_ (net)
                      0.206990    0.000103    8.632383 ^ _1353_/A1 (sky130_fd_sc_hd__a31oi_4)
     5    0.019963    0.111897    0.093212    8.725595 v _1353_/Y (sky130_fd_sc_hd__a31oi_4)
                                                         _0585_ (net)
                      0.111898    0.000509    8.726104 v _1366_/A2 (sky130_fd_sc_hd__a21o_1)
     3    0.012724    0.051797    0.169336    8.895439 v _1366_/X (sky130_fd_sc_hd__a21o_1)
                                                         _0598_ (net)
                      0.051797    0.000034    8.895473 v _1373_/B (sky130_fd_sc_hd__xor2_2)
     3    0.008959    0.064833    0.105340    9.000813 v _1373_/X (sky130_fd_sc_hd__xor2_2)
                                                         _0605_ (net)
                      0.064833    0.000050    9.000862 v _1377_/A1 (sky130_fd_sc_hd__o31a_1)
     3    0.006626    0.046074    0.203606    9.204469 v _1377_/X (sky130_fd_sc_hd__o31a_1)
                                                         _0609_ (net)
                      0.046074    0.000058    9.204526 v _1389_/A2 (sky130_fd_sc_hd__a41o_1)
     6    0.019766    0.079038    0.187217    9.391744 v _1389_/X (sky130_fd_sc_hd__a41o_1)
                                                         _0621_ (net)
                      0.079038    0.000287    9.392031 v _1407_/A2 (sky130_fd_sc_hd__a211o_1)
     4    0.013631    0.066874    0.234219    9.626249 v _1407_/X (sky130_fd_sc_hd__a211o_1)
                                                         _0639_ (net)
                      0.066874    0.000052    9.626302 v _1418_/A2 (sky130_fd_sc_hd__o21ai_2)
     1    0.005593    0.081211    0.095493    9.721794 ^ _1418_/Y (sky130_fd_sc_hd__o21ai_2)
                                                         _0650_ (net)
                      0.081211    0.000056    9.721850 ^ fanout19/A (sky130_fd_sc_hd__buf_6)
     8    0.033186    0.056276    0.094214    9.816065 ^ fanout19/X (sky130_fd_sc_hd__buf_6)
                                                         net19 (net)
                      0.056278    0.000469    9.816534 ^ fanout16/A (sky130_fd_sc_hd__buf_6)
    10    0.032242    0.054673    0.089480    9.906014 ^ fanout16/X (sky130_fd_sc_hd__buf_6)
                                                         net16 (net)
                      0.054675    0.000351    9.906364 ^ _1482_/A2 (sky130_fd_sc_hd__a31o_1)
     1    0.002241    0.029019    0.078614    9.984979 ^ _1482_/X (sky130_fd_sc_hd__a31o_1)
                                                         _0707_ (net)
                      0.029019    0.000022    9.985001 ^ _1485_/C_N (sky130_fd_sc_hd__or3b_4)
     1    0.005418    0.048234    0.221297   10.206298 v _1485_/X (sky130_fd_sc_hd__or3b_4)
                                                         _0710_ (net)
                      0.048234    0.000103   10.206401 v _1490_/A2 (sky130_fd_sc_hd__a32o_1)
     1    0.002440    0.025977    0.128985   10.335385 v _1490_/X (sky130_fd_sc_hd__a32o_1)
                                                         _0039_ (net)
                      0.025977    0.000021   10.335406 v _1630_/D (sky130_fd_sc_hd__dfrtp_4)
                                             10.335406   data arrival time

                                 25.000000   25.000000   clock clk (rise edge)
                                  0.000000   25.000000   clock source latency
     2    0.022314    0.079431    0.054687   25.054686 ^ clk (in)
                                                         clk (net)
                      0.079458    0.000000   25.054686 ^ clkbuf_0_clk/A (sky130_fd_sc_hd__clkbuf_16)
    17    0.097715    0.087105    0.141766   25.196451 ^ clkbuf_0_clk/X (sky130_fd_sc_hd__clkbuf_16)
                                                         clknet_0_clk (net)
                      0.087120    0.001181   25.197634 ^ clkbuf_3_6__f_clk/A (sky130_fd_sc_hd__clkbuf_16)
     7    0.034916    0.042096    0.109678   25.307310 ^ clkbuf_3_6__f_clk/X (sky130_fd_sc_hd__clkbuf_16)
                                                         clknet_3_6__leaf_clk (net)
                      0.042097    0.000382   25.307693 ^ _1630_/CLK (sky130_fd_sc_hd__dfrtp_4)
                                 -0.250000   25.057693   clock uncertainty
                                  0.000000   25.057693   clock reconvergence pessimism
                                 -0.069400   24.988293   library setup time
                                             24.988293   data required time
---------------------------------------------------------------------------------------------
                                             24.988293   data required time
                                            -10.335406   data arrival time
---------------------------------------------------------------------------------------------
                                             14.652886   slack (MET)




===========================================================================
report_checks --slack_max -0.01
============================================================================
======================= min_ff_n40C_1v95 Corner ===================================

No paths found.


===========================================================================
 report_check_types -max_slew -max_cap -max_fanout -violators
============================================================================
======================= min_ff_n40C_1v95 Corner ===================================

max fanout

Pin                                   Limit Fanout  Slack
---------------------------------------------------------
_0946_/Y                                 10     21    -11 (VIOLATED)
fanout36/X                               10     21    -11 (VIOLATED)
clkbuf_0_clk/X                           10     17     -7 (VIOLATED)
fanout59/X                               10     15     -5 (VIOLATED)
clkbuf_3_2__f_clk/X                      10     13     -3 (VIOLATED)
clkbuf_3_0__f_clk/X                      10     12     -2 (VIOLATED)
clkbuf_3_1__f_clk/X                      10     11        (VIOLATED)



===========================================================================
report_parasitic_annotation -report_unannotated
============================================================================
Found 96 unannotated drivers.
 gpio_in[10]
 gpio_in[11]
 gpio_in[12]
 gpio_in[13]
 gpio_in[14]
 gpio_in[15]
 gpio_in[16]
 gpio_in[17]
 gpio_in[18]
 gpio_in[19]
 gpio_in[20]
 gpio_in[21]
 gpio_in[22]
 gpio_in[23]
 gpio_in[24]
 gpio_in[25]
 gpio_in[26]
 gpio_in[27]
 gpio_in[28]
 gpio_in[29]
 gpio_in[30]
 gpio_in[31]
 gpio_in[32]
 gpio_in[33]
 gpio_in[4]
 gpio_in[5]
 gpio_in[6]
 gpio_in[7]
 gpio_in[8]
 gpio_in[9]
 clkload0/X
 clkload1/Y
 clkload2/Y
 clkload3/Y
 clkload4/Y
 clkload5/Y
 clkload6/Y
 team_04_100/LO
 team_04_101/LO
 team_04_102/LO
 team_04_103/LO
 team_04_104/LO
 team_04_105/LO
 team_04_106/LO
 team_04_107/LO
 team_04_108/LO
 team_04_109/LO
 team_04_110/LO
 team_04_111/LO
 team_04_112/LO
 team_04_113/LO
 team_04_114/LO
 team_04_115/LO
 team_04_116/LO
 team_04_117/LO
 team_04_118/LO
 team_04_60/HI
 team_04_61/HI
 team_04_62/HI
 team_04_63/HI
 team_04_64/HI
 team_04_65/HI
 team_04_66/HI
 team_04_67/HI
 team_04_68/HI
 team_04_69/HI
 team_04_70/HI
 team_04_71/HI
 team_04_72/HI
 team_04_73/HI
 team_04_74/HI
 team_04_75/HI
 team_04_76/HI
 team_04_77/HI
 team_04_78/HI
 team_04_79/HI
 team_04_80/HI
 team_04_81/HI
 team_04_82/HI
 team_04_83/HI
 team_04_84/HI
 team_04_85/HI
 team_04_86/HI
 team_04_87/HI
 team_04_88/HI
 team_04_89/HI
 team_04_90/HI
 team_04_91/HI
 team_04_92/HI
 team_04_93/HI
 team_04_94/LO
 team_04_95/LO
 team_04_96/LO
 team_04_97/LO
 team_04_98/LO
 team_04_99/LO
Found 0 partially unannotated drivers.

===========================================================================
max slew violation count 0
max fanout violation count 7
max cap violation count 0
============================================================================

===========================================================================
check_setup -verbose -unconstrained_endpoints -multiple_clock -no_clock -no_input_delay -loops -generated_clocks
===========================================================================
Warning: There are 59 unconstrained endpoints.
  gpio_oeb[0]
  gpio_oeb[10]
  gpio_oeb[11]
  gpio_oeb[12]
  gpio_oeb[13]
  gpio_oeb[14]
  gpio_oeb[15]
  gpio_oeb[16]
  gpio_oeb[17]
  gpio_oeb[18]
  gpio_oeb[19]
  gpio_oeb[1]
  gpio_oeb[20]
  gpio_oeb[21]
  gpio_oeb[22]
  gpio_oeb[23]
  gpio_oeb[24]
  gpio_oeb[25]
  gpio_oeb[26]
  gpio_oeb[27]
  gpio_oeb[28]
  gpio_oeb[29]
  gpio_oeb[2]
  gpio_oeb[30]
  gpio_oeb[31]
  gpio_oeb[32]
  gpio_oeb[33]
  gpio_oeb[3]
  gpio_oeb[4]
  gpio_oeb[5]
  gpio_oeb[6]
  gpio_oeb[7]
  gpio_oeb[8]
  gpio_oeb[9]
  gpio_out[0]
  gpio_out[15]
  gpio_out[16]
  gpio_out[17]
  gpio_out[18]
  gpio_out[19]
  gpio_out[1]
  gpio_out[20]
  gpio_out[21]
  gpio_out[22]
  gpio_out[23]
  gpio_out[24]
  gpio_out[25]
  gpio_out[26]
  gpio_out[27]
  gpio_out[28]
  gpio_out[29]
  gpio_out[2]
  gpio_out[30]
  gpio_out[31]
  gpio_out[32]
  gpio_out[33]
  gpio_out[3]
  gpio_out[6]
  gpio_out[7]
