Clock: clk
Sources: clk 
Generated: no
Virtual: yes
Propagated: no
Period: 25.000000

===========================================================================
report_clock_properties
============================================================================
Clock                   Period          Waveform
----------------------------------------------------
clk                  25.000000    0.000000 12.500000

===========================================================================
report_clock_latency
============================================================================
Clock clk
rise -> rise
    min     max
0.000000 0.000000 source latency
0.306789         network latency _1593_/CLK
        0.309498 network latency _1586_/CLK
---------------
0.306789 0.309498 latency
        0.002709 skew

fall -> fall
    min     max
0.000000 0.000000 source latency
0.269255         network latency _1593_/CLK
        0.271450 network latency _1586_/CLK
---------------
0.269255 0.271450 latency
        0.002195 skew



===========================================================================
report_clock_min_period
============================================================================
clk period_min = 10.35 fmax = 96.65
