Clock: clk
Sources: clk 
Generated: no
Virtual: yes
Propagated: no
Period: 25.000000

===========================================================================
report_clock_properties
============================================================================
Clock                   Period          Waveform
----------------------------------------------------
clk                  25.000000    0.000000 12.500000

===========================================================================
report_clock_latency
============================================================================
Clock clk
rise -> rise
    min     max
0.000000 0.000000 source latency
0.290401         network latency _1624_/CLK
        0.298733 network latency _1637_/CLK
---------------
0.290401 0.298733 latency
        0.008332 skew

fall -> fall
    min     max
0.000000 0.000000 source latency
0.259448         network latency _1624_/CLK
        0.267082 network latency _1637_/CLK
---------------
0.259448 0.267082 latency
        0.007635 skew



===========================================================================
report_clock_min_period
============================================================================
clk period_min = 10.15 fmax = 98.53
