Clock: clk
Sources: clk 
Generated: no
Virtual: yes
Propagated: no
Period: 25.000000

===========================================================================
report_clock_properties
============================================================================
Clock                   Period          Waveform
----------------------------------------------------
clk                  25.000000    0.000000 12.500000

===========================================================================
report_clock_latency
============================================================================
Clock clk
rise -> rise
    min     max
0.000000 0.000000 source latency
0.713244         network latency _2749_/CLK
        0.744855 network latency _2832_/CLK
---------------
0.713244 0.744855 latency
        0.031611 skew

fall -> fall
    min     max
0.000000 0.000000 source latency
0.624222         network latency _2749_/CLK
        0.646672 network latency _2832_/CLK
---------------
0.624222 0.646672 latency
        0.022450 skew



===========================================================================
report_clock_min_period
============================================================================
clk period_min = 6.62 fmax = 150.99
