
===========================================================================
report_checks -unconstrained
===========================================================================
======================= nom_ss_100C_1v60 Corner ===================================

Startpoint: en (input port clocked by clk)
Endpoint: _1653_ (recovery check against rising-edge clock clk)
Path Group: asynchronous
Path Type: max

Fanout         Cap        Slew       Delay        Time   Description
---------------------------------------------------------------------------------------------
                                  0.000000    0.000000   clock clk (rise edge)
                                  0.000000    0.000000   clock network delay (propagated)
                                  5.000000    5.000000 ^ input external delay
     2    0.004831    0.046020    0.026497    5.026497 ^ en (in)
                                                         en (net)
                      0.046034    0.000000    5.026497 ^ input1/A (sky130_fd_sc_hd__clkdlybuf4s25_1)
     1    0.001940    0.061969    0.439838    5.466335 ^ input1/X (sky130_fd_sc_hd__clkdlybuf4s25_1)
                                                         net1 (net)
                      0.061969    0.000054    5.466388 ^ _0800_/B (sky130_fd_sc_hd__and2_2)
     3    0.021422    0.198996    0.379952    5.846340 ^ _0800_/X (sky130_fd_sc_hd__and2_2)
                                                         STOPWATCH_INST.clock_div.n_rst (net)
                      0.198996    0.000817    5.847157 ^ fanout64/A (sky130_fd_sc_hd__clkdlybuf4s25_1)
    17    0.059445    0.946898    1.147531    6.994687 ^ fanout64/X (sky130_fd_sc_hd__clkdlybuf4s25_1)
                                                         net64 (net)
                      0.946898    0.000835    6.995522 ^ fanout63/A (sky130_fd_sc_hd__clkdlybuf4s25_1)
     5    0.027256    0.445064    1.020725    8.016248 ^ fanout63/X (sky130_fd_sc_hd__clkdlybuf4s25_1)
                                                         net63 (net)
                      0.445064    0.000704    8.016952 ^ fanout61/A (sky130_fd_sc_hd__clkdlybuf4s25_1)
     4    0.016897    0.285236    0.767058    8.784010 ^ fanout61/X (sky130_fd_sc_hd__clkdlybuf4s25_1)
                                                         net61 (net)
                      0.285236    0.000349    8.784359 ^ load_slew62/A (sky130_fd_sc_hd__buf_2)
     7    0.030511    0.244948    0.419134    9.203493 ^ load_slew62/X (sky130_fd_sc_hd__buf_2)
                                                         net62 (net)
                      0.244948    0.000859    9.204352 ^ _1653_/SET_B (sky130_fd_sc_hd__dfstp_2)
                                              9.204352   data arrival time

                                 25.000000   25.000000   clock clk (rise edge)
                                  0.000000   25.000000   clock source latency
     2    0.023959    0.177637    0.122151   25.122150 ^ clk (in)
                                                         clk (net)
                      0.177651    0.000000   25.122150 ^ clkbuf_0_clk/A (sky130_fd_sc_hd__clkbuf_16)
    33    0.124721    0.212123    0.386521   25.508671 ^ clkbuf_0_clk/X (sky130_fd_sc_hd__clkbuf_16)
                                                         clknet_0_clk (net)
                      0.213464    0.013538   25.522209 ^ clkbuf_4_5_0_clk/A (sky130_fd_sc_hd__clkbuf_8)
     5    0.016958    0.076524    0.294726   25.816935 ^ clkbuf_4_5_0_clk/X (sky130_fd_sc_hd__clkbuf_8)
                                                         clknet_4_5_0_clk (net)
                      0.076532    0.000746   25.817680 ^ _1653_/CLK (sky130_fd_sc_hd__dfstp_2)
                                 -0.250000   25.567682   clock uncertainty
                                  0.000000   25.567682   clock reconvergence pessimism
                                  0.243775   25.811457   library recovery time
                                             25.811457   data required time
---------------------------------------------------------------------------------------------
                                             25.811457   data required time
                                             -9.204352   data arrival time
---------------------------------------------------------------------------------------------
                                             16.607103   slack (MET)


Startpoint: _1616_ (rising edge-triggered flip-flop clocked by clk)
Endpoint: _1606_ (rising edge-triggered flip-flop clocked by clk)
Path Group: clk
Path Type: max

Fanout         Cap        Slew       Delay        Time   Description
---------------------------------------------------------------------------------------------
                                  0.000000    0.000000   clock clk (rise edge)
                                  0.000000    0.000000   clock source latency
     2    0.023959    0.177637    0.122151    0.122151 ^ clk (in)
                                                         clk (net)
                      0.177651    0.000000    0.122151 ^ clkbuf_0_clk/A (sky130_fd_sc_hd__clkbuf_16)
    33    0.124721    0.212123    0.386521    0.508672 ^ clkbuf_0_clk/X (sky130_fd_sc_hd__clkbuf_16)
                                                         clknet_0_clk (net)
                      0.213424    0.013341    0.522013 ^ clkbuf_4_4_0_clk/A (sky130_fd_sc_hd__clkbuf_8)
     6    0.019479    0.082294    0.300445    0.822459 ^ clkbuf_4_4_0_clk/X (sky130_fd_sc_hd__clkbuf_8)
                                                         clknet_4_4_0_clk (net)
                      0.082294    0.000311    0.822769 ^ _1616_/CLK (sky130_fd_sc_hd__dfrtp_2)
     3    0.019072    0.147813    0.905151    1.727921 v _1616_/Q (sky130_fd_sc_hd__dfrtp_2)
                                                         STOPWATCH_INST.clock_div.cycles[24] (net)
                      0.147813    0.000398    1.728319 v fanout48/A (sky130_fd_sc_hd__buf_6)
    10    0.040871    0.084399    0.291890    2.020209 v fanout48/X (sky130_fd_sc_hd__buf_6)
                                                         net48 (net)
                      0.084413    0.001097    2.021307 v _0889_/A (sky130_fd_sc_hd__nor3_2)
     2    0.008985    0.334210    0.395142    2.416449 ^ _0889_/Y (sky130_fd_sc_hd__nor3_2)
                                                         _0149_ (net)
                      0.334210    0.000176    2.416625 ^ max_cap41/A (sky130_fd_sc_hd__buf_4)
     4    0.019136    0.107121    0.348559    2.765184 ^ max_cap41/X (sky130_fd_sc_hd__buf_4)
                                                         net41 (net)
                      0.107121    0.000427    2.765611 ^ _0911_/C1 (sky130_fd_sc_hd__o211ai_2)
     2    0.008256    0.188398    0.206421    2.972032 v _0911_/Y (sky130_fd_sc_hd__o211ai_2)
                                                         _0168_ (net)
                      0.188399    0.000262    2.972294 v fanout39/A (sky130_fd_sc_hd__buf_6)
     4    0.031630    0.072592    0.300802    3.273096 v fanout39/X (sky130_fd_sc_hd__buf_6)
                                                         net39 (net)
                      0.072593    0.000596    3.273692 v rebuffer127/A (sky130_fd_sc_hd__buf_8)
     6    0.032659    0.065556    0.237736    3.511427 v rebuffer127/X (sky130_fd_sc_hd__buf_8)
                                                         net127 (net)
                      0.065572    0.000998    3.512426 v _0919_/A2 (sky130_fd_sc_hd__a21oi_4)
     3    0.020513    0.291230    0.338226    3.850652 ^ _0919_/Y (sky130_fd_sc_hd__a21oi_4)
                                                         _0176_ (net)
                      0.291230    0.000560    3.851212 ^ _0921_/A1 (sky130_fd_sc_hd__a22oi_2)
     2    0.007934    0.141975    0.253028    4.104240 v _0921_/Y (sky130_fd_sc_hd__a22oi_2)
                                                         _0178_ (net)
                      0.141975    0.000223    4.104463 v _0941_/B (sky130_fd_sc_hd__or2_2)
     1    0.003935    0.116357    0.654959    4.759422 v _0941_/X (sky130_fd_sc_hd__or2_2)
                                                         _0198_ (net)
                      0.116357    0.000132    4.759554 v _0942_/B (sky130_fd_sc_hd__or4b_4)
     2    0.012301    0.179976    1.081307    5.840861 v _0942_/X (sky130_fd_sc_hd__or4b_4)
                                                         _0199_ (net)
                      0.179976    0.000414    5.841275 v _0961_/A1 (sky130_fd_sc_hd__a211o_4)
     3    0.017185    0.108988    0.661027    6.502303 v _0961_/X (sky130_fd_sc_hd__a211o_4)
                                                         _0218_ (net)
                      0.108988    0.000540    6.502842 v fanout32/A (sky130_fd_sc_hd__buf_8)
     5    0.034843    0.068100    0.258088    6.760931 v fanout32/X (sky130_fd_sc_hd__buf_8)
                                                         net32 (net)
                      0.068100    0.000204    6.761135 v _0980_/A1 (sky130_fd_sc_hd__a211oi_2)
     2    0.015300    0.534482    0.529276    7.290411 ^ _0980_/Y (sky130_fd_sc_hd__a211oi_2)
                                                         _0237_ (net)
                      0.534482    0.000362    7.290773 ^ _0981_/A2 (sky130_fd_sc_hd__a21oi_2)
     1    0.008456    0.136659    0.290189    7.580962 v _0981_/Y (sky130_fd_sc_hd__a21oi_2)
                                                         _0238_ (net)
                      0.136659    0.000247    7.581209 v _0982_/B (sky130_fd_sc_hd__xnor2_2)
     4    0.029578    0.625761    0.564115    8.145324 ^ _0982_/Y (sky130_fd_sc_hd__xnor2_2)
                                                         _0239_ (net)
                      0.625764    0.001168    8.146492 ^ _0984_/C (sky130_fd_sc_hd__nand3_2)
     1    0.004882    0.169022    0.320597    8.467089 v _0984_/Y (sky130_fd_sc_hd__nand3_2)
                                                         _0241_ (net)
                      0.169022    0.000108    8.467197 v _1014_/B1 (sky130_fd_sc_hd__a31o_4)
     2    0.007863    0.067963    0.419292    8.886489 v _1014_/X (sky130_fd_sc_hd__a31o_4)
                                                         _0271_ (net)
                      0.067963    0.000223    8.886712 v _1022_/A2 (sky130_fd_sc_hd__a21o_4)
     6    0.023410    0.103398    0.437051    9.323763 v _1022_/X (sky130_fd_sc_hd__a21o_4)
                                                         _0279_ (net)
                      0.103411    0.001156    9.324919 v rebuffer143/A (sky130_fd_sc_hd__buf_2)
     3    0.016333    0.098948    0.301252    9.626171 v rebuffer143/X (sky130_fd_sc_hd__buf_2)
                                                         net143 (net)
                      0.098948    0.000372    9.626543 v _1034_/C (sky130_fd_sc_hd__and3_2)
     2    0.004988    0.083151    0.461104   10.087647 v _1034_/X (sky130_fd_sc_hd__and3_2)
                                                         _0291_ (net)
                      0.083151    0.000122   10.087770 v _1037_/C (sky130_fd_sc_hd__or3_2)
     1    0.011009    0.212098    1.062793   11.150561 v _1037_/X (sky130_fd_sc_hd__or3_2)
                                                         _0294_ (net)
                      0.212098    0.000435   11.150997 v _1045_/A1 (sky130_fd_sc_hd__a31oi_4)
     3    0.011541    0.245418    0.322061   11.473058 ^ _1045_/Y (sky130_fd_sc_hd__a31oi_4)
                                                         _0302_ (net)
                      0.245419    0.000377   11.473434 ^ _1061_/D (sky130_fd_sc_hd__or4_4)
     2    0.013572    0.092925    0.315238   11.788671 ^ _1061_/X (sky130_fd_sc_hd__or4_4)
                                                         _0318_ (net)
                      0.092926    0.000510   11.789182 ^ _1071_/A (sky130_fd_sc_hd__nand2_2)
     3    0.015054    0.143246    0.161463   11.950644 v _1071_/Y (sky130_fd_sc_hd__nand2_2)
                                                         _0328_ (net)
                      0.143290    0.000464   11.951108 v _1109_/A1 (sky130_fd_sc_hd__a21oi_2)
     2    0.005084    0.189701    0.241887   12.192994 ^ _1109_/Y (sky130_fd_sc_hd__a21oi_2)
                                                         _0366_ (net)
                      0.189701    0.000110   12.193105 ^ _1112_/A_N (sky130_fd_sc_hd__and2b_2)
     1    0.003634    0.072714    0.491879   12.684984 v _1112_/X (sky130_fd_sc_hd__and2b_2)
                                                         _0369_ (net)
                      0.072714    0.000091   12.685075 v _1113_/B (sky130_fd_sc_hd__or2_2)
     2    0.008357    0.140167    0.668059   13.353134 v _1113_/X (sky130_fd_sc_hd__or2_2)
                                                         _0370_ (net)
                      0.140167    0.000324   13.353458 v _1116_/A (sky130_fd_sc_hd__or2_2)
     4    0.012383    0.159806    0.766825   14.120283 v _1116_/X (sky130_fd_sc_hd__or2_2)
                                                         _0373_ (net)
                      0.159806    0.000282   14.120565 v _1135_/A_N (sky130_fd_sc_hd__and2b_2)
     3    0.022925    0.202688    0.578338   14.698904 ^ _1135_/X (sky130_fd_sc_hd__and2b_2)
                                                         _0392_ (net)
                      0.202688    0.000851   14.699755 ^ _1136_/A1 (sky130_fd_sc_hd__a21oi_4)
     2    0.008638    0.086843    0.155917   14.855672 v _1136_/Y (sky130_fd_sc_hd__a21oi_4)
                                                         _0393_ (net)
                      0.086843    0.000182   14.855854 v rebuffer149/A (sky130_fd_sc_hd__buf_4)
     5    0.019643    0.076534    0.283608   15.139462 v rebuffer149/X (sky130_fd_sc_hd__buf_4)
                                                         net149 (net)
                      0.076539    0.000687   15.140149 v _1145_/C (sky130_fd_sc_hd__or3_4)
     4    0.020895    0.166623    0.733626   15.873775 v _1145_/X (sky130_fd_sc_hd__or3_4)
                                                         _0402_ (net)
                      0.166623    0.000457   15.874232 v _1148_/C (sky130_fd_sc_hd__and4b_2)
     2    0.010429    0.112620    0.554797   16.429029 v _1148_/X (sky130_fd_sc_hd__and4b_2)
                                                         _0405_ (net)
                      0.112620    0.000256   16.429285 v _1181_/C (sky130_fd_sc_hd__nand4b_4)
     1    0.003181    0.102109    0.150575   16.579859 ^ _1181_/Y (sky130_fd_sc_hd__nand4b_4)
                                                         _0438_ (net)
                      0.102109    0.000096   16.579956 ^ _1182_/B (sky130_fd_sc_hd__or4bb_4)
     2    0.008246    0.071374    0.238943   16.818899 ^ _1182_/X (sky130_fd_sc_hd__or4bb_4)
                                                         _0439_ (net)
                      0.071374    0.000243   16.819141 ^ _1191_/A1 (sky130_fd_sc_hd__a41o_4)
     3    0.015888    0.128958    0.436653   17.255796 ^ _1191_/X (sky130_fd_sc_hd__a41o_4)
                                                         _0448_ (net)
                      0.128958    0.000524   17.256319 ^ fanout22/A (sky130_fd_sc_hd__buf_8)
     5    0.030472    0.095846    0.224011   17.480331 ^ fanout22/X (sky130_fd_sc_hd__buf_8)
                                                         net22 (net)
                      0.095847    0.000435   17.480766 ^ rebuffer181/A (sky130_fd_sc_hd__buf_4)
     2    0.006885    0.057789    0.202700   17.683466 ^ rebuffer181/X (sky130_fd_sc_hd__buf_4)
                                                         net181 (net)
                      0.057789    0.000139   17.683605 ^ _1214_/B1 (sky130_fd_sc_hd__a22o_2)
     4    0.019375    0.190993    0.358401   18.042006 ^ _1214_/X (sky130_fd_sc_hd__a22o_2)
                                                         _0471_ (net)
                      0.190993    0.000323   18.042330 ^ _1215_/B1_N (sky130_fd_sc_hd__o21ba_2)
     1    0.003210    0.061172    0.338597   18.380926 v _1215_/X (sky130_fd_sc_hd__o21ba_2)
                                                         _0472_ (net)
                      0.061172    0.000096   18.381021 v _1216_/B1 (sky130_fd_sc_hd__a31o_2)
     2    0.012953    0.109542    0.444146   18.825169 v _1216_/X (sky130_fd_sc_hd__a31o_2)
                                                         _0473_ (net)
                      0.109542    0.000243   18.825411 v _1219_/B1 (sky130_fd_sc_hd__a311o_2)
     3    0.013155    0.144404    0.755358   19.580770 v _1219_/X (sky130_fd_sc_hd__a311o_2)
                                                         _0476_ (net)
                      0.144404    0.000579   19.581348 v _1242_/A2 (sky130_fd_sc_hd__a211o_4)
     2    0.009060    0.089257    0.636620   20.217968 v _1242_/X (sky130_fd_sc_hd__a211o_4)
                                                         _0499_ (net)
                      0.089257    0.000391   20.218359 v _1252_/A2 (sky130_fd_sc_hd__a21o_4)
     2    0.012217    0.074722    0.413525   20.631884 v _1252_/X (sky130_fd_sc_hd__a21o_4)
                                                         _0509_ (net)
                      0.074722    0.000485   20.632370 v fanout21/A (sky130_fd_sc_hd__buf_8)
    15    0.054404    0.087733    0.262851   20.895220 v fanout21/X (sky130_fd_sc_hd__buf_8)
                                                         net21 (net)
                      0.088280    0.004881   20.900103 v _1265_/B (sky130_fd_sc_hd__xor2_2)
     2    0.005430    0.176791    0.272635   21.172737 v _1265_/X (sky130_fd_sc_hd__xor2_2)
                                                         _0522_ (net)
                      0.176791    0.000124   21.172861 v _1266_/A (sky130_fd_sc_hd__or2_4)
     2    0.013432    0.102339    0.547498   21.720360 v _1266_/X (sky130_fd_sc_hd__or2_4)
                                                         _0523_ (net)
                      0.102339    0.000529   21.720888 v _1271_/A1 (sky130_fd_sc_hd__a31o_4)
     2    0.007072    0.066236    0.409505   22.130394 v _1271_/X (sky130_fd_sc_hd__a31o_4)
                                                         _0528_ (net)
                      0.066236    0.000203   22.130596 v _1281_/A1 (sky130_fd_sc_hd__a21o_4)
     2    0.006663    0.063182    0.364201   22.494799 v _1281_/X (sky130_fd_sc_hd__a21o_4)
                                                         _0538_ (net)
                      0.063182    0.000226   22.495024 v _1304_/A2 (sky130_fd_sc_hd__a311o_2)
     2    0.007154    0.115035    0.706109   23.201132 v _1304_/X (sky130_fd_sc_hd__a311o_2)
                                                         _0561_ (net)
                      0.115035    0.000172   23.201305 v _1308_/A2 (sky130_fd_sc_hd__a21o_4)
     3    0.015573    0.082321    0.435090   23.636395 v _1308_/X (sky130_fd_sc_hd__a21o_4)
                                                         _0565_ (net)
                      0.082324    0.000615   23.637009 v rebuffer135/A (sky130_fd_sc_hd__buf_2)
     2    0.025042    0.129650    0.320560   23.957569 v rebuffer135/X (sky130_fd_sc_hd__buf_2)
                                                         net135 (net)
                      0.129650    0.000313   23.957882 v rebuffer134/A (sky130_fd_sc_hd__buf_2)
     5    0.022610    0.120156    0.335861   24.293743 v rebuffer134/X (sky130_fd_sc_hd__buf_2)
                                                         net134 (net)
                      0.120158    0.000757   24.294500 v _1347_/C (sky130_fd_sc_hd__and3_2)
     1    0.009694    0.102779    0.499735   24.794235 v _1347_/X (sky130_fd_sc_hd__and3_2)
                                                         _0604_ (net)
                      0.102779    0.000332   24.794567 v _1348_/B (sky130_fd_sc_hd__xnor2_2)
     5    0.022027    0.488923    0.449719   25.244286 ^ _1348_/Y (sky130_fd_sc_hd__xnor2_2)
                                                         _0605_ (net)
                      0.488925    0.000981   25.245266 ^ _1355_/D_N (sky130_fd_sc_hd__or4b_4)
     2    0.007831    0.167765    1.086191   26.331457 v _1355_/X (sky130_fd_sc_hd__or4b_4)
                                                         _0612_ (net)
                      0.167765    0.000194   26.331650 v _1356_/C1 (sky130_fd_sc_hd__o211a_4)
     3    0.016400    0.093398    0.323730   26.655380 v _1356_/X (sky130_fd_sc_hd__o211a_4)
                                                         _0613_ (net)
                      0.093399    0.000504   26.655886 v _1359_/A2 (sky130_fd_sc_hd__o21ba_4)
     3    0.012034    0.074869    0.379869   27.035753 v _1359_/X (sky130_fd_sc_hd__o21ba_4)
                                                         _0616_ (net)
                      0.074869    0.000242   27.035995 v _1406_/B (sky130_fd_sc_hd__or3b_4)
     2    0.005310    0.119902    0.724059   27.760056 v _1406_/X (sky130_fd_sc_hd__or3b_4)
                                                         _0657_ (net)
                      0.119902    0.000092   27.760147 v _1414_/A1 (sky130_fd_sc_hd__a221o_2)
     1    0.005515    0.106157    0.692978   28.453125 v _1414_/X (sky130_fd_sc_hd__a221o_2)
                                                         _0664_ (net)
                      0.106157    0.000218   28.453344 v _1418_/A2 (sky130_fd_sc_hd__a32o_2)
     1    0.002883    0.066753    0.483114   28.936457 v _1418_/X (sky130_fd_sc_hd__a32o_2)
                                                         _0015_ (net)
                      0.066753    0.000087   28.936544 v _1606_/D (sky130_fd_sc_hd__dfrtp_2)
                                             28.936544   data arrival time

                                 25.000000   25.000000   clock clk (rise edge)
                                  0.000000   25.000000   clock source latency
     2    0.023959    0.177637    0.122151   25.122150 ^ clk (in)
                                                         clk (net)
                      0.177651    0.000000   25.122150 ^ clkbuf_0_clk/A (sky130_fd_sc_hd__clkbuf_16)
    33    0.124721    0.212123    0.386521   25.508671 ^ clkbuf_0_clk/X (sky130_fd_sc_hd__clkbuf_16)
                                                         clknet_0_clk (net)
                      0.212251    0.004333   25.513004 ^ clkbuf_4_11_0_clk/A (sky130_fd_sc_hd__clkbuf_8)
    11    0.027947    0.102802    0.319011   25.832014 ^ clkbuf_4_11_0_clk/X (sky130_fd_sc_hd__clkbuf_8)
                                                         clknet_4_11_0_clk (net)
                      0.102821    0.001409   25.833424 ^ _1606_/CLK (sky130_fd_sc_hd__dfrtp_2)
                                 -0.250000   25.583424   clock uncertainty
                                  0.000000   25.583424   clock reconvergence pessimism
                                 -0.266506   25.316919   library setup time
                                             25.316919   data required time
---------------------------------------------------------------------------------------------
                                             25.316919   data required time
                                            -28.936544   data arrival time
---------------------------------------------------------------------------------------------
                                             -3.619626   slack (VIOLATED)




===========================================================================
report_checks --slack_max -0.01
============================================================================
======================= nom_ss_100C_1v60 Corner ===================================

Startpoint: _1616_ (rising edge-triggered flip-flop clocked by clk)
Endpoint: _1606_ (rising edge-triggered flip-flop clocked by clk)
Path Group: clk
Path Type: max

Fanout         Cap        Slew       Delay        Time   Description
---------------------------------------------------------------------------------------------
                                  0.000000    0.000000   clock clk (rise edge)
                                  0.000000    0.000000   clock source latency
     2    0.023959    0.177637    0.122151    0.122151 ^ clk (in)
                                                         clk (net)
                      0.177651    0.000000    0.122151 ^ clkbuf_0_clk/A (sky130_fd_sc_hd__clkbuf_16)
    33    0.124721    0.212123    0.386521    0.508672 ^ clkbuf_0_clk/X (sky130_fd_sc_hd__clkbuf_16)
                                                         clknet_0_clk (net)
                      0.213424    0.013341    0.522013 ^ clkbuf_4_4_0_clk/A (sky130_fd_sc_hd__clkbuf_8)
     6    0.019479    0.082294    0.300445    0.822459 ^ clkbuf_4_4_0_clk/X (sky130_fd_sc_hd__clkbuf_8)
                                                         clknet_4_4_0_clk (net)
                      0.082294    0.000311    0.822769 ^ _1616_/CLK (sky130_fd_sc_hd__dfrtp_2)
     3    0.019072    0.147813    0.905151    1.727921 v _1616_/Q (sky130_fd_sc_hd__dfrtp_2)
                                                         STOPWATCH_INST.clock_div.cycles[24] (net)
                      0.147813    0.000398    1.728319 v fanout48/A (sky130_fd_sc_hd__buf_6)
    10    0.040871    0.084399    0.291890    2.020209 v fanout48/X (sky130_fd_sc_hd__buf_6)
                                                         net48 (net)
                      0.084413    0.001097    2.021307 v _0889_/A (sky130_fd_sc_hd__nor3_2)
     2    0.008985    0.334210    0.395142    2.416449 ^ _0889_/Y (sky130_fd_sc_hd__nor3_2)
                                                         _0149_ (net)
                      0.334210    0.000176    2.416625 ^ max_cap41/A (sky130_fd_sc_hd__buf_4)
     4    0.019136    0.107121    0.348559    2.765184 ^ max_cap41/X (sky130_fd_sc_hd__buf_4)
                                                         net41 (net)
                      0.107121    0.000427    2.765611 ^ _0911_/C1 (sky130_fd_sc_hd__o211ai_2)
     2    0.008256    0.188398    0.206421    2.972032 v _0911_/Y (sky130_fd_sc_hd__o211ai_2)
                                                         _0168_ (net)
                      0.188399    0.000262    2.972294 v fanout39/A (sky130_fd_sc_hd__buf_6)
     4    0.031630    0.072592    0.300802    3.273096 v fanout39/X (sky130_fd_sc_hd__buf_6)
                                                         net39 (net)
                      0.072593    0.000596    3.273692 v rebuffer127/A (sky130_fd_sc_hd__buf_8)
     6    0.032659    0.065556    0.237736    3.511427 v rebuffer127/X (sky130_fd_sc_hd__buf_8)
                                                         net127 (net)
                      0.065572    0.000998    3.512426 v _0919_/A2 (sky130_fd_sc_hd__a21oi_4)
     3    0.020513    0.291230    0.338226    3.850652 ^ _0919_/Y (sky130_fd_sc_hd__a21oi_4)
                                                         _0176_ (net)
                      0.291230    0.000560    3.851212 ^ _0921_/A1 (sky130_fd_sc_hd__a22oi_2)
     2    0.007934    0.141975    0.253028    4.104240 v _0921_/Y (sky130_fd_sc_hd__a22oi_2)
                                                         _0178_ (net)
                      0.141975    0.000223    4.104463 v _0941_/B (sky130_fd_sc_hd__or2_2)
     1    0.003935    0.116357    0.654959    4.759422 v _0941_/X (sky130_fd_sc_hd__or2_2)
                                                         _0198_ (net)
                      0.116357    0.000132    4.759554 v _0942_/B (sky130_fd_sc_hd__or4b_4)
     2    0.012301    0.179976    1.081307    5.840861 v _0942_/X (sky130_fd_sc_hd__or4b_4)
                                                         _0199_ (net)
                      0.179976    0.000414    5.841275 v _0961_/A1 (sky130_fd_sc_hd__a211o_4)
     3    0.017185    0.108988    0.661027    6.502303 v _0961_/X (sky130_fd_sc_hd__a211o_4)
                                                         _0218_ (net)
                      0.108988    0.000540    6.502842 v fanout32/A (sky130_fd_sc_hd__buf_8)
     5    0.034843    0.068100    0.258088    6.760931 v fanout32/X (sky130_fd_sc_hd__buf_8)
                                                         net32 (net)
                      0.068100    0.000204    6.761135 v _0980_/A1 (sky130_fd_sc_hd__a211oi_2)
     2    0.015300    0.534482    0.529276    7.290411 ^ _0980_/Y (sky130_fd_sc_hd__a211oi_2)
                                                         _0237_ (net)
                      0.534482    0.000362    7.290773 ^ _0981_/A2 (sky130_fd_sc_hd__a21oi_2)
     1    0.008456    0.136659    0.290189    7.580962 v _0981_/Y (sky130_fd_sc_hd__a21oi_2)
                                                         _0238_ (net)
                      0.136659    0.000247    7.581209 v _0982_/B (sky130_fd_sc_hd__xnor2_2)
     4    0.029578    0.625761    0.564115    8.145324 ^ _0982_/Y (sky130_fd_sc_hd__xnor2_2)
                                                         _0239_ (net)
                      0.625764    0.001168    8.146492 ^ _0984_/C (sky130_fd_sc_hd__nand3_2)
     1    0.004882    0.169022    0.320597    8.467089 v _0984_/Y (sky130_fd_sc_hd__nand3_2)
                                                         _0241_ (net)
                      0.169022    0.000108    8.467197 v _1014_/B1 (sky130_fd_sc_hd__a31o_4)
     2    0.007863    0.067963    0.419292    8.886489 v _1014_/X (sky130_fd_sc_hd__a31o_4)
                                                         _0271_ (net)
                      0.067963    0.000223    8.886712 v _1022_/A2 (sky130_fd_sc_hd__a21o_4)
     6    0.023410    0.103398    0.437051    9.323763 v _1022_/X (sky130_fd_sc_hd__a21o_4)
                                                         _0279_ (net)
                      0.103411    0.001156    9.324919 v rebuffer143/A (sky130_fd_sc_hd__buf_2)
     3    0.016333    0.098948    0.301252    9.626171 v rebuffer143/X (sky130_fd_sc_hd__buf_2)
                                                         net143 (net)
                      0.098948    0.000372    9.626543 v _1034_/C (sky130_fd_sc_hd__and3_2)
     2    0.004988    0.083151    0.461104   10.087647 v _1034_/X (sky130_fd_sc_hd__and3_2)
                                                         _0291_ (net)
                      0.083151    0.000122   10.087770 v _1037_/C (sky130_fd_sc_hd__or3_2)
     1    0.011009    0.212098    1.062793   11.150561 v _1037_/X (sky130_fd_sc_hd__or3_2)
                                                         _0294_ (net)
                      0.212098    0.000435   11.150997 v _1045_/A1 (sky130_fd_sc_hd__a31oi_4)
     3    0.011541    0.245418    0.322061   11.473058 ^ _1045_/Y (sky130_fd_sc_hd__a31oi_4)
                                                         _0302_ (net)
                      0.245419    0.000377   11.473434 ^ _1061_/D (sky130_fd_sc_hd__or4_4)
     2    0.013572    0.092925    0.315238   11.788671 ^ _1061_/X (sky130_fd_sc_hd__or4_4)
                                                         _0318_ (net)
                      0.092926    0.000510   11.789182 ^ _1071_/A (sky130_fd_sc_hd__nand2_2)
     3    0.015054    0.143246    0.161463   11.950644 v _1071_/Y (sky130_fd_sc_hd__nand2_2)
                                                         _0328_ (net)
                      0.143290    0.000464   11.951108 v _1109_/A1 (sky130_fd_sc_hd__a21oi_2)
     2    0.005084    0.189701    0.241887   12.192994 ^ _1109_/Y (sky130_fd_sc_hd__a21oi_2)
                                                         _0366_ (net)
                      0.189701    0.000110   12.193105 ^ _1112_/A_N (sky130_fd_sc_hd__and2b_2)
     1    0.003634    0.072714    0.491879   12.684984 v _1112_/X (sky130_fd_sc_hd__and2b_2)
                                                         _0369_ (net)
                      0.072714    0.000091   12.685075 v _1113_/B (sky130_fd_sc_hd__or2_2)
     2    0.008357    0.140167    0.668059   13.353134 v _1113_/X (sky130_fd_sc_hd__or2_2)
                                                         _0370_ (net)
                      0.140167    0.000324   13.353458 v _1116_/A (sky130_fd_sc_hd__or2_2)
     4    0.012383    0.159806    0.766825   14.120283 v _1116_/X (sky130_fd_sc_hd__or2_2)
                                                         _0373_ (net)
                      0.159806    0.000282   14.120565 v _1135_/A_N (sky130_fd_sc_hd__and2b_2)
     3    0.022925    0.202688    0.578338   14.698904 ^ _1135_/X (sky130_fd_sc_hd__and2b_2)
                                                         _0392_ (net)
                      0.202688    0.000851   14.699755 ^ _1136_/A1 (sky130_fd_sc_hd__a21oi_4)
     2    0.008638    0.086843    0.155917   14.855672 v _1136_/Y (sky130_fd_sc_hd__a21oi_4)
                                                         _0393_ (net)
                      0.086843    0.000182   14.855854 v rebuffer149/A (sky130_fd_sc_hd__buf_4)
     5    0.019643    0.076534    0.283608   15.139462 v rebuffer149/X (sky130_fd_sc_hd__buf_4)
                                                         net149 (net)
                      0.076539    0.000687   15.140149 v _1145_/C (sky130_fd_sc_hd__or3_4)
     4    0.020895    0.166623    0.733626   15.873775 v _1145_/X (sky130_fd_sc_hd__or3_4)
                                                         _0402_ (net)
                      0.166623    0.000457   15.874232 v _1148_/C (sky130_fd_sc_hd__and4b_2)
     2    0.010429    0.112620    0.554797   16.429029 v _1148_/X (sky130_fd_sc_hd__and4b_2)
                                                         _0405_ (net)
                      0.112620    0.000256   16.429285 v _1181_/C (sky130_fd_sc_hd__nand4b_4)
     1    0.003181    0.102109    0.150575   16.579859 ^ _1181_/Y (sky130_fd_sc_hd__nand4b_4)
                                                         _0438_ (net)
                      0.102109    0.000096   16.579956 ^ _1182_/B (sky130_fd_sc_hd__or4bb_4)
     2    0.008246    0.071374    0.238943   16.818899 ^ _1182_/X (sky130_fd_sc_hd__or4bb_4)
                                                         _0439_ (net)
                      0.071374    0.000243   16.819141 ^ _1191_/A1 (sky130_fd_sc_hd__a41o_4)
     3    0.015888    0.128958    0.436653   17.255796 ^ _1191_/X (sky130_fd_sc_hd__a41o_4)
                                                         _0448_ (net)
                      0.128958    0.000524   17.256319 ^ fanout22/A (sky130_fd_sc_hd__buf_8)
     5    0.030472    0.095846    0.224011   17.480331 ^ fanout22/X (sky130_fd_sc_hd__buf_8)
                                                         net22 (net)
                      0.095847    0.000435   17.480766 ^ rebuffer181/A (sky130_fd_sc_hd__buf_4)
     2    0.006885    0.057789    0.202700   17.683466 ^ rebuffer181/X (sky130_fd_sc_hd__buf_4)
                                                         net181 (net)
                      0.057789    0.000139   17.683605 ^ _1214_/B1 (sky130_fd_sc_hd__a22o_2)
     4    0.019375    0.190993    0.358401   18.042006 ^ _1214_/X (sky130_fd_sc_hd__a22o_2)
                                                         _0471_ (net)
                      0.190993    0.000323   18.042330 ^ _1215_/B1_N (sky130_fd_sc_hd__o21ba_2)
     1    0.003210    0.061172    0.338597   18.380926 v _1215_/X (sky130_fd_sc_hd__o21ba_2)
                                                         _0472_ (net)
                      0.061172    0.000096   18.381021 v _1216_/B1 (sky130_fd_sc_hd__a31o_2)
     2    0.012953    0.109542    0.444146   18.825169 v _1216_/X (sky130_fd_sc_hd__a31o_2)
                                                         _0473_ (net)
                      0.109542    0.000243   18.825411 v _1219_/B1 (sky130_fd_sc_hd__a311o_2)
     3    0.013155    0.144404    0.755358   19.580770 v _1219_/X (sky130_fd_sc_hd__a311o_2)
                                                         _0476_ (net)
                      0.144404    0.000579   19.581348 v _1242_/A2 (sky130_fd_sc_hd__a211o_4)
     2    0.009060    0.089257    0.636620   20.217968 v _1242_/X (sky130_fd_sc_hd__a211o_4)
                                                         _0499_ (net)
                      0.089257    0.000391   20.218359 v _1252_/A2 (sky130_fd_sc_hd__a21o_4)
     2    0.012217    0.074722    0.413525   20.631884 v _1252_/X (sky130_fd_sc_hd__a21o_4)
                                                         _0509_ (net)
                      0.074722    0.000485   20.632370 v fanout21/A (sky130_fd_sc_hd__buf_8)
    15    0.054404    0.087733    0.262851   20.895220 v fanout21/X (sky130_fd_sc_hd__buf_8)
                                                         net21 (net)
                      0.088280    0.004881   20.900103 v _1265_/B (sky130_fd_sc_hd__xor2_2)
     2    0.005430    0.176791    0.272635   21.172737 v _1265_/X (sky130_fd_sc_hd__xor2_2)
                                                         _0522_ (net)
                      0.176791    0.000124   21.172861 v _1266_/A (sky130_fd_sc_hd__or2_4)
     2    0.013432    0.102339    0.547498   21.720360 v _1266_/X (sky130_fd_sc_hd__or2_4)
                                                         _0523_ (net)
                      0.102339    0.000529   21.720888 v _1271_/A1 (sky130_fd_sc_hd__a31o_4)
     2    0.007072    0.066236    0.409505   22.130394 v _1271_/X (sky130_fd_sc_hd__a31o_4)
                                                         _0528_ (net)
                      0.066236    0.000203   22.130596 v _1281_/A1 (sky130_fd_sc_hd__a21o_4)
     2    0.006663    0.063182    0.364201   22.494799 v _1281_/X (sky130_fd_sc_hd__a21o_4)
                                                         _0538_ (net)
                      0.063182    0.000226   22.495024 v _1304_/A2 (sky130_fd_sc_hd__a311o_2)
     2    0.007154    0.115035    0.706109   23.201132 v _1304_/X (sky130_fd_sc_hd__a311o_2)
                                                         _0561_ (net)
                      0.115035    0.000172   23.201305 v _1308_/A2 (sky130_fd_sc_hd__a21o_4)
     3    0.015573    0.082321    0.435090   23.636395 v _1308_/X (sky130_fd_sc_hd__a21o_4)
                                                         _0565_ (net)
                      0.082324    0.000615   23.637009 v rebuffer135/A (sky130_fd_sc_hd__buf_2)
     2    0.025042    0.129650    0.320560   23.957569 v rebuffer135/X (sky130_fd_sc_hd__buf_2)
                                                         net135 (net)
                      0.129650    0.000313   23.957882 v rebuffer134/A (sky130_fd_sc_hd__buf_2)
     5    0.022610    0.120156    0.335861   24.293743 v rebuffer134/X (sky130_fd_sc_hd__buf_2)
                                                         net134 (net)
                      0.120158    0.000757   24.294500 v _1347_/C (sky130_fd_sc_hd__and3_2)
     1    0.009694    0.102779    0.499735   24.794235 v _1347_/X (sky130_fd_sc_hd__and3_2)
                                                         _0604_ (net)
                      0.102779    0.000332   24.794567 v _1348_/B (sky130_fd_sc_hd__xnor2_2)
     5    0.022027    0.488923    0.449719   25.244286 ^ _1348_/Y (sky130_fd_sc_hd__xnor2_2)
                                                         _0605_ (net)
                      0.488925    0.000981   25.245266 ^ _1355_/D_N (sky130_fd_sc_hd__or4b_4)
     2    0.007831    0.167765    1.086191   26.331457 v _1355_/X (sky130_fd_sc_hd__or4b_4)
                                                         _0612_ (net)
                      0.167765    0.000194   26.331650 v _1356_/C1 (sky130_fd_sc_hd__o211a_4)
     3    0.016400    0.093398    0.323730   26.655380 v _1356_/X (sky130_fd_sc_hd__o211a_4)
                                                         _0613_ (net)
                      0.093399    0.000504   26.655886 v _1359_/A2 (sky130_fd_sc_hd__o21ba_4)
     3    0.012034    0.074869    0.379869   27.035753 v _1359_/X (sky130_fd_sc_hd__o21ba_4)
                                                         _0616_ (net)
                      0.074869    0.000242   27.035995 v _1406_/B (sky130_fd_sc_hd__or3b_4)
     2    0.005310    0.119902    0.724059   27.760056 v _1406_/X (sky130_fd_sc_hd__or3b_4)
                                                         _0657_ (net)
                      0.119902    0.000092   27.760147 v _1414_/A1 (sky130_fd_sc_hd__a221o_2)
     1    0.005515    0.106157    0.692978   28.453125 v _1414_/X (sky130_fd_sc_hd__a221o_2)
                                                         _0664_ (net)
                      0.106157    0.000218   28.453344 v _1418_/A2 (sky130_fd_sc_hd__a32o_2)
     1    0.002883    0.066753    0.483114   28.936457 v _1418_/X (sky130_fd_sc_hd__a32o_2)
                                                         _0015_ (net)
                      0.066753    0.000087   28.936544 v _1606_/D (sky130_fd_sc_hd__dfrtp_2)
                                             28.936544   data arrival time

                                 25.000000   25.000000   clock clk (rise edge)
                                  0.000000   25.000000   clock source latency
     2    0.023959    0.177637    0.122151   25.122150 ^ clk (in)
                                                         clk (net)
                      0.177651    0.000000   25.122150 ^ clkbuf_0_clk/A (sky130_fd_sc_hd__clkbuf_16)
    33    0.124721    0.212123    0.386521   25.508671 ^ clkbuf_0_clk/X (sky130_fd_sc_hd__clkbuf_16)
                                                         clknet_0_clk (net)
                      0.212251    0.004333   25.513004 ^ clkbuf_4_11_0_clk/A (sky130_fd_sc_hd__clkbuf_8)
    11    0.027947    0.102802    0.319011   25.832014 ^ clkbuf_4_11_0_clk/X (sky130_fd_sc_hd__clkbuf_8)
                                                         clknet_4_11_0_clk (net)
                      0.102821    0.001409   25.833424 ^ _1606_/CLK (sky130_fd_sc_hd__dfrtp_2)
                                 -0.250000   25.583424   clock uncertainty
                                  0.000000   25.583424   clock reconvergence pessimism
                                 -0.266506   25.316919   library setup time
                                             25.316919   data required time
---------------------------------------------------------------------------------------------
                                             25.316919   data required time
                                            -28.936544   data arrival time
---------------------------------------------------------------------------------------------
                                             -3.619626   slack (VIOLATED)




===========================================================================
 report_check_types -max_slew -max_cap -max_fanout -violators
============================================================================
======================= nom_ss_100C_1v60 Corner ===================================

max slew

Pin                                        Limit        Slew       Slack
------------------------------------------------------------------------
_1423_/B1                               0.750000    1.270915   -0.520915 (VIOLATED)
_1430_/B1                               0.750000    1.270915   -0.520915 (VIOLATED)
_1437_/B1                               0.750000    1.270915   -0.520915 (VIOLATED)
ANTENNA__1430__B1/DIODE                 0.750000    1.270912   -0.520912 (VIOLATED)
_1410_/B1                               0.750000    1.270913   -0.520913 (VIOLATED)
ANTENNA__1437__B1/DIODE                 0.750000    1.270912   -0.520912 (VIOLATED)
ANTENNA__1410__B1/DIODE                 0.750000    1.270911   -0.520911 (VIOLATED)
ANTENNA__1423__B1/DIODE                 0.750000    1.270911   -0.520911 (VIOLATED)
_1445_/B1                               0.750000    1.270909   -0.520909 (VIOLATED)
ANTENNA__1445__B1/DIODE                 0.750000    1.270904   -0.520904 (VIOLATED)
_1483_/B1                               0.750000    1.270887   -0.520887 (VIOLATED)
ANTENNA__0893__C/DIODE                  0.750000    1.270885   -0.520885 (VIOLATED)
ANTENNA__0894__A2/DIODE                 0.750000    1.270885   -0.520885 (VIOLATED)
ANTENNA__1483__B1/DIODE                 0.750000    1.270885   -0.520885 (VIOLATED)
ANTENNA__1487__A2/DIODE                 0.750000    1.270885   -0.520885 (VIOLATED)
ANTENNA__1489__A2/DIODE                 0.750000    1.270885   -0.520885 (VIOLATED)
ANTENNA_fanout35_X/DIODE                0.750000    1.270885   -0.520885 (VIOLATED)
_0893_/C                                0.750000    1.270885   -0.520885 (VIOLATED)
_0894_/A2                               0.750000    1.270885   -0.520885 (VIOLATED)
_1487_/A2                               0.750000    1.270885   -0.520885 (VIOLATED)
_1489_/A2                               0.750000    1.270885   -0.520885 (VIOLATED)
fanout35/X                              0.750000    1.270885   -0.520885 (VIOLATED)
_1213_/A1                               0.750000    1.011075   -0.261075 (VIOLATED)
ANTENNA__1208__A/DIODE                  0.750000    1.011075   -0.261075 (VIOLATED)
ANTENNA__1213__A1/DIODE                 0.750000    1.011075   -0.261075 (VIOLATED)
_1208_/A                                0.750000    1.011075   -0.261075 (VIOLATED)
_1265_/A                                0.750000    1.011071   -0.261071 (VIOLATED)
ANTENNA__1265__A/DIODE                  0.750000    1.011064   -0.261064 (VIOLATED)
_0882_/B                                0.750000    1.011063   -0.261063 (VIOLATED)
ANTENNA__0860__D_N/DIODE                0.750000    1.011063   -0.261063 (VIOLATED)
ANTENNA__0865__A/DIODE                  0.750000    1.011063   -0.261063 (VIOLATED)
ANTENNA__0882__B/DIODE                  0.750000    1.011063   -0.261063 (VIOLATED)
_0860_/D_N                              0.750000    1.011063   -0.261063 (VIOLATED)
_0865_/A                                0.750000    1.011063   -0.261063 (VIOLATED)
ANTENNA__0877__C1/DIODE                 0.750000    1.011062   -0.261062 (VIOLATED)
ANTENNA__1375__A/DIODE                  0.750000    1.011062   -0.261062 (VIOLATED)
ANTENNA__1376__A/DIODE                  0.750000    1.011062   -0.261062 (VIOLATED)
ANTENNA__1381__B2/DIODE                 0.750000    1.011062   -0.261062 (VIOLATED)
ANTENNA_fanout53_X/DIODE                0.750000    1.011062   -0.261062 (VIOLATED)
_0877_/C1                               0.750000    1.011062   -0.261062 (VIOLATED)
_1375_/A                                0.750000    1.011062   -0.261062 (VIOLATED)
_1376_/A                                0.750000    1.011062   -0.261062 (VIOLATED)
_1381_/B2                               0.750000    1.011062   -0.261062 (VIOLATED)
fanout53/X                              0.750000    1.011062   -0.261062 (VIOLATED)
_1001_/A2                               0.750000    0.971926   -0.221926 (VIOLATED)
_1002_/C                                0.750000    0.971926   -0.221926 (VIOLATED)
_0993_/A2                               0.750000    0.971926   -0.221926 (VIOLATED)
_0985_/A2                               0.750000    0.971925   -0.221925 (VIOLATED)
_0994_/A2                               0.750000    0.971925   -0.221925 (VIOLATED)
_0967_/B2                               0.750000    0.971923   -0.221923 (VIOLATED)
_0979_/A2                               0.750000    0.971922   -0.221922 (VIOLATED)
_0965_/B                                0.750000    0.971921   -0.221921 (VIOLATED)
_0966_/B                                0.750000    0.971921   -0.221921 (VIOLATED)
_0980_/A2                               0.750000    0.971921   -0.221921 (VIOLATED)
fanout31/X                              0.750000    0.971921   -0.221921 (VIOLATED)
_1088_/A1                               0.750000    0.971604   -0.221604 (VIOLATED)
_1085_/A2                               0.750000    0.971603   -0.221603 (VIOLATED)
_1087_/A2                               0.750000    0.971603   -0.221603 (VIOLATED)
_1080_/B                                0.750000    0.971597   -0.221597 (VIOLATED)
_1109_/B1                               0.750000    0.971585   -0.221585 (VIOLATED)
_1079_/Y                                0.750000    0.971583   -0.221584 (VIOLATED)
_1204_/B2                               0.750000    0.948069   -0.198069 (VIOLATED)
_1210_/A1                               0.750000    0.948069   -0.198069 (VIOLATED)
_1206_/A1                               0.750000    0.948067   -0.198067 (VIOLATED)
_1211_/A1                               0.750000    0.948066   -0.198066 (VIOLATED)
_1214_/B2                               0.750000    0.948060   -0.198060 (VIOLATED)
_1216_/A1                               0.750000    0.948060   -0.198060 (VIOLATED)
_1192_/A                                0.750000    0.948057   -0.198057 (VIOLATED)
_1195_/A1                               0.750000    0.948048   -0.198048 (VIOLATED)
_1144_/A                                0.750000    0.948040   -0.198040 (VIOLATED)
_1196_/A2                               0.750000    0.948040   -0.198040 (VIOLATED)
fanout23/X                              0.750000    0.948040   -0.198040 (VIOLATED)
ANTENNA__1627__RESET_B/DIODE            0.750000    0.946900   -0.196901 (VIOLATED)
ANTENNA__1626__RESET_B/DIODE            0.750000    0.946900   -0.196900 (VIOLATED)
_1626_/RESET_B                          0.750000    0.946900   -0.196900 (VIOLATED)
_1627_/RESET_B                          0.750000    0.946900   -0.196900 (VIOLATED)
ANTENNA__1615__RESET_B/DIODE            0.750000    0.946899   -0.196899 (VIOLATED)
_1615_/RESET_B                          0.750000    0.946899   -0.196899 (VIOLATED)
ANTENNA__1609__RESET_B/DIODE            0.750000    0.946898   -0.196898 (VIOLATED)
ANTENNA__1610__RESET_B/DIODE            0.750000    0.946898   -0.196898 (VIOLATED)
ANTENNA__1613__RESET_B/DIODE            0.750000    0.946898   -0.196898 (VIOLATED)
ANTENNA__1614__RESET_B/DIODE            0.750000    0.946898   -0.196898 (VIOLATED)
ANTENNA_fanout63_A/DIODE                0.750000    0.946898   -0.196898 (VIOLATED)
ANTENNA_fanout64_X/DIODE                0.750000    0.946898   -0.196898 (VIOLATED)
_1609_/RESET_B                          0.750000    0.946898   -0.196898 (VIOLATED)
_1610_/RESET_B                          0.750000    0.946898   -0.196898 (VIOLATED)
_1613_/RESET_B                          0.750000    0.946898   -0.196898 (VIOLATED)
_1614_/RESET_B                          0.750000    0.946898   -0.196898 (VIOLATED)
fanout63/A                              0.750000    0.946898   -0.196898 (VIOLATED)
fanout64/X                              0.750000    0.946898   -0.196898 (VIOLATED)
_1390_/B1                               0.750000    0.893127   -0.143127 (VIOLATED)
_1393_/B1                               0.750000    0.893127   -0.143127 (VIOLATED)
_1398_/B1                               0.750000    0.893127   -0.143127 (VIOLATED)
_1407_/A                                0.750000    0.893127   -0.143127 (VIOLATED)
_1427_/A                                0.750000    0.893127   -0.143127 (VIOLATED)
_1442_/C1                               0.750000    0.893127   -0.143127 (VIOLATED)
_1458_/B1                               0.750000    0.893127   -0.143127 (VIOLATED)
_1467_/A                                0.750000    0.893127   -0.143127 (VIOLATED)
_1473_/C1                               0.750000    0.893127   -0.143127 (VIOLATED)
_1480_/B                                0.750000    0.893127   -0.143127 (VIOLATED)
fanout33/X                              0.750000    0.893127   -0.143127 (VIOLATED)
_0859_/C                                0.750000    0.791828   -0.041828 (VIOLATED)
_0864_/D_N                              0.750000    0.791828   -0.041828 (VIOLATED)
_0879_/A2                               0.750000    0.791828   -0.041828 (VIOLATED)
_0936_/A                                0.750000    0.791828   -0.041828 (VIOLATED)
_1001_/B1                               0.750000    0.791828   -0.041828 (VIOLATED)
_1002_/A                                0.750000    0.791828   -0.041828 (VIOLATED)
_1415_/A                                0.750000    0.791828   -0.041828 (VIOLATED)
_1416_/A                                0.750000    0.791828   -0.041828 (VIOLATED)
_1418_/B2                               0.750000    0.791828   -0.041828 (VIOLATED)
_1421_/A1                               0.750000    0.791828   -0.041828 (VIOLATED)
fanout51/X                              0.750000    0.791828   -0.041828 (VIOLATED)
_1033_/A1                               0.750000    0.789764   -0.039764 (VIOLATED)
_1034_/B                                0.750000    0.789763   -0.039763 (VIOLATED)
_1039_/A2                               0.750000    0.789762   -0.039762 (VIOLATED)
_0974_/A                                0.750000    0.789762   -0.039762 (VIOLATED)
_1023_/A                                0.750000    0.789762   -0.039762 (VIOLATED)
_1024_/A                                0.750000    0.789762   -0.039762 (VIOLATED)
_1026_/A1_N                             0.750000    0.789762   -0.039762 (VIOLATED)
_1038_/A1                               0.750000    0.789762   -0.039762 (VIOLATED)
_1047_/A1                               0.750000    0.789762   -0.039762 (VIOLATED)
_1049_/A1_N                             0.750000    0.789762   -0.039762 (VIOLATED)
fanout30/X                              0.750000    0.789762   -0.039762 (VIOLATED)

max fanout

Pin                                   Limit Fanout  Slack
---------------------------------------------------------
clkbuf_0_clk/X                           10     33    -23 (VIOLATED)
fanout35/X                               10     21    -11 (VIOLATED)
fanout53/X                               10     21    -11 (VIOLATED)
_0892_/Y                                 10     19     -9 (VIOLATED)
fanout64/X                               10     17     -7 (VIOLATED)
load_slew58/X                            10     17     -7 (VIOLATED)
fanout21/X                               10     15     -5 (VIOLATED)
_1653_/Q                                 10     11        (VIOLATED)
clkbuf_4_11_0_clk/X                      10     11        (VIOLATED)



===========================================================================
report_parasitic_annotation -report_unannotated
============================================================================
Found 102 unannotated drivers.
 gpio_in[10]
 gpio_in[11]
 gpio_in[12]
 gpio_in[13]
 gpio_in[14]
 gpio_in[15]
 gpio_in[16]
 gpio_in[17]
 gpio_in[18]
 gpio_in[19]
 gpio_in[20]
 gpio_in[21]
 gpio_in[22]
 gpio_in[23]
 gpio_in[24]
 gpio_in[25]
 gpio_in[26]
 gpio_in[27]
 gpio_in[28]
 gpio_in[29]
 gpio_in[30]
 gpio_in[31]
 gpio_in[32]
 gpio_in[33]
 gpio_in[4]
 gpio_in[5]
 gpio_in[6]
 gpio_in[7]
 gpio_in[8]
 gpio_in[9]
 clkload0/X
 clkload1/X
 clkload10/X
 clkload11/X
 clkload12/X
 clkload2/X
 clkload3/X
 clkload4/X
 clkload5/X
 clkload6/X
 clkload7/X
 clkload8/X
 clkload9/X
 team_04/HI
 team_04_100/LO
 team_04_101/LO
 team_04_102/LO
 team_04_103/LO
 team_04_104/LO
 team_04_105/LO
 team_04_106/LO
 team_04_107/LO
 team_04_108/LO
 team_04_109/LO
 team_04_110/LO
 team_04_111/LO
 team_04_112/LO
 team_04_113/LO
 team_04_114/LO
 team_04_115/LO
 team_04_116/LO
 team_04_117/LO
 team_04_118/LO
 team_04_119/LO
 team_04_120/LO
 team_04_121/LO
 team_04_122/LO
 team_04_65/HI
 team_04_66/HI
 team_04_67/HI
 team_04_68/HI
 team_04_69/HI
 team_04_70/HI
 team_04_71/HI
 team_04_72/HI
 team_04_73/HI
 team_04_74/HI
 team_04_75/HI
 team_04_76/HI
 team_04_77/HI
 team_04_78/HI
 team_04_79/HI
 team_04_80/HI
 team_04_81/HI
 team_04_82/HI
 team_04_83/HI
 team_04_84/HI
 team_04_85/HI
 team_04_86/HI
 team_04_87/HI
 team_04_88/HI
 team_04_89/HI
 team_04_90/HI
 team_04_91/HI
 team_04_92/HI
 team_04_93/HI
 team_04_94/HI
 team_04_95/HI
 team_04_96/HI
 team_04_97/HI
 team_04_98/LO
 team_04_99/LO
Found 0 partially unannotated drivers.

===========================================================================
max slew violation count 123
max fanout violation count 9
max cap violation count 0
============================================================================

===========================================================================
check_setup -verbose -unconstrained_endpoints -multiple_clock -no_clock -no_input_delay -loops -generated_clocks
===========================================================================
