Clock: clk
Sources: clk 
Generated: no
Virtual: yes
Propagated: no
Period: 25.000000

===========================================================================
report_clock_properties
============================================================================
Clock                   Period          Waveform
----------------------------------------------------
clk                  25.000000    0.000000 12.500000

===========================================================================
report_clock_latency
============================================================================
Clock clk
rise -> rise
    min     max
0.000000 0.000000 source latency
0.780063         network latency _1593_/CLK
        0.786906 network latency _1618_/CLK
---------------
0.780063 0.786906 latency
        0.006842 skew

fall -> fall
    min     max
0.000000 0.000000 source latency
0.709658         network latency _1593_/CLK
        0.714873 network latency _1586_/CLK
---------------
0.709658 0.714873 latency
        0.005214 skew



===========================================================================
report_clock_min_period
============================================================================
clk period_min = 31.71 fmax = 31.53
