Clock: clk
Sources: clk 
Generated: no
Virtual: yes
Propagated: no
Period: 25.000000

===========================================================================
report_clock_properties
============================================================================
Clock                   Period          Waveform
----------------------------------------------------
clk                  25.000000    0.000000 12.500000

===========================================================================
report_clock_latency
============================================================================
Clock clk
rise -> rise
    min     max
0.000000 0.000000 source latency
0.896432         network latency _3426_/CLK
        6.937405 network latency _3451_/CLK
---------------
0.896432 6.937405 latency
        6.040973 skew

rise -> fall
    min     max
0.000000 0.000000 source latency
5.899811         network latency _3508_/CLK
        7.202997 network latency _3451_/CLK
---------------
5.899811 7.202997 latency
        1.303185 skew

fall -> fall
    min     max
0.000000 0.000000 source latency
0.795766         network latency _3426_/CLK
        1.193197 network latency _3207_/CLK
---------------
0.795766 1.193197 latency
        0.397431 skew



===========================================================================
report_clock_min_period
============================================================================
clk period_min = 9.47 fmax = 105.55
