Clock: clk
Sources: clk 
Generated: no
Virtual: yes
Propagated: no
Period: 1000.000000

===========================================================================
report_clock_properties
============================================================================
Clock                   Period          Waveform
----------------------------------------------------
clk                 1000.000000    0.000000500.000000

===========================================================================
report_clock_latency
============================================================================
Clock clk
rise -> rise
    min     max
0.000000 0.000000 source latency
1.918947         network latency _14085_/CLK
        4.272689 network latency _13577_/CLK
---------------
1.918947 4.272689 latency
        2.353741 skew

rise -> fall
    min     max
0.000000 0.000000 source latency
2.615798         network latency _13578_/CLK
        4.192547 network latency _13577_/CLK
---------------
2.615798 4.192547 latency
        1.576750 skew

fall -> rise
    min     max
0.000000 0.000000 source latency
2.310003         network latency _13578_/CLK
        2.574097 network latency _13577_/CLK
---------------
2.310003 2.574097 latency
        0.264095 skew

fall -> fall
    min     max
0.000000 0.000000 source latency
1.562910         network latency _14085_/CLK
        2.536069 network latency _13555_/CLK
---------------
1.562910 2.536069 latency
        0.973159 skew



===========================================================================
report_clock_min_period
============================================================================
clk period_min = 177.87 fmax = 5.62
