
===========================================================================
report_checks -unconstrained
===========================================================================
======================= max_tt_025C_1v80 Corner ===================================

Startpoint: en (input port clocked by clk)
Endpoint: _461_ (recovery check against rising-edge clock clk)
Path Group: asynchronous
Path Type: max

Fanout         Cap        Slew       Delay        Time   Description
---------------------------------------------------------------------------------------------
                                  0.000000    0.000000   clock clk (rise edge)
                                  0.000000    0.000000   clock network delay (propagated)
                                  5.000000    5.000000 ^ input external delay
     2    0.004896    0.028843    0.017576    5.017576 ^ en (in)
                                                         en (net)
                      0.028844    0.000000    5.017576 ^ input1/A (sky130_fd_sc_hd__clkdlybuf4s25_1)
     1    0.001971    0.036711    0.230852    5.248428 ^ input1/X (sky130_fd_sc_hd__clkdlybuf4s25_1)
                                                         net1 (net)
                      0.036711    0.000132    5.248560 ^ _229_/B (sky130_fd_sc_hd__and2_2)
     1    0.004275    0.043649    0.132572    5.381133 ^ _229_/X (sky130_fd_sc_hd__and2_2)
                                                         TOP.n_rst (net)
                      0.043657    0.000188    5.381320 ^ fanout51/A (sky130_fd_sc_hd__clkdlybuf4s25_1)
     5    0.027363    0.278910    0.411366    5.792686 ^ fanout51/X (sky130_fd_sc_hd__clkdlybuf4s25_1)
                                                         net51 (net)
                      0.278916    0.001676    5.794363 ^ fanout47/A (sky130_fd_sc_hd__clkdlybuf4s25_1)
     8    0.040324    0.405538    0.563421    6.357783 ^ fanout47/X (sky130_fd_sc_hd__clkdlybuf4s25_1)
                                                         net47 (net)
                      0.405563    0.003500    6.361283 ^ fanout45/A (sky130_fd_sc_hd__clkdlybuf4s25_1)
     6    0.027401    0.279388    0.494244    6.855527 ^ fanout45/X (sky130_fd_sc_hd__clkdlybuf4s25_1)
                                                         net45 (net)
                      0.279390    0.001281    6.856808 ^ load_slew46/A (sky130_fd_sc_hd__clkbuf_2)
     5    0.023720    0.135538    0.237609    7.094417 ^ load_slew46/X (sky130_fd_sc_hd__clkbuf_2)
                                                         net46 (net)
                      0.135547    0.001189    7.095606 ^ _461_/RESET_B (sky130_fd_sc_hd__dfrtp_2)
                                              7.095606   data arrival time

                                 25.000000   25.000000   clock clk (rise edge)
                                  0.000000   25.000000   clock source latency
     2    0.020614    0.098524    0.068441   25.068441 ^ clk (in)
                                                         clk (net)
                      0.098572    0.000000   25.068441 ^ clkbuf_0_clk/A (sky130_fd_sc_hd__clkbuf_16)
     8    0.086124    0.103254    0.192220   25.260660 ^ clkbuf_0_clk/X (sky130_fd_sc_hd__clkbuf_16)
                                                         clknet_0_clk (net)
                      0.103765    0.005855   25.266516 ^ clkbuf_3_5__f_clk/A (sky130_fd_sc_hd__clkbuf_16)
    10    0.035291    0.055522    0.159217   25.425732 ^ clkbuf_3_5__f_clk/X (sky130_fd_sc_hd__clkbuf_16)
                                                         clknet_3_5__leaf_clk (net)
                      0.055649    0.001680   25.427412 ^ _461_/CLK (sky130_fd_sc_hd__dfrtp_2)
                                 -0.250000   25.177412   clock uncertainty
                                  0.000000   25.177412   clock reconvergence pessimism
                                  0.195483   25.372896   library recovery time
                                             25.372896   data required time
---------------------------------------------------------------------------------------------
                                             25.372896   data required time
                                             -7.095606   data arrival time
---------------------------------------------------------------------------------------------
                                             18.277290   slack (MET)


Startpoint: _454_ (rising edge-triggered flip-flop clocked by clk)
Endpoint: gpio_out[10] (output port clocked by clk)
Path Group: clk
Path Type: max

Fanout         Cap        Slew       Delay        Time   Description
---------------------------------------------------------------------------------------------
                                  0.000000    0.000000   clock clk (rise edge)
                                  0.000000    0.000000   clock source latency
     2    0.020614    0.098524    0.068442    0.068442 ^ clk (in)
                                                         clk (net)
                      0.098572    0.000000    0.068442 ^ clkbuf_0_clk/A (sky130_fd_sc_hd__clkbuf_16)
     8    0.086124    0.103254    0.192219    0.260661 ^ clkbuf_0_clk/X (sky130_fd_sc_hd__clkbuf_16)
                                                         clknet_0_clk (net)
                      0.103503    0.004146    0.264807 ^ clkbuf_3_7__f_clk/A (sky130_fd_sc_hd__clkbuf_16)
     9    0.028254    0.049536    0.154413    0.419220 ^ clkbuf_3_7__f_clk/X (sky130_fd_sc_hd__clkbuf_16)
                                                         clknet_3_7__leaf_clk (net)
                      0.049554    0.001223    0.420443 ^ _454_/CLK (sky130_fd_sc_hd__dfrtp_2)
     2    0.006963    0.049431    0.397716    0.818159 v _454_/Q (sky130_fd_sc_hd__dfrtp_2)
                                                         TOP.top_rng_inst.display.current_data[3] (net)
                      0.049431    0.000376    0.818535 v fanout28/A (sky130_fd_sc_hd__clkdlybuf4s25_1)
    10    0.039508    0.293105    0.442937    1.261472 v fanout28/X (sky130_fd_sc_hd__clkdlybuf4s25_1)
                                                         net28 (net)
                      0.293128    0.002694    1.264166 v _262_/B (sky130_fd_sc_hd__or3b_2)
     2    0.007004    0.090524    0.547516    1.811681 v _262_/X (sky130_fd_sc_hd__or3b_2)
                                                         _085_ (net)
                      0.090524    0.000275    1.811956 v _263_/B1 (sky130_fd_sc_hd__o2bb2a_2)
     1    0.002344    0.041891    0.265728    2.077684 v _263_/X (sky130_fd_sc_hd__o2bb2a_2)
                                                         net7 (net)
                      0.041891    0.000169    2.077853 v output7/A (sky130_fd_sc_hd__clkdlybuf4s25_1)
     1    0.034714    0.258829    0.414478    2.492331 v output7/X (sky130_fd_sc_hd__clkdlybuf4s25_1)
                                                         gpio_out[10] (net)
                      0.258839    0.001824    2.494155 v gpio_out[10] (out)
                                              2.494155   data arrival time

                                 25.000000   25.000000   clock clk (rise edge)
                                  0.000000   25.000000   clock network delay (propagated)
                                 -0.250000   24.750000   clock uncertainty
                                  0.000000   24.750000   clock reconvergence pessimism
                                 -5.000000   19.750000   output external delay
                                             19.750000   data required time
---------------------------------------------------------------------------------------------
                                             19.750000   data required time
                                             -2.494155   data arrival time
---------------------------------------------------------------------------------------------
                                             17.255844   slack (MET)




===========================================================================
report_checks --slack_max -0.01
============================================================================
======================= max_tt_025C_1v80 Corner ===================================

No paths found.


===========================================================================
 report_check_types -max_slew -max_cap -max_fanout -violators
============================================================================
======================= max_tt_025C_1v80 Corner ===================================

max slew

Pin                                        Limit        Slew       Slack
------------------------------------------------------------------------
_276_/S                                 0.750000    0.757255   -0.007255 (VIOLATED)
_282_/S                                 0.750000    0.757252   -0.007252 (VIOLATED)
ANTENNA__276__S/DIODE                   0.750000    0.757249   -0.007249 (VIOLATED)
ANTENNA__282__S/DIODE                   0.750000    0.757247   -0.007247 (VIOLATED)
_292_/A1                                0.750000    0.757235   -0.007235 (VIOLATED)
ANTENNA__292__A1/DIODE                  0.750000    0.757232   -0.007232 (VIOLATED)
ANTENNA__338__S/DIODE                   0.750000    0.757217   -0.007217 (VIOLATED)
_338_/S                                 0.750000    0.757204   -0.007204 (VIOLATED)
_342_/S                                 0.750000    0.757174   -0.007174 (VIOLATED)
ANTENNA__342__S/DIODE                   0.750000    0.757169   -0.007169 (VIOLATED)
_346_/S                                 0.750000    0.757139   -0.007139 (VIOLATED)
ANTENNA__346__S/DIODE                   0.750000    0.757119   -0.007119 (VIOLATED)
_335_/S                                 0.750000    0.757110   -0.007110 (VIOLATED)
ANTENNA__335__S/DIODE                   0.750000    0.757108   -0.007108 (VIOLATED)
_323_/S                                 0.750000    0.757107   -0.007107 (VIOLATED)
ANTENNA__323__S/DIODE                   0.750000    0.757106   -0.007106 (VIOLATED)
ANTENNA__331__S/DIODE                   0.750000    0.757100   -0.007100 (VIOLATED)
_375_/A2                                0.750000    0.757099   -0.007099 (VIOLATED)
ANTENNA__375__A2/DIODE                  0.750000    0.757099   -0.007099 (VIOLATED)
_331_/S                                 0.750000    0.757099   -0.007099 (VIOLATED)
ANTENNA_fanout35_X/DIODE                0.750000    0.757097   -0.007097 (VIOLATED)
fanout35/X                              0.750000    0.757094   -0.007094 (VIOLATED)

max fanout

Pin                                   Limit Fanout  Slack
---------------------------------------------------------
fanout21/X                               10     21    -11 (VIOLATED)
fanout23/X                               10     21    -11 (VIOLATED)
fanout33/X                               10     21    -11 (VIOLATED)
fanout35/X                               10     21    -11 (VIOLATED)
max_cap27/X                              10     19     -9 (VIOLATED)



===========================================================================
report_parasitic_annotation -report_unannotated
============================================================================
Found 94 unannotated drivers.
 gpio_in[10]
 gpio_in[11]
 gpio_in[12]
 gpio_in[13]
 gpio_in[14]
 gpio_in[15]
 gpio_in[16]
 gpio_in[17]
 gpio_in[18]
 gpio_in[19]
 gpio_in[20]
 gpio_in[21]
 gpio_in[22]
 gpio_in[23]
 gpio_in[24]
 gpio_in[25]
 gpio_in[26]
 gpio_in[27]
 gpio_in[28]
 gpio_in[29]
 gpio_in[30]
 gpio_in[31]
 gpio_in[32]
 gpio_in[33]
 gpio_in[4]
 gpio_in[5]
 gpio_in[6]
 gpio_in[7]
 gpio_in[8]
 gpio_in[9]
 _431__107/LO
 clkload0/X
 clkload1/X
 clkload2/X
 clkload3/X
 clkload4/X
 clkload5/X
 clkload6/X
 team_01/HI
 team_01_100/LO
 team_01_101/LO
 team_01_102/LO
 team_01_103/LO
 team_01_104/LO
 team_01_105/LO
 team_01_106/LO
 team_01_52/HI
 team_01_53/HI
 team_01_54/HI
 team_01_55/HI
 team_01_56/HI
 team_01_57/HI
 team_01_58/HI
 team_01_59/HI
 team_01_60/HI
 team_01_61/HI
 team_01_62/HI
 team_01_63/HI
 team_01_64/HI
 team_01_65/HI
 team_01_66/HI
 team_01_67/HI
 team_01_68/HI
 team_01_69/HI
 team_01_70/HI
 team_01_71/HI
 team_01_72/HI
 team_01_73/HI
 team_01_74/HI
 team_01_75/HI
 team_01_76/HI
 team_01_77/HI
 team_01_78/HI
 team_01_79/HI
 team_01_80/HI
 team_01_81/HI
 team_01_82/HI
 team_01_83/HI
 team_01_84/HI
 team_01_85/HI
 team_01_86/HI
 team_01_87/HI
 team_01_88/HI
 team_01_89/LO
 team_01_90/LO
 team_01_91/LO
 team_01_92/LO
 team_01_93/LO
 team_01_94/LO
 team_01_95/LO
 team_01_96/LO
 team_01_97/LO
 team_01_98/LO
 team_01_99/LO
Found 0 partially unannotated drivers.

===========================================================================
max slew violation count 22
max fanout violation count 5
max cap violation count 0
============================================================================

===========================================================================
check_setup -verbose -unconstrained_endpoints -multiple_clock -no_clock -no_input_delay -loops -generated_clocks
===========================================================================
Warning: There are 2 unclocked register/latch pins.
  _485_/CLK
  _486_/CLK
Warning: There are 4 unconstrained endpoints.
  gpio_out[16]
  gpio_out[17]
  _485_/D
  _486_/D
