Clock: clk
Sources: clk 
Generated: no
Virtual: yes
Propagated: no
Period: 25.000000

===========================================================================
report_clock_properties
============================================================================
Clock                   Period          Waveform
----------------------------------------------------
clk                  25.000000    0.000000 12.500000

===========================================================================
report_clock_latency
============================================================================
Clock clk
rise -> rise
    min     max
0.000000 0.000000 source latency
0.419717         network latency _452_/CLK
        0.770473 network latency _485_/CLK
---------------
0.419717 0.770473 latency
        0.350756 skew

rise -> fall
    min     max
0.000000 0.000000 source latency
0.815866         network latency _486_/CLK
        0.815911 network latency _485_/CLK
---------------
0.815866 0.815911 latency
        0.000045 skew

fall -> fall
    min     max
0.000000 0.000000 source latency
0.377970         network latency _452_/CLK
        0.388699 network latency _483_/CLK
---------------
0.377970 0.388699 latency
        0.010729 skew



===========================================================================
report_clock_min_period
============================================================================
clk period_min = 3.33 fmax = 300.01
