Clock: clk
Sources: wb_clk_i 
Generated: no
Virtual: yes
Propagated: no
Period: 100.000000

===========================================================================
report_clock_properties
============================================================================
Clock                   Period          Waveform
----------------------------------------------------
clk                 100.000000    0.000000 50.000000

===========================================================================
report_clock_latency
============================================================================
Clock clk
rise -> rise
    min     max
4.650000 5.570000 source latency
6.390944         network latency _4641_/CLK
        7.394250 network latency mprj.team_07_Wrapper.team_07_WB.instance_to_wrap/clk
---------------
11.040944 12.964251 latency
        1.923306 skew

fall -> fall
    min     max
4.650000 5.570000 source latency
6.625808         network latency _4641_/CLK
        7.612492 network latency mprj.team_07_Wrapper.team_07_WB.instance_to_wrap/clk
---------------
11.275807 13.182492 latency
        1.906685 skew



===========================================================================
report_clock_min_period
============================================================================
clk period_min = 13.92 fmax = 71.82
