
===========================================================================
report_checks -unconstrained
===========================================================================
======================= nom_ff_n40C_1v95 Corner ===================================

Startpoint: nrst (input port clocked by clk)
Endpoint: _1001_ (recovery check against rising-edge clock clk)
Path Group: asynchronous
Path Type: max

Fanout         Cap        Slew       Delay        Time   Description
---------------------------------------------------------------------------------------------
                                  0.000000    0.000000   clock clk (rise edge)
                                  0.000000    0.000000   clock network delay (propagated)
                                  5.000000    5.000000 ^ input external delay
     2    0.012843    0.048146    0.031958    5.031958 ^ nrst (in)
                                                         nrst (net)
                      0.048146    0.000000    5.031958 ^ input18/A (sky130_fd_sc_hd__clkdlybuf4s25_1)
     1    0.002224    0.027966    0.159361    5.191319 ^ input18/X (sky130_fd_sc_hd__clkdlybuf4s25_1)
                                                         net18 (net)
                      0.027966    0.000065    5.191384 ^ _0466_/A (sky130_fd_sc_hd__and2_2)
     7    0.030624    0.121800    0.148010    5.339395 ^ _0466_/X (sky130_fd_sc_hd__and2_2)
                                                         MATMULT_INST.cntrl.n_rst (net)
                      0.121820    0.001278    5.340672 ^ fanout40/A (sky130_fd_sc_hd__clkdlybuf4s25_1)
    11    0.041566    0.312916    0.374640    5.715313 ^ fanout40/X (sky130_fd_sc_hd__clkdlybuf4s25_1)
                                                         net40 (net)
                      0.312916    0.000477    5.715790 ^ fanout35/A (sky130_fd_sc_hd__clkdlybuf4s25_1)
    11    0.037721    0.285255    0.369284    6.085074 ^ fanout35/X (sky130_fd_sc_hd__clkdlybuf4s25_1)
                                                         net35 (net)
                      0.285255    0.001068    6.086143 ^ fanout29/A (sky130_fd_sc_hd__clkdlybuf4s25_1)
     7    0.036561    0.276654    0.363494    6.449636 ^ fanout29/X (sky130_fd_sc_hd__clkdlybuf4s25_1)
                                                         net29 (net)
                      0.276654    0.000835    6.450471 ^ fanout27/A (sky130_fd_sc_hd__clkdlybuf4s25_1)
     4    0.018741    0.146034    0.272448    6.722920 ^ fanout27/X (sky130_fd_sc_hd__clkdlybuf4s25_1)
                                                         net27 (net)
                      0.146034    0.000469    6.723388 ^ load_slew28/A (sky130_fd_sc_hd__buf_2)
     7    0.030689    0.115739    0.153253    6.876641 ^ load_slew28/X (sky130_fd_sc_hd__buf_2)
                                                         net28 (net)
                      0.115741    0.000758    6.877399 ^ _1001_/SET_B (sky130_fd_sc_hd__dfstp_2)
                                              6.877399   data arrival time

                                 25.000000   25.000000   clock clk (rise edge)
                                  0.000000   25.000000   clock source latency
     2    0.025679    0.090584    0.062546   25.062544 ^ clk (in)
                                                         clk (net)
                      0.090607    0.000000   25.062544 ^ clkbuf_0_clk/A (sky130_fd_sc_hd__clkbuf_16)
    33    0.126125    0.107194    0.156854   25.219398 ^ clkbuf_0_clk/X (sky130_fd_sc_hd__clkbuf_16)
                                                         clknet_0_clk (net)
                      0.108669    0.009925   25.229322 ^ clkbuf_4_1_0_clk/A (sky130_fd_sc_hd__clkbuf_8)
     9    0.027092    0.046384    0.115994   25.345318 ^ clkbuf_4_1_0_clk/X (sky130_fd_sc_hd__clkbuf_8)
                                                         clknet_4_1_0_clk (net)
                      0.046444    0.001432   25.346750 ^ _1001_/CLK (sky130_fd_sc_hd__dfstp_2)
                                 -0.250000   25.096750   clock uncertainty
                                  0.000000   25.096750   clock reconvergence pessimism
                                  0.087559   25.184309   library recovery time
                                             25.184309   data required time
---------------------------------------------------------------------------------------------
                                             25.184309   data required time
                                             -6.877399   data arrival time
---------------------------------------------------------------------------------------------
                                             18.306910   slack (MET)


Startpoint: _0926_ (rising edge-triggered flip-flop clocked by clk)
Endpoint: gpio_out[17] (output port clocked by clk)
Path Group: clk
Path Type: max

Fanout         Cap        Slew       Delay        Time   Description
---------------------------------------------------------------------------------------------
                                  0.000000    0.000000   clock clk (rise edge)
                                  0.000000    0.000000   clock source latency
     2    0.025679    0.090584    0.062546    0.062546 ^ clk (in)
                                                         clk (net)
                      0.090607    0.000000    0.062546 ^ clkbuf_0_clk/A (sky130_fd_sc_hd__clkbuf_16)
    33    0.126125    0.107194    0.156854    0.219400 ^ clkbuf_0_clk/X (sky130_fd_sc_hd__clkbuf_16)
                                                         clknet_0_clk (net)
                      0.107287    0.002627    0.222027 ^ clkbuf_4_15_0_clk/A (sky130_fd_sc_hd__clkbuf_8)
     9    0.025926    0.044931    0.114796    0.336823 ^ clkbuf_4_15_0_clk/X (sky130_fd_sc_hd__clkbuf_8)
                                                         clknet_4_15_0_clk (net)
                      0.044935    0.000464    0.337288 ^ _0926_/CLK (sky130_fd_sc_hd__dfrtp_2)
     3    0.009426    0.040039    0.257695    0.594982 v _0926_/Q (sky130_fd_sc_hd__dfrtp_2)
                                                         MATMULT_INST.uart_tx.tx_ctrl.state[7] (net)
                      0.040039    0.000168    0.595151 v _0606_/A (sky130_fd_sc_hd__or2_2)
     2    0.009429    0.049626    0.190491    0.785642 v _0606_/X (sky130_fd_sc_hd__or2_2)
                                                         _0227_ (net)
                      0.049626    0.000277    0.785919 v _0704_/C (sky130_fd_sc_hd__or3_2)
     1    0.004397    0.054488    0.236977    1.022896 v _0704_/X (sky130_fd_sc_hd__or3_2)
                                                         _0304_ (net)
                      0.054488    0.000149    1.023046 v _0707_/B (sky130_fd_sc_hd__or4_2)
     1    0.001840    0.062052    0.357405    1.380451 v _0707_/X (sky130_fd_sc_hd__or4_2)
                                                         _0307_ (net)
                      0.062052    0.000052    1.380502 v _0708_/B (sky130_fd_sc_hd__or4b_2)
     1    0.003415    0.067112    0.363373    1.743875 v _0708_/X (sky130_fd_sc_hd__or4b_2)
                                                         _0308_ (net)
                      0.067112    0.000108    1.743983 v _0713_/B1 (sky130_fd_sc_hd__o211a_2)
     1    0.002045    0.028418    0.093609    1.837592 v _0713_/X (sky130_fd_sc_hd__o211a_2)
                                                         _0313_ (net)
                      0.028418    0.000059    1.837652 v _0716_/D_N (sky130_fd_sc_hd__or4b_2)
     1    0.004223    0.029137    0.129904    1.967555 ^ _0716_/X (sky130_fd_sc_hd__or4b_2)
                                                         _0316_ (net)
                      0.029137    0.000106    1.967661 ^ _0718_/B1 (sky130_fd_sc_hd__a211o_2)
     1    0.004720    0.026491    0.059394    2.027055 ^ _0718_/X (sky130_fd_sc_hd__a211o_2)
                                                         MATMULT_INST.serial_out (net)
                      0.026492    0.000173    2.027228 ^ _1069_/A (sky130_fd_sc_hd__buf_2)
     1    0.002568    0.018397    0.056279    2.083506 ^ _1069_/X (sky130_fd_sc_hd__buf_2)
                                                         net20 (net)
                      0.018398    0.000072    2.083579 ^ output20/A (sky130_fd_sc_hd__clkdlybuf4s25_1)
     1    0.034873    0.263911    0.317828    2.401406 ^ output20/X (sky130_fd_sc_hd__clkdlybuf4s25_1)
                                                         gpio_out[17] (net)
                      0.263911    0.000661    2.402067 ^ gpio_out[17] (out)
                                              2.402067   data arrival time

                                 25.000000   25.000000   clock clk (rise edge)
                                  0.000000   25.000000   clock network delay (propagated)
                                 -0.250000   24.750000   clock uncertainty
                                  0.000000   24.750000   clock reconvergence pessimism
                                 -5.000000   19.750000   output external delay
                                             19.750000   data required time
---------------------------------------------------------------------------------------------
                                             19.750000   data required time
                                             -2.402067   data arrival time
---------------------------------------------------------------------------------------------
                                             17.347933   slack (MET)




===========================================================================
report_checks --slack_max -0.01
============================================================================
======================= nom_ff_n40C_1v95 Corner ===================================

No paths found.


===========================================================================
 report_check_types -max_slew -max_cap -max_fanout -violators
============================================================================
======================= nom_ff_n40C_1v95 Corner ===================================

max fanout

Pin                                   Limit Fanout  Slack
---------------------------------------------------------
clkbuf_0_clk/X                           10     33    -23 (VIOLATED)
clkbuf_4_8_0_clk/X                       10     21    -11 (VIOLATED)
fanout35/X                               10     11        (VIOLATED)
fanout40/X                               10     11        (VIOLATED)



===========================================================================
report_parasitic_annotation -report_unannotated
============================================================================
Found 98 unannotated drivers.
 gpio_in[16]
 gpio_in[17]
 gpio_in[18]
 gpio_in[19]
 gpio_in[20]
 gpio_in[21]
 gpio_in[22]
 gpio_in[23]
 gpio_in[24]
 gpio_in[25]
 gpio_in[26]
 gpio_in[27]
 gpio_in[28]
 gpio_in[29]
 gpio_in[30]
 gpio_in[31]
 gpio_in[32]
 gpio_in[33]
 clkload0/X
 clkload1/X
 clkload10/X
 clkload11/X
 clkload12/X
 clkload13/X
 clkload2/X
 clkload3/X
 clkload4/X
 clkload5/X
 clkload6/X
 clkload7/X
 clkload8/X
 clkload9/X
 team_07/HI
 team_07_100/LO
 team_07_101/LO
 team_07_102/LO
 team_07_103/LO
 team_07_104/LO
 team_07_105/LO
 team_07_106/LO
 team_07_107/LO
 team_07_108/LO
 team_07_109/LO
 team_07_110/LO
 team_07_111/LO
 team_07_112/LO
 team_07_113/LO
 team_07_114/LO
 team_07_115/LO
 team_07_116/LO
 team_07_117/LO
 team_07_118/LO
 team_07_119/LO
 team_07_55/HI
 team_07_56/HI
 team_07_57/HI
 team_07_58/HI
 team_07_59/HI
 team_07_60/HI
 team_07_61/HI
 team_07_62/HI
 team_07_63/HI
 team_07_64/HI
 team_07_65/HI
 team_07_66/HI
 team_07_67/HI
 team_07_68/HI
 team_07_69/HI
 team_07_70/HI
 team_07_71/HI
 team_07_72/HI
 team_07_73/HI
 team_07_74/HI
 team_07_75/HI
 team_07_76/HI
 team_07_77/HI
 team_07_78/HI
 team_07_79/HI
 team_07_80/HI
 team_07_81/HI
 team_07_82/HI
 team_07_83/HI
 team_07_84/HI
 team_07_85/HI
 team_07_86/HI
 team_07_87/HI
 team_07_88/HI
 team_07_89/LO
 team_07_90/LO
 team_07_91/LO
 team_07_92/LO
 team_07_93/LO
 team_07_94/LO
 team_07_95/LO
 team_07_96/LO
 team_07_97/LO
 team_07_98/LO
 team_07_99/LO
Found 0 partially unannotated drivers.

===========================================================================
max slew violation count 0
max fanout violation count 4
max cap violation count 0
============================================================================

===========================================================================
check_setup -verbose -unconstrained_endpoints -multiple_clock -no_clock -no_input_delay -loops -generated_clocks
===========================================================================
