Clock: clk
Sources: clk 
Generated: no
Virtual: yes
Propagated: no
Period: 25.000000

===========================================================================
report_clock_properties
============================================================================
Clock                   Period          Waveform
----------------------------------------------------
clk                  25.000000    0.000000 12.500000

===========================================================================
report_clock_latency
============================================================================
Clock clk
rise -> rise
    min     max
0.000000 0.000000 source latency
0.337288         network latency _0926_/CLK
        0.365484 network latency _0877_/CLK
---------------
0.337288 0.365484 latency
        0.028196 skew

fall -> fall
    min     max
0.000000 0.000000 source latency
0.285616         network latency _0926_/CLK
        0.305646 network latency _0877_/CLK
---------------
0.285616 0.305646 latency
        0.020030 skew



===========================================================================
report_clock_min_period
============================================================================
clk period_min = 2.40 fmax = 417.02
