
===========================================================================
report_checks -unconstrained
===========================================================================
======================= max_ff_n40C_1v95 Corner ===================================

Startpoint: en (input port clocked by clk)
Endpoint: _8420_ (recovery check against rising-edge clock clk)
Path Group: asynchronous
Path Type: max

Fanout         Cap        Slew       Delay        Time   Description
---------------------------------------------------------------------------------------------
                                  0.000000    0.000000   clock clk (rise edge)
                                  0.000000    0.000000   clock network delay (propagated)
                                  5.000000    5.000000 ^ input external delay
     2    0.004292    0.019230    0.011197    5.011197 ^ en (in)
                                                         en (net)
                      0.019232    0.000000    5.011197 ^ input1/A (sky130_fd_sc_hd__clkbuf_1)
     1    0.003944    0.041508    0.055844    5.067041 ^ input1/X (sky130_fd_sc_hd__clkbuf_1)
                                                         net1 (net)
                      0.041509    0.000294    5.067335 ^ _4273_/B (sky130_fd_sc_hd__and2_1)
     5    0.033071    0.242521    0.220978    5.288313 ^ _4273_/X (sky130_fd_sc_hd__and2_1)
                                                         PID_INST.add_three.n_rst (net)
                      0.242536    0.001584    5.289897 ^ fanout339/A (sky130_fd_sc_hd__clkbuf_4)
    15    0.087084    0.200005    0.246557    5.536454 ^ fanout339/X (sky130_fd_sc_hd__clkbuf_4)
                                                         net339 (net)
                      0.200038    0.002189    5.538642 ^ fanout327/A (sky130_fd_sc_hd__clkbuf_4)
    21    0.071436    0.165421    0.216668    5.755311 ^ fanout327/X (sky130_fd_sc_hd__clkbuf_4)
                                                         net327 (net)
                      0.166193    0.009175    5.764485 ^ fanout326/A (sky130_fd_sc_hd__clkbuf_4)
    10    0.056979    0.133872    0.191204    5.955689 ^ fanout326/X (sky130_fd_sc_hd__clkbuf_4)
                                                         net326 (net)
                      0.134185    0.005281    5.960969 ^ _8420_/RESET_B (sky130_fd_sc_hd__dfrtp_1)
                                              5.960969   data arrival time

                                 25.000000   25.000000   clock clk (rise edge)
                                  0.000000   25.000000   clock source latency
     2    0.040144    0.138854    0.098826   25.098825 ^ clk (in)
                                                         clk (net)
                      0.139341    0.000000   25.098825 ^ clkbuf_0_clk/A (sky130_fd_sc_hd__clkbuf_16)
    33    0.154498    0.129682    0.178211   25.277037 ^ clkbuf_0_clk/X (sky130_fd_sc_hd__clkbuf_16)
                                                         clknet_0_clk (net)
                      0.133063    0.016488   25.293524 ^ clkbuf_4_2_0_clk/A (sky130_fd_sc_hd__clkbuf_8)
     6    0.050429    0.074913    0.140947   25.434471 ^ clkbuf_4_2_0_clk/X (sky130_fd_sc_hd__clkbuf_8)
                                                         clknet_4_2_0_clk (net)
                      0.075155    0.003087   25.437559 ^ _8420_/CLK (sky130_fd_sc_hd__dfrtp_1)
                                 -0.250000   25.187559   clock uncertainty
                                  0.000000   25.187559   clock reconvergence pessimism
                                  0.131156   25.318714   library recovery time
                                             25.318714   data required time
---------------------------------------------------------------------------------------------
                                             25.318714   data required time
                                             -5.960969   data arrival time
---------------------------------------------------------------------------------------------
                                             19.357746   slack (MET)


Startpoint: gpio_in[4] (input port clocked by clk)
Endpoint: _8486_ (rising edge-triggered flip-flop clocked by clk)
Path Group: clk
Path Type: max

Fanout         Cap        Slew       Delay        Time   Description
---------------------------------------------------------------------------------------------
                                  0.000000    0.000000   clock clk (rise edge)
                                  0.000000    0.000000   clock network delay (propagated)
                                  5.000000    5.000000 v input external delay
     2    0.005613    0.009219    0.005004    5.005004 v gpio_in[4] (in)
                                                         gpio_in[4] (net)
                      0.009223    0.000000    5.005004 v input14/A (sky130_fd_sc_hd__clkbuf_4)
    13    0.072293    0.102903    0.148757    5.153761 v input14/X (sky130_fd_sc_hd__clkbuf_4)
                                                         net14 (net)
                      0.103099    0.003778    5.157539 v _4208_/A1 (sky130_fd_sc_hd__o21ai_2)
     5    0.027280    0.235758    0.235127    5.392666 ^ _4208_/Y (sky130_fd_sc_hd__o21ai_2)
                                                         _2242_ (net)
                      0.235779    0.001807    5.394474 ^ fanout148/A (sky130_fd_sc_hd__clkbuf_4)
    21    0.077971    0.179731    0.233591    5.628065 ^ fanout148/X (sky130_fd_sc_hd__clkbuf_4)
                                                         net148 (net)
                      0.179961    0.005309    5.633374 ^ _4209_/A (sky130_fd_sc_hd__inv_2)
     3    0.024905    0.069976    0.061777    5.695151 v _4209_/Y (sky130_fd_sc_hd__inv_2)
                                                         PID_INST.k3_calc.d1.y[2] (net)
                      0.069998    0.001039    5.696190 v fanout121/A (sky130_fd_sc_hd__clkbuf_4)
    21    0.070039    0.099390    0.172142    5.868332 v fanout121/X (sky130_fd_sc_hd__clkbuf_4)
                                                         net121 (net)
                      0.099468    0.002365    5.870697 v fanout120/A (sky130_fd_sc_hd__buf_2)
    21    0.061625    0.103047    0.173600    6.044297 v fanout120/X (sky130_fd_sc_hd__buf_2)
                                                         net120 (net)
                      0.103375    0.004833    6.049130 v _4652_/B (sky130_fd_sc_hd__nand4_1)
     4    0.011159    0.112464    0.130970    6.180100 ^ _4652_/Y (sky130_fd_sc_hd__nand4_1)
                                                         _3930_ (net)
                      0.112464    0.000405    6.180505 ^ _4659_/C (sky130_fd_sc_hd__and4_1)
     2    0.006091    0.059744    0.134772    6.315277 ^ _4659_/X (sky130_fd_sc_hd__and4_1)
                                                         _3937_ (net)
                      0.059745    0.000348    6.315625 ^ _4661_/A_N (sky130_fd_sc_hd__and2b_1)
     1    0.004628    0.030152    0.116089    6.431714 v _4661_/X (sky130_fd_sc_hd__and2b_1)
                                                         _3939_ (net)
                      0.030157    0.000349    6.432063 v _4663_/A (sky130_fd_sc_hd__xnor2_1)
     1    0.003386    0.031684    0.078401    6.510464 v _4663_/Y (sky130_fd_sc_hd__xnor2_1)
                                                         _3941_ (net)
                      0.031688    0.000147    6.510611 v _4666_/B1 (sky130_fd_sc_hd__a41o_1)
     1    0.002387    0.027958    0.064221    6.574832 v _4666_/X (sky130_fd_sc_hd__a41o_1)
                                                         _3944_ (net)
                      0.027958    0.000111    6.574943 v _4670_/A (sky130_fd_sc_hd__nand3_1)
     2    0.006984    0.072129    0.062957    6.637900 ^ _4670_/Y (sky130_fd_sc_hd__nand3_1)
                                                         _3948_ (net)
                      0.072155    0.000434    6.638334 ^ _4672_/A (sky130_fd_sc_hd__nand2_1)
     1    0.003360    0.038308    0.032331    6.670665 v _4672_/Y (sky130_fd_sc_hd__nand2_1)
                                                         _3950_ (net)
                      0.038309    0.000143    6.670808 v _4675_/A2 (sky130_fd_sc_hd__a31o_1)
     2    0.007197    0.041021    0.145839    6.816647 v _4675_/X (sky130_fd_sc_hd__a31o_1)
                                                         _3953_ (net)
                      0.041024    0.000415    6.817062 v _4677_/A2 (sky130_fd_sc_hd__o21a_1)
     1    0.002623    0.024352    0.104246    6.921307 v _4677_/X (sky130_fd_sc_hd__o21a_1)
                                                         _3955_ (net)
                      0.024365    0.000183    6.921491 v _4678_/C1 (sky130_fd_sc_hd__a221o_1)
     1    0.005811    0.043249    0.100865    7.022356 v _4678_/X (sky130_fd_sc_hd__a221o_1)
                                                         _3956_ (net)
                      0.043254    0.000461    7.022816 v _4681_/A2 (sky130_fd_sc_hd__a22o_1)
     1    0.004132    0.030775    0.124690    7.147506 v _4681_/X (sky130_fd_sc_hd__a22o_1)
                                                         _3959_ (net)
                      0.030789    0.000268    7.147775 v _4683_/A2 (sky130_fd_sc_hd__a31o_1)
     2    0.009598    0.048397    0.151255    7.299029 v _4683_/X (sky130_fd_sc_hd__a31o_1)
                                                         _3961_ (net)
                      0.048406    0.000671    7.299700 v _4684_/C (sky130_fd_sc_hd__and3_1)
     3    0.019458    0.075259    0.165457    7.465157 v _4684_/X (sky130_fd_sc_hd__and3_1)
                                                         _3962_ (net)
                      0.075354    0.002389    7.467546 v _4740_/A (sky130_fd_sc_hd__and2_1)
     2    0.005773    0.033779    0.110084    7.577631 v _4740_/X (sky130_fd_sc_hd__and2_1)
                                                         _4018_ (net)
                      0.033786    0.000444    7.578074 v _4809_/A3 (sky130_fd_sc_hd__o311a_1)
     3    0.016420    0.078730    0.222403    7.800477 v _4809_/X (sky130_fd_sc_hd__o311a_1)
                                                         _4087_ (net)
                      0.078749    0.001205    7.801682 v _4877_/A2 (sky130_fd_sc_hd__o211ai_4)
     4    0.019964    0.169573    0.171703    7.973385 ^ _4877_/Y (sky130_fd_sc_hd__o211ai_4)
                                                         _4155_ (net)
                      0.169577    0.001584    7.974968 ^ _5034_/A2 (sky130_fd_sc_hd__a211oi_2)
     4    0.012873    0.082339    0.077863    8.052832 v _5034_/Y (sky130_fd_sc_hd__a211oi_2)
                                                         _0224_ (net)
                      0.082341    0.000687    8.053519 v _5211_/A3 (sky130_fd_sc_hd__o311a_1)
     3    0.014883    0.074167    0.234553    8.288072 v _5211_/X (sky130_fd_sc_hd__o311a_1)
                                                         _0401_ (net)
                      0.074184    0.001091    8.289163 v _5284_/A3 (sky130_fd_sc_hd__o31ai_4)
     8    0.027009    0.273377    0.242384    8.531547 ^ _5284_/Y (sky130_fd_sc_hd__o31ai_4)
                                                         _0474_ (net)
                      0.273382    0.001451    8.532998 ^ _5998_/A2 (sky130_fd_sc_hd__a31o_1)
     1    0.005937    0.052904    0.118026    8.651024 ^ _5998_/X (sky130_fd_sc_hd__a31o_1)
                                                         _1188_ (net)
                      0.052906    0.000439    8.651463 ^ _6001_/B (sky130_fd_sc_hd__xnor2_1)
     2    0.017000    0.281653    0.149949    8.801413 ^ _6001_/Y (sky130_fd_sc_hd__xnor2_1)
                                                         _1191_ (net)
                      0.281660    0.001116    8.802528 ^ fanout42/A (sky130_fd_sc_hd__clkbuf_4)
    21    0.062514    0.145868    0.217938    9.020467 ^ fanout42/X (sky130_fd_sc_hd__clkbuf_4)
                                                         net42 (net)
                      0.146767    0.009223    9.029689 ^ _6002_/B (sky130_fd_sc_hd__nor2_1)
     2    0.008129    0.064568    0.050772    9.080462 v _6002_/Y (sky130_fd_sc_hd__nor2_1)
                                                         _1192_ (net)
                      0.064570    0.000587    9.081048 v _6006_/A (sky130_fd_sc_hd__xor2_1)
     2    0.011551    0.193174    0.194006    9.275054 ^ _6006_/X (sky130_fd_sc_hd__xor2_1)
                                                         _1196_ (net)
                      0.193184    0.001105    9.276158 ^ _6007_/B (sky130_fd_sc_hd__xnor2_1)
     2    0.006795    0.136807    0.100848    9.377007 ^ _6007_/Y (sky130_fd_sc_hd__xnor2_1)
                                                         _1197_ (net)
                      0.136807    0.000274    9.377281 ^ _6009_/B (sky130_fd_sc_hd__xor2_1)
     2    0.014282    0.229434    0.203397    9.580679 ^ _6009_/X (sky130_fd_sc_hd__xor2_1)
                                                         _1199_ (net)
                      0.229444    0.001235    9.581913 ^ _6010_/B (sky130_fd_sc_hd__xor2_1)
     2    0.008773    0.156597    0.148135    9.730048 ^ _6010_/X (sky130_fd_sc_hd__xor2_1)
                                                         _1200_ (net)
                      0.156601    0.000621    9.730669 ^ _6013_/A (sky130_fd_sc_hd__xnor2_1)
     2    0.008380    0.158968    0.111540    9.842209 ^ _6013_/Y (sky130_fd_sc_hd__xnor2_1)
                                                         _1203_ (net)
                      0.158971    0.000572    9.842781 ^ _6016_/A (sky130_fd_sc_hd__xor2_1)
     2    0.013924    0.224658    0.202367   10.045148 ^ _6016_/X (sky130_fd_sc_hd__xor2_1)
                                                         _1206_ (net)
                      0.224666    0.001035   10.046183 ^ _6019_/A (sky130_fd_sc_hd__xor2_2)
     2    0.013512    0.074552    0.081767   10.127950 v _6019_/X (sky130_fd_sc_hd__xor2_2)
                                                         _1209_ (net)
                      0.074556    0.000548   10.128497 v _6021_/A (sky130_fd_sc_hd__xnor2_2)
     2    0.014152    0.167639    0.178238   10.306735 ^ _6021_/Y (sky130_fd_sc_hd__xnor2_2)
                                                         _1211_ (net)
                      0.167711    0.001335   10.308070 ^ _6100_/A (sky130_fd_sc_hd__xnor2_1)
     3    0.008190    0.065207    0.077905   10.385975 v _6100_/Y (sky130_fd_sc_hd__xnor2_1)
                                                         _1290_ (net)
                      0.065208    0.000366   10.386341 v _6298_/A2 (sky130_fd_sc_hd__a21o_1)
     2    0.009129    0.043112    0.142634   10.528975 v _6298_/X (sky130_fd_sc_hd__a21o_1)
                                                         _1487_ (net)
                      0.043120    0.000576   10.529551 v _6497_/A2 (sky130_fd_sc_hd__a21o_1)
     2    0.008229    0.040166    0.131991   10.661542 v _6497_/X (sky130_fd_sc_hd__a21o_1)
                                                         _1685_ (net)
                      0.040171    0.000451   10.661993 v _6700_/A2 (sky130_fd_sc_hd__a21o_1)
     2    0.011534    0.048534    0.140749   10.802742 v _6700_/X (sky130_fd_sc_hd__a21o_1)
                                                         _1898_ (net)
                      0.048554    0.000937   10.803679 v _6902_/A2 (sky130_fd_sc_hd__a21o_1)
     2    0.007428    0.037695    0.131499   10.935179 v _6902_/X (sky130_fd_sc_hd__a21o_1)
                                                         _2112_ (net)
                      0.037701    0.000472   10.935650 v _7091_/A2 (sky130_fd_sc_hd__a21o_1)
     2    0.008009    0.039453    0.129286   11.064936 v _7091_/X (sky130_fd_sc_hd__a21o_1)
                                                         _2312_ (net)
                      0.039458    0.000457   11.065392 v _7250_/A2 (sky130_fd_sc_hd__a21o_1)
     2    0.010839    0.046585    0.138824   11.204217 v _7250_/X (sky130_fd_sc_hd__a21o_1)
                                                         _2480_ (net)
                      0.046594    0.000637   11.204853 v _7409_/A2 (sky130_fd_sc_hd__a21oi_2)
     3    0.018701    0.179256    0.175524   11.380378 ^ _7409_/Y (sky130_fd_sc_hd__a21oi_2)
                                                         _2649_ (net)
                      0.179272    0.001400   11.381778 ^ _7568_/A2 (sky130_fd_sc_hd__o311ai_4)
     4    0.012179    0.068627    0.074039   11.455817 v _7568_/Y (sky130_fd_sc_hd__o311ai_4)
                                                         _2816_ (net)
                      0.068630    0.000755   11.456572 v _8009_/A1 (sky130_fd_sc_hd__a311o_1)
     3    0.010956    0.066690    0.203305   11.659877 v _8009_/X (sky130_fd_sc_hd__a311o_1)
                                                         _3264_ (net)
                      0.066700    0.000784   11.660661 v _8270_/A2 (sky130_fd_sc_hd__a31o_1)
     2    0.007848    0.043033    0.158950   11.819612 v _8270_/X (sky130_fd_sc_hd__a31o_1)
                                                         _3543_ (net)
                      0.043036    0.000404   11.820016 v _8273_/A2 (sky130_fd_sc_hd__a21oi_1)
     1    0.005155    0.107376    0.121529   11.941545 ^ _8273_/Y (sky130_fd_sc_hd__a21oi_1)
                                                         _3545_ (net)
                      0.107376    0.000380   11.941924 ^ _8362_/A (sky130_fd_sc_hd__xnor2_1)
     1    0.003479    0.042606    0.051497   11.993421 v _8362_/Y (sky130_fd_sc_hd__xnor2_1)
                                                         _3641_ (net)
                      0.042606    0.000216   11.993637 v _8363_/A1 (sky130_fd_sc_hd__mux2_1)
     1    0.002490    0.036776    0.147605   12.141241 v _8363_/X (sky130_fd_sc_hd__mux2_1)
                                                         _0074_ (net)
                      0.036776    0.000173   12.141415 v _8486_/D (sky130_fd_sc_hd__dfrtp_1)
                                             12.141415   data arrival time

                                 25.000000   25.000000   clock clk (rise edge)
                                  0.000000   25.000000   clock source latency
     2    0.040144    0.138854    0.098826   25.098825 ^ clk (in)
                                                         clk (net)
                      0.139341    0.000000   25.098825 ^ clkbuf_0_clk/A (sky130_fd_sc_hd__clkbuf_16)
    33    0.154498    0.129682    0.178211   25.277037 ^ clkbuf_0_clk/X (sky130_fd_sc_hd__clkbuf_16)
                                                         clknet_0_clk (net)
                      0.131518    0.012246   25.289282 ^ clkbuf_4_15_0_clk/A (sky130_fd_sc_hd__clkbuf_8)
    15    0.067090    0.095301    0.154328   25.443611 ^ clkbuf_4_15_0_clk/X (sky130_fd_sc_hd__clkbuf_8)
                                                         clknet_4_15_0_clk (net)
                      0.095678    0.004862   25.448473 ^ _8486_/CLK (sky130_fd_sc_hd__dfrtp_1)
                                 -0.250000   25.198473   clock uncertainty
                                  0.000000   25.198473   clock reconvergence pessimism
                                 -0.068018   25.130455   library setup time
                                             25.130455   data required time
---------------------------------------------------------------------------------------------
                                             25.130455   data required time
                                            -12.141415   data arrival time
---------------------------------------------------------------------------------------------
                                             12.989040   slack (MET)




===========================================================================
report_checks --slack_max -0.01
============================================================================
======================= max_ff_n40C_1v95 Corner ===================================

No paths found.


===========================================================================
 report_check_types -max_slew -max_cap -max_fanout -violators
============================================================================
======================= max_ff_n40C_1v95 Corner ===================================

max fanout

Pin                                   Limit Fanout  Slack
---------------------------------------------------------
clkbuf_0_clk/X                           10     33    -23 (VIOLATED)
clkbuf_4_1_0_clk/X                       10     25    -15 (VIOLATED)
_4190_/Y                                 10     21    -11 (VIOLATED)
_4496_/Y                                 10     21    -11 (VIOLATED)
fanout100/X                              10     21    -11 (VIOLATED)
fanout101/X                              10     21    -11 (VIOLATED)
fanout103/X                              10     21    -11 (VIOLATED)
fanout105/X                              10     21    -11 (VIOLATED)
fanout107/X                              10     21    -11 (VIOLATED)
fanout109/X                              10     21    -11 (VIOLATED)
fanout111/X                              10     21    -11 (VIOLATED)
fanout113/X                              10     21    -11 (VIOLATED)
fanout114/X                              10     21    -11 (VIOLATED)
fanout116/X                              10     21    -11 (VIOLATED)
fanout118/X                              10     21    -11 (VIOLATED)
fanout119/X                              10     21    -11 (VIOLATED)
fanout120/X                              10     21    -11 (VIOLATED)
fanout121/X                              10     21    -11 (VIOLATED)
fanout123/X                              10     21    -11 (VIOLATED)
fanout125/X                              10     21    -11 (VIOLATED)
fanout127/X                              10     21    -11 (VIOLATED)
fanout132/X                              10     21    -11 (VIOLATED)
fanout135/X                              10     21    -11 (VIOLATED)
fanout137/X                              10     21    -11 (VIOLATED)
fanout138/X                              10     21    -11 (VIOLATED)
fanout139/X                              10     21    -11 (VIOLATED)
fanout140/X                              10     21    -11 (VIOLATED)
fanout142/X                              10     21    -11 (VIOLATED)
fanout147/X                              10     21    -11 (VIOLATED)
fanout148/X                              10     21    -11 (VIOLATED)
fanout157/X                              10     21    -11 (VIOLATED)
fanout162/X                              10     21    -11 (VIOLATED)
fanout163/X                              10     21    -11 (VIOLATED)
fanout173/X                              10     21    -11 (VIOLATED)
fanout175/X                              10     21    -11 (VIOLATED)
fanout183/X                              10     21    -11 (VIOLATED)
fanout187/X                              10     21    -11 (VIOLATED)
fanout189/X                              10     21    -11 (VIOLATED)
fanout190/X                              10     21    -11 (VIOLATED)
fanout193/X                              10     21    -11 (VIOLATED)
fanout194/X                              10     21    -11 (VIOLATED)
fanout195/X                              10     21    -11 (VIOLATED)
fanout199/X                              10     21    -11 (VIOLATED)
fanout201/X                              10     21    -11 (VIOLATED)
fanout203/X                              10     21    -11 (VIOLATED)
fanout205/X                              10     21    -11 (VIOLATED)
fanout207/X                              10     21    -11 (VIOLATED)
fanout209/X                              10     21    -11 (VIOLATED)
fanout210/X                              10     21    -11 (VIOLATED)
fanout214/X                              10     21    -11 (VIOLATED)
fanout215/X                              10     21    -11 (VIOLATED)
fanout219/X                              10     21    -11 (VIOLATED)
fanout223/X                              10     21    -11 (VIOLATED)
fanout226/X                              10     21    -11 (VIOLATED)
fanout227/X                              10     21    -11 (VIOLATED)
fanout230/X                              10     21    -11 (VIOLATED)
fanout232/X                              10     21    -11 (VIOLATED)
fanout237/X                              10     21    -11 (VIOLATED)
fanout239/X                              10     21    -11 (VIOLATED)
fanout251/X                              10     21    -11 (VIOLATED)
fanout252/X                              10     21    -11 (VIOLATED)
fanout254/X                              10     21    -11 (VIOLATED)
fanout256/X                              10     21    -11 (VIOLATED)
fanout258/X                              10     21    -11 (VIOLATED)
fanout260/X                              10     21    -11 (VIOLATED)
fanout273/X                              10     21    -11 (VIOLATED)
fanout276/X                              10     21    -11 (VIOLATED)
fanout278/X                              10     21    -11 (VIOLATED)
fanout280/X                              10     21    -11 (VIOLATED)
fanout285/X                              10     21    -11 (VIOLATED)
fanout286/X                              10     21    -11 (VIOLATED)
fanout287/X                              10     21    -11 (VIOLATED)
fanout288/X                              10     21    -11 (VIOLATED)
fanout291/X                              10     21    -11 (VIOLATED)
fanout293/X                              10     21    -11 (VIOLATED)
fanout294/X                              10     21    -11 (VIOLATED)
fanout295/X                              10     21    -11 (VIOLATED)
fanout296/X                              10     21    -11 (VIOLATED)
fanout305/X                              10     21    -11 (VIOLATED)
fanout306/X                              10     21    -11 (VIOLATED)
fanout308/X                              10     21    -11 (VIOLATED)
fanout311/X                              10     21    -11 (VIOLATED)
fanout314/X                              10     21    -11 (VIOLATED)
fanout317/X                              10     21    -11 (VIOLATED)
fanout322/X                              10     21    -11 (VIOLATED)
fanout327/X                              10     21    -11 (VIOLATED)
fanout328/X                              10     21    -11 (VIOLATED)
fanout340/X                              10     21    -11 (VIOLATED)
fanout37/X                               10     21    -11 (VIOLATED)
fanout40/X                               10     21    -11 (VIOLATED)
fanout42/X                               10     21    -11 (VIOLATED)
fanout44/X                               10     21    -11 (VIOLATED)
fanout47/X                               10     21    -11 (VIOLATED)
fanout50/X                               10     21    -11 (VIOLATED)
fanout51/X                               10     21    -11 (VIOLATED)
fanout53/X                               10     21    -11 (VIOLATED)
fanout58/X                               10     21    -11 (VIOLATED)
fanout63/X                               10     21    -11 (VIOLATED)
fanout65/X                               10     21    -11 (VIOLATED)
fanout70/X                               10     21    -11 (VIOLATED)
fanout71/X                               10     21    -11 (VIOLATED)
fanout78/X                               10     21    -11 (VIOLATED)
fanout79/X                               10     21    -11 (VIOLATED)
fanout81/X                               10     21    -11 (VIOLATED)
fanout83/X                               10     21    -11 (VIOLATED)
fanout84/X                               10     21    -11 (VIOLATED)
fanout85/X                               10     21    -11 (VIOLATED)
fanout86/X                               10     21    -11 (VIOLATED)
fanout88/X                               10     21    -11 (VIOLATED)
fanout89/X                               10     21    -11 (VIOLATED)
fanout95/X                               10     21    -11 (VIOLATED)
fanout97/X                               10     21    -11 (VIOLATED)
fanout99/X                               10     21    -11 (VIOLATED)
_4456_/Y                                 10     19     -9 (VIOLATED)
clkbuf_4_0_0_clk/X                       10     19     -9 (VIOLATED)
fanout110/X                              10     19     -9 (VIOLATED)
fanout115/X                              10     19     -9 (VIOLATED)
fanout186/X                              10     19     -9 (VIOLATED)
fanout220/X                              10     19     -9 (VIOLATED)
fanout228/X                              10     19     -9 (VIOLATED)
fanout275/X                              10     19     -9 (VIOLATED)
fanout299/X                              10     19     -9 (VIOLATED)
fanout331/X                              10     19     -9 (VIOLATED)
fanout341/X                              10     19     -9 (VIOLATED)
fanout80/X                               10     19     -9 (VIOLATED)
fanout87/X                               10     19     -9 (VIOLATED)
_4966_/Y                                 10     17     -7 (VIOLATED)
clkbuf_4_9_0_clk/X                       10     17     -7 (VIOLATED)
fanout104/X                              10     17     -7 (VIOLATED)
fanout108/X                              10     17     -7 (VIOLATED)
fanout117/X                              10     17     -7 (VIOLATED)
fanout159/X                              10     17     -7 (VIOLATED)
fanout182/X                              10     17     -7 (VIOLATED)
fanout188/X                              10     17     -7 (VIOLATED)
fanout198/X                              10     17     -7 (VIOLATED)
fanout216/X                              10     17     -7 (VIOLATED)
fanout225/X                              10     17     -7 (VIOLATED)
fanout236/X                              10     17     -7 (VIOLATED)
fanout74/X                               10     17     -7 (VIOLATED)
fanout98/X                               10     17     -7 (VIOLATED)
_4205_/Y                                 10     15     -5 (VIOLATED)
_4898_/Y                                 10     15     -5 (VIOLATED)
clkbuf_4_15_0_clk/X                      10     15     -5 (VIOLATED)
clkbuf_4_7_0_clk/X                       10     15     -5 (VIOLATED)
fanout112/X                              10     15     -5 (VIOLATED)
fanout129/X                              10     15     -5 (VIOLATED)
fanout131/X                              10     15     -5 (VIOLATED)
fanout174/X                              10     15     -5 (VIOLATED)
fanout196/X                              10     15     -5 (VIOLATED)
fanout202/X                              10     15     -5 (VIOLATED)
fanout208/X                              10     15     -5 (VIOLATED)
fanout212/X                              10     15     -5 (VIOLATED)
fanout262/X                              10     15     -5 (VIOLATED)
fanout266/X                              10     15     -5 (VIOLATED)
fanout289/X                              10     15     -5 (VIOLATED)
fanout316/X                              10     15     -5 (VIOLATED)
fanout339/X                              10     15     -5 (VIOLATED)
fanout77/X                               10     15     -5 (VIOLATED)
input13/X                                10     15     -5 (VIOLATED)
input16/X                                10     15     -5 (VIOLATED)
input17/X                                10     15     -5 (VIOLATED)
input19/X                                10     15     -5 (VIOLATED)
_4232_/Y                                 10     13     -3 (VIOLATED)
_4821_/X                                 10     13     -3 (VIOLATED)
clkbuf_4_6_0_clk/X                       10     13     -3 (VIOLATED)
fanout192/X                              10     13     -3 (VIOLATED)
fanout204/X                              10     13     -3 (VIOLATED)
fanout213/X                              10     13     -3 (VIOLATED)
fanout221/X                              10     13     -3 (VIOLATED)
fanout229/X                              10     13     -3 (VIOLATED)
fanout277/X                              10     13     -3 (VIOLATED)
fanout309/X                              10     13     -3 (VIOLATED)
fanout321/X                              10     13     -3 (VIOLATED)
fanout92/X                               10     13     -3 (VIOLATED)
input10/X                                10     13     -3 (VIOLATED)
input12/X                                10     13     -3 (VIOLATED)
input14/X                                10     13     -3 (VIOLATED)
input15/X                                10     13     -3 (VIOLATED)
input18/X                                10     13     -3 (VIOLATED)
input3/X                                 10     13     -3 (VIOLATED)
input4/X                                 10     13     -3 (VIOLATED)
input5/X                                 10     13     -3 (VIOLATED)
input6/X                                 10     13     -3 (VIOLATED)
input7/X                                 10     13     -3 (VIOLATED)
input8/X                                 10     13     -3 (VIOLATED)
input9/X                                 10     13     -3 (VIOLATED)
clkbuf_4_4_0_clk/X                       10     12     -2 (VIOLATED)
_4817_/X                                 10     11        (VIOLATED)
clkbuf_4_10_0_clk/X                      10     11        (VIOLATED)
clkbuf_4_11_0_clk/X                      10     11        (VIOLATED)
clkbuf_4_13_0_clk/X                      10     11        (VIOLATED)
fanout156/X                              10     11        (VIOLATED)
fanout200/X                              10     11        (VIOLATED)
fanout206/X                              10     11        (VIOLATED)
fanout217/X                              10     11        (VIOLATED)
fanout255/X                              10     11        (VIOLATED)
fanout259/X                              10     11        (VIOLATED)
fanout282/X                              10     11        (VIOLATED)
fanout292/X                              10     11        (VIOLATED)
fanout297/X                              10     11        (VIOLATED)
fanout304/X                              10     11        (VIOLATED)
fanout62/X                               10     11        (VIOLATED)



===========================================================================
report_parasitic_annotation -report_unannotated
============================================================================
Found 83 unannotated drivers.
 gpio_in[18]
 gpio_in[19]
 gpio_in[20]
 gpio_in[21]
 gpio_in[22]
 gpio_in[23]
 gpio_in[24]
 gpio_in[25]
 gpio_in[26]
 gpio_in[27]
 gpio_in[28]
 gpio_in[29]
 gpio_in[30]
 gpio_in[31]
 gpio_in[32]
 gpio_in[33]
 clkload0/Y
 clkload1/Y
 clkload10/Y
 clkload11/Y
 clkload12/Y
 clkload13/Y
 clkload14/Y
 clkload2/Y
 clkload3/Y
 clkload4/Y
 clkload5/Y
 clkload6/Y
 clkload7/Y
 clkload8/Y
 clkload9/Y
 team_03_342/HI
 team_03_343/HI
 team_03_344/HI
 team_03_345/HI
 team_03_346/HI
 team_03_347/HI
 team_03_348/HI
 team_03_349/HI
 team_03_350/HI
 team_03_351/HI
 team_03_352/HI
 team_03_353/HI
 team_03_354/HI
 team_03_355/HI
 team_03_356/HI
 team_03_357/HI
 team_03_358/HI
 team_03_359/HI
 team_03_360/HI
 team_03_361/HI
 team_03_362/HI
 team_03_363/HI
 team_03_364/HI
 team_03_365/HI
 team_03_366/HI
 team_03_367/HI
 team_03_368/HI
 team_03_369/HI
 team_03_370/HI
 team_03_371/HI
 team_03_372/HI
 team_03_373/HI
 team_03_374/HI
 team_03_375/HI
 team_03_376/LO
 team_03_377/LO
 team_03_378/LO
 team_03_379/LO
 team_03_380/LO
 team_03_381/LO
 team_03_382/LO
 team_03_383/LO
 team_03_384/LO
 team_03_385/LO
 team_03_386/LO
 team_03_387/LO
 team_03_388/LO
 team_03_389/LO
 team_03_390/LO
 team_03_391/LO
 team_03_392/LO
 team_03_393/LO
Found 0 partially unannotated drivers.

===========================================================================
max slew violation count 0
max fanout violation count 202
max cap violation count 0
============================================================================

===========================================================================
check_setup -verbose -unconstrained_endpoints -multiple_clock -no_clock -no_input_delay -loops -generated_clocks
===========================================================================
Warning: There are 52 unconstrained endpoints.
  gpio_oeb[0]
  gpio_oeb[10]
  gpio_oeb[11]
  gpio_oeb[12]
  gpio_oeb[13]
  gpio_oeb[14]
  gpio_oeb[15]
  gpio_oeb[16]
  gpio_oeb[17]
  gpio_oeb[18]
  gpio_oeb[19]
  gpio_oeb[1]
  gpio_oeb[20]
  gpio_oeb[21]
  gpio_oeb[22]
  gpio_oeb[23]
  gpio_oeb[24]
  gpio_oeb[25]
  gpio_oeb[26]
  gpio_oeb[27]
  gpio_oeb[28]
  gpio_oeb[29]
  gpio_oeb[2]
  gpio_oeb[30]
  gpio_oeb[31]
  gpio_oeb[32]
  gpio_oeb[33]
  gpio_oeb[3]
  gpio_oeb[4]
  gpio_oeb[5]
  gpio_oeb[6]
  gpio_oeb[7]
  gpio_oeb[8]
  gpio_oeb[9]
  gpio_out[0]
  gpio_out[10]
  gpio_out[11]
  gpio_out[12]
  gpio_out[13]
  gpio_out[14]
  gpio_out[15]
  gpio_out[16]
  gpio_out[17]
  gpio_out[1]
  gpio_out[2]
  gpio_out[3]
  gpio_out[4]
  gpio_out[5]
  gpio_out[6]
  gpio_out[7]
  gpio_out[8]
  gpio_out[9]
