Clock: clk
Sources: clk 
Generated: no
Virtual: yes
Propagated: no
Period: 25.000000

===========================================================================
report_clock_properties
============================================================================
Clock                   Period          Waveform
----------------------------------------------------
clk                  25.000000    0.000000 12.500000

===========================================================================
report_clock_latency
============================================================================
Clock clk
rise -> rise
    min     max
0.000000 0.000000 source latency
0.434834         network latency _8403_/CLK
        0.501141 network latency _8400_/CLK
---------------
0.434834 0.501141 latency
        0.066307 skew

fall -> fall
    min     max
0.000000 0.000000 source latency
0.350954         network latency _8403_/CLK
        0.400357 network latency _8430_/CLK
---------------
0.350954 0.400357 latency
        0.049403 skew



===========================================================================
report_clock_min_period
============================================================================
clk period_min = 9.02 fmax = 110.83
