┏━━━━━━━━━━━━━━━━━━━━━━┳━━━━━━━━━━┳━━━━━━━━━━┳━━━━━━━━━━┳━━━━━━━━━━┳━━━━━━━━━━━┳━━━━━━━━━━┳━━━━━━━━━━━┳━━━━━━━━━━┳━━━━━━━━━━━┳━━━━━━━━━━┳━━━━━━━━━━━┳━━━━━━━━━━┓
┃                      ┃ Hold     ┃ Reg to   ┃          ┃          ┃ of which  ┃ Setup    ┃           ┃          ┃           ┃ of which ┃           ┃          ┃
┃                      ┃ Worst    ┃ Reg      ┃          ┃ Hold Vio ┃ reg to    ┃ Worst    ┃ Reg to    ┃ Setup    ┃ Setup Vio ┃ reg to   ┃ Max Cap   ┃ Max Slew ┃
┃ Corner/Group         ┃ Slack    ┃ Paths    ┃ Hold TNS ┃ Count    ┃ reg       ┃ Slack    ┃ Reg Paths ┃ TNS      ┃ Count     ┃ reg      ┃ Violatio… ┃ Violati… ┃
┡━━━━━━━━━━━━━━━━━━━━━━╇━━━━━━━━━━╇━━━━━━━━━━╇━━━━━━━━━━╇━━━━━━━━━━╇━━━━━━━━━━━╇━━━━━━━━━━╇━━━━━━━━━━━╇━━━━━━━━━━╇━━━━━━━━━━━╇━━━━━━━━━━╇━━━━━━━━━━━╇━━━━━━━━━━┩
│ Overall              │ 0.1090   │ 0.1090   │ 0.0000   │ 0        │ 0         │ 11.3778  │ 15.4249   │ 0.0000   │ 0         │ 0        │ 0         │ 0        │
│ nom_tt_025C_1v80     │ 0.3160   │ 0.3160   │ 0.0000   │ 0        │ 0         │ 13.2147  │ 20.2888   │ 0.0000   │ 0         │ 0        │ 0         │ 0        │
│ nom_ss_100C_1v60     │ 0.8659   │ 0.8659   │ 0.0000   │ 0        │ 0         │ 11.3954  │ 15.5031   │ 0.0000   │ 0         │ 0        │ 0         │ 0        │
│ nom_ff_n40C_1v95     │ 0.1118   │ 0.1118   │ 0.0000   │ 0        │ 0         │ 13.8307  │ 21.9947   │ 0.0000   │ 0         │ 0        │ 0         │ 0        │
│ min_tt_025C_1v80     │ 0.3123   │ 0.3123   │ 0.0000   │ 0        │ 0         │ 13.2248  │ 20.3318   │ 0.0000   │ 0         │ 0        │ 0         │ 0        │
│ min_ss_100C_1v60     │ 0.8608   │ 0.8608   │ 0.0000   │ 0        │ 0         │ 11.4171  │ 15.5798   │ 0.0000   │ 0         │ 0        │ 0         │ 0        │
│ min_ff_n40C_1v95     │ 0.1090   │ 0.1090   │ 0.0000   │ 0        │ 0         │ 13.8378  │ 22.0237   │ 0.0000   │ 0         │ 0        │ 0         │ 0        │
│ max_tt_025C_1v80     │ 0.3198   │ 0.3198   │ 0.0000   │ 0        │ 0         │ 13.2062  │ 20.2445   │ 0.0000   │ 0         │ 0        │ 0         │ 0        │
│ max_ss_100C_1v60     │ 0.8724   │ 0.8724   │ 0.0000   │ 0        │ 0         │ 11.3778  │ 15.4249   │ 0.0000   │ 0         │ 0        │ 0         │ 0        │
│ max_ff_n40C_1v95     │ 0.1143   │ 0.1143   │ 0.0000   │ 0        │ 0         │ 13.8248  │ 21.9633   │ 0.0000   │ 0         │ 0        │ 0         │ 0        │
└──────────────────────┴──────────┴──────────┴──────────┴──────────┴───────────┴──────────┴───────────┴──────────┴───────────┴──────────┴───────────┴──────────┘
