Clock: clk
Sources: clk 
Generated: no
Virtual: yes
Propagated: no
Period: 25.000000

===========================================================================
report_clock_properties
============================================================================
Clock                   Period          Waveform
----------------------------------------------------
clk                  25.000000    0.000000 12.500000

===========================================================================
report_clock_latency
============================================================================
Clock clk
rise -> rise
    min     max
0.000000 0.000000 source latency
1.296314         network latency _3335_/CLK
        8.989977 network latency _3365_/CLK
---------------
1.296314 8.989977 latency
        7.693663 skew

rise -> fall
    min     max
0.000000 0.000000 source latency
6.571940         network latency _3464_/CLK
        9.368937 network latency _3365_/CLK
---------------
6.571940 9.368937 latency
        2.796996 skew

fall -> fall
    min     max
0.000000 0.000000 source latency
1.155160         network latency _3335_/CLK
        1.195819 network latency _3418_/CLK
---------------
1.155160 1.195819 latency
        0.040659 skew



===========================================================================
report_clock_min_period
============================================================================
clk period_min = 12.84 fmax = 77.89
