Clock: clk
Sources: wb_clk_i 
Generated: no
Virtual: yes
Propagated: no
Period: 100.000000

===========================================================================
report_clock_properties
============================================================================
Clock                   Period          Waveform
----------------------------------------------------
clk                 100.000000    0.000000 50.000000

===========================================================================
report_clock_latency
============================================================================
Clock clk
rise -> rise
    min     max
4.650000 5.570000 source latency
7.085005         network latency _4641_/CLK
        8.639235 network latency _4838_/CLK
---------------
11.735004 14.209235 latency
        2.474231 skew

fall -> fall
    min     max
4.650000 5.570000 source latency
7.114160         network latency _4641_/CLK
        8.571220 network latency _4838_/CLK
---------------
11.764160 14.141220 latency
        2.377060 skew



===========================================================================
report_clock_min_period
============================================================================
clk period_min = 27.05 fmax = 36.96
