
===========================================================================
report_checks -unconstrained
===========================================================================
======================= min_ff_n40C_1v95 Corner ===================================

Startpoint: nrst (input port clocked by clk)
Endpoint: _2700_ (recovery check against rising-edge clock clk)
Path Group: asynchronous
Path Type: max

Fanout         Cap        Slew       Delay        Time   Description
---------------------------------------------------------------------------------------------
                                  0.000000    0.000000   clock clk (rise edge)
                                  0.000000    0.000000   clock network delay (propagated)
                                  5.000000    5.000000 ^ input external delay
     2    0.004631    0.020446    0.012019    5.012019 ^ nrst (in)
                                                         nrst (net)
                      0.020446    0.000000    5.012019 ^ input6/A (sky130_fd_sc_hd__clkdlybuf4s25_1)
     1    0.008166    0.069500    0.182563    5.194582 ^ input6/X (sky130_fd_sc_hd__clkdlybuf4s25_1)
                                                         net6 (net)
                      0.069500    0.000181    5.194764 ^ _1361_/A (sky130_fd_sc_hd__nand2_2)
    11    0.044358    0.113635    0.103856    5.298619 v _1361_/Y (sky130_fd_sc_hd__nand2_2)
                                                         _1187_ (net)
                      0.113649    0.001083    5.299702 v fanout192/A (sky130_fd_sc_hd__clkdlybuf4s25_1)
    21    0.072684    0.362531    0.445806    5.745508 v fanout192/X (sky130_fd_sc_hd__clkdlybuf4s25_1)
                                                         net192 (net)
                      0.362531    0.000372    5.745880 v _1362_/A (sky130_fd_sc_hd__inv_2)
     5    0.024968    0.136042    0.195701    5.941580 ^ _1362_/Y (sky130_fd_sc_hd__inv_2)
                                                         CALC_INST.gencon_inst.add_calc.nRST (net)
                      0.136043    0.000722    5.942302 ^ fanout145/A (sky130_fd_sc_hd__clkdlybuf4s25_1)
    13    0.059164    0.441849    0.465839    6.408142 ^ fanout145/X (sky130_fd_sc_hd__clkdlybuf4s25_1)
                                                         net145 (net)
                      0.441872    0.002697    6.410839 ^ fanout144/A (sky130_fd_sc_hd__clkdlybuf4s25_1)
    11    0.053640    0.401381    0.452953    6.863792 ^ fanout144/X (sky130_fd_sc_hd__clkdlybuf4s25_1)
                                                         net144 (net)
                      0.401381    0.000073    6.863866 ^ fanout137/A (sky130_fd_sc_hd__clkdlybuf4s25_1)
     8    0.041809    0.314826    0.392399    7.256264 ^ fanout137/X (sky130_fd_sc_hd__clkdlybuf4s25_1)
                                                         net137 (net)
                      0.314826    0.000483    7.256747 ^ fanout133/A (sky130_fd_sc_hd__clkdlybuf4s25_1)
     4    0.016643    0.130686    0.263186    7.519933 ^ fanout133/X (sky130_fd_sc_hd__clkdlybuf4s25_1)
                                                         net133 (net)
                      0.130686    0.000163    7.520096 ^ load_slew134/A (sky130_fd_sc_hd__buf_2)
     7    0.032651    0.122494    0.156706    7.676802 ^ load_slew134/X (sky130_fd_sc_hd__buf_2)
                                                         net134 (net)
                      0.122497    0.000797    7.677598 ^ _2700_/RESET_B (sky130_fd_sc_hd__dfrtp_2)
                                              7.677598   data arrival time

                                 25.000000   25.000000   clock clk (rise edge)
                                  0.000000   25.000000   clock source latency
     2    0.037564    0.129958    0.089946   25.089945 ^ clk (in)
                                                         clk (net)
                      0.129964    0.000000   25.089945 ^ clkbuf_0_clk/A (sky130_fd_sc_hd__clkbuf_16)
    17    0.113769    0.099294    0.163121   25.253067 ^ clkbuf_0_clk/X (sky130_fd_sc_hd__clkbuf_16)
                                                         clknet_0_clk (net)
                      0.099321    0.001576   25.254642 ^ clkbuf_3_7__f_clk/A (sky130_fd_sc_hd__clkbuf_16)
     5    0.034001    0.041615    0.112399   25.367041 ^ clkbuf_3_7__f_clk/X (sky130_fd_sc_hd__clkbuf_16)
                                                         clknet_3_7__leaf_clk (net)
                      0.041616    0.000306   25.367346 ^ clkbuf_leaf_20_clk/A (sky130_fd_sc_hd__clkbuf_8)
    10    0.030276    0.049463    0.100830   25.468176 ^ clkbuf_leaf_20_clk/X (sky130_fd_sc_hd__clkbuf_8)
                                                         clknet_leaf_20_clk (net)
                      0.049469    0.000560   25.468735 ^ _2700_/CLK (sky130_fd_sc_hd__dfrtp_2)
                                 -0.250000   25.218737   clock uncertainty
                                  0.000000   25.218737   clock reconvergence pessimism
                                  0.113109   25.331846   library recovery time
                                             25.331846   data required time
---------------------------------------------------------------------------------------------
                                             25.331846   data required time
                                             -7.677598   data arrival time
---------------------------------------------------------------------------------------------
                                             17.654249   slack (MET)


Startpoint: _2815_ (rising edge-triggered flip-flop clocked by clk)
Endpoint: gpio_out[6] (output port clocked by clk)
Path Group: clk
Path Type: max

Fanout         Cap        Slew       Delay        Time   Description
---------------------------------------------------------------------------------------------
                                  0.000000    0.000000   clock clk (rise edge)
                                  0.000000    0.000000   clock source latency
     2    0.037564    0.129958    0.089946    0.089946 ^ clk (in)
                                                         clk (net)
                      0.129964    0.000000    0.089946 ^ clkbuf_0_clk/A (sky130_fd_sc_hd__clkbuf_16)
    17    0.113769    0.099294    0.163120    0.253066 ^ clkbuf_0_clk/X (sky130_fd_sc_hd__clkbuf_16)
                                                         clknet_0_clk (net)
                      0.099319    0.001521    0.254587 ^ clkbuf_3_1__f_clk/A (sky130_fd_sc_hd__clkbuf_16)
    11    0.047768    0.051072    0.119645    0.374233 ^ clkbuf_3_1__f_clk/X (sky130_fd_sc_hd__clkbuf_16)
                                                         clknet_3_1__leaf_clk (net)
                      0.051145    0.001659    0.375892 ^ clkbuf_leaf_37_clk/A (sky130_fd_sc_hd__clkbuf_8)
     9    0.037137    0.057768    0.109716    0.485608 ^ clkbuf_leaf_37_clk/X (sky130_fd_sc_hd__clkbuf_8)
                                                         clknet_leaf_37_clk (net)
                      0.057768    0.000327    0.485934 ^ _2815_/CLK (sky130_fd_sc_hd__dfrtp_2)
     1    0.005042    0.032690    0.250540    0.736474 v _2815_/Q (sky130_fd_sc_hd__dfrtp_2)
                                                         CALC_INST.input_ctrl_inst.col_index[1] (net)
                      0.032690    0.000098    0.736572 v fanout187/A (sky130_fd_sc_hd__clkdlybuf4s25_1)
     5    0.023945    0.125516    0.239560    0.976132 v fanout187/X (sky130_fd_sc_hd__clkdlybuf4s25_1)
                                                         net187 (net)
                      0.125516    0.000070    0.976202 v fanout186/A (sky130_fd_sc_hd__clkdlybuf4s25_1)
    10    0.032916    0.169122    0.307073    1.283275 v fanout186/X (sky130_fd_sc_hd__clkdlybuf4s25_1)
                                                         net186 (net)
                      0.169122    0.000031    1.283305 v _1489_/B (sky130_fd_sc_hd__or4_2)
     6    0.022154    0.107835    0.460004    1.743309 v _1489_/X (sky130_fd_sc_hd__or4_2)
                                                         _0412_ (net)
                      0.107835    0.000372    1.743682 v _1495_/A (sky130_fd_sc_hd__or3_2)
     4    0.011800    0.070572    0.317971    2.061653 v _1495_/X (sky130_fd_sc_hd__or3_2)
                                                         _0418_ (net)
                      0.070572    0.000089    2.061742 v _1499_/B (sky130_fd_sc_hd__or3b_2)
     2    0.004553    0.055572    0.265600    2.327342 v _1499_/X (sky130_fd_sc_hd__or3b_2)
                                                         _0422_ (net)
                      0.055572    0.000052    2.327394 v _1533_/B (sky130_fd_sc_hd__and2_2)
     2    0.007074    0.033744    0.133391    2.460785 v _1533_/X (sky130_fd_sc_hd__and2_2)
                                                         _0456_ (net)
                      0.033757    0.000057    2.460842 v _1537_/D (sky130_fd_sc_hd__or4_2)
     1    0.002381    0.063564    0.290413    2.751256 v _1537_/X (sky130_fd_sc_hd__or4_2)
                                                         _0460_ (net)
                      0.063564    0.000024    2.751280 v _1539_/C (sky130_fd_sc_hd__or4b_2)
     4    0.017257    0.100339    0.397376    3.148655 v _1539_/X (sky130_fd_sc_hd__or4b_2)
                                                         _0461_ (net)
                      0.100339    0.000260    3.148915 v _1542_/C (sky130_fd_sc_hd__or4b_2)
     1    0.003756    0.068403    0.358922    3.507837 v _1542_/X (sky130_fd_sc_hd__or4b_2)
                                                         net28 (net)
                      0.068403    0.000038    3.507875 v output28/A (sky130_fd_sc_hd__clkdlybuf4s25_1)
     1    0.036351    0.184922    0.298594    3.806469 v output28/X (sky130_fd_sc_hd__clkdlybuf4s25_1)
                                                         gpio_out[6] (net)
                      0.184924    0.000817    3.807287 v gpio_out[6] (out)
                                              3.807287   data arrival time

                                 25.000000   25.000000   clock clk (rise edge)
                                  0.000000   25.000000   clock network delay (propagated)
                                 -0.250000   24.750000   clock uncertainty
                                  0.000000   24.750000   clock reconvergence pessimism
                                 -5.000000   19.750000   output external delay
                                             19.750000   data required time
---------------------------------------------------------------------------------------------
                                             19.750000   data required time
                                             -3.807287   data arrival time
---------------------------------------------------------------------------------------------
                                             15.942713   slack (MET)




===========================================================================
report_checks --slack_max -0.01
============================================================================
======================= min_ff_n40C_1v95 Corner ===================================

No paths found.


===========================================================================
 report_check_types -max_slew -max_cap -max_fanout -violators
============================================================================
======================= min_ff_n40C_1v95 Corner ===================================

max fanout

Pin                                   Limit Fanout  Slack
---------------------------------------------------------
fanout148/X                              10     21    -11 (VIOLATED)
fanout150/X                              10     21    -11 (VIOLATED)
fanout152/X                              10     21    -11 (VIOLATED)
fanout154/X                              10     21    -11 (VIOLATED)
fanout161/X                              10     21    -11 (VIOLATED)
fanout164/X                              10     21    -11 (VIOLATED)
fanout175/X                              10     21    -11 (VIOLATED)
fanout179/X                              10     21    -11 (VIOLATED)
fanout182/X                              10     21    -11 (VIOLATED)
fanout183/X                              10     21    -11 (VIOLATED)
fanout184/X                              10     21    -11 (VIOLATED)
fanout192/X                              10     21    -11 (VIOLATED)
fanout61/X                               10     21    -11 (VIOLATED)
fanout65/X                               10     21    -11 (VIOLATED)
fanout68/X                               10     21    -11 (VIOLATED)
fanout78/X                               10     21    -11 (VIOLATED)
_1282_/Y                                 10     19     -9 (VIOLATED)
_1589_/X                                 10     19     -9 (VIOLATED)
_2637_/Q                                 10     19     -9 (VIOLATED)
_2640_/Q                                 10     19     -9 (VIOLATED)
_2646_/Q                                 10     19     -9 (VIOLATED)
fanout151/X                              10     19     -9 (VIOLATED)
fanout163/X                              10     19     -9 (VIOLATED)
fanout191/X                              10     19     -9 (VIOLATED)
_2634_/Q                                 10     17     -7 (VIOLATED)
_2638_/Q                                 10     17     -7 (VIOLATED)
_2641_/Q                                 10     17     -7 (VIOLATED)
_2643_/Q                                 10     17     -7 (VIOLATED)
clkbuf_0_clk/X                           10     17     -7 (VIOLATED)
fanout180/X                              10     17     -7 (VIOLATED)
fanout64/X                               10     17     -7 (VIOLATED)
fanout77/X                               10     17     -7 (VIOLATED)
_1851_/Y                                 10     15     -5 (VIOLATED)
_2555_/Q                                 10     15     -5 (VIOLATED)
_2635_/Q                                 10     15     -5 (VIOLATED)
_2636_/Q                                 10     15     -5 (VIOLATED)
_2642_/Q                                 10     15     -5 (VIOLATED)
_2644_/Q                                 10     15     -5 (VIOLATED)
_2645_/Q                                 10     15     -5 (VIOLATED)
_2647_/Q                                 10     15     -5 (VIOLATED)
fanout132/X                              10     15     -5 (VIOLATED)
fanout159/X                              10     15     -5 (VIOLATED)
fanout166/X                              10     15     -5 (VIOLATED)
fanout38/X                               10     15     -5 (VIOLATED)
fanout52/X                               10     15     -5 (VIOLATED)
fanout99/X                               10     15     -5 (VIOLATED)
_2558_/Q                                 10     13     -3 (VIOLATED)
_2618_/Q                                 10     13     -3 (VIOLATED)
clkbuf_leaf_24_clk/X                     10     13     -3 (VIOLATED)
clkbuf_leaf_32_clk/X                     10     13     -3 (VIOLATED)
clkbuf_leaf_36_clk/X                     10     13     -3 (VIOLATED)
fanout105/X                              10     13     -3 (VIOLATED)
fanout106/X                              10     13     -3 (VIOLATED)
fanout145/X                              10     13     -3 (VIOLATED)
fanout69/X                               10     13     -3 (VIOLATED)
fanout79/X                               10     13     -3 (VIOLATED)
clkbuf_leaf_0_clk/X                      10     12     -2 (VIOLATED)
clkbuf_leaf_10_clk/X                     10     12     -2 (VIOLATED)
clkbuf_leaf_11_clk/X                     10     12     -2 (VIOLATED)
clkbuf_leaf_15_clk/X                     10     12     -2 (VIOLATED)
clkbuf_leaf_16_clk/X                     10     12     -2 (VIOLATED)
clkbuf_leaf_23_clk/X                     10     12     -2 (VIOLATED)
clkbuf_leaf_2_clk/X                      10     12     -2 (VIOLATED)
clkbuf_leaf_34_clk/X                     10     12     -2 (VIOLATED)
clkbuf_leaf_4_clk/X                      10     12     -2 (VIOLATED)
_1361_/Y                                 10     11        (VIOLATED)
_1585_/X                                 10     11        (VIOLATED)
clkbuf_3_0__f_clk/X                      10     11        (VIOLATED)
clkbuf_3_1__f_clk/X                      10     11        (VIOLATED)
clkbuf_3_2__f_clk/X                      10     11        (VIOLATED)
clkbuf_3_3__f_clk/X                      10     11        (VIOLATED)
clkbuf_3_4__f_clk/X                      10     11        (VIOLATED)
clkbuf_leaf_18_clk/X                     10     11        (VIOLATED)
clkbuf_leaf_21_clk/X                     10     11        (VIOLATED)
clkbuf_leaf_25_clk/X                     10     11        (VIOLATED)
clkbuf_leaf_29_clk/X                     10     11        (VIOLATED)
fanout144/X                              10     11        (VIOLATED)
fanout47/X                               10     11        (VIOLATED)



===========================================================================
report_parasitic_annotation -report_unannotated
============================================================================
Found 88 unannotated drivers.
 gpio_in[10]
 gpio_in[11]
 gpio_in[12]
 gpio_in[13]
 gpio_in[14]
 gpio_in[15]
 gpio_in[16]
 gpio_in[17]
 gpio_in[18]
 gpio_in[19]
 gpio_in[20]
 gpio_in[21]
 gpio_in[22]
 gpio_in[23]
 gpio_in[24]
 gpio_in[25]
 gpio_in[26]
 gpio_in[27]
 gpio_in[28]
 gpio_in[29]
 gpio_in[30]
 gpio_in[31]
 gpio_in[32]
 gpio_in[33]
 gpio_in[4]
 gpio_in[5]
 gpio_in[6]
 gpio_in[7]
 gpio_in[8]
 gpio_in[9]
 _2896__226/HI
 clkload0/X
 clkload1/X
 clkload10/Y
 clkload11/X
 clkload12/X
 clkload13/Y
 clkload2/X
 clkload3/Y
 clkload4/Y
 clkload5/Y
 clkload6/X
 clkload7/Y
 clkload8/X
 clkload9/Y
 team_06/HI
 team_06_193/HI
 team_06_194/HI
 team_06_195/HI
 team_06_196/HI
 team_06_197/HI
 team_06_198/HI
 team_06_199/HI
 team_06_200/HI
 team_06_201/HI
 team_06_202/HI
 team_06_203/HI
 team_06_204/HI
 team_06_205/HI
 team_06_206/HI
 team_06_207/HI
 team_06_208/HI
 team_06_209/HI
 team_06_210/HI
 team_06_211/HI
 team_06_212/HI
 team_06_213/HI
 team_06_214/HI
 team_06_215/HI
 team_06_216/HI
 team_06_217/HI
 team_06_218/HI
 team_06_219/HI
 team_06_220/HI
 team_06_221/HI
 team_06_222/HI
 team_06_223/HI
 team_06_224/HI
 team_06_225/HI
 team_06_227/LO
 team_06_228/LO
 team_06_229/LO
 team_06_230/LO
 team_06_231/LO
 team_06_232/LO
 team_06_233/LO
 team_06_234/LO
 team_06_235/LO
Found 0 partially unannotated drivers.

===========================================================================
max slew violation count 0
max fanout violation count 78
max cap violation count 0
============================================================================

===========================================================================
check_setup -verbose -unconstrained_endpoints -multiple_clock -no_clock -no_input_delay -loops -generated_clocks
===========================================================================
