Clock: clk
Sources: clk 
Generated: no
Virtual: yes
Propagated: no
Period: 25.000000

===========================================================================
report_clock_properties
============================================================================
Clock                   Period          Waveform
----------------------------------------------------
clk                  25.000000    0.000000 12.500000

===========================================================================
report_clock_latency
============================================================================
Clock clk
rise -> rise
    min     max
0.000000 0.000000 source latency
0.468276         network latency _2749_/CLK
        0.489636 network latency _2834_/CLK
---------------
0.468276 0.489636 latency
        0.021360 skew

fall -> fall
    min     max
0.000000 0.000000 source latency
0.409922         network latency _2749_/CLK
        0.424931 network latency _2834_/CLK
---------------
0.409922 0.424931 latency
        0.015009 skew



===========================================================================
report_clock_min_period
============================================================================
clk period_min = 4.02 fmax = 248.65
