
===========================================================================
 report_power
============================================================================
======================= min_ff_n40C_1v95 Corner ===================================

Group                    Internal    Switching      Leakage        Total
                            Power        Power        Power        Power (Watts)
------------------------------------------------------------------------
Sequential           8.172155e-04 6.904683e-05 6.743631e-09 8.862690e-04  47.2%
Combinational        1.835776e-04 2.032065e-04 1.610276e-08 3.868002e-04  20.6%
Clock                2.957452e-04 3.091086e-04 2.982495e-09 6.048567e-04  32.2%
Macro                0.000000e+00 0.000000e+00 0.000000e+00 0.000000e+00   0.0%
Pad                  0.000000e+00 0.000000e+00 0.000000e+00 0.000000e+00   0.0%
------------------------------------------------------------------------
Total                1.296539e-03 5.813619e-04 2.582897e-08 1.877927e-03 100.0%
                            69.0%        31.0%         0.0%

