Clock: clk
Sources: clk 
Generated: no
Virtual: yes
Propagated: no
Period: 25.000000

===========================================================================
report_clock_properties
============================================================================
Clock                   Period          Waveform
----------------------------------------------------
clk                  25.000000    0.000000 12.500000

===========================================================================
report_clock_latency
============================================================================
Clock clk
rise -> rise
    min     max
0.000000 0.000000 source latency
1.055489         network latency _8403_/CLK
        1.169750 network latency _8400_/CLK
---------------
1.055489 1.169750 latency
        0.114261 skew

fall -> fall
    min     max
0.000000 0.000000 source latency
0.889233         network latency _8403_/CLK
        0.975696 network latency _8400_/CLK
---------------
0.889233 0.975696 latency
        0.086463 skew



===========================================================================
report_clock_min_period
============================================================================
clk period_min = 26.48 fmax = 37.76
