Clock: clk
Sources: clk 
Generated: no
Virtual: yes
Propagated: no
Period: 25.000000

===========================================================================
report_clock_properties
============================================================================
Clock                   Period          Waveform
----------------------------------------------------
clk                  25.000000    0.000000 12.500000

===========================================================================
report_clock_latency
============================================================================
Clock clk
rise -> rise
    min     max
0.000000 0.000000 source latency
0.333647         network latency _0928_/CLK
        0.344285 network latency _0925_/CLK
---------------
0.333647 0.344285 latency
        0.010638 skew

fall -> fall
    min     max
0.000000 0.000000 source latency
0.285032         network latency _1031_/CLK
        0.293531 network latency _1015_/CLK
---------------
0.285032 0.293531 latency
        0.008499 skew



===========================================================================
report_clock_min_period
============================================================================
clk period_min = 3.01 fmax = 332.74
