Clock: clk
Sources: clk 
Generated: no
Virtual: yes
Propagated: no
Period: 100.000000

===========================================================================
report_clock_properties
============================================================================
Clock                   Period          Waveform
----------------------------------------------------
clk                 100.000000    0.000000 50.000000

===========================================================================
report_clock_latency
============================================================================
Clock clk
rise -> rise
    min     max
0.000000 0.000000 source latency
0.743519         network latency _10796_/CLK
        0.790022 network latency _11702_/CLK
---------------
0.743519 0.790022 latency
        0.046503 skew

fall -> fall
    min     max
0.000000 0.000000 source latency
0.601563         network latency _10877_/CLK
        0.636380 network latency _11702_/CLK
---------------
0.601563 0.636380 latency
        0.034817 skew



===========================================================================
report_clock_min_period
============================================================================
clk period_min = 4.50 fmax = 222.40
