
===========================================================================
report_checks -unconstrained
===========================================================================
======================= min_ff_n40C_1v95 Corner ===================================

Startpoint: en (input port clocked by clk)
Endpoint: _0988_ (recovery check against rising-edge clock clk)
Path Group: asynchronous
Path Type: max

Fanout         Cap        Slew       Delay        Time   Description
---------------------------------------------------------------------------------------------
                                  0.000000    0.000000   clock clk (rise edge)
                                  0.000000    0.000000   clock network delay (propagated)
                                  5.000000    5.000000 ^ input external delay
     2    0.004598    0.020332    0.011942    5.011942 ^ en (in)
                                                         en (net)
                      0.020332    0.000000    5.011942 ^ input1/A (sky130_fd_sc_hd__clkbuf_1)
     1    0.001898    0.024842    0.044038    5.055981 ^ input1/X (sky130_fd_sc_hd__clkbuf_1)
                                                         net1 (net)
                      0.024842    0.000016    5.055996 ^ _0719_/B (sky130_fd_sc_hd__and2_1)
     3    0.020287    0.152800    0.156306    5.212302 ^ _0719_/X (sky130_fd_sc_hd__and2_1)
                                                         SYNTH_INST.keypad.n_rst (net)
                      0.152806    0.000789    5.213091 ^ fanout53/A (sky130_fd_sc_hd__buf_2)
     7    0.042263    0.156317    0.182621    5.395712 ^ fanout53/X (sky130_fd_sc_hd__buf_2)
                                                         net53 (net)
                      0.156317    0.000104    5.395817 ^ fanout52/A (sky130_fd_sc_hd__clkbuf_4)
    10    0.047193    0.112623    0.176989    5.572806 ^ fanout52/X (sky130_fd_sc_hd__clkbuf_4)
                                                         net52 (net)
                      0.112625    0.000672    5.573478 ^ fanout51/A (sky130_fd_sc_hd__clkbuf_4)
    10    0.043815    0.104963    0.163375    5.736853 ^ fanout51/X (sky130_fd_sc_hd__clkbuf_4)
                                                         net51 (net)
                      0.104963    0.000173    5.737026 ^ _0988_/RESET_B (sky130_fd_sc_hd__dfrtp_4)
                                              5.737026   data arrival time

                                 25.000000   25.000000   clock clk (rise edge)
                                  0.000000   25.000000   clock source latency
     2    0.019477    0.069947    0.047685   25.047684 ^ clk (in)
                                                         clk (net)
                      0.069950    0.000000   25.047684 ^ clkbuf_0_clk/A (sky130_fd_sc_hd__clkbuf_16)
    33    0.136444    0.115157    0.159831   25.207516 ^ clkbuf_0_clk/X (sky130_fd_sc_hd__clkbuf_16)
                                                         clknet_0_clk (net)
                      0.115238    0.002474   25.209990 ^ clkbuf_4_6_0_clk/A (sky130_fd_sc_hd__clkbuf_8)
    10    0.030757    0.050784    0.121505   25.331493 ^ clkbuf_4_6_0_clk/X (sky130_fd_sc_hd__clkbuf_8)
                                                         clknet_4_6_0_clk (net)
                      0.050784    0.000169   25.331663 ^ _0988_/CLK (sky130_fd_sc_hd__dfrtp_4)
                                 -0.250000   25.081663   clock uncertainty
                                  0.000000   25.081663   clock reconvergence pessimism
                                  0.110920   25.192583   library recovery time
                                             25.192583   data required time
---------------------------------------------------------------------------------------------
                                             25.192583   data required time
                                             -5.737026   data arrival time
---------------------------------------------------------------------------------------------
                                             19.455557   slack (MET)


Startpoint: gpio_in[11] (input port clocked by clk)
Endpoint: gpio_out[14] (output port clocked by clk)
Path Group: clk
Path Type: max

Fanout         Cap        Slew       Delay        Time   Description
---------------------------------------------------------------------------------------------
                                  0.000000    0.000000   clock clk (rise edge)
                                  0.000000    0.000000   clock network delay (propagated)
                                  5.000000    5.000000 v input external delay
     2    0.003865    0.006294    0.003200    5.003200 v gpio_in[11] (in)
                                                         gpio_in[11] (net)
                      0.006294    0.000000    5.003200 v input4/A (sky130_fd_sc_hd__clkbuf_1)
     2    0.005466    0.027676    0.055866    5.059067 v input4/X (sky130_fd_sc_hd__clkbuf_1)
                                                         net4 (net)
                      0.027676    0.000030    5.059097 v _0673_/A (sky130_fd_sc_hd__or4_1)
     1    0.003559    0.057444    0.295820    5.354917 v _0673_/X (sky130_fd_sc_hd__or4_1)
                                                         _0280_ (net)
                      0.057444    0.000054    5.354971 v _0676_/A (sky130_fd_sc_hd__or3_1)
     1    0.006449    0.056573    0.234308    5.589280 v _0676_/X (sky130_fd_sc_hd__or3_1)
                                                         _0283_ (net)
                      0.056573    0.000056    5.589335 v _0677_/A3 (sky130_fd_sc_hd__o31a_1)
     1    0.004108    0.038890    0.153613    5.742948 v _0677_/X (sky130_fd_sc_hd__o31a_1)
                                                         SYNTH_INST.pwm (net)
                      0.038890    0.000063    5.743011 v _1115_/A (sky130_fd_sc_hd__clkbuf_1)
     1    0.001963    0.015615    0.056575    5.799586 v _1115_/X (sky130_fd_sc_hd__clkbuf_1)
                                                         net17 (net)
                      0.015615    0.000016    5.799603 v output17/A (sky130_fd_sc_hd__buf_2)
     1    0.034422    0.062853    0.112192    5.911794 v output17/X (sky130_fd_sc_hd__buf_2)
                                                         gpio_out[14] (net)
                      0.062855    0.000397    5.912191 v gpio_out[14] (out)
                                              5.912191   data arrival time

                                 25.000000   25.000000   clock clk (rise edge)
                                  0.000000   25.000000   clock network delay (propagated)
                                 -0.250000   24.750000   clock uncertainty
                                  0.000000   24.750000   clock reconvergence pessimism
                                 -5.000000   19.750000   output external delay
                                             19.750000   data required time
---------------------------------------------------------------------------------------------
                                             19.750000   data required time
                                             -5.912191   data arrival time
---------------------------------------------------------------------------------------------
                                             13.837808   slack (MET)




===========================================================================
report_checks --slack_max -0.01
============================================================================
======================= min_ff_n40C_1v95 Corner ===================================

No paths found.


===========================================================================
 report_check_types -max_slew -max_cap -max_fanout -violators
============================================================================
======================= min_ff_n40C_1v95 Corner ===================================

max fanout

Pin                                   Limit Fanout  Slack
---------------------------------------------------------
clkbuf_0_clk/X                           10     33    -23 (VIOLATED)
fanout40/X                               10     21    -11 (VIOLATED)
fanout27/X                               10     19     -9 (VIOLATED)
fanout48/X                               10     19     -9 (VIOLATED)
fanout29/X                               10     17     -7 (VIOLATED)
clkbuf_4_13_0_clk/X                      10     11        (VIOLATED)
clkbuf_4_14_0_clk/X                      10     11        (VIOLATED)
clkbuf_4_4_0_clk/X                       10     11        (VIOLATED)
clkbuf_4_7_0_clk/X                       10     11        (VIOLATED)
fanout43/X                               10     11        (VIOLATED)



===========================================================================
report_parasitic_annotation -report_unannotated
============================================================================
Found 105 unannotated drivers.
 gpio_in[14]
 gpio_in[15]
 gpio_in[16]
 gpio_in[17]
 gpio_in[18]
 gpio_in[19]
 gpio_in[20]
 gpio_in[21]
 gpio_in[22]
 gpio_in[23]
 gpio_in[24]
 gpio_in[25]
 gpio_in[26]
 gpio_in[27]
 gpio_in[28]
 gpio_in[29]
 gpio_in[30]
 gpio_in[31]
 gpio_in[32]
 gpio_in[33]
 _0930__98/HI
 _0931__97/HI
 _0947__96/HI
 clkload0/Y
 clkload1/Y
 clkload10/Y
 clkload11/X
 clkload12/X
 clkload13/X
 clkload14/Y
 clkload2/Y
 clkload3/Y
 clkload4/Y
 clkload5/X
 clkload6/X
 clkload7/Y
 clkload8/Y
 clkload9/Y
 team_05_100/LO
 team_05_101/LO
 team_05_102/LO
 team_05_103/LO
 team_05_104/LO
 team_05_105/LO
 team_05_106/LO
 team_05_107/LO
 team_05_108/LO
 team_05_109/LO
 team_05_110/LO
 team_05_111/LO
 team_05_112/LO
 team_05_113/LO
 team_05_114/LO
 team_05_115/LO
 team_05_116/LO
 team_05_117/LO
 team_05_118/LO
 team_05_119/LO
 team_05_120/LO
 team_05_121/LO
 team_05_122/LO
 team_05_123/LO
 team_05_124/LO
 team_05_125/LO
 team_05_126/LO
 team_05_127/LO
 team_05_128/LO
 team_05_129/LO
 team_05_130/LO
 team_05_131/LO
 team_05_62/HI
 team_05_63/HI
 team_05_64/HI
 team_05_65/HI
 team_05_66/HI
 team_05_67/HI
 team_05_68/HI
 team_05_69/HI
 team_05_70/HI
 team_05_71/HI
 team_05_72/HI
 team_05_73/HI
 team_05_74/HI
 team_05_75/HI
 team_05_76/HI
 team_05_77/HI
 team_05_78/HI
 team_05_79/HI
 team_05_80/HI
 team_05_81/HI
 team_05_82/HI
 team_05_83/HI
 team_05_84/HI
 team_05_85/HI
 team_05_86/HI
 team_05_87/HI
 team_05_88/HI
 team_05_89/HI
 team_05_90/HI
 team_05_91/HI
 team_05_92/HI
 team_05_93/HI
 team_05_94/HI
 team_05_95/HI
 team_05_99/LO
Found 0 partially unannotated drivers.

===========================================================================
max slew violation count 0
max fanout violation count 10
max cap violation count 0
============================================================================

===========================================================================
check_setup -verbose -unconstrained_endpoints -multiple_clock -no_clock -no_input_delay -loops -generated_clocks
===========================================================================
Warning: There are 70 unconstrained endpoints.
  gpio_oeb[0]
  gpio_oeb[10]
  gpio_oeb[11]
  gpio_oeb[12]
  gpio_oeb[13]
  gpio_oeb[14]
  gpio_oeb[15]
  gpio_oeb[16]
  gpio_oeb[17]
  gpio_oeb[18]
  gpio_oeb[19]
  gpio_oeb[1]
  gpio_oeb[20]
  gpio_oeb[21]
  gpio_oeb[22]
  gpio_oeb[23]
  gpio_oeb[24]
  gpio_oeb[25]
  gpio_oeb[26]
  gpio_oeb[27]
  gpio_oeb[28]
  gpio_oeb[29]
  gpio_oeb[2]
  gpio_oeb[30]
  gpio_oeb[31]
  gpio_oeb[32]
  gpio_oeb[33]
  gpio_oeb[3]
  gpio_oeb[4]
  gpio_oeb[5]
  gpio_oeb[6]
  gpio_oeb[7]
  gpio_oeb[8]
  gpio_oeb[9]
  gpio_out[0]
  gpio_out[10]
  gpio_out[11]
  gpio_out[12]
  gpio_out[13]
  gpio_out[15]
  gpio_out[16]
  gpio_out[17]
  gpio_out[18]
  gpio_out[19]
  gpio_out[1]
  gpio_out[20]
  gpio_out[21]
  gpio_out[22]
  gpio_out[23]
  gpio_out[24]
  gpio_out[25]
  gpio_out[26]
  gpio_out[27]
  gpio_out[28]
  gpio_out[29]
  gpio_out[2]
  gpio_out[30]
  gpio_out[31]
  gpio_out[32]
  gpio_out[33]
  gpio_out[3]
  gpio_out[4]
  gpio_out[5]
  gpio_out[6]
  gpio_out[7]
  gpio_out[8]
  gpio_out[9]
  _0930_/D
  _0931_/D
  _0947_/D
