Clock: clk
Sources: clk 
Generated: no
Virtual: yes
Propagated: no
Period: 25.000000

===========================================================================
report_clock_properties
============================================================================
Clock                   Period          Waveform
----------------------------------------------------
clk                  25.000000    0.000000 12.500000

===========================================================================
report_clock_latency
============================================================================
Clock clk
rise -> rise
    min     max
0.000000 0.000000 source latency
0.320100         network latency _0951_/CLK
        0.327532 network latency _0967_/CLK
---------------
0.320100 0.327532 latency
        0.007432 skew

fall -> fall
    min     max
0.000000 0.000000 source latency
0.275654         network latency _0951_/CLK
        0.281164 network latency _0967_/CLK
---------------
0.275654 0.281164 latency
        0.005509 skew



===========================================================================
report_clock_min_period
============================================================================
clk period_min = 3.32 fmax = 300.95
