
===========================================================================
report_checks -unconstrained
===========================================================================
======================= min_tt_025C_1v80 Corner ===================================

Startpoint: en (input port clocked by clk)
Endpoint: _1016_ (recovery check against rising-edge clock clk)
Path Group: asynchronous
Path Type: max

Fanout         Cap        Slew       Delay        Time   Description
---------------------------------------------------------------------------------------------
                                  0.000000    0.000000   clock clk (rise edge)
                                  0.000000    0.000000   clock network delay (propagated)
                                  5.000000    5.000000 ^ input external delay
     2    0.006475    0.035771    0.022617    5.022617 ^ en (in)
                                                         en (net)
                      0.035771    0.000000    5.022617 ^ input1/A (sky130_fd_sc_hd__clkdlybuf4s25_1)
     1    0.001818    0.036424    0.232179    5.254796 ^ input1/X (sky130_fd_sc_hd__clkdlybuf4s25_1)
                                                         net1 (net)
                      0.036424    0.000008    5.254804 ^ _0546_/B (sky130_fd_sc_hd__and2_2)
     1    0.005668    0.049427    0.138196    5.393000 ^ _0546_/X (sky130_fd_sc_hd__and2_2)
                                                         SYNTH_INST.keypad.n_rst (net)
                      0.049427    0.000112    5.393112 ^ fanout74/A (sky130_fd_sc_hd__clkdlybuf4s25_1)
    11    0.038584    0.387808    0.490485    5.883597 ^ fanout74/X (sky130_fd_sc_hd__clkdlybuf4s25_1)
                                                         net74 (net)
                      0.387808    0.000221    5.883818 ^ fanout58/A (sky130_fd_sc_hd__clkdlybuf4s25_1)
    11    0.048934    0.488930    0.639830    6.523648 ^ fanout58/X (sky130_fd_sc_hd__clkdlybuf4s25_1)
                                                         net58 (net)
                      0.488930    0.000434    6.524081 ^ fanout54/A (sky130_fd_sc_hd__clkdlybuf4s25_1)
     5    0.024508    0.250940    0.486628    7.010710 ^ fanout54/X (sky130_fd_sc_hd__clkdlybuf4s25_1)
                                                         net54 (net)
                      0.250940    0.000784    7.011493 ^ fanout52/A (sky130_fd_sc_hd__clkdlybuf4s25_1)
     2    0.007124    0.083895    0.331213    7.342707 ^ fanout52/X (sky130_fd_sc_hd__clkdlybuf4s25_1)
                                                         net52 (net)
                      0.083895    0.000060    7.342767 ^ load_slew53/A (sky130_fd_sc_hd__clkbuf_4)
     9    0.039407    0.126821    0.209817    7.552585 ^ load_slew53/X (sky130_fd_sc_hd__clkbuf_4)
                                                         net53 (net)
                      0.126823    0.000772    7.553356 ^ _1016_/RESET_B (sky130_fd_sc_hd__dfrtp_2)
                                              7.553356   data arrival time

                                 25.000000   25.000000   clock clk (rise edge)
                                  0.000000   25.000000   clock source latency
     2    0.020781    0.099184    0.068228   25.068228 ^ clk (in)
                                                         clk (net)
                      0.099189    0.000000   25.068228 ^ clkbuf_0_clk/A (sky130_fd_sc_hd__clkbuf_16)
    33    0.124417    0.137692    0.222961   25.291189 ^ clkbuf_0_clk/X (sky130_fd_sc_hd__clkbuf_16)
                                                         clknet_0_clk (net)
                      0.137714    0.001748   25.292936 ^ clkbuf_4_4_0_clk/A (sky130_fd_sc_hd__clkbuf_8)
     9    0.024016    0.057517    0.170749   25.463686 ^ clkbuf_4_4_0_clk/X (sky130_fd_sc_hd__clkbuf_8)
                                                         clknet_4_4_0_clk (net)
                      0.057517    0.000144   25.463829 ^ _1016_/CLK (sky130_fd_sc_hd__dfrtp_2)
                                 -0.250000   25.213829   clock uncertainty
                                  0.000000   25.213829   clock reconvergence pessimism
                                  0.198662   25.412493   library recovery time
                                             25.412493   data required time
---------------------------------------------------------------------------------------------
                                             25.412493   data required time
                                             -7.553356   data arrival time
---------------------------------------------------------------------------------------------
                                             17.859137   slack (MET)


Startpoint: gpio_in[11] (input port clocked by clk)
Endpoint: gpio_out[14] (output port clocked by clk)
Path Group: clk
Path Type: max

Fanout         Cap        Slew       Delay        Time   Description
---------------------------------------------------------------------------------------------
                                  0.000000    0.000000   clock clk (rise edge)
                                  0.000000    0.000000   clock network delay (propagated)
                                  5.000000    5.000000 v input external delay
     2    0.007629    0.019338    0.012399    5.012399 v gpio_in[11] (in)
                                                         gpio_in[11] (net)
                      0.019341    0.000000    5.012399 v input4/A (sky130_fd_sc_hd__clkdlybuf4s25_1)
     2    0.006658    0.065031    0.254610    5.267008 v input4/X (sky130_fd_sc_hd__clkdlybuf4s25_1)
                                                         net4 (net)
                      0.065031    0.000116    5.267125 v _0651_/A (sky130_fd_sc_hd__or4_2)
     1    0.008168    0.120334    0.696624    5.963749 v _0651_/X (sky130_fd_sc_hd__or4_2)
                                                         _0268_ (net)
                      0.120334    0.000309    5.964058 v _0654_/A (sky130_fd_sc_hd__or3_2)
     1    0.004766    0.084207    0.502969    6.467027 v _0654_/X (sky130_fd_sc_hd__or3_2)
                                                         _0271_ (net)
                      0.084207    0.000083    6.467110 v _0655_/A3 (sky130_fd_sc_hd__o31a_2)
     1    0.002458    0.048917    0.286763    6.753873 v _0655_/X (sky130_fd_sc_hd__o31a_2)
                                                         SYNTH_INST.pwm (net)
                      0.048917    0.000026    6.753899 v _1091_/A (sky130_fd_sc_hd__buf_2)
     1    0.004583    0.027751    0.121404    6.875303 v _1091_/X (sky130_fd_sc_hd__buf_2)
                                                         net17 (net)
                      0.027751    0.000078    6.875381 v output17/A (sky130_fd_sc_hd__clkdlybuf4s25_1)
     1    0.034628    0.257557    0.409194    7.284575 v output17/X (sky130_fd_sc_hd__clkdlybuf4s25_1)
                                                         gpio_out[14] (net)
                      0.257557    0.000238    7.284812 v gpio_out[14] (out)
                                              7.284812   data arrival time

                                 25.000000   25.000000   clock clk (rise edge)
                                  0.000000   25.000000   clock network delay (propagated)
                                 -0.250000   24.750000   clock uncertainty
                                  0.000000   24.750000   clock reconvergence pessimism
                                 -5.000000   19.750000   output external delay
                                             19.750000   data required time
---------------------------------------------------------------------------------------------
                                             19.750000   data required time
                                             -7.284812   data arrival time
---------------------------------------------------------------------------------------------
                                             12.465186   slack (MET)




===========================================================================
report_checks --slack_max -0.01
============================================================================
======================= min_tt_025C_1v80 Corner ===================================

No paths found.


===========================================================================
 report_check_types -max_slew -max_cap -max_fanout -violators
============================================================================
======================= min_tt_025C_1v80 Corner ===================================

max fanout

Pin                                   Limit Fanout  Slack
---------------------------------------------------------
clkbuf_0_clk/X                           10     33    -23 (VIOLATED)
fanout41/X                               10     21    -11 (VIOLATED)
fanout27/X                               10     17     -7 (VIOLATED)
_0441_/X                                 10     15     -5 (VIOLATED)
fanout65/X                               10     13     -3 (VIOLATED)
_0451_/Y                                 10     11        (VIOLATED)
_0481_/X                                 10     11        (VIOLATED)
_0512_/X                                 10     11        (VIOLATED)
fanout39/X                               10     11        (VIOLATED)
fanout58/X                               10     11        (VIOLATED)
fanout74/X                               10     11        (VIOLATED)



===========================================================================
report_parasitic_annotation -report_unannotated
============================================================================
Found 105 unannotated drivers.
 gpio_in[14]
 gpio_in[15]
 gpio_in[16]
 gpio_in[17]
 gpio_in[18]
 gpio_in[19]
 gpio_in[20]
 gpio_in[21]
 gpio_in[22]
 gpio_in[23]
 gpio_in[24]
 gpio_in[25]
 gpio_in[26]
 gpio_in[27]
 gpio_in[28]
 gpio_in[29]
 gpio_in[30]
 gpio_in[31]
 gpio_in[32]
 gpio_in[33]
 _0913__110/HI
 _0914__109/HI
 _0930__108/HI
 clkload0/X
 clkload1/X
 clkload10/X
 clkload11/X
 clkload12/X
 clkload13/X
 clkload14/X
 clkload2/X
 clkload3/X
 clkload4/X
 clkload5/X
 clkload6/X
 clkload7/X
 clkload8/X
 clkload9/X
 team_05/HI
 team_05_100/HI
 team_05_101/HI
 team_05_102/HI
 team_05_103/HI
 team_05_104/HI
 team_05_105/HI
 team_05_106/HI
 team_05_107/HI
 team_05_111/LO
 team_05_112/LO
 team_05_113/LO
 team_05_114/LO
 team_05_115/LO
 team_05_116/LO
 team_05_117/LO
 team_05_118/LO
 team_05_119/LO
 team_05_120/LO
 team_05_121/LO
 team_05_122/LO
 team_05_123/LO
 team_05_124/LO
 team_05_125/LO
 team_05_126/LO
 team_05_127/LO
 team_05_128/LO
 team_05_129/LO
 team_05_130/LO
 team_05_131/LO
 team_05_132/LO
 team_05_133/LO
 team_05_134/LO
 team_05_135/LO
 team_05_136/LO
 team_05_137/LO
 team_05_138/LO
 team_05_139/LO
 team_05_140/LO
 team_05_141/LO
 team_05_142/LO
 team_05_143/LO
 team_05_75/HI
 team_05_76/HI
 team_05_77/HI
 team_05_78/HI
 team_05_79/HI
 team_05_80/HI
 team_05_81/HI
 team_05_82/HI
 team_05_83/HI
 team_05_84/HI
 team_05_85/HI
 team_05_86/HI
 team_05_87/HI
 team_05_88/HI
 team_05_89/HI
 team_05_90/HI
 team_05_91/HI
 team_05_92/HI
 team_05_93/HI
 team_05_94/HI
 team_05_95/HI
 team_05_96/HI
 team_05_97/HI
 team_05_98/HI
 team_05_99/HI
Found 0 partially unannotated drivers.

===========================================================================
max slew violation count 0
max fanout violation count 11
max cap violation count 0
============================================================================

===========================================================================
check_setup -verbose -unconstrained_endpoints -multiple_clock -no_clock -no_input_delay -loops -generated_clocks
===========================================================================
