Clock: clk
Sources: clk 
Generated: no
Virtual: yes
Propagated: no
Period: 25.000000

===========================================================================
report_clock_properties
============================================================================
Clock                   Period          Waveform
----------------------------------------------------
clk                  25.000000    0.000000 12.500000

===========================================================================
report_clock_latency
============================================================================
Clock clk
rise -> rise
    min     max
0.000000 0.000000 source latency
0.469992         network latency _0928_/CLK
        0.481102 network latency _0925_/CLK
---------------
0.469992 0.481102 latency
        0.011110 skew

fall -> fall
    min     max
0.000000 0.000000 source latency
0.407021         network latency _1031_/CLK
        0.415564 network latency _0925_/CLK
---------------
0.407021 0.415564 latency
        0.008543 skew



===========================================================================
report_clock_min_period
============================================================================
clk period_min = 4.67 fmax = 214.21
