
===========================================================================
report_checks -unconstrained
===========================================================================
======================= min_ff_n40C_1v95 Corner ===================================

Startpoint: en (input port clocked by clk)
Endpoint: _8420_ (recovery check against rising-edge clock clk)
Path Group: asynchronous
Path Type: max

Fanout         Cap        Slew       Delay        Time   Description
---------------------------------------------------------------------------------------------
                                  0.000000    0.000000   clock clk (rise edge)
                                  0.000000    0.000000   clock network delay (propagated)
                                  5.000000    5.000000 ^ input external delay
     2    0.004062    0.018436    0.010523    5.010523 ^ en (in)
                                                         en (net)
                      0.018436    0.000000    5.010523 ^ input1/A (sky130_fd_sc_hd__clkbuf_1)
     1    0.003516    0.037992    0.053222    5.063745 ^ input1/X (sky130_fd_sc_hd__clkbuf_1)
                                                         net1 (net)
                      0.037992    0.000059    5.063804 ^ _4273_/B (sky130_fd_sc_hd__and2_1)
     5    0.028980    0.214221    0.201763    5.265567 ^ _4273_/X (sky130_fd_sc_hd__and2_1)
                                                         PID_INST.add_three.n_rst (net)
                      0.214221    0.000270    5.265836 ^ fanout339/A (sky130_fd_sc_hd__clkbuf_4)
    15    0.075952    0.174244    0.229427    5.495263 ^ fanout339/X (sky130_fd_sc_hd__clkbuf_4)
                                                         net339 (net)
                      0.174244    0.000213    5.495476 ^ fanout327/A (sky130_fd_sc_hd__clkbuf_4)
    21    0.066122    0.153067    0.208468    5.703944 ^ fanout327/X (sky130_fd_sc_hd__clkbuf_4)
                                                         net327 (net)
                      0.153165    0.002079    5.706022 ^ fanout326/A (sky130_fd_sc_hd__clkbuf_4)
    10    0.052846    0.124621    0.185003    5.891025 ^ fanout326/X (sky130_fd_sc_hd__clkbuf_4)
                                                         net326 (net)
                      0.124639    0.001505    5.892530 ^ _8420_/RESET_B (sky130_fd_sc_hd__dfrtp_1)
                                              5.892530   data arrival time

                                 25.000000   25.000000   clock clk (rise edge)
                                  0.000000   25.000000   clock source latency
     2    0.034900    0.120804    0.084716   25.084715 ^ clk (in)
                                                         clk (net)
                      0.120907    0.000000   25.084715 ^ clkbuf_0_clk/A (sky130_fd_sc_hd__clkbuf_16)
    33    0.140785    0.118645    0.174564   25.259279 ^ clkbuf_0_clk/X (sky130_fd_sc_hd__clkbuf_16)
                                                         clknet_0_clk (net)
                      0.119016    0.005308   25.264587 ^ clkbuf_4_2_0_clk/A (sky130_fd_sc_hd__clkbuf_8)
     6    0.045884    0.069052    0.135945   25.400532 ^ clkbuf_4_2_0_clk/X (sky130_fd_sc_hd__clkbuf_8)
                                                         clknet_4_2_0_clk (net)
                      0.069056    0.000581   25.401114 ^ _8420_/CLK (sky130_fd_sc_hd__dfrtp_1)
                                 -0.250000   25.151114   clock uncertainty
                                  0.000000   25.151114   clock reconvergence pessimism
                                  0.131987   25.283100   library recovery time
                                             25.283100   data required time
---------------------------------------------------------------------------------------------
                                             25.283100   data required time
                                             -5.892530   data arrival time
---------------------------------------------------------------------------------------------
                                             19.390570   slack (MET)


Startpoint: gpio_in[4] (input port clocked by clk)
Endpoint: _8486_ (rising edge-triggered flip-flop clocked by clk)
Path Group: clk
Path Type: max

Fanout         Cap        Slew       Delay        Time   Description
---------------------------------------------------------------------------------------------
                                  0.000000    0.000000   clock clk (rise edge)
                                  0.000000    0.000000   clock network delay (propagated)
                                  5.000000    5.000000 v input external delay
     2    0.005138    0.008431    0.004396    5.004396 v gpio_in[4] (in)
                                                         gpio_in[4] (net)
                      0.008431    0.000000    5.004396 v input14/A (sky130_fd_sc_hd__clkbuf_4)
    13    0.062324    0.089027    0.142808    5.147204 v input14/X (sky130_fd_sc_hd__clkbuf_4)
                                                         net14 (net)
                      0.089042    0.000978    5.148182 v _4208_/A1 (sky130_fd_sc_hd__o21ai_2)
     5    0.023778    0.210238    0.212605    5.360787 ^ _4208_/Y (sky130_fd_sc_hd__o21ai_2)
                                                         _2242_ (net)
                      0.210238    0.000273    5.361061 ^ fanout148/A (sky130_fd_sc_hd__clkbuf_4)
    21    0.069064    0.159208    0.218773    5.579834 ^ fanout148/X (sky130_fd_sc_hd__clkbuf_4)
                                                         net148 (net)
                      0.159232    0.001625    5.581459 ^ _4209_/A (sky130_fd_sc_hd__inv_2)
     3    0.021171    0.060075    0.055421    5.636880 v _4209_/Y (sky130_fd_sc_hd__inv_2)
                                                         PID_INST.k3_calc.d1.y[2] (net)
                      0.060075    0.000088    5.636969 v fanout121/A (sky130_fd_sc_hd__clkbuf_4)
    21    0.062454    0.089052    0.164267    5.801236 v fanout121/X (sky130_fd_sc_hd__clkbuf_4)
                                                         net121 (net)
                      0.089052    0.000289    5.801524 v fanout120/A (sky130_fd_sc_hd__buf_2)
    21    0.055428    0.092651    0.166094    5.967618 v fanout120/X (sky130_fd_sc_hd__buf_2)
                                                         net120 (net)
                      0.092657    0.000846    5.968464 v _4652_/B (sky130_fd_sc_hd__nand4_1)
     4    0.010476    0.107250    0.122812    6.091277 ^ _4652_/Y (sky130_fd_sc_hd__nand4_1)
                                                         _3930_ (net)
                      0.107250    0.000066    6.091343 ^ _4659_/C (sky130_fd_sc_hd__and4_1)
     2    0.005747    0.057113    0.132172    6.223515 ^ _4659_/X (sky130_fd_sc_hd__and4_1)
                                                         _3937_ (net)
                      0.057113    0.000061    6.223577 ^ _4661_/A_N (sky130_fd_sc_hd__and2b_1)
     1    0.004566    0.029975    0.115718    6.339294 v _4661_/X (sky130_fd_sc_hd__and2b_1)
                                                         _3939_ (net)
                      0.029975    0.000040    6.339334 v _4663_/A (sky130_fd_sc_hd__xnor2_1)
     1    0.003235    0.031064    0.077817    6.417151 v _4663_/Y (sky130_fd_sc_hd__xnor2_1)
                                                         _3941_ (net)
                      0.031064    0.000024    6.417175 v _4666_/B1 (sky130_fd_sc_hd__a41o_1)
     1    0.002372    0.027903    0.063956    6.481132 v _4666_/X (sky130_fd_sc_hd__a41o_1)
                                                         _3944_ (net)
                      0.027903    0.000008    6.481140 v _4670_/A (sky130_fd_sc_hd__nand3_1)
     2    0.006570    0.069194    0.061006    6.542146 ^ _4670_/Y (sky130_fd_sc_hd__nand3_1)
                                                         _3948_ (net)
                      0.069194    0.000083    6.542228 ^ _4672_/A (sky130_fd_sc_hd__nand2_1)
     1    0.003194    0.037006    0.031346    6.573575 v _4672_/Y (sky130_fd_sc_hd__nand2_1)
                                                         _3950_ (net)
                      0.037006    0.000024    6.573598 v _4675_/A2 (sky130_fd_sc_hd__a31o_1)
     2    0.006690    0.039315    0.143757    6.717356 v _4675_/X (sky130_fd_sc_hd__a31o_1)
                                                         _3953_ (net)
                      0.039315    0.000079    6.717435 v _4677_/A2 (sky130_fd_sc_hd__o21a_1)
     1    0.002550    0.024111    0.103350    6.820785 v _4677_/X (sky130_fd_sc_hd__o21a_1)
                                                         _3955_ (net)
                      0.024111    0.000022    6.820807 v _4678_/C1 (sky130_fd_sc_hd__a221o_1)
     1    0.005133    0.040999    0.098481    6.919288 v _4678_/X (sky130_fd_sc_hd__a221o_1)
                                                         _3956_ (net)
                      0.041022    0.000110    6.919397 v _4681_/A2 (sky130_fd_sc_hd__a22o_1)
     1    0.003776    0.029739    0.122623    7.042020 v _4681_/X (sky130_fd_sc_hd__a22o_1)
                                                         _3959_ (net)
                      0.029739    0.000054    7.042074 v _4683_/A2 (sky130_fd_sc_hd__a31o_1)
     2    0.008624    0.045505    0.147661    7.189736 v _4683_/X (sky130_fd_sc_hd__a31o_1)
                                                         _3961_ (net)
                      0.045505    0.000212    7.189948 v _4684_/C (sky130_fd_sc_hd__and3_1)
     3    0.017709    0.069994    0.160712    7.350660 v _4684_/X (sky130_fd_sc_hd__and3_1)
                                                         _3962_ (net)
                      0.070004    0.000852    7.351512 v _4740_/A (sky130_fd_sc_hd__and2_1)
     2    0.005474    0.032928    0.107170    7.458683 v _4740_/X (sky130_fd_sc_hd__and2_1)
                                                         _4018_ (net)
                      0.032928    0.000067    7.458749 v _4809_/A3 (sky130_fd_sc_hd__o311a_1)
     3    0.015593    0.076062    0.220160    7.678909 v _4809_/X (sky130_fd_sc_hd__o311a_1)
                                                         _4087_ (net)
                      0.076062    0.000281    7.679190 v _4877_/A2 (sky130_fd_sc_hd__o211ai_4)
     4    0.018571    0.163425    0.166239    7.845429 ^ _4877_/Y (sky130_fd_sc_hd__o211ai_4)
                                                         _4155_ (net)
                      0.163425    0.000404    7.845833 ^ _5034_/A2 (sky130_fd_sc_hd__a211oi_2)
     4    0.012254    0.079866    0.076034    7.921868 v _5034_/Y (sky130_fd_sc_hd__a211oi_2)
                                                         _0224_ (net)
                      0.079866    0.000117    7.921985 v _5211_/A3 (sky130_fd_sc_hd__o311a_1)
     3    0.014259    0.072181    0.232197    8.154182 v _5211_/X (sky130_fd_sc_hd__o311a_1)
                                                         _0401_ (net)
                      0.072181    0.000236    8.154419 v _5284_/A3 (sky130_fd_sc_hd__o31ai_4)
     8    0.025649    0.264348    0.235247    8.389667 ^ _5284_/Y (sky130_fd_sc_hd__o31ai_4)
                                                         _0474_ (net)
                      0.264348    0.000258    8.389925 ^ _5998_/A2 (sky130_fd_sc_hd__a31o_1)
     1    0.005629    0.050915    0.116133    8.506058 ^ _5998_/X (sky130_fd_sc_hd__a31o_1)
                                                         _1188_ (net)
                      0.050915    0.000064    8.506122 ^ _6001_/B (sky130_fd_sc_hd__xnor2_1)
     2    0.014667    0.248295    0.136850    8.642971 ^ _6001_/Y (sky130_fd_sc_hd__xnor2_1)
                                                         _1191_ (net)
                      0.248296    0.000250    8.643222 ^ fanout42/A (sky130_fd_sc_hd__clkbuf_4)
    21    0.057477    0.135303    0.207836    8.851058 ^ fanout42/X (sky130_fd_sc_hd__clkbuf_4)
                                                         net42 (net)
                      0.135436    0.002652    8.853710 ^ _6002_/B (sky130_fd_sc_hd__nor2_1)
     2    0.007823    0.060150    0.049711    8.903421 v _6002_/Y (sky130_fd_sc_hd__nor2_1)
                                                         _1192_ (net)
                      0.060150    0.000104    8.903525 v _6006_/A (sky130_fd_sc_hd__xor2_1)
     2    0.010566    0.180104    0.183221    9.086746 ^ _6006_/X (sky130_fd_sc_hd__xor2_1)
                                                         _1196_ (net)
                      0.180105    0.000254    9.087000 ^ _6007_/B (sky130_fd_sc_hd__xnor2_1)
     2    0.006667    0.140025    0.100089    9.187089 ^ _6007_/Y (sky130_fd_sc_hd__xnor2_1)
                                                         _1197_ (net)
                      0.140025    0.000030    9.187119 ^ _6009_/B (sky130_fd_sc_hd__xor2_1)
     2    0.013061    0.213118    0.191958    9.379077 ^ _6009_/X (sky130_fd_sc_hd__xor2_1)
                                                         _1199_ (net)
                      0.213119    0.000358    9.379436 ^ _6010_/B (sky130_fd_sc_hd__xor2_1)
     2    0.008512    0.153124    0.146283    9.525719 ^ _6010_/X (sky130_fd_sc_hd__xor2_1)
                                                         _1200_ (net)
                      0.153124    0.000107    9.525825 ^ _6013_/A (sky130_fd_sc_hd__xnor2_1)
     2    0.008132    0.155428    0.110346    9.636171 ^ _6013_/Y (sky130_fd_sc_hd__xnor2_1)
                                                         _1203_ (net)
                      0.155428    0.000081    9.636252 ^ _6016_/A (sky130_fd_sc_hd__xor2_1)
     2    0.013577    0.219928    0.199522    9.835774 ^ _6016_/X (sky130_fd_sc_hd__xor2_1)
                                                         _1206_ (net)
                      0.219928    0.000165    9.835939 ^ _6019_/A (sky130_fd_sc_hd__xor2_2)
     2    0.013347    0.073384    0.081162    9.917101 v _6019_/X (sky130_fd_sc_hd__xor2_2)
                                                         _1209_ (net)
                      0.073384    0.000070    9.917171 v _6021_/A (sky130_fd_sc_hd__xnor2_2)
     2    0.012618    0.154970    0.168799   10.085971 ^ _6021_/Y (sky130_fd_sc_hd__xnor2_2)
                                                         _1211_ (net)
                      0.154970    0.000462   10.086432 ^ _6100_/A (sky130_fd_sc_hd__xnor2_1)
     3    0.007749    0.061622    0.075246   10.161679 v _6100_/Y (sky130_fd_sc_hd__xnor2_1)
                                                         _1290_ (net)
                      0.061622    0.000044   10.161722 v _6298_/A2 (sky130_fd_sc_hd__a21o_1)
     2    0.008558    0.041065    0.139961   10.301683 v _6298_/X (sky130_fd_sc_hd__a21o_1)
                                                         _1487_ (net)
                      0.041065    0.000100   10.301784 v _6497_/A2 (sky130_fd_sc_hd__a21o_1)
     2    0.007859    0.038842    0.130314   10.432097 v _6497_/X (sky130_fd_sc_hd__a21o_1)
                                                         _1685_ (net)
                      0.038842    0.000082   10.432178 v _6700_/A2 (sky130_fd_sc_hd__a21o_1)
     2    0.010595    0.046150    0.138082   10.570260 v _6700_/X (sky130_fd_sc_hd__a21o_1)
                                                         _1898_ (net)
                      0.046151    0.000256   10.570517 v _6902_/A2 (sky130_fd_sc_hd__a21o_1)
     2    0.007228    0.036921    0.130221   10.700738 v _6902_/X (sky130_fd_sc_hd__a21o_1)
                                                         _2112_ (net)
                      0.036921    0.000073   10.700810 v _7091_/A2 (sky130_fd_sc_hd__a21o_1)
     2    0.007650    0.038176    0.128111   10.828921 v _7091_/X (sky130_fd_sc_hd__a21o_1)
                                                         _2312_ (net)
                      0.038176    0.000075   10.828996 v _7250_/A2 (sky130_fd_sc_hd__a21o_1)
     2    0.010432    0.045844    0.137415   10.966411 v _7250_/X (sky130_fd_sc_hd__a21o_1)
                                                         _2480_ (net)
                      0.045844    0.000091   10.966502 v _7409_/A2 (sky130_fd_sc_hd__a21oi_2)
     3    0.018258    0.175417    0.173387   11.139889 ^ _7409_/Y (sky130_fd_sc_hd__a21oi_2)
                                                         _2649_ (net)
                      0.175418    0.000271   11.140160 ^ _7568_/A2 (sky130_fd_sc_hd__o311ai_4)
     4    0.011446    0.067161    0.072845   11.213004 v _7568_/Y (sky130_fd_sc_hd__o311ai_4)
                                                         _2816_ (net)
                      0.067162    0.000153   11.213157 v _8009_/A1 (sky130_fd_sc_hd__a311o_1)
     3    0.010616    0.065671    0.202045   11.415201 v _8009_/X (sky130_fd_sc_hd__a311o_1)
                                                         _3264_ (net)
                      0.065671    0.000136   11.415338 v _8270_/A2 (sky130_fd_sc_hd__a31o_1)
     2    0.007636    0.042186    0.158082   11.573420 v _8270_/X (sky130_fd_sc_hd__a31o_1)
                                                         _3543_ (net)
                      0.042186    0.000053   11.573473 v _8273_/A2 (sky130_fd_sc_hd__a21oi_1)
     1    0.005051    0.106010    0.120290   11.693763 ^ _8273_/Y (sky130_fd_sc_hd__a21oi_1)
                                                         _3545_ (net)
                      0.106010    0.000045   11.693808 ^ _8362_/A (sky130_fd_sc_hd__xnor2_1)
     1    0.003216    0.040575    0.050196   11.744004 v _8362_/Y (sky130_fd_sc_hd__xnor2_1)
                                                         _3641_ (net)
                      0.040575    0.000043   11.744047 v _8363_/A1 (sky130_fd_sc_hd__mux2_1)
     1    0.002414    0.036494    0.146625   11.890672 v _8363_/X (sky130_fd_sc_hd__mux2_1)
                                                         _0074_ (net)
                      0.036494    0.000021   11.890694 v _8486_/D (sky130_fd_sc_hd__dfrtp_1)
                                             11.890694   data arrival time

                                 25.000000   25.000000   clock clk (rise edge)
                                  0.000000   25.000000   clock source latency
     2    0.034900    0.120804    0.084716   25.084715 ^ clk (in)
                                                         clk (net)
                      0.120907    0.000000   25.084715 ^ clkbuf_0_clk/A (sky130_fd_sc_hd__clkbuf_16)
    33    0.140785    0.118645    0.174564   25.259279 ^ clkbuf_0_clk/X (sky130_fd_sc_hd__clkbuf_16)
                                                         clknet_0_clk (net)
                      0.118791    0.003377   25.262657 ^ clkbuf_4_15_0_clk/A (sky130_fd_sc_hd__clkbuf_8)
    15    0.062467    0.089011    0.150353   25.413010 ^ clkbuf_4_15_0_clk/X (sky130_fd_sc_hd__clkbuf_8)
                                                         clknet_4_15_0_clk (net)
                      0.089026    0.001194   25.414204 ^ _8486_/CLK (sky130_fd_sc_hd__dfrtp_1)
                                 -0.250000   25.164204   clock uncertainty
                                  0.000000   25.164204   clock reconvergence pessimism
                                 -0.068558   25.095646   library setup time
                                             25.095646   data required time
---------------------------------------------------------------------------------------------
                                             25.095646   data required time
                                            -11.890694   data arrival time
---------------------------------------------------------------------------------------------
                                             13.204952   slack (MET)




===========================================================================
report_checks --slack_max -0.01
============================================================================
======================= min_ff_n40C_1v95 Corner ===================================

No paths found.


===========================================================================
 report_check_types -max_slew -max_cap -max_fanout -violators
============================================================================
======================= min_ff_n40C_1v95 Corner ===================================

max fanout

Pin                                   Limit Fanout  Slack
---------------------------------------------------------
clkbuf_0_clk/X                           10     33    -23 (VIOLATED)
clkbuf_4_1_0_clk/X                       10     25    -15 (VIOLATED)
_4190_/Y                                 10     21    -11 (VIOLATED)
_4496_/Y                                 10     21    -11 (VIOLATED)
fanout100/X                              10     21    -11 (VIOLATED)
fanout101/X                              10     21    -11 (VIOLATED)
fanout103/X                              10     21    -11 (VIOLATED)
fanout105/X                              10     21    -11 (VIOLATED)
fanout107/X                              10     21    -11 (VIOLATED)
fanout109/X                              10     21    -11 (VIOLATED)
fanout111/X                              10     21    -11 (VIOLATED)
fanout113/X                              10     21    -11 (VIOLATED)
fanout114/X                              10     21    -11 (VIOLATED)
fanout116/X                              10     21    -11 (VIOLATED)
fanout118/X                              10     21    -11 (VIOLATED)
fanout119/X                              10     21    -11 (VIOLATED)
fanout120/X                              10     21    -11 (VIOLATED)
fanout121/X                              10     21    -11 (VIOLATED)
fanout123/X                              10     21    -11 (VIOLATED)
fanout125/X                              10     21    -11 (VIOLATED)
fanout127/X                              10     21    -11 (VIOLATED)
fanout132/X                              10     21    -11 (VIOLATED)
fanout135/X                              10     21    -11 (VIOLATED)
fanout137/X                              10     21    -11 (VIOLATED)
fanout138/X                              10     21    -11 (VIOLATED)
fanout139/X                              10     21    -11 (VIOLATED)
fanout140/X                              10     21    -11 (VIOLATED)
fanout142/X                              10     21    -11 (VIOLATED)
fanout147/X                              10     21    -11 (VIOLATED)
fanout148/X                              10     21    -11 (VIOLATED)
fanout157/X                              10     21    -11 (VIOLATED)
fanout162/X                              10     21    -11 (VIOLATED)
fanout163/X                              10     21    -11 (VIOLATED)
fanout173/X                              10     21    -11 (VIOLATED)
fanout175/X                              10     21    -11 (VIOLATED)
fanout183/X                              10     21    -11 (VIOLATED)
fanout187/X                              10     21    -11 (VIOLATED)
fanout189/X                              10     21    -11 (VIOLATED)
fanout190/X                              10     21    -11 (VIOLATED)
fanout193/X                              10     21    -11 (VIOLATED)
fanout194/X                              10     21    -11 (VIOLATED)
fanout195/X                              10     21    -11 (VIOLATED)
fanout199/X                              10     21    -11 (VIOLATED)
fanout201/X                              10     21    -11 (VIOLATED)
fanout203/X                              10     21    -11 (VIOLATED)
fanout205/X                              10     21    -11 (VIOLATED)
fanout207/X                              10     21    -11 (VIOLATED)
fanout209/X                              10     21    -11 (VIOLATED)
fanout210/X                              10     21    -11 (VIOLATED)
fanout214/X                              10     21    -11 (VIOLATED)
fanout215/X                              10     21    -11 (VIOLATED)
fanout219/X                              10     21    -11 (VIOLATED)
fanout223/X                              10     21    -11 (VIOLATED)
fanout226/X                              10     21    -11 (VIOLATED)
fanout227/X                              10     21    -11 (VIOLATED)
fanout230/X                              10     21    -11 (VIOLATED)
fanout232/X                              10     21    -11 (VIOLATED)
fanout237/X                              10     21    -11 (VIOLATED)
fanout239/X                              10     21    -11 (VIOLATED)
fanout251/X                              10     21    -11 (VIOLATED)
fanout252/X                              10     21    -11 (VIOLATED)
fanout254/X                              10     21    -11 (VIOLATED)
fanout256/X                              10     21    -11 (VIOLATED)
fanout258/X                              10     21    -11 (VIOLATED)
fanout260/X                              10     21    -11 (VIOLATED)
fanout273/X                              10     21    -11 (VIOLATED)
fanout276/X                              10     21    -11 (VIOLATED)
fanout278/X                              10     21    -11 (VIOLATED)
fanout280/X                              10     21    -11 (VIOLATED)
fanout285/X                              10     21    -11 (VIOLATED)
fanout286/X                              10     21    -11 (VIOLATED)
fanout287/X                              10     21    -11 (VIOLATED)
fanout288/X                              10     21    -11 (VIOLATED)
fanout291/X                              10     21    -11 (VIOLATED)
fanout293/X                              10     21    -11 (VIOLATED)
fanout294/X                              10     21    -11 (VIOLATED)
fanout295/X                              10     21    -11 (VIOLATED)
fanout296/X                              10     21    -11 (VIOLATED)
fanout305/X                              10     21    -11 (VIOLATED)
fanout306/X                              10     21    -11 (VIOLATED)
fanout308/X                              10     21    -11 (VIOLATED)
fanout311/X                              10     21    -11 (VIOLATED)
fanout314/X                              10     21    -11 (VIOLATED)
fanout317/X                              10     21    -11 (VIOLATED)
fanout322/X                              10     21    -11 (VIOLATED)
fanout327/X                              10     21    -11 (VIOLATED)
fanout328/X                              10     21    -11 (VIOLATED)
fanout340/X                              10     21    -11 (VIOLATED)
fanout37/X                               10     21    -11 (VIOLATED)
fanout40/X                               10     21    -11 (VIOLATED)
fanout42/X                               10     21    -11 (VIOLATED)
fanout44/X                               10     21    -11 (VIOLATED)
fanout47/X                               10     21    -11 (VIOLATED)
fanout50/X                               10     21    -11 (VIOLATED)
fanout51/X                               10     21    -11 (VIOLATED)
fanout53/X                               10     21    -11 (VIOLATED)
fanout58/X                               10     21    -11 (VIOLATED)
fanout63/X                               10     21    -11 (VIOLATED)
fanout65/X                               10     21    -11 (VIOLATED)
fanout70/X                               10     21    -11 (VIOLATED)
fanout71/X                               10     21    -11 (VIOLATED)
fanout78/X                               10     21    -11 (VIOLATED)
fanout79/X                               10     21    -11 (VIOLATED)
fanout81/X                               10     21    -11 (VIOLATED)
fanout83/X                               10     21    -11 (VIOLATED)
fanout84/X                               10     21    -11 (VIOLATED)
fanout85/X                               10     21    -11 (VIOLATED)
fanout86/X                               10     21    -11 (VIOLATED)
fanout88/X                               10     21    -11 (VIOLATED)
fanout89/X                               10     21    -11 (VIOLATED)
fanout95/X                               10     21    -11 (VIOLATED)
fanout97/X                               10     21    -11 (VIOLATED)
fanout99/X                               10     21    -11 (VIOLATED)
_4456_/Y                                 10     19     -9 (VIOLATED)
clkbuf_4_0_0_clk/X                       10     19     -9 (VIOLATED)
fanout110/X                              10     19     -9 (VIOLATED)
fanout115/X                              10     19     -9 (VIOLATED)
fanout186/X                              10     19     -9 (VIOLATED)
fanout220/X                              10     19     -9 (VIOLATED)
fanout228/X                              10     19     -9 (VIOLATED)
fanout275/X                              10     19     -9 (VIOLATED)
fanout299/X                              10     19     -9 (VIOLATED)
fanout331/X                              10     19     -9 (VIOLATED)
fanout341/X                              10     19     -9 (VIOLATED)
fanout80/X                               10     19     -9 (VIOLATED)
fanout87/X                               10     19     -9 (VIOLATED)
_4966_/Y                                 10     17     -7 (VIOLATED)
clkbuf_4_9_0_clk/X                       10     17     -7 (VIOLATED)
fanout104/X                              10     17     -7 (VIOLATED)
fanout108/X                              10     17     -7 (VIOLATED)
fanout117/X                              10     17     -7 (VIOLATED)
fanout159/X                              10     17     -7 (VIOLATED)
fanout182/X                              10     17     -7 (VIOLATED)
fanout188/X                              10     17     -7 (VIOLATED)
fanout198/X                              10     17     -7 (VIOLATED)
fanout216/X                              10     17     -7 (VIOLATED)
fanout225/X                              10     17     -7 (VIOLATED)
fanout236/X                              10     17     -7 (VIOLATED)
fanout74/X                               10     17     -7 (VIOLATED)
fanout98/X                               10     17     -7 (VIOLATED)
_4205_/Y                                 10     15     -5 (VIOLATED)
_4898_/Y                                 10     15     -5 (VIOLATED)
clkbuf_4_15_0_clk/X                      10     15     -5 (VIOLATED)
clkbuf_4_7_0_clk/X                       10     15     -5 (VIOLATED)
fanout112/X                              10     15     -5 (VIOLATED)
fanout129/X                              10     15     -5 (VIOLATED)
fanout131/X                              10     15     -5 (VIOLATED)
fanout174/X                              10     15     -5 (VIOLATED)
fanout196/X                              10     15     -5 (VIOLATED)
fanout202/X                              10     15     -5 (VIOLATED)
fanout208/X                              10     15     -5 (VIOLATED)
fanout212/X                              10     15     -5 (VIOLATED)
fanout262/X                              10     15     -5 (VIOLATED)
fanout266/X                              10     15     -5 (VIOLATED)
fanout289/X                              10     15     -5 (VIOLATED)
fanout316/X                              10     15     -5 (VIOLATED)
fanout339/X                              10     15     -5 (VIOLATED)
fanout77/X                               10     15     -5 (VIOLATED)
input13/X                                10     15     -5 (VIOLATED)
input16/X                                10     15     -5 (VIOLATED)
input17/X                                10     15     -5 (VIOLATED)
input19/X                                10     15     -5 (VIOLATED)
_4232_/Y                                 10     13     -3 (VIOLATED)
_4821_/X                                 10     13     -3 (VIOLATED)
clkbuf_4_6_0_clk/X                       10     13     -3 (VIOLATED)
fanout192/X                              10     13     -3 (VIOLATED)
fanout204/X                              10     13     -3 (VIOLATED)
fanout213/X                              10     13     -3 (VIOLATED)
fanout221/X                              10     13     -3 (VIOLATED)
fanout229/X                              10     13     -3 (VIOLATED)
fanout277/X                              10     13     -3 (VIOLATED)
fanout309/X                              10     13     -3 (VIOLATED)
fanout321/X                              10     13     -3 (VIOLATED)
fanout92/X                               10     13     -3 (VIOLATED)
input10/X                                10     13     -3 (VIOLATED)
input12/X                                10     13     -3 (VIOLATED)
input14/X                                10     13     -3 (VIOLATED)
input15/X                                10     13     -3 (VIOLATED)
input18/X                                10     13     -3 (VIOLATED)
input3/X                                 10     13     -3 (VIOLATED)
input4/X                                 10     13     -3 (VIOLATED)
input5/X                                 10     13     -3 (VIOLATED)
input6/X                                 10     13     -3 (VIOLATED)
input7/X                                 10     13     -3 (VIOLATED)
input8/X                                 10     13     -3 (VIOLATED)
input9/X                                 10     13     -3 (VIOLATED)
clkbuf_4_4_0_clk/X                       10     12     -2 (VIOLATED)
_4817_/X                                 10     11        (VIOLATED)
clkbuf_4_10_0_clk/X                      10     11        (VIOLATED)
clkbuf_4_11_0_clk/X                      10     11        (VIOLATED)
clkbuf_4_13_0_clk/X                      10     11        (VIOLATED)
fanout156/X                              10     11        (VIOLATED)
fanout200/X                              10     11        (VIOLATED)
fanout206/X                              10     11        (VIOLATED)
fanout217/X                              10     11        (VIOLATED)
fanout255/X                              10     11        (VIOLATED)
fanout259/X                              10     11        (VIOLATED)
fanout282/X                              10     11        (VIOLATED)
fanout292/X                              10     11        (VIOLATED)
fanout297/X                              10     11        (VIOLATED)
fanout304/X                              10     11        (VIOLATED)
fanout62/X                               10     11        (VIOLATED)



===========================================================================
report_parasitic_annotation -report_unannotated
============================================================================
Found 83 unannotated drivers.
 gpio_in[18]
 gpio_in[19]
 gpio_in[20]
 gpio_in[21]
 gpio_in[22]
 gpio_in[23]
 gpio_in[24]
 gpio_in[25]
 gpio_in[26]
 gpio_in[27]
 gpio_in[28]
 gpio_in[29]
 gpio_in[30]
 gpio_in[31]
 gpio_in[32]
 gpio_in[33]
 clkload0/Y
 clkload1/Y
 clkload10/Y
 clkload11/Y
 clkload12/Y
 clkload13/Y
 clkload14/Y
 clkload2/Y
 clkload3/Y
 clkload4/Y
 clkload5/Y
 clkload6/Y
 clkload7/Y
 clkload8/Y
 clkload9/Y
 team_03_342/HI
 team_03_343/HI
 team_03_344/HI
 team_03_345/HI
 team_03_346/HI
 team_03_347/HI
 team_03_348/HI
 team_03_349/HI
 team_03_350/HI
 team_03_351/HI
 team_03_352/HI
 team_03_353/HI
 team_03_354/HI
 team_03_355/HI
 team_03_356/HI
 team_03_357/HI
 team_03_358/HI
 team_03_359/HI
 team_03_360/HI
 team_03_361/HI
 team_03_362/HI
 team_03_363/HI
 team_03_364/HI
 team_03_365/HI
 team_03_366/HI
 team_03_367/HI
 team_03_368/HI
 team_03_369/HI
 team_03_370/HI
 team_03_371/HI
 team_03_372/HI
 team_03_373/HI
 team_03_374/HI
 team_03_375/HI
 team_03_376/LO
 team_03_377/LO
 team_03_378/LO
 team_03_379/LO
 team_03_380/LO
 team_03_381/LO
 team_03_382/LO
 team_03_383/LO
 team_03_384/LO
 team_03_385/LO
 team_03_386/LO
 team_03_387/LO
 team_03_388/LO
 team_03_389/LO
 team_03_390/LO
 team_03_391/LO
 team_03_392/LO
 team_03_393/LO
Found 0 partially unannotated drivers.

===========================================================================
max slew violation count 0
max fanout violation count 202
max cap violation count 0
============================================================================

===========================================================================
check_setup -verbose -unconstrained_endpoints -multiple_clock -no_clock -no_input_delay -loops -generated_clocks
===========================================================================
Warning: There are 52 unconstrained endpoints.
  gpio_oeb[0]
  gpio_oeb[10]
  gpio_oeb[11]
  gpio_oeb[12]
  gpio_oeb[13]
  gpio_oeb[14]
  gpio_oeb[15]
  gpio_oeb[16]
  gpio_oeb[17]
  gpio_oeb[18]
  gpio_oeb[19]
  gpio_oeb[1]
  gpio_oeb[20]
  gpio_oeb[21]
  gpio_oeb[22]
  gpio_oeb[23]
  gpio_oeb[24]
  gpio_oeb[25]
  gpio_oeb[26]
  gpio_oeb[27]
  gpio_oeb[28]
  gpio_oeb[29]
  gpio_oeb[2]
  gpio_oeb[30]
  gpio_oeb[31]
  gpio_oeb[32]
  gpio_oeb[33]
  gpio_oeb[3]
  gpio_oeb[4]
  gpio_oeb[5]
  gpio_oeb[6]
  gpio_oeb[7]
  gpio_oeb[8]
  gpio_oeb[9]
  gpio_out[0]
  gpio_out[10]
  gpio_out[11]
  gpio_out[12]
  gpio_out[13]
  gpio_out[14]
  gpio_out[15]
  gpio_out[16]
  gpio_out[17]
  gpio_out[1]
  gpio_out[2]
  gpio_out[3]
  gpio_out[4]
  gpio_out[5]
  gpio_out[6]
  gpio_out[7]
  gpio_out[8]
  gpio_out[9]
