Clock: clk
Sources: clk 
Generated: no
Virtual: yes
Propagated: no
Period: 25.000000

===========================================================================
report_clock_properties
============================================================================
Clock                   Period          Waveform
----------------------------------------------------
clk                  25.000000    0.000000 12.500000

===========================================================================
report_clock_latency
============================================================================
Clock clk
rise -> rise
    min     max
0.000000 0.000000 source latency
0.391303         network latency _8392_/CLK
        0.426121 network latency _8415_/CLK
---------------
0.391303 0.426121 latency
        0.034818 skew

fall -> fall
    min     max
0.000000 0.000000 source latency
0.317718         network latency _8392_/CLK
        0.342718 network latency _8415_/CLK
---------------
0.317718 0.342718 latency
        0.025000 skew



===========================================================================
report_clock_min_period
============================================================================
clk period_min = 8.07 fmax = 123.90
