Clock: clk
Sources: clk 
Generated: no
Virtual: yes
Propagated: no
Period: 25.000000

===========================================================================
report_clock_properties
============================================================================
Clock                   Period          Waveform
----------------------------------------------------
clk                  25.000000    0.000000 12.500000

===========================================================================
report_clock_latency
============================================================================
Clock clk
rise -> rise
    min     max
0.000000 0.000000 source latency
0.694830         network latency _452_/CLK
        1.391778 network latency _485_/CLK
---------------
0.694830 1.391778 latency
        0.696949 skew

rise -> fall
    min     max
0.000000 0.000000 source latency
1.506816         network latency _486_/CLK
        1.506822 network latency _485_/CLK
---------------
1.506816 1.506822 latency
        0.000006 skew

fall -> fall
    min     max
0.000000 0.000000 source latency
0.651054         network latency _452_/CLK
        0.662878 network latency _483_/CLK
---------------
0.651054 0.662878 latency
        0.011823 skew



===========================================================================
report_clock_min_period
============================================================================
clk period_min = 6.57 fmax = 152.20
