Clock: clk
Sources: wb_clk_i 
Generated: no
Virtual: yes
Propagated: no
Period: 100.000000

===========================================================================
report_clock_properties
============================================================================
Clock                   Period          Waveform
----------------------------------------------------
clk                 100.000000    0.000000 50.000000

===========================================================================
report_clock_latency
============================================================================
Clock clk
rise -> rise
    min     max
4.650000 5.570000 source latency
7.482752         network latency mprj.team_00_Wrapper.team_00_WB.instance_to_wrap/clk
        9.283404 network latency _4903_/CLK
---------------
12.132752 14.853404 latency
        2.720652 skew

fall -> fall
    min     max
4.650000 5.570000 source latency
7.439603         network latency mprj.team_00_Wrapper.team_00_WB.instance_to_wrap/clk
        9.247640 network latency _4903_/CLK
---------------
12.089602 14.817639 latency
        2.728037 skew



===========================================================================
report_clock_min_period
============================================================================
clk period_min = 32.78 fmax = 30.50
