
===========================================================================
 report_power
============================================================================
======================= max_ss_100C_1v60 Corner ===================================

Group                    Internal    Switching      Leakage        Total
                            Power        Power        Power        Power (Watts)
------------------------------------------------------------------------
Sequential           1.214087e-04 9.140664e-06 7.197491e-06 1.377468e-04  43.1%
Combinational        3.642182e-05 4.193666e-05 1.080492e-05 8.916340e-05  27.9%
Clock                4.125690e-05 5.081574e-05 7.169169e-07 9.278955e-05  29.0%
Macro                0.000000e+00 0.000000e+00 0.000000e+00 0.000000e+00   0.0%
Pad                  0.000000e+00 0.000000e+00 0.000000e+00 0.000000e+00   0.0%
------------------------------------------------------------------------
Total                1.990874e-04 1.018931e-04 1.871927e-05 3.196997e-04 100.0%
                            62.3%        31.9%         5.9%

