
===========================================================================
report_checks -unconstrained
===========================================================================
======================= max_ss_100C_1v60 Corner ===================================

Startpoint: en (input port clocked by clk)
Endpoint: _0964_ (recovery check against rising-edge clock clk)
Path Group: asynchronous
Path Type: max

Fanout         Cap        Slew       Delay        Time   Description
---------------------------------------------------------------------------------------------
                                  0.000000    0.000000   clock clk (rise edge)
                                  0.000000    0.000000   clock network delay (propagated)
                                  5.000000    5.000000 ^ input external delay
     2    0.004337    0.042628    0.023932    5.023932 ^ en (in)
                                                         en (net)
                      0.042641    0.000000    5.023932 ^ input1/A (sky130_fd_sc_hd__clkbuf_1)
     1    0.001957    0.058328    0.126617    5.150549 ^ input1/X (sky130_fd_sc_hd__clkbuf_1)
                                                         net1 (net)
                      0.058328    0.000090    5.150639 ^ _0749_/B (sky130_fd_sc_hd__and2_1)
     1    0.003763    0.091872    0.233503    5.384142 ^ _0749_/X (sky130_fd_sc_hd__and2_1)
                                                         MATMULT_INST.cntrl.n_rst (net)
                      0.091872    0.000272    5.384414 ^ fanout37/A (sky130_fd_sc_hd__buf_2)
    17    0.054498    0.423434    0.456502    5.840916 ^ fanout37/X (sky130_fd_sc_hd__buf_2)
                                                         net37 (net)
                      0.423498    0.004363    5.845279 ^ fanout30/A (sky130_fd_sc_hd__clkbuf_4)
    21    0.072864    0.350413    0.604283    6.449562 ^ fanout30/X (sky130_fd_sc_hd__clkbuf_4)
                                                         net30 (net)
                      0.350438    0.003498    6.453060 ^ fanout28/A (sky130_fd_sc_hd__clkbuf_4)
    10    0.044561    0.225624    0.487423    6.940483 ^ fanout28/X (sky130_fd_sc_hd__clkbuf_4)
                                                         net28 (net)
                      0.225661    0.002906    6.943389 ^ _0964_/SET_B (sky130_fd_sc_hd__dfstp_1)
                                              6.943389   data arrival time

                                 25.000000   25.000000   clock clk (rise edge)
                                  0.000000   25.000000   clock source latency
     2    0.018301    0.138285    0.094220   25.094219 ^ clk (in)
                                                         clk (net)
                      0.138312    0.000000   25.094219 ^ clkbuf_0_clk/A (sky130_fd_sc_hd__clkbuf_16)
    17    0.113752    0.196397    0.358119   25.452337 ^ clkbuf_0_clk/X (sky130_fd_sc_hd__clkbuf_16)
                                                         clknet_0_clk (net)
                      0.196872    0.007020   25.459358 ^ clkbuf_3_2__f_clk/A (sky130_fd_sc_hd__clkbuf_16)
    13    0.049392    0.106342    0.317812   25.777170 ^ clkbuf_3_2__f_clk/X (sky130_fd_sc_hd__clkbuf_16)
                                                         clknet_3_2__leaf_clk (net)
                      0.106415    0.002471   25.779640 ^ _0964_/CLK (sky130_fd_sc_hd__dfstp_1)
                                 -0.250000   25.529642   clock uncertainty
                                  0.000000   25.529642   clock reconvergence pessimism
                                  0.259321   25.788963   library recovery time
                                             25.788963   data required time
---------------------------------------------------------------------------------------------
                                             25.788963   data required time
                                             -6.943389   data arrival time
---------------------------------------------------------------------------------------------
                                             18.845573   slack (MET)


Startpoint: gpio_in[2] (input port clocked by clk)
Endpoint: _0944_ (rising edge-triggered flip-flop clocked by clk)
Path Group: clk
Path Type: max

Fanout         Cap        Slew       Delay        Time   Description
---------------------------------------------------------------------------------------------
                                  0.000000    0.000000   clock clk (rise edge)
                                  0.000000    0.000000   clock network delay (propagated)
                                  5.000000    5.000000 ^ input external delay
     2    0.005055    0.047564    0.027747    5.027747 ^ gpio_in[2] (in)
                                                         gpio_in[2] (net)
                      0.047565    0.000000    5.027747 ^ input10/A (sky130_fd_sc_hd__buf_1)
     3    0.015767    0.306262    0.308415    5.336163 ^ input10/X (sky130_fd_sc_hd__buf_1)
                                                         net10 (net)
                      0.306267    0.001076    5.337239 ^ _0497_/A_N (sky130_fd_sc_hd__and2b_1)
     1    0.002778    0.065762    0.443196    5.780435 v _0497_/X (sky130_fd_sc_hd__and2b_1)
                                                         _0105_ (net)
                      0.065762    0.000195    5.780630 v _0516_/B1 (sky130_fd_sc_hd__a2111o_1)
     1    0.004061    0.121007    0.748257    6.528886 v _0516_/X (sky130_fd_sc_hd__a2111o_1)
                                                         _0124_ (net)
                      0.121007    0.000259    6.529146 v _0518_/C (sky130_fd_sc_hd__nor4_1)
     2    0.007744    0.672625    0.650486    7.179632 ^ _0518_/Y (sky130_fd_sc_hd__nor4_1)
                                                         _0126_ (net)
                      0.672625    0.000476    7.180108 ^ max_cap23/A (sky130_fd_sc_hd__clkbuf_1)
     1    0.005968    0.132947    0.375887    7.555994 ^ max_cap23/X (sky130_fd_sc_hd__clkbuf_1)
                                                         net23 (net)
                      0.132947    0.000439    7.556433 ^ _0521_/A2 (sky130_fd_sc_hd__a21boi_2)
     4    0.016186    0.154856    0.199782    7.756215 v _0521_/Y (sky130_fd_sc_hd__a21boi_2)
                                                         _0128_ (net)
                      0.154859    0.000936    7.757151 v fanout22/A (sky130_fd_sc_hd__clkbuf_2)
    10    0.036099    0.253761    0.383394    8.140545 v fanout22/X (sky130_fd_sc_hd__clkbuf_2)
                                                         net22 (net)
                      0.254019    0.005509    8.146054 v _0540_/C (sky130_fd_sc_hd__and3b_1)
     2    0.008398    0.115730    0.498839    8.644893 v _0540_/X (sky130_fd_sc_hd__and3b_1)
                                                         MATMULT_INST.uart_tx.count.next_cnt_out[6] (net)
                      0.115730    0.000369    8.645262 v _0570_/B (sky130_fd_sc_hd__xnor2_1)
     1    0.003889    0.222151    0.257755    8.903016 ^ _0570_/Y (sky130_fd_sc_hd__xnor2_1)
                                                         _0164_ (net)
                      0.222151    0.000254    8.903271 ^ _0571_/C1 (sky130_fd_sc_hd__o221a_1)
     1    0.005748    0.135418    0.441233    9.344503 ^ _0571_/X (sky130_fd_sc_hd__o221a_1)
                                                         _0165_ (net)
                      0.135418    0.000404    9.344908 ^ _0572_/D_N (sky130_fd_sc_hd__or4b_1)
     1    0.002265    0.169894    1.028982   10.373890 v _0572_/X (sky130_fd_sc_hd__or4b_1)
                                                         _0166_ (net)
                      0.169894    0.000138   10.374027 v _0574_/C (sky130_fd_sc_hd__or4_1)
     1    0.008474    0.244592    1.239165   11.613193 v _0574_/X (sky130_fd_sc_hd__or4_1)
                                                         _0168_ (net)
                      0.244592    0.000631   11.613823 v _0581_/A_N (sky130_fd_sc_hd__and4b_1)
     1    0.002861    0.102052    0.570775   12.184599 ^ _0581_/X (sky130_fd_sc_hd__and4b_1)
                                                         MATMULT_INST.uart_tx.count.next_roflag (net)
                      0.102052    0.000182   12.184781 ^ _0944_/D (sky130_fd_sc_hd__dfrtp_1)
                                             12.184781   data arrival time

                                 25.000000   25.000000   clock clk (rise edge)
                                  0.000000   25.000000   clock source latency
     2    0.018301    0.138285    0.094220   25.094219 ^ clk (in)
                                                         clk (net)
                      0.138312    0.000000   25.094219 ^ clkbuf_0_clk/A (sky130_fd_sc_hd__clkbuf_16)
    17    0.113752    0.196397    0.358119   25.452337 ^ clkbuf_0_clk/X (sky130_fd_sc_hd__clkbuf_16)
                                                         clknet_0_clk (net)
                      0.196899    0.007253   25.459591 ^ clkbuf_3_6__f_clk/A (sky130_fd_sc_hd__clkbuf_16)
    15    0.049167    0.105839    0.317719   25.777309 ^ clkbuf_3_6__f_clk/X (sky130_fd_sc_hd__clkbuf_16)
                                                         clknet_3_6__leaf_clk (net)
                      0.105899    0.002247   25.779556 ^ _0944_/CLK (sky130_fd_sc_hd__dfrtp_1)
                                 -0.250000   25.529558   clock uncertainty
                                  0.000000   25.529558   clock reconvergence pessimism
                                 -0.134820   25.394737   library setup time
                                             25.394737   data required time
---------------------------------------------------------------------------------------------
                                             25.394737   data required time
                                            -12.184781   data arrival time
---------------------------------------------------------------------------------------------
                                             13.209957   slack (MET)




===========================================================================
report_checks --slack_max -0.01
============================================================================
======================= max_ss_100C_1v60 Corner ===================================

No paths found.


===========================================================================
 report_check_types -max_slew -max_cap -max_fanout -violators
============================================================================
======================= max_ss_100C_1v60 Corner ===================================

max fanout

Pin                                   Limit Fanout  Slack
---------------------------------------------------------
_0485_/Y                                 10     21    -11 (VIOLATED)
_0927_/X                                 10     21    -11 (VIOLATED)
fanout24/X                               10     21    -11 (VIOLATED)
fanout30/X                               10     21    -11 (VIOLATED)
_0481_/Y                                 10     19     -9 (VIOLATED)
clkbuf_3_7__f_clk/X                      10     18     -8 (VIOLATED)
clkbuf_0_clk/X                           10     17     -7 (VIOLATED)
fanout37/X                               10     17     -7 (VIOLATED)
clkbuf_3_1__f_clk/X                      10     16     -6 (VIOLATED)
clkbuf_3_4__f_clk/X                      10     15     -5 (VIOLATED)
clkbuf_3_6__f_clk/X                      10     15     -5 (VIOLATED)
clkbuf_3_2__f_clk/X                      10     13     -3 (VIOLATED)
clkbuf_3_0__f_clk/X                      10     12     -2 (VIOLATED)
clkbuf_3_3__f_clk/X                      10     11        (VIOLATED)



===========================================================================
report_parasitic_annotation -report_unannotated
============================================================================
Found 91 unannotated drivers.
 gpio_in[16]
 gpio_in[17]
 gpio_in[18]
 gpio_in[19]
 gpio_in[20]
 gpio_in[21]
 gpio_in[22]
 gpio_in[23]
 gpio_in[24]
 gpio_in[25]
 gpio_in[26]
 gpio_in[27]
 gpio_in[28]
 gpio_in[29]
 gpio_in[30]
 gpio_in[31]
 gpio_in[32]
 gpio_in[33]
 clkload0/Y
 clkload1/Y
 clkload2/Y
 clkload3/Y
 clkload4/Y
 clkload5/Y
 clkload6/Y
 team_07_100/LO
 team_07_101/LO
 team_07_102/LO
 team_07_103/LO
 team_07_38/HI
 team_07_39/HI
 team_07_40/HI
 team_07_41/HI
 team_07_42/HI
 team_07_43/HI
 team_07_44/HI
 team_07_45/HI
 team_07_46/HI
 team_07_47/HI
 team_07_48/HI
 team_07_49/HI
 team_07_50/HI
 team_07_51/HI
 team_07_52/HI
 team_07_53/HI
 team_07_54/HI
 team_07_55/HI
 team_07_56/HI
 team_07_57/HI
 team_07_58/HI
 team_07_59/HI
 team_07_60/HI
 team_07_61/HI
 team_07_62/HI
 team_07_63/HI
 team_07_64/HI
 team_07_65/HI
 team_07_66/HI
 team_07_67/HI
 team_07_68/HI
 team_07_69/HI
 team_07_70/HI
 team_07_71/HI
 team_07_72/HI
 team_07_73/LO
 team_07_74/LO
 team_07_75/LO
 team_07_76/LO
 team_07_77/LO
 team_07_78/LO
 team_07_79/LO
 team_07_80/LO
 team_07_81/LO
 team_07_82/LO
 team_07_83/LO
 team_07_84/LO
 team_07_85/LO
 team_07_86/LO
 team_07_87/LO
 team_07_88/LO
 team_07_89/LO
 team_07_90/LO
 team_07_91/LO
 team_07_92/LO
 team_07_93/LO
 team_07_94/LO
 team_07_95/LO
 team_07_96/LO
 team_07_97/LO
 team_07_98/LO
 team_07_99/LO
Found 0 partially unannotated drivers.

===========================================================================
max slew violation count 0
max fanout violation count 14
max cap violation count 0
============================================================================

===========================================================================
check_setup -verbose -unconstrained_endpoints -multiple_clock -no_clock -no_input_delay -loops -generated_clocks
===========================================================================
Warning: There are 66 unconstrained endpoints.
  gpio_oeb[0]
  gpio_oeb[10]
  gpio_oeb[11]
  gpio_oeb[12]
  gpio_oeb[13]
  gpio_oeb[14]
  gpio_oeb[15]
  gpio_oeb[16]
  gpio_oeb[17]
  gpio_oeb[18]
  gpio_oeb[19]
  gpio_oeb[1]
  gpio_oeb[20]
  gpio_oeb[21]
  gpio_oeb[22]
  gpio_oeb[23]
  gpio_oeb[24]
  gpio_oeb[25]
  gpio_oeb[26]
  gpio_oeb[27]
  gpio_oeb[28]
  gpio_oeb[29]
  gpio_oeb[2]
  gpio_oeb[30]
  gpio_oeb[31]
  gpio_oeb[32]
  gpio_oeb[33]
  gpio_oeb[3]
  gpio_oeb[4]
  gpio_oeb[5]
  gpio_oeb[6]
  gpio_oeb[7]
  gpio_oeb[8]
  gpio_oeb[9]
  gpio_out[0]
  gpio_out[10]
  gpio_out[11]
  gpio_out[12]
  gpio_out[13]
  gpio_out[14]
  gpio_out[15]
  gpio_out[18]
  gpio_out[19]
  gpio_out[1]
  gpio_out[20]
  gpio_out[21]
  gpio_out[22]
  gpio_out[23]
  gpio_out[24]
  gpio_out[25]
  gpio_out[26]
  gpio_out[27]
  gpio_out[28]
  gpio_out[29]
  gpio_out[2]
  gpio_out[30]
  gpio_out[31]
  gpio_out[32]
  gpio_out[33]
  gpio_out[3]
  gpio_out[4]
  gpio_out[5]
  gpio_out[6]
  gpio_out[7]
  gpio_out[8]
  gpio_out[9]
