Clock: clk
Sources: clk 
Generated: no
Virtual: yes
Propagated: no
Period: 25.000000

===========================================================================
report_clock_properties
============================================================================
Clock                   Period          Waveform
----------------------------------------------------
clk                  25.000000    0.000000 12.500000

===========================================================================
report_clock_latency
============================================================================
Clock clk
rise -> rise
    min     max
0.000000 0.000000 source latency
0.773449         network latency _1037_/CLK
        0.785427 network latency _1029_/CLK
---------------
0.773449 0.785427 latency
        0.011978 skew

fall -> fall
    min     max
0.000000 0.000000 source latency
0.710729         network latency _1037_/CLK
        0.720985 network latency _1029_/CLK
---------------
0.710729 0.720985 latency
        0.010256 skew



===========================================================================
report_clock_min_period
============================================================================
clk period_min = 8.97 fmax = 111.51
