Clock: clk
Sources: clk 
Generated: no
Virtual: yes
Propagated: no
Period: 1000.000000

===========================================================================
report_clock_properties
============================================================================
Clock                   Period          Waveform
----------------------------------------------------
clk                 1000.000000    0.000000500.000000

===========================================================================
report_clock_latency
============================================================================
Clock clk
rise -> rise
    min     max
0.000000 0.000000 source latency
0.790913         network latency _14085_/CLK
        1.583770 network latency _13577_/CLK
---------------
0.790913 1.583770 latency
        0.792858 skew

rise -> fall
    min     max
0.000000 0.000000 source latency
1.038735         network latency _13578_/CLK
        1.553492 network latency _13577_/CLK
---------------
1.038735 1.553492 latency
        0.514757 skew

fall -> rise
    min     max
0.000000 0.000000 source latency
0.935074         network latency _13578_/CLK
        1.045692 network latency _13577_/CLK
---------------
0.935074 1.045692 latency
        0.110617 skew

fall -> fall
    min     max
0.000000 0.000000 source latency
0.633463         network latency _14085_/CLK
        1.014939 network latency _13577_/CLK
---------------
0.633463 1.014939 latency
        0.381476 skew



===========================================================================
report_clock_min_period
============================================================================
clk period_min = 56.17 fmax = 17.80
