
===========================================================================
report_checks -unconstrained
===========================================================================
======================= min_tt_025C_1v80 Corner ===================================

Startpoint: nrst (input port clocked by clk)
Endpoint: _8397_ (recovery check against rising-edge clock clk)
Path Group: asynchronous
Path Type: max

Fanout         Cap        Slew       Delay        Time   Description
---------------------------------------------------------------------------------------------
                                  0.000000    0.000000   clock clk (rise edge)
                                  0.000000    0.000000   clock network delay (propagated)
                                  5.000000    5.000000 ^ input external delay
     2    0.004686    0.027914    0.016807    5.016807 ^ nrst (in)
                                                         nrst (net)
                      0.027914    0.000000    5.016807 ^ input20/A (sky130_fd_sc_hd__clkdlybuf4s25_1)
     1    0.002278    0.039490    0.232862    5.249669 ^ input20/X (sky130_fd_sc_hd__clkdlybuf4s25_1)
                                                         net20 (net)
                      0.039490    0.000024    5.249692 ^ _4226_/A (sky130_fd_sc_hd__and2_2)
     9    0.077548    0.391250    0.384395    5.634087 ^ _4226_/X (sky130_fd_sc_hd__and2_2)
                                                         PID_INST.add_three.n_rst (net)
                      0.391284    0.003046    5.637133 ^ fanout379/A (sky130_fd_sc_hd__clkdlybuf4s25_1)
    15    0.075946    0.753483    0.825675    6.462807 ^ fanout379/X (sky130_fd_sc_hd__clkdlybuf4s25_1)
                                                         net379 (net)
                      0.753483    0.000754    6.463561 ^ fanout374/A (sky130_fd_sc_hd__clkdlybuf4s25_1)
     2    0.007810    0.090543    0.402411    6.865972 ^ fanout374/X (sky130_fd_sc_hd__clkdlybuf4s25_1)
                                                         net374 (net)
                      0.090543    0.000048    6.866020 ^ load_slew375/A (sky130_fd_sc_hd__clkbuf_4)
     9    0.042474    0.135387    0.218736    7.084756 ^ load_slew375/X (sky130_fd_sc_hd__clkbuf_4)
                                                         net375 (net)
                      0.135387    0.000455    7.085212 ^ fanout372/A (sky130_fd_sc_hd__clkdlybuf4s25_1)
     5    0.021325    0.220379    0.400927    7.486139 ^ fanout372/X (sky130_fd_sc_hd__clkdlybuf4s25_1)
                                                         net372 (net)
                      0.220379    0.000087    7.486226 ^ load_slew373/A (sky130_fd_sc_hd__clkbuf_2)
     6    0.026674    0.150169    0.233431    7.719657 ^ load_slew373/X (sky130_fd_sc_hd__clkbuf_2)
                                                         net373 (net)
                      0.150169    0.000434    7.720091 ^ _8397_/RESET_B (sky130_fd_sc_hd__dfrtp_2)
                                              7.720091   data arrival time

                                 25.000000   25.000000   clock clk (rise edge)
                                  0.000000   25.000000   clock source latency
     2    0.038141    0.176207    0.123356   25.123354 ^ clk (in)
                                                         clk (net)
                      0.176250    0.000000   25.123354 ^ clkbuf_0_clk/A (sky130_fd_sc_hd__clkbuf_16)
    33    0.174095    0.185932    0.277987   25.401342 ^ clkbuf_0_clk/X (sky130_fd_sc_hd__clkbuf_16)
                                                         clknet_0_clk (net)
                      0.186026    0.003467   25.404810 ^ clkbuf_4_9_0_clk/A (sky130_fd_sc_hd__clkbuf_8)
     9    0.023183    0.057221    0.184929   25.589739 ^ clkbuf_4_9_0_clk/X (sky130_fd_sc_hd__clkbuf_8)
                                                         clknet_4_9_0_clk (net)
                      0.057221    0.000108   25.589848 ^ _8397_/CLK (sky130_fd_sc_hd__dfrtp_2)
                                 -0.250000   25.339848   clock uncertainty
                                  0.000000   25.339848   clock reconvergence pessimism
                                  0.191618   25.531466   library recovery time
                                             25.531466   data required time
---------------------------------------------------------------------------------------------
                                             25.531466   data required time
                                             -7.720091   data arrival time
---------------------------------------------------------------------------------------------
                                             17.811375   slack (MET)


Startpoint: gpio_in[2] (input port clocked by clk)
Endpoint: _8334_ (rising edge-triggered flip-flop clocked by clk)
Path Group: clk
Path Type: max

Fanout         Cap        Slew       Delay        Time   Description
---------------------------------------------------------------------------------------------
                                  0.000000    0.000000   clock clk (rise edge)
                                  0.000000    0.000000   clock network delay (propagated)
                                  5.000000    5.000000 ^ input external delay
     2    0.006815    0.037269    0.023701    5.023701 ^ gpio_in[2] (in)
                                                         gpio_in[2] (net)
                      0.037269    0.000000    5.023701 ^ input12/A (sky130_fd_sc_hd__clkdlybuf4s25_1)
    13    0.059470    0.592572    0.626623    5.650323 ^ input12/X (sky130_fd_sc_hd__clkdlybuf4s25_1)
                                                         net12 (net)
                      0.592633    0.005055    5.655378 ^ _4227_/A1 (sky130_fd_sc_hd__mux2_1)
     9    0.038943    0.346009    0.450964    6.106343 ^ _4227_/X (sky130_fd_sc_hd__mux2_1)
                                                         PID_INST.k3_calc.d1.y[0] (net)
                      0.346009    0.000067    6.106410 ^ fanout165/A (sky130_fd_sc_hd__dlymetal6s4s_1)
    21    0.075430    0.732375    0.713162    6.819572 ^ fanout165/X (sky130_fd_sc_hd__dlymetal6s4s_1)
                                                         net165 (net)
                      0.732443    0.005886    6.825458 ^ _4707_/A (sky130_fd_sc_hd__nand2_2)
     1    0.008535    0.143729    0.124699    6.950157 v _4707_/Y (sky130_fd_sc_hd__nand2_2)
                                                         _3970_ (net)
                      0.143729    0.000083    6.950240 v _4708_/B (sky130_fd_sc_hd__xnor2_2)
     1    0.003744    0.046968    0.163439    7.113679 v _4708_/Y (sky130_fd_sc_hd__xnor2_2)
                                                         _3971_ (net)
                      0.046968    0.000048    7.113727 v _4715_/A1 (sky130_fd_sc_hd__o211a_2)
     2    0.008225    0.053781    0.273284    7.387011 v _4715_/X (sky130_fd_sc_hd__o211a_2)
                                                         _3978_ (net)
                      0.053781    0.000060    7.387071 v _4717_/B1 (sky130_fd_sc_hd__a2bb2o_4)
     1    0.002916    0.031751    0.209360    7.596431 v _4717_/X (sky130_fd_sc_hd__a2bb2o_4)
                                                         _3980_ (net)
                      0.031751    0.000028    7.596460 v _4718_/B1 (sky130_fd_sc_hd__o21a_2)
     2    0.005703    0.040801    0.112828    7.709288 v _4718_/X (sky130_fd_sc_hd__o21a_2)
                                                         _3981_ (net)
                      0.040801    0.000083    7.709371 v _4719_/A2 (sky130_fd_sc_hd__o211a_2)
     1    0.002639    0.039801    0.228074    7.937445 v _4719_/X (sky130_fd_sc_hd__o211a_2)
                                                         _3982_ (net)
                      0.039801    0.000026    7.937470 v _4720_/C1 (sky130_fd_sc_hd__a221o_2)
     1    0.007431    0.065534    0.312592    8.250062 v _4720_/X (sky130_fd_sc_hd__a221o_2)
                                                         _3983_ (net)
                      0.065534    0.000155    8.250216 v _4722_/A2_N (sky130_fd_sc_hd__o2bb2a_4)
     1    0.009560    0.046824    0.205958    8.456175 ^ _4722_/X (sky130_fd_sc_hd__o2bb2a_4)
                                                         _3985_ (net)
                      0.046824    0.000109    8.456284 ^ _4724_/B2 (sky130_fd_sc_hd__o22ai_4)
     2    0.013502    0.067926    0.067584    8.523868 v _4724_/Y (sky130_fd_sc_hd__o22ai_4)
                                                         _3987_ (net)
                      0.067927    0.000514    8.524383 v _4726_/A1 (sky130_fd_sc_hd__a211o_4)
     3    0.012198    0.061072    0.342572    8.866955 v _4726_/X (sky130_fd_sc_hd__a211o_4)
                                                         _3989_ (net)
                      0.061072    0.000097    8.867051 v _4728_/A2 (sky130_fd_sc_hd__a31o_4)
     2    0.009800    0.042192    0.238565    9.105616 v _4728_/X (sky130_fd_sc_hd__a31o_4)
                                                         _3991_ (net)
                      0.042192    0.000179    9.105796 v _4730_/A2 (sky130_fd_sc_hd__a21bo_4)
     2    0.006829    0.037328    0.210789    9.316585 v _4730_/X (sky130_fd_sc_hd__a21bo_4)
                                                         _3993_ (net)
                      0.037328    0.000060    9.316644 v rebuffer487/A (sky130_fd_sc_hd__buf_4)
     2    0.013190    0.036226    0.139814    9.456458 v rebuffer487/X (sky130_fd_sc_hd__buf_4)
                                                         net487 (net)
                      0.036226    0.000095    9.456553 v _4731_/B (sky130_fd_sc_hd__xor2_2)
     2    0.016371    0.233041    0.213638    9.670191 ^ _4731_/X (sky130_fd_sc_hd__xor2_2)
                                                         _3994_ (net)
                      0.233124    0.000858    9.671049 ^ fanout67/A (sky130_fd_sc_hd__dlymetal6s4s_1)
    21    0.077155    0.748564    0.706472   10.377522 ^ fanout67/X (sky130_fd_sc_hd__dlymetal6s4s_1)
                                                         net67 (net)
                      0.748564    0.000610   10.378132 ^ _4732_/B (sky130_fd_sc_hd__nand2_2)
     4    0.025045    0.193258    0.234738   10.612869 v _4732_/Y (sky130_fd_sc_hd__nand2_2)
                                                         _3995_ (net)
                      0.193258    0.000285   10.613154 v _5047_/A (sky130_fd_sc_hd__xor2_2)
     2    0.014220    0.211507    0.283817   10.896971 ^ _5047_/X (sky130_fd_sc_hd__xor2_2)
                                                         _0245_ (net)
                      0.211507    0.000147   10.897118 ^ _5051_/A (sky130_fd_sc_hd__xor2_2)
     2    0.015515    0.223847    0.242513   11.139630 ^ _5051_/X (sky130_fd_sc_hd__xor2_2)
                                                         _0249_ (net)
                      0.223847    0.000123   11.139753 ^ _5072_/A (sky130_fd_sc_hd__xor2_2)
     2    0.020121    0.273555    0.280989   11.420742 ^ _5072_/X (sky130_fd_sc_hd__xor2_2)
                                                         _0270_ (net)
                      0.273557    0.000624   11.421367 ^ _5081_/A (sky130_fd_sc_hd__xor2_2)
     2    0.006155    0.072471    0.119000   11.540366 v _5081_/X (sky130_fd_sc_hd__xor2_2)
                                                         _0279_ (net)
                      0.072471    0.000008   11.540375 v _5082_/C (sky130_fd_sc_hd__and3_2)
     3    0.012800    0.061008    0.249020   11.789394 v _5082_/X (sky130_fd_sc_hd__and3_2)
                                                         _0280_ (net)
                      0.061008    0.000163   11.789557 v _5098_/B1 (sky130_fd_sc_hd__a211o_2)
     3    0.012935    0.074488    0.346722   12.136279 v _5098_/X (sky130_fd_sc_hd__a211o_2)
                                                         _0296_ (net)
                      0.074488    0.000102   12.136381 v _5102_/A (sky130_fd_sc_hd__and3_2)
     4    0.012008    0.059293    0.211543   12.347924 v _5102_/X (sky130_fd_sc_hd__and3_2)
                                                         _0300_ (net)
                      0.059293    0.000093   12.348017 v _5234_/A (sky130_fd_sc_hd__or3_2)
     1    0.009719    0.098974    0.510553   12.858570 v _5234_/X (sky130_fd_sc_hd__or3_2)
                                                         _0432_ (net)
                      0.098974    0.000123   12.858693 v _5300_/A2 (sky130_fd_sc_hd__a21oi_4)
     2    0.008770    0.116639    0.175098   13.033792 ^ _5300_/Y (sky130_fd_sc_hd__a21oi_4)
                                                         _0498_ (net)
                      0.116639    0.000105   13.033896 ^ _5812_/A1 (sky130_fd_sc_hd__a21o_4)
     2    0.008285    0.038180    0.134742   13.168638 ^ _5812_/X (sky130_fd_sc_hd__a21o_4)
                                                         _1010_ (net)
                      0.038180    0.000083   13.168720 ^ rebuffer480/A (sky130_fd_sc_hd__buf_2)
     1    0.008930    0.053347    0.110897   13.279617 ^ rebuffer480/X (sky130_fd_sc_hd__buf_2)
                                                         net480 (net)
                      0.053347    0.000035   13.279653 ^ _5813_/B (sky130_fd_sc_hd__xor2_2)
     2    0.011967    0.186032    0.192997   13.472650 ^ _5813_/X (sky130_fd_sc_hd__xor2_2)
                                                         _1011_ (net)
                      0.186032    0.000140   13.472790 ^ _5883_/A (sky130_fd_sc_hd__xor2_2)
     2    0.018558    0.169208    0.144211   13.617001 v _5883_/X (sky130_fd_sc_hd__xor2_2)
                                                         _1081_ (net)
                      0.169208    0.000186   13.617186 v _6079_/A2 (sky130_fd_sc_hd__a21oi_4)
     2    0.017129    0.167824    0.241042   13.858228 ^ _6079_/Y (sky130_fd_sc_hd__a21oi_4)
                                                         _1276_ (net)
                      0.167830    0.000374   13.858602 ^ _6281_/A2 (sky130_fd_sc_hd__o21ai_2)
     2    0.012806    0.080114    0.100432   13.959033 v _6281_/Y (sky130_fd_sc_hd__o21ai_2)
                                                         _1477_ (net)
                      0.080114    0.000221   13.959254 v _6477_/A2 (sky130_fd_sc_hd__a21o_2)
     3    0.010884    0.054139    0.244996   14.204250 v _6477_/X (sky130_fd_sc_hd__a21o_2)
                                                         _1672_ (net)
                      0.054139    0.000125   14.204376 v _6686_/A2 (sky130_fd_sc_hd__a21o_2)
     3    0.008992    0.048880    0.228678   14.433053 v _6686_/X (sky130_fd_sc_hd__a21o_2)
                                                         _1890_ (net)
                      0.048880    0.000087   14.433141 v _6878_/A2 (sky130_fd_sc_hd__a21o_2)
     3    0.009664    0.050756    0.228723   14.661863 v _6878_/X (sky130_fd_sc_hd__a21o_2)
                                                         _2092_ (net)
                      0.050756    0.000091   14.661955 v _7043_/A2 (sky130_fd_sc_hd__a21o_2)
     3    0.012462    0.056925    0.238651   14.900605 v _7043_/X (sky130_fd_sc_hd__a21o_2)
                                                         _2267_ (net)
                      0.056925    0.000188   14.900794 v _7207_/A2 (sky130_fd_sc_hd__a21oi_2)
     3    0.018245    0.239786    0.246075   15.146869 ^ _7207_/Y (sky130_fd_sc_hd__a21oi_2)
                                                         _2440_ (net)
                      0.239786    0.000224   15.147093 ^ _7512_/A2 (sky130_fd_sc_hd__o31ai_2)
     2    0.008461    0.069070    0.116689   15.263782 v _7512_/Y (sky130_fd_sc_hd__o31ai_2)
                                                         _2765_ (net)
                      0.069070    0.000094   15.263876 v max_cap37/A (sky130_fd_sc_hd__clkbuf_2)
     2    0.007468    0.038950    0.123610   15.387486 v max_cap37/X (sky130_fd_sc_hd__clkbuf_2)
                                                         net37 (net)
                      0.038950    0.000057   15.387543 v _7661_/A3 (sky130_fd_sc_hd__a31o_4)
     2    0.008673    0.040888    0.239009   15.626552 v _7661_/X (sky130_fd_sc_hd__a31o_4)
                                                         _2927_ (net)
                      0.040888    0.000110   15.626661 v _8069_/A1 (sky130_fd_sc_hd__a31o_4)
     2    0.018119    0.053360    0.235497   15.862158 v _8069_/X (sky130_fd_sc_hd__a31o_4)
                                                         _3373_ (net)
                      0.053360    0.000263   15.862421 v _8072_/A1 (sky130_fd_sc_hd__a21oi_4)
     2    0.008039    0.112310    0.129342   15.991763 ^ _8072_/Y (sky130_fd_sc_hd__a21oi_4)
                                                         _3376_ (net)
                      0.112310    0.000082   15.991845 ^ _8162_/A2 (sky130_fd_sc_hd__a21o_2)
     1    0.002319    0.030152    0.128615   16.120461 ^ _8162_/X (sky130_fd_sc_hd__a21o_2)
                                                         _3475_ (net)
                      0.030152    0.000023   16.120483 ^ _8163_/A1_N (sky130_fd_sc_hd__a2bb2o_2)
     1    0.002192    0.040737    0.251847   16.372330 v _8163_/X (sky130_fd_sc_hd__a2bb2o_2)
                                                         _0017_ (net)
                      0.040737    0.000020   16.372349 v _8334_/D (sky130_fd_sc_hd__dfrtp_2)
                                             16.372349   data arrival time

                                 25.000000   25.000000   clock clk (rise edge)
                                  0.000000   25.000000   clock source latency
     2    0.038141    0.176207    0.123356   25.123354 ^ clk (in)
                                                         clk (net)
                      0.176250    0.000000   25.123354 ^ clkbuf_0_clk/A (sky130_fd_sc_hd__clkbuf_16)
    33    0.174095    0.185932    0.277987   25.401342 ^ clkbuf_0_clk/X (sky130_fd_sc_hd__clkbuf_16)
                                                         clknet_0_clk (net)
                      0.186093    0.004521   25.405863 ^ clkbuf_4_13_0_clk/A (sky130_fd_sc_hd__clkbuf_8)
     9    0.028107    0.064553    0.190749   25.596611 ^ clkbuf_4_13_0_clk/X (sky130_fd_sc_hd__clkbuf_8)
                                                         clknet_4_13_0_clk (net)
                      0.064565    0.000851   25.597462 ^ _8334_/CLK (sky130_fd_sc_hd__dfrtp_2)
                                 -0.250000   25.347464   clock uncertainty
                                  0.000000   25.347464   clock reconvergence pessimism
                                 -0.109100   25.238363   library setup time
                                             25.238363   data required time
---------------------------------------------------------------------------------------------
                                             25.238363   data required time
                                            -16.372349   data arrival time
---------------------------------------------------------------------------------------------
                                              8.866014   slack (MET)




===========================================================================
report_checks --slack_max -0.01
============================================================================
======================= min_tt_025C_1v80 Corner ===================================

No paths found.


===========================================================================
 report_check_types -max_slew -max_cap -max_fanout -violators
============================================================================
======================= min_tt_025C_1v80 Corner ===================================

max slew

Pin                                        Limit        Slew       Slack
------------------------------------------------------------------------
ANTENNA__4159__S/DIODE                  0.750000    1.176844   -0.426844 (VIOLATED)
_4159_/S                                0.750000    1.176843   -0.426843 (VIOLATED)
ANTENNA__4164__B/DIODE                  0.750000    1.176841   -0.426841 (VIOLATED)
ANTENNA__4165__A1/DIODE                 0.750000    1.176842   -0.426842 (VIOLATED)
_4165_/A1                               0.750000    1.176841   -0.426841 (VIOLATED)
ANTENNA__4163__S/DIODE                  0.750000    1.176837   -0.426837 (VIOLATED)
_4163_/S                                0.750000    1.176837   -0.426837 (VIOLATED)
_4164_/B                                0.750000    1.176836   -0.426836 (VIOLATED)
_4171_/A1                               0.750000    1.176830   -0.426830 (VIOLATED)
_4170_/B                                0.750000    1.176826   -0.426826 (VIOLATED)
ANTENNA__4170__B/DIODE                  0.750000    1.176823   -0.426823 (VIOLATED)
ANTENNA__4171__A1/DIODE                 0.750000    1.176817   -0.426817 (VIOLATED)
ANTENNA__4168__A1/DIODE                 0.750000    1.176812   -0.426812 (VIOLATED)
ANTENNA_fanout198_X/DIODE               0.750000    1.176812   -0.426812 (VIOLATED)
ANTENNA__4167__B/DIODE                  0.750000    1.176812   -0.426812 (VIOLATED)
ANTENNA__4222__C/DIODE                  0.750000    1.176811   -0.426811 (VIOLATED)
_4222_/C                                0.750000    1.176811   -0.426811 (VIOLATED)
_4167_/B                                0.750000    1.176810   -0.426810 (VIOLATED)
_4227_/S                                0.750000    1.176808   -0.426808 (VIOLATED)
ANTENNA__4227__S/DIODE                  0.750000    1.176806   -0.426806 (VIOLATED)
_4168_/A1                               0.750000    1.176801   -0.426802 (VIOLATED)
fanout198/X                             0.750000    1.176801   -0.426802 (VIOLATED)
ANTENNA__4151__S/DIODE                  0.750000    1.027360   -0.277360 (VIOLATED)
_4151_/S                                0.750000    1.027360   -0.277360 (VIOLATED)
_4148_/S                                0.750000    1.027359   -0.277359 (VIOLATED)
ANTENNA__4148__S/DIODE                  0.750000    1.027357   -0.277357 (VIOLATED)
ANTENNA__4149__S/DIODE                  0.750000    1.027352   -0.277352 (VIOLATED)
ANTENNA__4150__S/DIODE                  0.750000    1.027352   -0.277352 (VIOLATED)
_4150_/S                                0.750000    1.027352   -0.277352 (VIOLATED)
_4149_/S                                0.750000    1.027350   -0.277350 (VIOLATED)
_4153_/B                                0.750000    1.027335   -0.277335 (VIOLATED)
ANTENNA__4153__B/DIODE                  0.750000    1.027334   -0.277334 (VIOLATED)
_4154_/A1                               0.750000    1.027333   -0.277333 (VIOLATED)
ANTENNA__4154__A1/DIODE                 0.750000    1.027332   -0.277332 (VIOLATED)
ANTENNA__4156__B/DIODE                  0.750000    1.027317   -0.277317 (VIOLATED)
_4156_/B                                0.750000    1.027317   -0.277317 (VIOLATED)
ANTENNA__4157__A1/DIODE                 0.750000    1.027315   -0.277315 (VIOLATED)
_4157_/A1                               0.750000    1.027314   -0.277314 (VIOLATED)
_4161_/A1                               0.750000    1.027308   -0.277308 (VIOLATED)
_4160_/B                                0.750000    1.027300   -0.277301 (VIOLATED)
ANTENNA__4160__B/DIODE                  0.750000    1.027298   -0.277298 (VIOLATED)
ANTENNA__4161__A1/DIODE                 0.750000    1.027298   -0.277298 (VIOLATED)
ANTENNA_fanout197_X/DIODE               0.750000    1.027296   -0.277296 (VIOLATED)
fanout197/X                             0.750000    1.027296   -0.277296 (VIOLATED)
ANTENNA__5499__A/DIODE                  0.750000    0.973139   -0.223139 (VIOLATED)
_5499_/A                                0.750000    0.973139   -0.223139 (VIOLATED)
_5366_/A                                0.750000    0.973136   -0.223136 (VIOLATED)
ANTENNA__5366__A/DIODE                  0.750000    0.973135   -0.223136 (VIOLATED)
ANTENNA__5401__C/DIODE                  0.750000    0.973135   -0.223135 (VIOLATED)
ANTENNA__5402__B1/DIODE                 0.750000    0.973132   -0.223132 (VIOLATED)
_6038_/B                                0.750000    0.973131   -0.223131 (VIOLATED)
ANTENNA__5837__A2/DIODE                 0.750000    0.973130   -0.223130 (VIOLATED)
ANTENNA__6038__B/DIODE                  0.750000    0.973131   -0.223131 (VIOLATED)
_5401_/C                                0.750000    0.973131   -0.223131 (VIOLATED)
_5402_/B1                               0.750000    0.973130   -0.223131 (VIOLATED)
ANTENNA__5838__B/DIODE                  0.750000    0.973129   -0.223129 (VIOLATED)
_5838_/B                                0.750000    0.973128   -0.223128 (VIOLATED)
ANTENNA__8219__A/DIODE                  0.750000    0.973127   -0.223127 (VIOLATED)
_8219_/A                                0.750000    0.973124   -0.223124 (VIOLATED)
_5837_/A2                               0.750000    0.973119   -0.223119 (VIOLATED)
ANTENNA_fanout312_X/DIODE               0.750000    0.973106   -0.223106 (VIOLATED)
ANTENNA__8225__A0/DIODE                 0.750000    0.973106   -0.223106 (VIOLATED)
_8225_/A0                               0.750000    0.973101   -0.223101 (VIOLATED)
ANTENNA__8220__A/DIODE                  0.750000    0.973099   -0.223099 (VIOLATED)
_8220_/A                                0.750000    0.973099   -0.223099 (VIOLATED)
fanout312/X                             0.750000    0.973099   -0.223099 (VIOLATED)
_6519_/B                                0.750000    0.929431   -0.179431 (VIOLATED)
ANTENNA__6519__B/DIODE                  0.750000    0.929431   -0.179431 (VIOLATED)
_6460_/B                                0.750000    0.929428   -0.179428 (VIOLATED)
ANTENNA__6460__B/DIODE                  0.750000    0.929427   -0.179427 (VIOLATED)
ANTENNA__8261__A/DIODE                  0.750000    0.929424   -0.179424 (VIOLATED)
ANTENNA__8262__A/DIODE                  0.750000    0.929423   -0.179423 (VIOLATED)
ANTENNA__8263__A/DIODE                  0.750000    0.929423   -0.179423 (VIOLATED)
_8027_/B                                0.750000    0.929422   -0.179422 (VIOLATED)
ANTENNA__8027__B/DIODE                  0.750000    0.929422   -0.179422 (VIOLATED)
ANTENNA_fanout293_A/DIODE               0.750000    0.929422   -0.179422 (VIOLATED)
ANTENNA_fanout294_X/DIODE               0.750000    0.929422   -0.179422 (VIOLATED)
fanout293/A                             0.750000    0.929422   -0.179422 (VIOLATED)
ANTENNA__8124__A2/DIODE                 0.750000    0.929422   -0.179422 (VIOLATED)
ANTENNA__8131__D/DIODE                  0.750000    0.929422   -0.179422 (VIOLATED)
_8124_/A2                               0.750000    0.929422   -0.179422 (VIOLATED)
_8131_/D                                0.750000    0.929421   -0.179421 (VIOLATED)
_8261_/A                                0.750000    0.929421   -0.179421 (VIOLATED)
ANTENNA__8130__B1/DIODE                 0.750000    0.929420   -0.179420 (VIOLATED)
_8130_/B1                               0.750000    0.929420   -0.179420 (VIOLATED)
_8262_/A                                0.750000    0.929419   -0.179419 (VIOLATED)
_8263_/A                                0.750000    0.929419   -0.179419 (VIOLATED)
fanout294/X                             0.750000    0.929419   -0.179419 (VIOLATED)
_5818_/A                                0.750000    0.919259   -0.169259 (VIOLATED)
_6006_/A                                0.750000    0.919259   -0.169259 (VIOLATED)
ANTENNA__5459__A2/DIODE                 0.750000    0.919257   -0.169257 (VIOLATED)
_5459_/A2                               0.750000    0.919257   -0.169257 (VIOLATED)
_5446_/B                                0.750000    0.919257   -0.169257 (VIOLATED)
ANTENNA__5446__B/DIODE                  0.750000    0.919256   -0.169256 (VIOLATED)
ANTENNA__6006__A/DIODE                  0.750000    0.919256   -0.169256 (VIOLATED)
ANTENNA__5437__B1/DIODE                 0.750000    0.919255   -0.169255 (VIOLATED)
ANTENNA__5818__A/DIODE                  0.750000    0.919255   -0.169255 (VIOLATED)
ANTENNA__5415__D/DIODE                  0.750000    0.919255   -0.169255 (VIOLATED)
ANTENNA__5414__D/DIODE                  0.750000    0.919252   -0.169252 (VIOLATED)
_5415_/D                                0.750000    0.919252   -0.169252 (VIOLATED)
_5437_/B1                               0.750000    0.919251   -0.169251 (VIOLATED)
ANTENNA__5427__B/DIODE                  0.750000    0.919251   -0.169251 (VIOLATED)
_5427_/B                                0.750000    0.919250   -0.169250 (VIOLATED)
_5414_/D                                0.750000    0.919239   -0.169239 (VIOLATED)
ANTENNA_fanout225_X/DIODE               0.750000    0.919228   -0.169228 (VIOLATED)
ANTENNA__8298__A0/DIODE                 0.750000    0.919225   -0.169225 (VIOLATED)
ANTENNA_fanout224_A/DIODE               0.750000    0.919225   -0.169225 (VIOLATED)
_8298_/A0                               0.750000    0.919225   -0.169225 (VIOLATED)
fanout224/A                             0.750000    0.919225   -0.169225 (VIOLATED)
fanout225/X                             0.750000    0.919225   -0.169225 (VIOLATED)
_4183_/S                                0.750000    0.890631   -0.140631 (VIOLATED)
ANTENNA__4183__S/DIODE                  0.750000    0.890630   -0.140630 (VIOLATED)
_4187_/S                                0.750000    0.890630   -0.140630 (VIOLATED)
ANTENNA__4187__S/DIODE                  0.750000    0.890629   -0.140629 (VIOLATED)
ANTENNA__4179__S/DIODE                  0.750000    0.890624   -0.140624 (VIOLATED)
_4179_/S                                0.750000    0.890622   -0.140622 (VIOLATED)
ANTENNA_fanout197_A/DIODE               0.750000    0.890616   -0.140616 (VIOLATED)
fanout197/A                             0.750000    0.890615   -0.140615 (VIOLATED)
ANTENNA__8398__D/DIODE                  0.750000    0.890613   -0.140613 (VIOLATED)
_8398_/D                                0.750000    0.890613   -0.140613 (VIOLATED)
ANTENNA_fanout198_A/DIODE               0.750000    0.890612   -0.140613 (VIOLATED)
ANTENNA_fanout199_X/DIODE               0.750000    0.890612   -0.140612 (VIOLATED)
fanout198/A                             0.750000    0.890611   -0.140611 (VIOLATED)
fanout199/X                             0.750000    0.890611   -0.140611 (VIOLATED)
_8116_/A2                               0.750000    0.868697   -0.118697 (VIOLATED)
_8126_/B                                0.750000    0.868697   -0.118697 (VIOLATED)
_8018_/B                                0.750000    0.868697   -0.118697 (VIOLATED)
ANTENNA__8018__B/DIODE                  0.750000    0.868696   -0.118696 (VIOLATED)
ANTENNA__8126__B/DIODE                  0.750000    0.868695   -0.118695 (VIOLATED)
ANTENNA__8116__A2/DIODE                 0.750000    0.868694   -0.118694 (VIOLATED)
_7557_/B                                0.750000    0.868687   -0.118687 (VIOLATED)
ANTENNA__7754__D/DIODE                  0.750000    0.868685   -0.118685 (VIOLATED)
ANTENNA__7557__B/DIODE                  0.750000    0.868684   -0.118684 (VIOLATED)
_7753_/B1                               0.750000    0.868683   -0.118683 (VIOLATED)
_7754_/D                                0.750000    0.868683   -0.118683 (VIOLATED)
ANTENNA__7753__B1/DIODE                 0.750000    0.868683   -0.118683 (VIOLATED)
ANTENNA__6948__B/DIODE                  0.750000    0.868682   -0.118682 (VIOLATED)
_6948_/B                                0.750000    0.868682   -0.118682 (VIOLATED)
ANTENNA__7157__B/DIODE                  0.750000    0.868680   -0.118680 (VIOLATED)
ANTENNA__7244__B1/DIODE                 0.750000    0.868680   -0.118680 (VIOLATED)
ANTENNA__7461__C/DIODE                  0.750000    0.868680   -0.118680 (VIOLATED)
ANTENNA_fanout286_X/DIODE               0.750000    0.868680   -0.118680 (VIOLATED)
_7157_/B                                0.750000    0.868680   -0.118680 (VIOLATED)
_7244_/B1                               0.750000    0.868680   -0.118680 (VIOLATED)
_7461_/C                                0.750000    0.868680   -0.118680 (VIOLATED)
fanout286/X                             0.750000    0.868680   -0.118680 (VIOLATED)
ANTENNA__6517__C/DIODE                  0.750000    0.865917   -0.115917 (VIOLATED)
_6517_/C                                0.750000    0.865917   -0.115917 (VIOLATED)
_6516_/A2                               0.750000    0.865916   -0.115916 (VIOLATED)
ANTENNA__6516__A2/DIODE                 0.750000    0.865916   -0.115916 (VIOLATED)
_6430_/B1                               0.750000    0.865913   -0.115913 (VIOLATED)
_6431_/D                                0.750000    0.865912   -0.115913 (VIOLATED)
ANTENNA__6431__D/DIODE                  0.750000    0.865912   -0.115912 (VIOLATED)
ANTENNA__6430__B1/DIODE                 0.750000    0.865912   -0.115912 (VIOLATED)
_6236_/B                                0.750000    0.865906   -0.115906 (VIOLATED)
ANTENNA__6236__B/DIODE                  0.750000    0.865906   -0.115906 (VIOLATED)
ANTENNA__6059__B/DIODE                  0.750000    0.865892   -0.115892 (VIOLATED)
_6059_/B                                0.750000    0.865889   -0.115889 (VIOLATED)
ANTENNA_fanout301_X/DIODE               0.750000    0.865885   -0.115885 (VIOLATED)
fanout300/A                             0.750000    0.865883   -0.115883 (VIOLATED)
ANTENNA__8251__A0/DIODE                 0.750000    0.865883   -0.115883 (VIOLATED)
ANTENNA_fanout300_A/DIODE               0.750000    0.865883   -0.115883 (VIOLATED)
ANTENNA__8245__A/DIODE                  0.750000    0.865879   -0.115879 (VIOLATED)
ANTENNA__8246__A/DIODE                  0.750000    0.865879   -0.115879 (VIOLATED)
_8245_/A                                0.750000    0.865879   -0.115879 (VIOLATED)
_8246_/A                                0.750000    0.865879   -0.115879 (VIOLATED)
_8251_/A0                               0.750000    0.865879   -0.115879 (VIOLATED)
fanout301/X                             0.750000    0.865879   -0.115879 (VIOLATED)
ANTENNA__5320__B/DIODE                  0.750000    0.864755   -0.114755 (VIOLATED)
ANTENNA__5340__B/DIODE                  0.750000    0.864755   -0.114755 (VIOLATED)
ANTENNA__5366__B/DIODE                  0.750000    0.864755   -0.114755 (VIOLATED)
ANTENNA__5400__B/DIODE                  0.750000    0.864755   -0.114755 (VIOLATED)
ANTENNA__5485__B/DIODE                  0.750000    0.864755   -0.114755 (VIOLATED)
ANTENNA__5528__B/DIODE                  0.750000    0.864755   -0.114755 (VIOLATED)
ANTENNA__5557__B/DIODE                  0.750000    0.864755   -0.114755 (VIOLATED)
ANTENNA__5608__B/DIODE                  0.750000    0.864755   -0.114755 (VIOLATED)
ANTENNA__5643__B/DIODE                  0.750000    0.864755   -0.114755 (VIOLATED)
ANTENNA__5657__B/DIODE                  0.750000    0.864755   -0.114755 (VIOLATED)
ANTENNA_fanout270_X/DIODE               0.750000    0.864755   -0.114755 (VIOLATED)
_5320_/B                                0.750000    0.864755   -0.114755 (VIOLATED)
_5340_/B                                0.750000    0.864755   -0.114755 (VIOLATED)
_5366_/B                                0.750000    0.864755   -0.114755 (VIOLATED)
_5400_/B                                0.750000    0.864755   -0.114755 (VIOLATED)
_5485_/B                                0.750000    0.864755   -0.114755 (VIOLATED)
_5528_/B                                0.750000    0.864755   -0.114755 (VIOLATED)
_5557_/B                                0.750000    0.864755   -0.114755 (VIOLATED)
_5608_/B                                0.750000    0.864755   -0.114755 (VIOLATED)
_5643_/B                                0.750000    0.864755   -0.114755 (VIOLATED)
_5657_/B                                0.750000    0.864755   -0.114755 (VIOLATED)
fanout270/X                             0.750000    0.864755   -0.114755 (VIOLATED)
ANTENNA__5463__A1/DIODE                 0.750000    0.857387   -0.107387 (VIOLATED)
_5463_/A1                               0.750000    0.857387   -0.107387 (VIOLATED)
_5350_/A                                0.750000    0.857387   -0.107387 (VIOLATED)
ANTENNA__5350__A/DIODE                  0.750000    0.857387   -0.107387 (VIOLATED)
_5400_/A                                0.750000    0.857381   -0.107381 (VIOLATED)
ANTENNA__5400__A/DIODE                  0.750000    0.857381   -0.107381 (VIOLATED)
_6030_/A2                               0.750000    0.857378   -0.107378 (VIOLATED)
ANTENNA__6030__A2/DIODE                 0.750000    0.857378   -0.107378 (VIOLATED)
_6031_/C                                0.750000    0.857377   -0.107377 (VIOLATED)
ANTENNA__6031__C/DIODE                  0.750000    0.857377   -0.107377 (VIOLATED)
ANTENNA__5838__D/DIODE                  0.750000    0.857375   -0.107375 (VIOLATED)
ANTENNA_fanout309_X/DIODE               0.750000    0.857371   -0.107371 (VIOLATED)
ANTENNA__5837__B2/DIODE                 0.750000    0.857365   -0.107366 (VIOLATED)
_5838_/D                                0.750000    0.857364   -0.107364 (VIOLATED)
_5837_/B2                               0.750000    0.857360   -0.107360 (VIOLATED)
ANTENNA__8231__A0/DIODE                 0.750000    0.857354   -0.107355 (VIOLATED)
ANTENNA__8227__A/DIODE                  0.750000    0.857351   -0.107351 (VIOLATED)
ANTENNA__8228__A/DIODE                  0.750000    0.857350   -0.107350 (VIOLATED)
_8227_/A                                0.750000    0.857350   -0.107350 (VIOLATED)
_8228_/A                                0.750000    0.857350   -0.107350 (VIOLATED)
_8231_/A0                               0.750000    0.857350   -0.107350 (VIOLATED)
fanout309/X                             0.750000    0.857350   -0.107350 (VIOLATED)
_8225_/S                                0.750000    0.845391   -0.095391 (VIOLATED)
ANTENNA__8315__S/DIODE                  0.750000    0.845389   -0.095390 (VIOLATED)
_8314_/S                                0.750000    0.845390   -0.095390 (VIOLATED)
ANTENNA__8314__S/DIODE                  0.750000    0.845389   -0.095389 (VIOLATED)
_8315_/S                                0.750000    0.845389   -0.095389 (VIOLATED)
_8317_/S                                0.750000    0.845386   -0.095386 (VIOLATED)
ANTENNA__8317__S/DIODE                  0.750000    0.845385   -0.095385 (VIOLATED)
_8316_/S                                0.750000    0.845385   -0.095385 (VIOLATED)
ANTENNA__8316__S/DIODE                  0.750000    0.845384   -0.095384 (VIOLATED)
_8319_/S                                0.750000    0.845381   -0.095381 (VIOLATED)
ANTENNA__8319__S/DIODE                  0.750000    0.845380   -0.095380 (VIOLATED)
_8397_/D                                0.750000    0.845380   -0.095380 (VIOLATED)
ANTENNA__8225__S/DIODE                  0.750000    0.845380   -0.095380 (VIOLATED)
_8318_/S                                0.750000    0.845380   -0.095380 (VIOLATED)
ANTENNA__4144__A/DIODE                  0.750000    0.845380   -0.095380 (VIOLATED)
_4144_/A                                0.750000    0.845378   -0.095378 (VIOLATED)
ANTENNA__8318__S/DIODE                  0.750000    0.845378   -0.095378 (VIOLATED)
ANTENNA_fanout202_X/DIODE               0.750000    0.845377   -0.095377 (VIOLATED)
ANTENNA__8397__D/DIODE                  0.750000    0.845372   -0.095372 (VIOLATED)
ANTENNA__4222__D/DIODE                  0.750000    0.845371   -0.095371 (VIOLATED)
_4222_/D                                0.750000    0.845371   -0.095371 (VIOLATED)
fanout202/X                             0.750000    0.845371   -0.095371 (VIOLATED)
_7121_/B2                               0.750000    0.840922   -0.090922 (VIOLATED)
ANTENNA__7121__B2/DIODE                 0.750000    0.840922   -0.090922 (VIOLATED)
ANTENNA__7120__A/DIODE                  0.750000    0.840921   -0.090921 (VIOLATED)
_7120_/A                                0.750000    0.840920   -0.090920 (VIOLATED)
_6883_/B                                0.750000    0.840918   -0.090918 (VIOLATED)
_6884_/A1                               0.750000    0.840917   -0.090917 (VIOLATED)
ANTENNA__6883__B/DIODE                  0.750000    0.840914   -0.090914 (VIOLATED)
ANTENNA__6884__A1/DIODE                 0.750000    0.840909   -0.090909 (VIOLATED)
fanout334/A                             0.750000    0.840906   -0.090906 (VIOLATED)
ANTENNA_fanout334_A/DIODE               0.750000    0.840904   -0.090904 (VIOLATED)
_5416_/A                                0.750000    0.840887   -0.090887 (VIOLATED)
ANTENNA__5416__A/DIODE                  0.750000    0.840875   -0.090875 (VIOLATED)
ANTENNA_fanout332_A/DIODE               0.750000    0.840864   -0.090864 (VIOLATED)
ANTENNA_fanout335_X/DIODE               0.750000    0.840861   -0.090862 (VIOLATED)
fanout332/A                             0.750000    0.840857   -0.090857 (VIOLATED)
ANTENNA__8194__A0/DIODE                 0.750000    0.840856   -0.090856 (VIOLATED)
ANTENNA_fanout333_A/DIODE               0.750000    0.840856   -0.090856 (VIOLATED)
_8194_/A0                               0.750000    0.840856   -0.090856 (VIOLATED)
fanout333/A                             0.750000    0.840856   -0.090856 (VIOLATED)
fanout335/X                             0.750000    0.840856   -0.090856 (VIOLATED)
_6832_/B                                0.750000    0.838989   -0.088989 (VIOLATED)
ANTENNA_fanout291_A/DIODE               0.750000    0.838989   -0.088989 (VIOLATED)
fanout291/A                             0.750000    0.838989   -0.088989 (VIOLATED)
ANTENNA__6832__B/DIODE                  0.750000    0.838988   -0.088988 (VIOLATED)
_8016_/C                                0.750000    0.838988   -0.088988 (VIOLATED)
_8014_/A2                               0.750000    0.838988   -0.088988 (VIOLATED)
_6547_/A2                               0.750000    0.838987   -0.088987 (VIOLATED)
ANTENNA__6547__A2/DIODE                 0.750000    0.838987   -0.088987 (VIOLATED)
ANTENNA__6548__B/DIODE                  0.750000    0.838987   -0.088987 (VIOLATED)
ANTENNA__8016__C/DIODE                  0.750000    0.838987   -0.088987 (VIOLATED)
ANTENNA__8014__A2/DIODE                 0.750000    0.838987   -0.088987 (VIOLATED)
_6548_/B                                0.750000    0.838987   -0.088987 (VIOLATED)
_8132_/B1                               0.750000    0.838987   -0.088987 (VIOLATED)
ANTENNA__8132__B1/DIODE                 0.750000    0.838987   -0.088987 (VIOLATED)
ANTENNA__8133__D/DIODE                  0.750000    0.838987   -0.088987 (VIOLATED)
_8133_/D                                0.750000    0.838987   -0.088987 (VIOLATED)
ANTENNA__8263__B/DIODE                  0.750000    0.838986   -0.088986 (VIOLATED)
ANTENNA_fanout292_X/DIODE               0.750000    0.838986   -0.088986 (VIOLATED)
ANTENNA__8264__A/DIODE                  0.750000    0.838786   -0.088786 (VIOLATED)
_8263_/B                                0.750000    0.838786   -0.088786 (VIOLATED)
_8264_/A                                0.750000    0.838786   -0.088786 (VIOLATED)
fanout292/X                             0.750000    0.838786   -0.088786 (VIOLATED)
_4208_/A1                               0.750000    0.826898   -0.076898 (VIOLATED)
ANTENNA__4208__A1/DIODE                 0.750000    0.826898   -0.076898 (VIOLATED)
ANTENNA__4207__B/DIODE                  0.750000    0.826897   -0.076897 (VIOLATED)
_4207_/B                                0.750000    0.826897   -0.076897 (VIOLATED)
_4176_/B                                0.750000    0.826891   -0.076891 (VIOLATED)
ANTENNA__4176__B/DIODE                  0.750000    0.826890   -0.076890 (VIOLATED)
fanout191/A                             0.750000    0.826889   -0.076889 (VIOLATED)
ANTENNA_fanout191_A/DIODE               0.750000    0.826889   -0.076889 (VIOLATED)
_4181_/A1                               0.750000    0.826885   -0.076885 (VIOLATED)
_4174_/A1                               0.750000    0.826885   -0.076885 (VIOLATED)
_4173_/B                                0.750000    0.826885   -0.076885 (VIOLATED)
ANTENNA__4173__B/DIODE                  0.750000    0.826884   -0.076884 (VIOLATED)
ANTENNA__4174__A1/DIODE                 0.750000    0.826882   -0.076882 (VIOLATED)
_4146_/A1                               0.750000    0.826881   -0.076881 (VIOLATED)
ANTENNA__4146__A1/DIODE                 0.750000    0.826881   -0.076881 (VIOLATED)
_4145_/B                                0.750000    0.826871   -0.076871 (VIOLATED)
ANTENNA__4145__B/DIODE                  0.750000    0.826867   -0.076867 (VIOLATED)
ANTENNA__4180__B/DIODE                  0.750000    0.826653   -0.076653 (VIOLATED)
ANTENNA__4181__A1/DIODE                 0.750000    0.826653   -0.076653 (VIOLATED)
ANTENNA_fanout192_X/DIODE               0.750000    0.826653   -0.076653 (VIOLATED)
_4180_/B                                0.750000    0.826653   -0.076653 (VIOLATED)
fanout192/X                             0.750000    0.826653   -0.076653 (VIOLATED)
ANTENNA__8313__S/DIODE                  0.750000    0.826223   -0.076223 (VIOLATED)
_8313_/S                                0.750000    0.826223   -0.076223 (VIOLATED)
_8310_/S                                0.750000    0.826221   -0.076221 (VIOLATED)
ANTENNA__8306__S/DIODE                  0.750000    0.826221   -0.076221 (VIOLATED)
ANTENNA_fanout201_X/DIODE               0.750000    0.826221   -0.076221 (VIOLATED)
_8306_/S                                0.750000    0.826221   -0.076221 (VIOLATED)
ANTENNA__8212__S/DIODE                  0.750000    0.826220   -0.076220 (VIOLATED)
ANTENNA__8218__S/DIODE                  0.750000    0.826220   -0.076220 (VIOLATED)
ANTENNA__8308__S/DIODE                  0.750000    0.826220   -0.076220 (VIOLATED)
ANTENNA__8310__S/DIODE                  0.750000    0.826220   -0.076220 (VIOLATED)
_8312_/S                                0.750000    0.826219   -0.076219 (VIOLATED)
_8311_/S                                0.750000    0.826218   -0.076218 (VIOLATED)
ANTENNA__8311__S/DIODE                  0.750000    0.826218   -0.076218 (VIOLATED)
ANTENNA__8309__S/DIODE                  0.750000    0.826218   -0.076218 (VIOLATED)
_8309_/S                                0.750000    0.826218   -0.076218 (VIOLATED)
ANTENNA__8312__S/DIODE                  0.750000    0.826217   -0.076217 (VIOLATED)
_8308_/S                                0.750000    0.826215   -0.076215 (VIOLATED)
ANTENNA_fanout200_A/DIODE               0.750000    0.826214   -0.076214 (VIOLATED)
_8212_/S                                0.750000    0.826213   -0.076213 (VIOLATED)
_8218_/S                                0.750000    0.826213   -0.076213 (VIOLATED)
fanout200/A                             0.750000    0.826213   -0.076213 (VIOLATED)
fanout201/X                             0.750000    0.826213   -0.076213 (VIOLATED)
_6524_/B                                0.750000    0.814328   -0.064328 (VIOLATED)
ANTENNA__6524__B/DIODE                  0.750000    0.814327   -0.064327 (VIOLATED)
_6834_/D                                0.750000    0.814318   -0.064318 (VIOLATED)
ANTENNA__6834__D/DIODE                  0.750000    0.814317   -0.064317 (VIOLATED)
_6835_/B1                               0.750000    0.814316   -0.064316 (VIOLATED)
ANTENNA__6835__B1/DIODE                 0.750000    0.814315   -0.064315 (VIOLATED)
_6923_/A2                               0.750000    0.814313   -0.064313 (VIOLATED)
ANTENNA__6923__A2/DIODE                 0.750000    0.814308   -0.064308 (VIOLATED)
_6922_/C                                0.750000    0.814303   -0.064303 (VIOLATED)
ANTENNA__6922__C/DIODE                  0.750000    0.814300   -0.064300 (VIOLATED)
_7143_/B                                0.750000    0.814272   -0.064272 (VIOLATED)
ANTENNA__7143__B/DIODE                  0.750000    0.814266   -0.064266 (VIOLATED)
_7526_/B                                0.750000    0.814229   -0.064229 (VIOLATED)
ANTENNA__7526__B/DIODE                  0.750000    0.814226   -0.064226 (VIOLATED)
ANTENNA__7723__D/DIODE                  0.750000    0.814219   -0.064219 (VIOLATED)
_7723_/D                                0.750000    0.814219   -0.064219 (VIOLATED)
_7722_/B1                               0.750000    0.814218   -0.064218 (VIOLATED)
ANTENNA__7722__B1/DIODE                 0.750000    0.814217   -0.064217 (VIOLATED)
ANTENNA_fanout303_X/DIODE               0.750000    0.814198   -0.064198 (VIOLATED)
ANTENNA_fanout302_A/DIODE               0.750000    0.814195   -0.064195 (VIOLATED)
fanout302/A                             0.750000    0.814193   -0.064193 (VIOLATED)
fanout303/X                             0.750000    0.814193   -0.064193 (VIOLATED)
_5583_/B                                0.750000    0.813761   -0.063761 (VIOLATED)
ANTENNA__5583__B/DIODE                  0.750000    0.813760   -0.063760 (VIOLATED)
_5536_/B1                               0.750000    0.813756   -0.063756 (VIOLATED)
_5302_/D                                0.750000    0.813755   -0.063755 (VIOLATED)
ANTENNA__5536__B1/DIODE                 0.750000    0.813754   -0.063755 (VIOLATED)
ANTENNA__5302__D/DIODE                  0.750000    0.813754   -0.063754 (VIOLATED)
ANTENNA__5303__B/DIODE                  0.750000    0.813752   -0.063752 (VIOLATED)
ANTENNA__5351__B/DIODE                  0.750000    0.813752   -0.063752 (VIOLATED)
_5303_/B                                0.750000    0.813750   -0.063750 (VIOLATED)
_5351_/B                                0.750000    0.813745   -0.063745 (VIOLATED)
ANTENNA__5424__A2/DIODE                 0.750000    0.813737   -0.063737 (VIOLATED)
ANTENNA__5416__B/DIODE                  0.750000    0.813734   -0.063734 (VIOLATED)
ANTENNA__5385__B/DIODE                  0.750000    0.813734   -0.063734 (VIOLATED)
_5416_/B                                0.750000    0.813732   -0.063732 (VIOLATED)
_5385_/B                                0.750000    0.813731   -0.063731 (VIOLATED)
_5424_/A2                               0.750000    0.813725   -0.063725 (VIOLATED)
ANTENNA__5826__A/DIODE                  0.750000    0.813706   -0.063706 (VIOLATED)
ANTENNA__8295__A0/DIODE                 0.750000    0.813683   -0.063683 (VIOLATED)
_5826_/A                                0.750000    0.813678   -0.063678 (VIOLATED)
ANTENNA_fanout238_X/DIODE               0.750000    0.813671   -0.063671 (VIOLATED)
_8295_/A0                               0.750000    0.813664   -0.063664 (VIOLATED)
fanout238/X                             0.750000    0.813660   -0.063660 (VIOLATED)
ANTENNA__6906__B/DIODE                  0.750000    0.812021   -0.062021 (VIOLATED)
_6906_/B                                0.750000    0.812021   -0.062021 (VIOLATED)
_6835_/A2                               0.750000    0.812020   -0.062020 (VIOLATED)
ANTENNA__6835__A2/DIODE                 0.750000    0.812020   -0.062020 (VIOLATED)
ANTENNA__6834__C/DIODE                  0.750000    0.812019   -0.062019 (VIOLATED)
_6834_/C                                0.750000    0.812019   -0.062019 (VIOLATED)
ANTENNA__6521__D/DIODE                  0.750000    0.812019   -0.062019 (VIOLATED)
ANTENNA__6522__B1/DIODE                 0.750000    0.812019   -0.062019 (VIOLATED)
ANTENNA__7523__B1/DIODE                 0.750000    0.812019   -0.062019 (VIOLATED)
ANTENNA__7524__D/DIODE                  0.750000    0.812019   -0.062019 (VIOLATED)
ANTENNA__7722__A2/DIODE                 0.750000    0.812019   -0.062019 (VIOLATED)
ANTENNA__7723__C/DIODE                  0.750000    0.812019   -0.062019 (VIOLATED)
ANTENNA_fanout306_A/DIODE               0.750000    0.812019   -0.062019 (VIOLATED)
ANTENNA_fanout307_X/DIODE               0.750000    0.812019   -0.062019 (VIOLATED)
_6521_/D                                0.750000    0.812019   -0.062019 (VIOLATED)
_6522_/B1                               0.750000    0.812019   -0.062019 (VIOLATED)
_7523_/B1                               0.750000    0.812019   -0.062019 (VIOLATED)
_7524_/D                                0.750000    0.812019   -0.062019 (VIOLATED)
_7722_/A2                               0.750000    0.812019   -0.062019 (VIOLATED)
_7723_/C                                0.750000    0.812019   -0.062019 (VIOLATED)
fanout306/A                             0.750000    0.812019   -0.062019 (VIOLATED)
fanout307/X                             0.750000    0.812019   -0.062019 (VIOLATED)
_6433_/B                                0.750000    0.806654   -0.056654 (VIOLATED)
ANTENNA__6433__B/DIODE                  0.750000    0.806654   -0.056654 (VIOLATED)
ANTENNA__6261__A2/DIODE                 0.750000    0.806651   -0.056651 (VIOLATED)
_6261_/A2                               0.750000    0.806651   -0.056651 (VIOLATED)
_6262_/B                                0.750000    0.806651   -0.056651 (VIOLATED)
ANTENNA__6262__B/DIODE                  0.750000    0.806651   -0.056651 (VIOLATED)
ANTENNA__8024__B1/DIODE                 0.750000    0.806651   -0.056651 (VIOLATED)
ANTENNA__8025__D/DIODE                  0.750000    0.806651   -0.056651 (VIOLATED)
ANTENNA__8130__A2/DIODE                 0.750000    0.806651   -0.056651 (VIOLATED)
ANTENNA__8131__C/DIODE                  0.750000    0.806651   -0.056651 (VIOLATED)
ANTENNA__8253__A/DIODE                  0.750000    0.806651   -0.056651 (VIOLATED)
ANTENNA__8254__A/DIODE                  0.750000    0.806651   -0.056651 (VIOLATED)
ANTENNA__8257__A/DIODE                  0.750000    0.806651   -0.056651 (VIOLATED)
ANTENNA_fanout295_X/DIODE               0.750000    0.806651   -0.056651 (VIOLATED)
_8024_/B1                               0.750000    0.806651   -0.056651 (VIOLATED)
_8025_/D                                0.750000    0.806651   -0.056651 (VIOLATED)
_8130_/A2                               0.750000    0.806651   -0.056651 (VIOLATED)
_8131_/C                                0.750000    0.806651   -0.056651 (VIOLATED)
_8253_/A                                0.750000    0.806651   -0.056651 (VIOLATED)
_8254_/A                                0.750000    0.806651   -0.056651 (VIOLATED)
_8257_/A                                0.750000    0.806651   -0.056651 (VIOLATED)
fanout295/X                             0.750000    0.806651   -0.056651 (VIOLATED)
ANTENNA__6920__A/DIODE                  0.750000    0.793810   -0.043810 (VIOLATED)
ANTENNA__7157__A/DIODE                  0.750000    0.793810   -0.043810 (VIOLATED)
ANTENNA__7247__A/DIODE                  0.750000    0.793810   -0.043810 (VIOLATED)
ANTENNA__7463__A/DIODE                  0.750000    0.793810   -0.043810 (VIOLATED)
ANTENNA__7552__A/DIODE                  0.750000    0.793810   -0.043810 (VIOLATED)
ANTENNA__7751__A/DIODE                  0.750000    0.793810   -0.043810 (VIOLATED)
ANTENNA__7891__A/DIODE                  0.750000    0.793810   -0.043810 (VIOLATED)
ANTENNA__7995__A/DIODE                  0.750000    0.793810   -0.043810 (VIOLATED)
ANTENNA__8109__B2/DIODE                 0.750000    0.793810   -0.043810 (VIOLATED)
ANTENNA__8110__B/DIODE                  0.750000    0.793810   -0.043810 (VIOLATED)
ANTENNA_fanout272_X/DIODE               0.750000    0.793810   -0.043810 (VIOLATED)
_6920_/A                                0.750000    0.793810   -0.043810 (VIOLATED)
_7157_/A                                0.750000    0.793810   -0.043810 (VIOLATED)
_7247_/A                                0.750000    0.793810   -0.043810 (VIOLATED)
_7463_/A                                0.750000    0.793810   -0.043810 (VIOLATED)
_7552_/A                                0.750000    0.793810   -0.043810 (VIOLATED)
_7751_/A                                0.750000    0.793810   -0.043810 (VIOLATED)
_7891_/A                                0.750000    0.793810   -0.043810 (VIOLATED)
_7995_/A                                0.750000    0.793810   -0.043810 (VIOLATED)
_8109_/B2                               0.750000    0.793810   -0.043810 (VIOLATED)
_8110_/B                                0.750000    0.793810   -0.043810 (VIOLATED)
fanout272/X                             0.750000    0.793810   -0.043810 (VIOLATED)
ANTENNA__5568__B/DIODE                  0.750000    0.790314   -0.040314 (VIOLATED)
_5568_/B                                0.750000    0.790314   -0.040314 (VIOLATED)
_5595_/A2                               0.750000    0.790314   -0.040314 (VIOLATED)
ANTENNA__5595__A2/DIODE                 0.750000    0.790314   -0.040314 (VIOLATED)
_6433_/A                                0.750000    0.790313   -0.040313 (VIOLATED)
ANTENNA__6433__A/DIODE                  0.750000    0.790313   -0.040313 (VIOLATED)
ANTENNA__5840__A/DIODE                  0.750000    0.790312   -0.040312 (VIOLATED)
ANTENNA__6033__A/DIODE                  0.750000    0.790312   -0.040312 (VIOLATED)
ANTENNA__6236__A/DIODE                  0.750000    0.790312   -0.040312 (VIOLATED)
ANTENNA__8289__A0/DIODE                 0.750000    0.790312   -0.040312 (VIOLATED)
ANTENNA_fanout270_A/DIODE               0.750000    0.790312   -0.040312 (VIOLATED)
ANTENNA_fanout271_X/DIODE               0.750000    0.790312   -0.040312 (VIOLATED)
_5840_/A                                0.750000    0.790312   -0.040312 (VIOLATED)
_6033_/A                                0.750000    0.790312   -0.040312 (VIOLATED)
_6236_/A                                0.750000    0.790312   -0.040312 (VIOLATED)
_8289_/A0                               0.750000    0.790312   -0.040312 (VIOLATED)
fanout270/A                             0.750000    0.790312   -0.040312 (VIOLATED)
fanout271/X                             0.750000    0.790312   -0.040312 (VIOLATED)
_6547_/A1                               0.750000    0.788455   -0.038455 (VIOLATED)
ANTENNA__6547__A1/DIODE                 0.750000    0.788453   -0.038453 (VIOLATED)
_6262_/A                                0.750000    0.788452   -0.038452 (VIOLATED)
ANTENNA__6262__A/DIODE                  0.750000    0.788452   -0.038452 (VIOLATED)
ANTENNA__6261__A1/DIODE                 0.750000    0.788451   -0.038451 (VIOLATED)
_6261_/A1                               0.750000    0.788451   -0.038451 (VIOLATED)
_6460_/A                                0.750000    0.788450   -0.038450 (VIOLATED)
ANTENNA__6460__A/DIODE                  0.750000    0.788234   -0.038234 (VIOLATED)
ANTENNA__5383__B/DIODE                  0.750000    0.788231   -0.038231 (VIOLATED)
ANTENNA__5382__A2/DIODE                 0.750000    0.788231   -0.038231 (VIOLATED)
_5382_/A2                               0.750000    0.788231   -0.038231 (VIOLATED)
_5383_/B                                0.750000    0.788231   -0.038231 (VIOLATED)
ANTENNA__6067__A1/DIODE                 0.750000    0.788229   -0.038229 (VIOLATED)
ANTENNA__5866__A/DIODE                  0.750000    0.788228   -0.038228 (VIOLATED)
ANTENNA__6059__A/DIODE                  0.750000    0.788227   -0.038227 (VIOLATED)
_6067_/A1                               0.750000    0.788225   -0.038225 (VIOLATED)
_5866_/A                                0.750000    0.788225   -0.038225 (VIOLATED)
_6059_/A                                0.750000    0.788224   -0.038224 (VIOLATED)
ANTENNA__8288__A0/DIODE                 0.750000    0.788223   -0.038223 (VIOLATED)
ANTENNA_fanout276_X/DIODE               0.750000    0.788223   -0.038223 (VIOLATED)
_8288_/A0                               0.750000    0.788223   -0.038223 (VIOLATED)
fanout276/X                             0.750000    0.788223   -0.038223 (VIOLATED)
ANTENNA__5428__B/DIODE                  0.750000    0.787894   -0.037894 (VIOLATED)
ANTENNA__5429__A2/DIODE                 0.750000    0.787894   -0.037894 (VIOLATED)
ANTENNA__6004__A1/DIODE                 0.750000    0.787894   -0.037894 (VIOLATED)
ANTENNA__5816__A/DIODE                  0.750000    0.787893   -0.037893 (VIOLATED)
_5815_/A1                               0.750000    0.787892   -0.037892 (VIOLATED)
_5816_/A                                0.750000    0.787891   -0.037891 (VIOLATED)
ANTENNA__5815__A1/DIODE                 0.750000    0.787891   -0.037891 (VIOLATED)
_5429_/A2                               0.750000    0.787890   -0.037890 (VIOLATED)
_5428_/B                                0.750000    0.787889   -0.037889 (VIOLATED)
ANTENNA__6005__A/DIODE                  0.750000    0.787889   -0.037889 (VIOLATED)
_6004_/A1                               0.750000    0.787884   -0.037884 (VIOLATED)
_6005_/A                                0.750000    0.787880   -0.037880 (VIOLATED)
ANTENNA__6207__A/DIODE                  0.750000    0.787876   -0.037876 (VIOLATED)
_6206_/A1                               0.750000    0.787876   -0.037876 (VIOLATED)
_6207_/A                                0.750000    0.787876   -0.037876 (VIOLATED)
ANTENNA__6206__A1/DIODE                 0.750000    0.787876   -0.037876 (VIOLATED)
ANTENNA__8130__A1/DIODE                 0.750000    0.787873   -0.037873 (VIOLATED)
_8130_/A1                               0.750000    0.787870   -0.037870 (VIOLATED)
ANTENNA__8300__A0/DIODE                 0.750000    0.787865   -0.037865 (VIOLATED)
ANTENNA_fanout217_X/DIODE               0.750000    0.787865   -0.037865 (VIOLATED)
_8300_/A0                               0.750000    0.787865   -0.037865 (VIOLATED)
fanout217/X                             0.750000    0.787865   -0.037865 (VIOLATED)
_6067_/A2                               0.750000    0.787825   -0.037825 (VIOLATED)
_5866_/B                                0.750000    0.787825   -0.037825 (VIOLATED)
ANTENNA__5866__B/DIODE                  0.750000    0.787820   -0.037820 (VIOLATED)
ANTENNA__6067__A2/DIODE                 0.750000    0.787819   -0.037819 (VIOLATED)
ANTENNA__6033__B/DIODE                  0.750000    0.787812   -0.037812 (VIOLATED)
_6033_/B                                0.750000    0.787811   -0.037811 (VIOLATED)
ANTENNA__6233__B1/DIODE                 0.750000    0.787805   -0.037805 (VIOLATED)
_6431_/C                                0.750000    0.787804   -0.037804 (VIOLATED)
ANTENNA__6431__C/DIODE                  0.750000    0.787804   -0.037804 (VIOLATED)
_6430_/A2                               0.750000    0.787804   -0.037804 (VIOLATED)
_6233_/B1                               0.750000    0.787804   -0.037804 (VIOLATED)
ANTENNA__6430__A2/DIODE                 0.750000    0.787803   -0.037803 (VIOLATED)
_6234_/D                                0.750000    0.787802   -0.037802 (VIOLATED)
ANTENNA__6234__D/DIODE                  0.750000    0.787799   -0.037799 (VIOLATED)
ANTENNA_fanout304_X/DIODE               0.750000    0.787775   -0.037775 (VIOLATED)
ANTENNA__8240__A/DIODE                  0.750000    0.787773   -0.037773 (VIOLATED)
ANTENNA__8241__A/DIODE                  0.750000    0.787773   -0.037773 (VIOLATED)
ANTENNA__8244__A0/DIODE                 0.750000    0.787773   -0.037773 (VIOLATED)
_8240_/A                                0.750000    0.787773   -0.037773 (VIOLATED)
_8241_/A                                0.750000    0.787773   -0.037773 (VIOLATED)
_8244_/A0                               0.750000    0.787773   -0.037773 (VIOLATED)
fanout304/X                             0.750000    0.787773   -0.037773 (VIOLATED)
ANTENNA__5321__A/DIODE                  0.750000    0.782917   -0.032917 (VIOLATED)
ANTENNA__5322__A1/DIODE                 0.750000    0.782917   -0.032917 (VIOLATED)
ANTENNA__5337__B2/DIODE                 0.750000    0.782917   -0.032917 (VIOLATED)
ANTENNA__5338__B/DIODE                  0.750000    0.782917   -0.032917 (VIOLATED)
ANTENNA__5358__A/DIODE                  0.750000    0.782917   -0.032917 (VIOLATED)
ANTENNA__5393__C/DIODE                  0.750000    0.782917   -0.032917 (VIOLATED)
ANTENNA__5394__B1/DIODE                 0.750000    0.782917   -0.032917 (VIOLATED)
ANTENNA__8201__A/DIODE                  0.750000    0.782917   -0.032917 (VIOLATED)
ANTENNA__8202__A/DIODE                  0.750000    0.782917   -0.032917 (VIOLATED)
ANTENNA__8206__A0/DIODE                 0.750000    0.782917   -0.032917 (VIOLATED)
ANTENNA_fanout324_X/DIODE               0.750000    0.782917   -0.032917 (VIOLATED)
_5321_/A                                0.750000    0.782917   -0.032917 (VIOLATED)
_5322_/A1                               0.750000    0.782917   -0.032917 (VIOLATED)
_5337_/B2                               0.750000    0.782917   -0.032917 (VIOLATED)
_5338_/B                                0.750000    0.782917   -0.032917 (VIOLATED)
_5358_/A                                0.750000    0.782917   -0.032917 (VIOLATED)
_5393_/C                                0.750000    0.782917   -0.032917 (VIOLATED)
_5394_/B1                               0.750000    0.782917   -0.032917 (VIOLATED)
_8201_/A                                0.750000    0.782917   -0.032917 (VIOLATED)
_8202_/A                                0.750000    0.782917   -0.032917 (VIOLATED)
_8206_/A0                               0.750000    0.782917   -0.032917 (VIOLATED)
fanout324/X                             0.750000    0.782917   -0.032917 (VIOLATED)
_5305_/A2                               0.750000    0.775090   -0.025090 (VIOLATED)
ANTENNA__5352__C/DIODE                  0.750000    0.775090   -0.025090 (VIOLATED)
ANTENNA__5304__C/DIODE                  0.750000    0.775090   -0.025090 (VIOLATED)
ANTENNA__5305__A2/DIODE                 0.750000    0.775090   -0.025090 (VIOLATED)
_5304_/C                                0.750000    0.775090   -0.025090 (VIOLATED)
_5352_/C                                0.750000    0.775089   -0.025089 (VIOLATED)
ANTENNA__5418__A2/DIODE                 0.750000    0.775087   -0.025087 (VIOLATED)
ANTENNA__5417__B/DIODE                  0.750000    0.775085   -0.025085 (VIOLATED)
ANTENNA__5823__A/DIODE                  0.750000    0.775082   -0.025082 (VIOLATED)
ANTENNA__5824__A1/DIODE                 0.750000    0.775082   -0.025082 (VIOLATED)
_6017_/A1                               0.750000    0.775082   -0.025082 (VIOLATED)
_6016_/A                                0.750000    0.775082   -0.025082 (VIOLATED)
ANTENNA__6017__A1/DIODE                 0.750000    0.775080   -0.025080 (VIOLATED)
ANTENNA__6016__A/DIODE                  0.750000    0.775079   -0.025079 (VIOLATED)
_5417_/B                                0.750000    0.775073   -0.025073 (VIOLATED)
_5418_/A2                               0.750000    0.774859   -0.024859 (VIOLATED)
_5823_/A                                0.750000    0.774858   -0.024858 (VIOLATED)
_5824_/A1                               0.750000    0.774858   -0.024858 (VIOLATED)
ANTENNA__8297__A0/DIODE                 0.750000    0.774857   -0.024857 (VIOLATED)
ANTENNA_fanout226_X/DIODE               0.750000    0.774857   -0.024857 (VIOLATED)
_8297_/A0                               0.750000    0.774857   -0.024857 (VIOLATED)
fanout226/X                             0.750000    0.774857   -0.024857 (VIOLATED)
_6738_/B                                0.750000    0.772351   -0.022351 (VIOLATED)
ANTENNA__6738__B/DIODE                  0.750000    0.772350   -0.022350 (VIOLATED)
_6649_/B                                0.750000    0.772350   -0.022350 (VIOLATED)
ANTENNA__6649__B/DIODE                  0.750000    0.772350   -0.022350 (VIOLATED)
ANTENNA__6347__B/DIODE                  0.750000    0.772349   -0.022349 (VIOLATED)
_6347_/B                                0.750000    0.772347   -0.022347 (VIOLATED)
_6172_/B                                0.750000    0.772347   -0.022347 (VIOLATED)
ANTENNA__6172__B/DIODE                  0.750000    0.772346   -0.022346 (VIOLATED)
_5786_/B                                0.750000    0.772344   -0.022344 (VIOLATED)
_5889_/B                                0.750000    0.772344   -0.022344 (VIOLATED)
ANTENNA__5889__B/DIODE                  0.750000    0.772342   -0.022342 (VIOLATED)
ANTENNA__5786__B/DIODE                  0.750000    0.772339   -0.022339 (VIOLATED)
_5106_/B                                0.750000    0.772327   -0.022327 (VIOLATED)
ANTENNA__5106__B/DIODE                  0.750000    0.772321   -0.022321 (VIOLATED)
_5057_/B                                0.750000    0.772314   -0.022314 (VIOLATED)
ANTENNA__5057__B/DIODE                  0.750000    0.772308   -0.022308 (VIOLATED)
_5053_/B                                0.750000    0.772298   -0.022298 (VIOLATED)
ANTENNA__5053__B/DIODE                  0.750000    0.772298   -0.022298 (VIOLATED)
ANTENNA__5065__B/DIODE                  0.750000    0.772296   -0.022296 (VIOLATED)
ANTENNA_fanout78_X/DIODE                0.750000    0.772296   -0.022296 (VIOLATED)
_5065_/B                                0.750000    0.772296   -0.022296 (VIOLATED)
fanout78/X                              0.750000    0.772296   -0.022296 (VIOLATED)
_5545_/A                                0.750000    0.770856   -0.020856 (VIOLATED)
ANTENNA__5545__A/DIODE                  0.750000    0.770856   -0.020856 (VIOLATED)
_5550_/A1                               0.750000    0.770856   -0.020856 (VIOLATED)
ANTENNA__5550__A1/DIODE                 0.750000    0.770855   -0.020855 (VIOLATED)
_5320_/A                                0.750000    0.770853   -0.020853 (VIOLATED)
ANTENNA__5320__A/DIODE                  0.750000    0.770853   -0.020853 (VIOLATED)
ANTENNA__5368__B2/DIODE                 0.750000    0.770848   -0.020848 (VIOLATED)
_5367_/B                                0.750000    0.770847   -0.020847 (VIOLATED)
_5368_/B2                               0.750000    0.770845   -0.020845 (VIOLATED)
ANTENNA__5367__B/DIODE                  0.750000    0.770845   -0.020845 (VIOLATED)
ANTENNA__5401__A/DIODE                  0.750000    0.770845   -0.020845 (VIOLATED)
ANTENNA__5402__A1/DIODE                 0.750000    0.770845   -0.020845 (VIOLATED)
ANTENNA__8214__A/DIODE                  0.750000    0.770845   -0.020845 (VIOLATED)
ANTENNA__8215__A/DIODE                  0.750000    0.770845   -0.020845 (VIOLATED)
ANTENNA__8218__A0/DIODE                 0.750000    0.770845   -0.020845 (VIOLATED)
ANTENNA_fanout316_X/DIODE               0.750000    0.770845   -0.020845 (VIOLATED)
_5401_/A                                0.750000    0.770845   -0.020845 (VIOLATED)
_5402_/A1                               0.750000    0.770845   -0.020845 (VIOLATED)
_8214_/A                                0.750000    0.770845   -0.020845 (VIOLATED)
_8215_/A                                0.750000    0.770845   -0.020845 (VIOLATED)
_8218_/A0                               0.750000    0.770845   -0.020845 (VIOLATED)
fanout316/X                             0.750000    0.770845   -0.020845 (VIOLATED)
_8001_/A                                0.750000    0.766713   -0.016713 (VIOLATED)
ANTENNA__8001__A/DIODE                  0.750000    0.766712   -0.016712 (VIOLATED)
_7897_/C                                0.750000    0.766710   -0.016710 (VIOLATED)
_8003_/A1                               0.750000    0.766710   -0.016710 (VIOLATED)
ANTENNA__7897__C/DIODE                  0.750000    0.766710   -0.016710 (VIOLATED)
ANTENNA__8003__A1/DIODE                 0.750000    0.766710   -0.016710 (VIOLATED)
_6925_/A                                0.750000    0.766709   -0.016709 (VIOLATED)
ANTENNA__6925__A/DIODE                  0.750000    0.766709   -0.016709 (VIOLATED)
ANTENNA__7162__A/DIODE                  0.750000    0.766709   -0.016709 (VIOLATED)
ANTENNA__7252__A/DIODE                  0.750000    0.766709   -0.016709 (VIOLATED)
ANTENNA__7468__A/DIODE                  0.750000    0.766709   -0.016709 (VIOLATED)
ANTENNA__7557__A/DIODE                  0.750000    0.766709   -0.016709 (VIOLATED)
ANTENNA__7756__A/DIODE                  0.750000    0.766709   -0.016709 (VIOLATED)
ANTENNA__7896__A1_N/DIODE               0.750000    0.766709   -0.016709 (VIOLATED)
ANTENNA_fanout254_X/DIODE               0.750000    0.766709   -0.016709 (VIOLATED)
_7162_/A                                0.750000    0.766709   -0.016709 (VIOLATED)
_7252_/A                                0.750000    0.766709   -0.016709 (VIOLATED)
_7468_/A                                0.750000    0.766709   -0.016709 (VIOLATED)
_7557_/A                                0.750000    0.766709   -0.016709 (VIOLATED)
_7756_/A                                0.750000    0.766709   -0.016709 (VIOLATED)
_7896_/A1_N                             0.750000    0.766709   -0.016709 (VIOLATED)
fanout254/X                             0.750000    0.766709   -0.016709 (VIOLATED)
_4931_/C                                0.750000    0.766330   -0.016330 (VIOLATED)
ANTENNA__4931__C/DIODE                  0.750000    0.766329   -0.016329 (VIOLATED)
_4837_/B                                0.750000    0.766329   -0.016329 (VIOLATED)
ANTENNA__4837__B/DIODE                  0.750000    0.766329   -0.016329 (VIOLATED)
_4839_/B1                               0.750000    0.766328   -0.016328 (VIOLATED)
ANTENNA__4839__B1/DIODE                 0.750000    0.766327   -0.016327 (VIOLATED)
_4481_/B1                               0.750000    0.766326   -0.016326 (VIOLATED)
ANTENNA__4481__B1/DIODE                 0.750000    0.766325   -0.016325 (VIOLATED)
_4482_/B                                0.750000    0.766323   -0.016323 (VIOLATED)
ANTENNA__4482__B/DIODE                  0.750000    0.766321   -0.016321 (VIOLATED)
ANTENNA__4363__B/DIODE                  0.750000    0.766316   -0.016316 (VIOLATED)
_4363_/B                                0.750000    0.766312   -0.016312 (VIOLATED)
ANTENNA__4369__B/DIODE                  0.750000    0.766310   -0.016310 (VIOLATED)
ANTENNA__4381__B/DIODE                  0.750000    0.766308   -0.016308 (VIOLATED)
_4369_/B                                0.750000    0.766306   -0.016306 (VIOLATED)
_4381_/B                                0.750000    0.766305   -0.016305 (VIOLATED)
ANTENNA__4414__B/DIODE                  0.750000    0.766304   -0.016304 (VIOLATED)
_4414_/B                                0.750000    0.766300   -0.016300 (VIOLATED)
ANTENNA_fanout146_X/DIODE               0.750000    0.766297   -0.016297 (VIOLATED)
ANTENNA__4517__B/DIODE                  0.750000    0.766296   -0.016296 (VIOLATED)
_4517_/B                                0.750000    0.766296   -0.016296 (VIOLATED)
fanout146/X                             0.750000    0.766296   -0.016296 (VIOLATED)
fanout317/A                             0.750000    0.766249   -0.016249 (VIOLATED)
ANTENNA_fanout317_A/DIODE               0.750000    0.766249   -0.016249 (VIOLATED)
fanout318/A                             0.750000    0.766240   -0.016240 (VIOLATED)
ANTENNA_fanout318_A/DIODE               0.750000    0.766240   -0.016240 (VIOLATED)
ANTENNA__6036__B1/DIODE                 0.750000    0.766237   -0.016237 (VIOLATED)
_6036_/B1                               0.750000    0.766237   -0.016237 (VIOLATED)
_6035_/D                                0.750000    0.766237   -0.016237 (VIOLATED)
_5845_/B                                0.750000    0.766237   -0.016237 (VIOLATED)
ANTENNA__5845__B/DIODE                  0.750000    0.766236   -0.016236 (VIOLATED)
ANTENNA__6035__D/DIODE                  0.750000    0.766236   -0.016236 (VIOLATED)
ANTENNA_fanout316_A/DIODE               0.750000    0.766232   -0.016232 (VIOLATED)
ANTENNA_fanout319_X/DIODE               0.750000    0.766232   -0.016232 (VIOLATED)
fanout316/A                             0.750000    0.766232   -0.016232 (VIOLATED)
fanout319/X                             0.750000    0.766232   -0.016232 (VIOLATED)
ANTENNA__6198__A/DIODE                  0.750000    0.764597   -0.014597 (VIOLATED)
ANTENNA__6199__A1/DIODE                 0.750000    0.764597   -0.014597 (VIOLATED)
ANTENNA__6002__B/DIODE                  0.750000    0.764597   -0.014597 (VIOLATED)
ANTENNA__6000__B2/DIODE                 0.750000    0.764596   -0.014596 (VIOLATED)
_5814_/B                                0.750000    0.764596   -0.014596 (VIOLATED)
ANTENNA__5814__B/DIODE                  0.750000    0.764593   -0.014593 (VIOLATED)
ANTENNA__5428__A/DIODE                  0.750000    0.764589   -0.014589 (VIOLATED)
ANTENNA__5429__A1/DIODE                 0.750000    0.764589   -0.014589 (VIOLATED)
_6199_/A1                               0.750000    0.764588   -0.014588 (VIOLATED)
_6198_/A                                0.750000    0.764588   -0.014588 (VIOLATED)
_6000_/B2                               0.750000    0.764587   -0.014587 (VIOLATED)
_6002_/B                                0.750000    0.764586   -0.014586 (VIOLATED)
_5429_/A1                               0.750000    0.764559   -0.014559 (VIOLATED)
_5428_/A                                0.750000    0.764555   -0.014555 (VIOLATED)
_5414_/A                                0.750000    0.764532   -0.014532 (VIOLATED)
ANTENNA__5414__A/DIODE                  0.750000    0.764512   -0.014512 (VIOLATED)
ANTENNA_fanout355_A/DIODE               0.750000    0.764502   -0.014502 (VIOLATED)
ANTENNA_fanout356_X/DIODE               0.750000    0.764502   -0.014502 (VIOLATED)
fanout355/A                             0.750000    0.764502   -0.014502 (VIOLATED)
fanout356/X                             0.750000    0.764502   -0.014502 (VIOLATED)
fanout289/A                             0.750000    0.757608   -0.007608 (VIOLATED)
ANTENNA_fanout289_A/DIODE               0.750000    0.757608   -0.007608 (VIOLATED)
ANTENNA_fanout288_A/DIODE               0.750000    0.757606   -0.007606 (VIOLATED)
fanout288/A                             0.750000    0.757606   -0.007606 (VIOLATED)
ANTENNA__6862__B/DIODE                  0.750000    0.757606   -0.007606 (VIOLATED)
_6861_/A2                               0.750000    0.757606   -0.007606 (VIOLATED)
_6862_/B                                0.750000    0.757606   -0.007606 (VIOLATED)
ANTENNA__6861__A2/DIODE                 0.750000    0.757606   -0.007606 (VIOLATED)
ANTENNA__8266__A/DIODE                  0.750000    0.757604   -0.007604 (VIOLATED)
ANTENNA__8014__B1/DIODE                 0.750000    0.757603   -0.007603 (VIOLATED)
ANTENNA__8015__B/DIODE                  0.750000    0.757603   -0.007603 (VIOLATED)
ANTENNA__8016__D/DIODE                  0.750000    0.757603   -0.007603 (VIOLATED)
ANTENNA_fanout290_X/DIODE               0.750000    0.757603   -0.007603 (VIOLATED)
_8014_/B1                               0.750000    0.757603   -0.007603 (VIOLATED)
_8015_/B                                0.750000    0.757603   -0.007603 (VIOLATED)
_8016_/D                                0.750000    0.757603   -0.007603 (VIOLATED)
_8266_/A                                0.750000    0.757603   -0.007603 (VIOLATED)
fanout290/X                             0.750000    0.757603   -0.007603 (VIOLATED)
ANTENNA__8445__RESET_B/DIODE            0.750000    0.753483   -0.003483 (VIOLATED)
ANTENNA_fanout367_A/DIODE               0.750000    0.753483   -0.003483 (VIOLATED)
ANTENNA_fanout369_A/DIODE               0.750000    0.753483   -0.003483 (VIOLATED)
ANTENNA_fanout371_A/DIODE               0.750000    0.753483   -0.003483 (VIOLATED)
ANTENNA_fanout374_A/DIODE               0.750000    0.753483   -0.003483 (VIOLATED)
ANTENNA_fanout376_A/DIODE               0.750000    0.753483   -0.003483 (VIOLATED)
ANTENNA_fanout378_A/DIODE               0.750000    0.753483   -0.003483 (VIOLATED)
ANTENNA_fanout379_X/DIODE               0.750000    0.753483   -0.003483 (VIOLATED)
_8445_/RESET_B                          0.750000    0.753483   -0.003483 (VIOLATED)
fanout367/A                             0.750000    0.753483   -0.003483 (VIOLATED)
fanout369/A                             0.750000    0.753483   -0.003483 (VIOLATED)
fanout371/A                             0.750000    0.753483   -0.003483 (VIOLATED)
fanout374/A                             0.750000    0.753483   -0.003483 (VIOLATED)
fanout376/A                             0.750000    0.753483   -0.003483 (VIOLATED)
fanout378/A                             0.750000    0.753483   -0.003483 (VIOLATED)
fanout379/X                             0.750000    0.753483   -0.003483 (VIOLATED)
ANTENNA__5415__C/DIODE                  0.750000    0.752079   -0.002079 (VIOLATED)
ANTENNA__5437__A2/DIODE                 0.750000    0.752079   -0.002079 (VIOLATED)
_5437_/A2                               0.750000    0.752079   -0.002079 (VIOLATED)
ANTENNA__5414__C/DIODE                  0.750000    0.752078   -0.002079 (VIOLATED)
_5415_/C                                0.750000    0.752078   -0.002078 (VIOLATED)
ANTENNA__5428__D/DIODE                  0.750000    0.752073   -0.002073 (VIOLATED)
ANTENNA__5429__B2/DIODE                 0.750000    0.752072   -0.002072 (VIOLATED)
ANTENNA__5816__C/DIODE                  0.750000    0.752071   -0.002071 (VIOLATED)
ANTENNA__6005__B/DIODE                  0.750000    0.752070   -0.002070 (VIOLATED)
_6005_/B                                0.750000    0.752070   -0.002070 (VIOLATED)
ANTENNA__6004__B2/DIODE                 0.750000    0.752069   -0.002070 (VIOLATED)
_6004_/B2                               0.750000    0.752069   -0.002069 (VIOLATED)
ANTENNA__5815__B1/DIODE                 0.750000    0.752069   -0.002069 (VIOLATED)
_5429_/B2                               0.750000    0.752066   -0.002066 (VIOLATED)
_5414_/C                                0.750000    0.752065   -0.002065 (VIOLATED)
_5428_/D                                0.750000    0.752064   -0.002064 (VIOLATED)
_5815_/B1                               0.750000    0.752056   -0.002056 (VIOLATED)
_5816_/C                                0.750000    0.752056   -0.002056 (VIOLATED)
ANTENNA_fanout222_X/DIODE               0.750000    0.752049   -0.002049 (VIOLATED)
ANTENNA__8299__A0/DIODE                 0.750000    0.752046   -0.002046 (VIOLATED)
_8299_/A0                               0.750000    0.752046   -0.002046 (VIOLATED)
fanout222/X                             0.750000    0.752046   -0.002046 (VIOLATED)
ANTENNA__6239__B2/DIODE                 0.750000    0.751949   -0.001949 (VIOLATED)
_6239_/B2                               0.750000    0.751949   -0.001949 (VIOLATED)
_6238_/B                                0.750000    0.751949   -0.001949 (VIOLATED)
ANTENNA__6238__B/DIODE                  0.750000    0.751948   -0.001948 (VIOLATED)
_6036_/B2                               0.750000    0.751948   -0.001948 (VIOLATED)
_6035_/B                                0.750000    0.751947   -0.001947 (VIOLATED)
_5843_/B1                               0.750000    0.751947   -0.001947 (VIOLATED)
ANTENNA__5843__B1/DIODE                 0.750000    0.751946   -0.001946 (VIOLATED)
ANTENNA__6036__B2/DIODE                 0.750000    0.751946   -0.001946 (VIOLATED)
_5842_/C                                0.750000    0.751946   -0.001946 (VIOLATED)
ANTENNA__6035__B/DIODE                  0.750000    0.751946   -0.001946 (VIOLATED)
ANTENNA__5842__C/DIODE                  0.750000    0.751946   -0.001946 (VIOLATED)
_5479_/B1                               0.750000    0.751942   -0.001942 (VIOLATED)
ANTENNA__5479__B1/DIODE                 0.750000    0.751941   -0.001941 (VIOLATED)
ANTENNA_fanout246_A/DIODE               0.750000    0.751941   -0.001941 (VIOLATED)
ANTENNA_fanout247_X/DIODE               0.750000    0.751941   -0.001941 (VIOLATED)
ANTENNA__8293__A0/DIODE                 0.750000    0.751941   -0.001941 (VIOLATED)
fanout246/A                             0.750000    0.751941   -0.001941 (VIOLATED)
_8293_/A0                               0.750000    0.751940   -0.001940 (VIOLATED)
fanout247/X                             0.750000    0.751940   -0.001940 (VIOLATED)

max fanout

Pin                                   Limit Fanout  Slack
---------------------------------------------------------
clkbuf_0_clk/X                           10     33    -23 (VIOLATED)
_4143_/Y                                 10     21    -11 (VIOLATED)
_5062_/X                                 10     21    -11 (VIOLATED)
clkbuf_4_4_0_clk/X                       10     21    -11 (VIOLATED)
fanout131/X                              10     21    -11 (VIOLATED)
fanout134/X                              10     21    -11 (VIOLATED)
fanout135/X                              10     21    -11 (VIOLATED)
fanout141/X                              10     21    -11 (VIOLATED)
fanout143/X                              10     21    -11 (VIOLATED)
fanout144/X                              10     21    -11 (VIOLATED)
fanout146/X                              10     21    -11 (VIOLATED)
fanout154/X                              10     21    -11 (VIOLATED)
fanout156/X                              10     21    -11 (VIOLATED)
fanout160/X                              10     21    -11 (VIOLATED)
fanout165/X                              10     21    -11 (VIOLATED)
fanout180/X                              10     21    -11 (VIOLATED)
fanout181/X                              10     21    -11 (VIOLATED)
fanout182/X                              10     21    -11 (VIOLATED)
fanout183/X                              10     21    -11 (VIOLATED)
fanout184/X                              10     21    -11 (VIOLATED)
fanout192/X                              10     21    -11 (VIOLATED)
fanout197/X                              10     21    -11 (VIOLATED)
fanout198/X                              10     21    -11 (VIOLATED)
fanout201/X                              10     21    -11 (VIOLATED)
fanout202/X                              10     21    -11 (VIOLATED)
fanout214/X                              10     21    -11 (VIOLATED)
fanout217/X                              10     21    -11 (VIOLATED)
fanout222/X                              10     21    -11 (VIOLATED)
fanout225/X                              10     21    -11 (VIOLATED)
fanout226/X                              10     21    -11 (VIOLATED)
fanout227/X                              10     21    -11 (VIOLATED)
fanout228/X                              10     21    -11 (VIOLATED)
fanout235/X                              10     21    -11 (VIOLATED)
fanout236/X                              10     21    -11 (VIOLATED)
fanout238/X                              10     21    -11 (VIOLATED)
fanout241/X                              10     21    -11 (VIOLATED)
fanout243/X                              10     21    -11 (VIOLATED)
fanout248/X                              10     21    -11 (VIOLATED)
fanout249/X                              10     21    -11 (VIOLATED)
fanout254/X                              10     21    -11 (VIOLATED)
fanout260/X                              10     21    -11 (VIOLATED)
fanout267/X                              10     21    -11 (VIOLATED)
fanout270/X                              10     21    -11 (VIOLATED)
fanout272/X                              10     21    -11 (VIOLATED)
fanout274/X                              10     21    -11 (VIOLATED)
fanout276/X                              10     21    -11 (VIOLATED)
fanout277/X                              10     21    -11 (VIOLATED)
fanout281/X                              10     21    -11 (VIOLATED)
fanout282/X                              10     21    -11 (VIOLATED)
fanout284/X                              10     21    -11 (VIOLATED)
fanout286/X                              10     21    -11 (VIOLATED)
fanout288/X                              10     21    -11 (VIOLATED)
fanout291/X                              10     21    -11 (VIOLATED)
fanout292/X                              10     21    -11 (VIOLATED)
fanout293/X                              10     21    -11 (VIOLATED)
fanout294/X                              10     21    -11 (VIOLATED)
fanout295/X                              10     21    -11 (VIOLATED)
fanout296/X                              10     21    -11 (VIOLATED)
fanout301/X                              10     21    -11 (VIOLATED)
fanout302/X                              10     21    -11 (VIOLATED)
fanout303/X                              10     21    -11 (VIOLATED)
fanout304/X                              10     21    -11 (VIOLATED)
fanout305/X                              10     21    -11 (VIOLATED)
fanout306/X                              10     21    -11 (VIOLATED)
fanout307/X                              10     21    -11 (VIOLATED)
fanout309/X                              10     21    -11 (VIOLATED)
fanout312/X                              10     21    -11 (VIOLATED)
fanout316/X                              10     21    -11 (VIOLATED)
fanout317/X                              10     21    -11 (VIOLATED)
fanout320/X                              10     21    -11 (VIOLATED)
fanout322/X                              10     21    -11 (VIOLATED)
fanout324/X                              10     21    -11 (VIOLATED)
fanout326/X                              10     21    -11 (VIOLATED)
fanout334/X                              10     21    -11 (VIOLATED)
fanout338/X                              10     21    -11 (VIOLATED)
fanout39/X                               10     21    -11 (VIOLATED)
fanout41/X                               10     21    -11 (VIOLATED)
fanout47/X                               10     21    -11 (VIOLATED)
fanout67/X                               10     21    -11 (VIOLATED)
fanout69/X                               10     21    -11 (VIOLATED)
fanout78/X                               10     21    -11 (VIOLATED)
fanout81/X                               10     21    -11 (VIOLATED)
fanout85/X                               10     21    -11 (VIOLATED)
fanout97/X                               10     21    -11 (VIOLATED)
_6333_/Y                                 10     19     -9 (VIOLATED)
clkbuf_4_12_0_clk/X                      10     19     -9 (VIOLATED)
clkbuf_4_14_0_clk/X                      10     19     -9 (VIOLATED)
clkbuf_4_6_0_clk/X                       10     19     -9 (VIOLATED)
clkbuf_4_7_0_clk/X                       10     19     -9 (VIOLATED)
fanout110/X                              10     19     -9 (VIOLATED)
fanout247/X                              10     19     -9 (VIOLATED)
fanout259/X                              10     19     -9 (VIOLATED)
fanout266/X                              10     19     -9 (VIOLATED)
fanout311/X                              10     19     -9 (VIOLATED)
fanout335/X                              10     19     -9 (VIOLATED)
fanout356/X                              10     19     -9 (VIOLATED)
load_slew112/X                           10     19     -9 (VIOLATED)
load_slew117/X                           10     19     -9 (VIOLATED)
load_slew174/X                           10     19     -9 (VIOLATED)
rebuffer441/X                            10     19     -9 (VIOLATED)
rebuffer483/X                            10     19     -9 (VIOLATED)
rebuffer501/X                            10     19     -9 (VIOLATED)
_6610_/Y                                 10     17     -7 (VIOLATED)
fanout126/X                              10     17     -7 (VIOLATED)
fanout221/X                              10     17     -7 (VIOLATED)
fanout224/X                              10     17     -7 (VIOLATED)
fanout237/X                              10     17     -7 (VIOLATED)
fanout265/X                              10     17     -7 (VIOLATED)
fanout271/X                              10     17     -7 (VIOLATED)
fanout290/X                              10     17     -7 (VIOLATED)
fanout300/X                              10     17     -7 (VIOLATED)
fanout352/X                              10     17     -7 (VIOLATED)
fanout46/X                               10     17     -7 (VIOLATED)
fanout68/X                               10     17     -7 (VIOLATED)
load_slew107/X                           10     17     -7 (VIOLATED)
load_slew177/X                           10     17     -7 (VIOLATED)
load_slew358/X                           10     17     -7 (VIOLATED)
load_slew384/X                           10     17     -7 (VIOLATED)
max_cap159/X                             10     17     -7 (VIOLATED)
wire364/X                                10     17     -7 (VIOLATED)
wire92/X                                 10     17     -7 (VIOLATED)
_4299_/X                                 10     15     -5 (VIOLATED)
_4301_/Y                                 10     15     -5 (VIOLATED)
_6332_/X                                 10     15     -5 (VIOLATED)
fanout115/X                              10     15     -5 (VIOLATED)
fanout229/X                              10     15     -5 (VIOLATED)
fanout318/X                              10     15     -5 (VIOLATED)
fanout339/X                              10     15     -5 (VIOLATED)
fanout379/X                              10     15     -5 (VIOLATED)
input13/X                                10     15     -5 (VIOLATED)
load_slew360/X                           10     15     -5 (VIOLATED)
load_slew45/X                            10     15     -5 (VIOLATED)
load_slew61/X                            10     15     -5 (VIOLATED)
max_cap155/X                             10     15     -5 (VIOLATED)
max_cap40/X                              10     15     -5 (VIOLATED)
wire362/X                                10     15     -5 (VIOLATED)
wire72/X                                 10     15     -5 (VIOLATED)
_4168_/Y                                 10     13     -3 (VIOLATED)
_4172_/Y                                 10     13     -3 (VIOLATED)
_4292_/Y                                 10     13     -3 (VIOLATED)
_4963_/Y                                 10     13     -3 (VIOLATED)
_6608_/X                                 10     13     -3 (VIOLATED)
_8361_/Q                                 10     13     -3 (VIOLATED)
fanout196/X                              10     13     -3 (VIOLATED)
fanout199/X                              10     13     -3 (VIOLATED)
fanout250/X                              10     13     -3 (VIOLATED)
fanout253/X                              10     13     -3 (VIOLATED)
fanout255/X                              10     13     -3 (VIOLATED)
fanout278/X                              10     13     -3 (VIOLATED)
fanout319/X                              10     13     -3 (VIOLATED)
fanout321/X                              10     13     -3 (VIOLATED)
fanout331/X                              10     13     -3 (VIOLATED)
fanout73/X                               10     13     -3 (VIOLATED)
input10/X                                10     13     -3 (VIOLATED)
input12/X                                10     13     -3 (VIOLATED)
input14/X                                10     13     -3 (VIOLATED)
input16/X                                10     13     -3 (VIOLATED)
input17/X                                10     13     -3 (VIOLATED)
input18/X                                10     13     -3 (VIOLATED)
input4/X                                 10     13     -3 (VIOLATED)
input5/X                                 10     13     -3 (VIOLATED)
input6/X                                 10     13     -3 (VIOLATED)
input7/X                                 10     13     -3 (VIOLATED)
input8/X                                 10     13     -3 (VIOLATED)
input9/X                                 10     13     -3 (VIOLATED)
max_cap151/X                             10     13     -3 (VIOLATED)
_4293_/X                                 10     11        (VIOLATED)
_4295_/Y                                 10     11        (VIOLATED)
_4307_/Y                                 10     11        (VIOLATED)
_5049_/Y                                 10     11        (VIOLATED)
_6609_/Y                                 10     11        (VIOLATED)
_8351_/Q                                 10     11        (VIOLATED)
fanout162/X                              10     11        (VIOLATED)
fanout179/X                              10     11        (VIOLATED)
fanout194/X                              10     11        (VIOLATED)
fanout230/X                              10     11        (VIOLATED)
fanout244/X                              10     11        (VIOLATED)
fanout262/X                              10     11        (VIOLATED)
fanout269/X                              10     11        (VIOLATED)
fanout273/X                              10     11        (VIOLATED)
fanout279/X                              10     11        (VIOLATED)
fanout298/X                              10     11        (VIOLATED)
fanout308/X                              10     11        (VIOLATED)
fanout315/X                              10     11        (VIOLATED)
fanout325/X                              10     11        (VIOLATED)
fanout344/X                              10     11        (VIOLATED)
max_cap157/X                             10     11        (VIOLATED)



===========================================================================
report_parasitic_annotation -report_unannotated
============================================================================
Found 83 unannotated drivers.
 gpio_in[18]
 gpio_in[19]
 gpio_in[20]
 gpio_in[21]
 gpio_in[22]
 gpio_in[23]
 gpio_in[24]
 gpio_in[25]
 gpio_in[26]
 gpio_in[27]
 gpio_in[28]
 gpio_in[29]
 gpio_in[30]
 gpio_in[31]
 gpio_in[32]
 gpio_in[33]
 clkload0/X
 clkload1/X
 clkload10/X
 clkload11/X
 clkload12/X
 clkload13/X
 clkload14/X
 clkload2/X
 clkload3/X
 clkload4/X
 clkload5/X
 clkload6/X
 clkload7/X
 clkload8/X
 clkload9/X
 team_03/HI
 team_03_388/HI
 team_03_389/HI
 team_03_390/HI
 team_03_391/HI
 team_03_392/HI
 team_03_393/HI
 team_03_394/HI
 team_03_395/HI
 team_03_396/HI
 team_03_397/HI
 team_03_398/HI
 team_03_399/HI
 team_03_400/HI
 team_03_401/HI
 team_03_402/HI
 team_03_403/HI
 team_03_404/HI
 team_03_405/HI
 team_03_406/HI
 team_03_407/HI
 team_03_408/HI
 team_03_409/HI
 team_03_410/HI
 team_03_411/HI
 team_03_412/HI
 team_03_413/HI
 team_03_414/HI
 team_03_415/HI
 team_03_416/HI
 team_03_417/HI
 team_03_418/HI
 team_03_419/HI
 team_03_420/HI
 team_03_421/LO
 team_03_422/LO
 team_03_423/LO
 team_03_424/LO
 team_03_425/LO
 team_03_426/LO
 team_03_427/LO
 team_03_428/LO
 team_03_429/LO
 team_03_430/LO
 team_03_431/LO
 team_03_432/LO
 team_03_433/LO
 team_03_434/LO
 team_03_435/LO
 team_03_436/LO
 team_03_437/LO
 team_03_438/LO
Found 0 partially unannotated drivers.

===========================================================================
max slew violation count 756
max fanout violation count 187
max cap violation count 0
============================================================================

===========================================================================
check_setup -verbose -unconstrained_endpoints -multiple_clock -no_clock -no_input_delay -loops -generated_clocks
===========================================================================
