Clock: clk
Sources: clk 
Generated: no
Virtual: yes
Propagated: no
Period: 25.000000

===========================================================================
report_clock_properties
============================================================================
Clock                   Period          Waveform
----------------------------------------------------
clk                  25.000000    0.000000 12.500000

===========================================================================
report_clock_latency
============================================================================
Clock clk
rise -> rise
    min     max
0.000000 0.000000 source latency
0.589748         network latency _8403_/CLK
        0.653633 network latency _8400_/CLK
---------------
0.589748 0.653633 latency
        0.063885 skew

fall -> fall
    min     max
0.000000 0.000000 source latency
0.479971         network latency _8403_/CLK
        0.525790 network latency _8400_/CLK
---------------
0.479971 0.525790 latency
        0.045819 skew



===========================================================================
report_clock_min_period
============================================================================
clk period_min = 13.62 fmax = 73.43
