
===========================================================================
report_checks -unconstrained
===========================================================================
======================= nom_ss_100C_1v60 Corner ===================================

Startpoint: en (input port clocked by clk)
Endpoint: _1016_ (recovery check against rising-edge clock clk)
Path Group: asynchronous
Path Type: max

Fanout         Cap        Slew       Delay        Time   Description
---------------------------------------------------------------------------------------------
                                  0.000000    0.000000   clock clk (rise edge)
                                  0.000000    0.000000   clock network delay (propagated)
                                  5.000000    5.000000 ^ input external delay
     2    0.006871    0.059837    0.036892    5.036892 ^ en (in)
                                                         en (net)
                      0.059837    0.000000    5.036892 ^ input1/A (sky130_fd_sc_hd__clkdlybuf4s25_1)
     1    0.001767    0.059645    0.443653    5.480545 ^ input1/X (sky130_fd_sc_hd__clkdlybuf4s25_1)
                                                         net1 (net)
                      0.059645    0.000035    5.480580 ^ _0546_/B (sky130_fd_sc_hd__and2_2)
     1    0.006059    0.090677    0.281501    5.762081 ^ _0546_/X (sky130_fd_sc_hd__and2_2)
                                                         SYNTH_INST.keypad.n_rst (net)
                      0.090677    0.000234    5.762315 ^ fanout74/A (sky130_fd_sc_hd__clkdlybuf4s25_1)
    11    0.041167    0.660317    0.896448    6.658763 ^ fanout74/X (sky130_fd_sc_hd__clkdlybuf4s25_1)
                                                         net74 (net)
                      0.660317    0.000703    6.659466 ^ fanout58/A (sky130_fd_sc_hd__clkdlybuf4s25_1)
    11    0.051525    0.823273    1.222988    7.882454 ^ fanout58/X (sky130_fd_sc_hd__clkdlybuf4s25_1)
                                                         net58 (net)
                      0.823273    0.001263    7.883717 ^ fanout54/A (sky130_fd_sc_hd__clkdlybuf4s25_1)
     5    0.023891    0.393129    0.954864    8.838581 ^ fanout54/X (sky130_fd_sc_hd__clkdlybuf4s25_1)
                                                         net54 (net)
                      0.393129    0.001354    8.839935 ^ fanout52/A (sky130_fd_sc_hd__clkdlybuf4s25_1)
     2    0.006929    0.133637    0.637420    9.477355 ^ fanout52/X (sky130_fd_sc_hd__clkdlybuf4s25_1)
                                                         net52 (net)
                      0.133637    0.000159    9.477514 ^ load_slew53/A (sky130_fd_sc_hd__clkbuf_4)
     9    0.037040    0.191710    0.366551    9.844066 ^ load_slew53/X (sky130_fd_sc_hd__clkbuf_4)
                                                         net53 (net)
                      0.191715    0.001328    9.845393 ^ _1016_/RESET_B (sky130_fd_sc_hd__dfrtp_2)
                                              9.845393   data arrival time

                                 25.000000   25.000000   clock clk (rise edge)
                                  0.000000   25.000000   clock source latency
     2    0.021860    0.162931    0.111577   25.111576 ^ clk (in)
                                                         clk (net)
                      0.162938    0.000000   25.111576 ^ clkbuf_0_clk/A (sky130_fd_sc_hd__clkbuf_16)
    33    0.129896    0.218703    0.389557   25.501133 ^ clkbuf_0_clk/X (sky130_fd_sc_hd__clkbuf_16)
                                                         clknet_0_clk (net)
                      0.218752    0.003212   25.504345 ^ clkbuf_4_4_0_clk/A (sky130_fd_sc_hd__clkbuf_8)
     9    0.023971    0.093017    0.313184   25.817528 ^ clkbuf_4_4_0_clk/X (sky130_fd_sc_hd__clkbuf_8)
                                                         clknet_4_4_0_clk (net)
                      0.093017    0.000362   25.817890 ^ _1016_/CLK (sky130_fd_sc_hd__dfrtp_2)
                                 -0.250000   25.567892   clock uncertainty
                                  0.000000   25.567892   clock reconvergence pessimism
                                  0.400306   25.968197   library recovery time
                                             25.968197   data required time
---------------------------------------------------------------------------------------------
                                             25.968197   data required time
                                             -9.845393   data arrival time
---------------------------------------------------------------------------------------------
                                             16.122805   slack (MET)


Startpoint: gpio_in[11] (input port clocked by clk)
Endpoint: gpio_out[14] (output port clocked by clk)
Path Group: clk
Path Type: max

Fanout         Cap        Slew       Delay        Time   Description
---------------------------------------------------------------------------------------------
                                  0.000000    0.000000   clock clk (rise edge)
                                  0.000000    0.000000   clock network delay (propagated)
                                  5.000000    5.000000 v input external delay
     2    0.008217    0.040085    0.026021    5.026021 v gpio_in[11] (in)
                                                         gpio_in[11] (net)
                      0.040087    0.000000    5.026021 v input4/A (sky130_fd_sc_hd__clkdlybuf4s25_1)
     2    0.006890    0.122652    0.487983    5.514004 v input4/X (sky130_fd_sc_hd__clkdlybuf4s25_1)
                                                         net4 (net)
                      0.122652    0.000248    5.514251 v _0651_/A (sky130_fd_sc_hd__or4_2)
     1    0.008865    0.261989    1.658162    7.172413 v _0651_/X (sky130_fd_sc_hd__or4_2)
                                                         _0268_ (net)
                      0.261989    0.000494    7.172907 v _0654_/A (sky130_fd_sc_hd__or3_2)
     1    0.005126    0.179355    1.199609    8.372517 v _0654_/X (sky130_fd_sc_hd__or3_2)
                                                         _0271_ (net)
                      0.179355    0.000186    8.372702 v _0655_/A3 (sky130_fd_sc_hd__o31a_2)
     1    0.002530    0.085782    0.579137    8.951838 v _0655_/X (sky130_fd_sc_hd__o31a_2)
                                                         SYNTH_INST.pwm (net)
                      0.085782    0.000074    8.951912 v _1091_/A (sky130_fd_sc_hd__buf_2)
     1    0.004893    0.052331    0.243792    9.195704 v _1091_/X (sky130_fd_sc_hd__buf_2)
                                                         net17 (net)
                      0.052331    0.000166    9.195870 v output17/A (sky130_fd_sc_hd__clkdlybuf4s25_1)
     1    0.034738    0.470140    0.764015    9.959885 v output17/X (sky130_fd_sc_hd__clkdlybuf4s25_1)
                                                         gpio_out[14] (net)
                      0.470140    0.000709    9.960593 v gpio_out[14] (out)
                                              9.960593   data arrival time

                                 25.000000   25.000000   clock clk (rise edge)
                                  0.000000   25.000000   clock network delay (propagated)
                                 -0.250000   24.750000   clock uncertainty
                                  0.000000   24.750000   clock reconvergence pessimism
                                 -5.000000   19.750000   output external delay
                                             19.750000   data required time
---------------------------------------------------------------------------------------------
                                             19.750000   data required time
                                             -9.960593   data arrival time
---------------------------------------------------------------------------------------------
                                              9.789406   slack (MET)




===========================================================================
report_checks --slack_max -0.01
============================================================================
======================= nom_ss_100C_1v60 Corner ===================================

No paths found.


===========================================================================
 report_check_types -max_slew -max_cap -max_fanout -violators
============================================================================
======================= nom_ss_100C_1v60 Corner ===================================

max slew

Pin                                        Limit        Slew       Slack
------------------------------------------------------------------------
ANTENNA__0791__B1/DIODE                 0.750000    0.957169   -0.207169 (VIOLATED)
ANTENNA__0796__A2/DIODE                 0.750000    0.957169   -0.207169 (VIOLATED)
ANTENNA__0844__A1/DIODE                 0.750000    0.957169   -0.207169 (VIOLATED)
ANTENNA__0846__A1/DIODE                 0.750000    0.957169   -0.207169 (VIOLATED)
ANTENNA__0848__A1/DIODE                 0.750000    0.957169   -0.207169 (VIOLATED)
ANTENNA__0850__A1/DIODE                 0.750000    0.957169   -0.207169 (VIOLATED)
ANTENNA__0852__A1/DIODE                 0.750000    0.957169   -0.207169 (VIOLATED)
ANTENNA__0854__A1/DIODE                 0.750000    0.957169   -0.207169 (VIOLATED)
ANTENNA__0856__A1/DIODE                 0.750000    0.957169   -0.207169 (VIOLATED)
ANTENNA_fanout40_A/DIODE                0.750000    0.957169   -0.207169 (VIOLATED)
ANTENNA_fanout41_X/DIODE                0.750000    0.957169   -0.207169 (VIOLATED)
_0791_/B1                               0.750000    0.957169   -0.207169 (VIOLATED)
_0796_/A2                               0.750000    0.957169   -0.207169 (VIOLATED)
_0844_/A1                               0.750000    0.957169   -0.207169 (VIOLATED)
_0846_/A1                               0.750000    0.957169   -0.207169 (VIOLATED)
_0848_/A1                               0.750000    0.957169   -0.207169 (VIOLATED)
_0850_/A1                               0.750000    0.957169   -0.207169 (VIOLATED)
_0852_/A1                               0.750000    0.957169   -0.207169 (VIOLATED)
_0854_/A1                               0.750000    0.957169   -0.207169 (VIOLATED)
_0856_/A1                               0.750000    0.957169   -0.207169 (VIOLATED)
fanout40/A                              0.750000    0.957169   -0.207169 (VIOLATED)
fanout41/X                              0.750000    0.957169   -0.207169 (VIOLATED)
_0770_/S                                0.750000    0.829078   -0.079078 (VIOLATED)
_0774_/S                                0.750000    0.829078   -0.079078 (VIOLATED)
_0779_/S                                0.750000    0.829077   -0.079077 (VIOLATED)
_0766_/S                                0.750000    0.829076   -0.079076 (VIOLATED)
_0751_/S                                0.750000    0.829076   -0.079076 (VIOLATED)
_0754_/S                                0.750000    0.829076   -0.079076 (VIOLATED)
_0758_/S                                0.750000    0.829076   -0.079076 (VIOLATED)
_0762_/S                                0.750000    0.829076   -0.079076 (VIOLATED)
_0783_/S                                0.750000    0.829076   -0.079076 (VIOLATED)
_0788_/S                                0.750000    0.829076   -0.079076 (VIOLATED)
fanout30/X                              0.750000    0.829076   -0.079076 (VIOLATED)
_0809_/A1                               0.750000    0.823717   -0.073717 (VIOLATED)
_0805_/A1                               0.750000    0.823716   -0.073716 (VIOLATED)
_0800_/B2                               0.750000    0.823716   -0.073716 (VIOLATED)
_0741_/A                                0.750000    0.823716   -0.073716 (VIOLATED)
_0823_/A1                               0.750000    0.823715   -0.073715 (VIOLATED)
_0828_/B2                               0.750000    0.823715   -0.073715 (VIOLATED)
_0572_/B1                               0.750000    0.823714   -0.073714 (VIOLATED)
_0831_/B2                               0.750000    0.823714   -0.073714 (VIOLATED)
_0834_/B2                               0.750000    0.823714   -0.073714 (VIOLATED)
_0837_/B2                               0.750000    0.823714   -0.073714 (VIOLATED)
fanout37/X                              0.750000    0.823714   -0.073714 (VIOLATED)
ANTENNA_fanout48_A/DIODE                0.750000    0.823273   -0.073273 (VIOLATED)
ANTENNA_fanout50_A/DIODE                0.750000    0.823273   -0.073273 (VIOLATED)
ANTENNA_fanout54_A/DIODE                0.750000    0.823273   -0.073273 (VIOLATED)
ANTENNA_fanout55_A/DIODE                0.750000    0.823273   -0.073273 (VIOLATED)
ANTENNA_fanout57_A/DIODE                0.750000    0.823273   -0.073273 (VIOLATED)
ANTENNA_fanout58_X/DIODE                0.750000    0.823273   -0.073273 (VIOLATED)
fanout48/A                              0.750000    0.823273   -0.073273 (VIOLATED)
fanout50/A                              0.750000    0.823273   -0.073273 (VIOLATED)
fanout54/A                              0.750000    0.823273   -0.073273 (VIOLATED)
fanout55/A                              0.750000    0.823273   -0.073273 (VIOLATED)
fanout57/A                              0.750000    0.823273   -0.073273 (VIOLATED)
fanout58/X                              0.750000    0.823273   -0.073273 (VIOLATED)
_0452_/B                                0.750000    0.815183   -0.065183 (VIOLATED)
_0455_/B                                0.750000    0.815182   -0.065182 (VIOLATED)
ANTENNA__0452__B/DIODE                  0.750000    0.815181   -0.065181 (VIOLATED)
ANTENNA__0455__B/DIODE                  0.750000    0.815180   -0.065180 (VIOLATED)
_0569_/A2                               0.750000    0.815180   -0.065180 (VIOLATED)
ANTENNA__0569__A2/DIODE                 0.750000    0.815178   -0.065178 (VIOLATED)
_0607_/A2                               0.750000    0.815161   -0.065161 (VIOLATED)
ANTENNA__0607__A2/DIODE                 0.750000    0.815157   -0.065157 (VIOLATED)
ANTENNA__0604__B1/DIODE                 0.750000    0.815147   -0.065147 (VIOLATED)
_0604_/B1                               0.750000    0.815144   -0.065144 (VIOLATED)
ANTENNA__0451__Y/DIODE                  0.750000    0.815137   -0.065137 (VIOLATED)
_0451_/Y                                0.750000    0.815137   -0.065137 (VIOLATED)
_0440_/A                                0.750000    0.806612   -0.056612 (VIOLATED)
_0443_/B                                0.750000    0.806612   -0.056612 (VIOLATED)
_0449_/B                                0.750000    0.806612   -0.056612 (VIOLATED)
_0451_/A2                               0.750000    0.806612   -0.056612 (VIOLATED)
_0464_/B                                0.750000    0.806612   -0.056612 (VIOLATED)
_0465_/B                                0.750000    0.806612   -0.056612 (VIOLATED)
_0472_/A                                0.750000    0.806612   -0.056612 (VIOLATED)
_0476_/A_N                              0.750000    0.806612   -0.056612 (VIOLATED)
_0501_/A2                               0.750000    0.806612   -0.056612 (VIOLATED)
_0502_/A1                               0.750000    0.806612   -0.056612 (VIOLATED)
fanout47/X                              0.750000    0.806612   -0.056612 (VIOLATED)
_0853_/A2                               0.750000    0.795584   -0.045584 (VIOLATED)
ANTENNA__0853__A2/DIODE                 0.750000    0.795583   -0.045583 (VIOLATED)
fanout26/A                              0.750000    0.795579   -0.045579 (VIOLATED)
ANTENNA_fanout26_A/DIODE                0.750000    0.795579   -0.045579 (VIOLATED)
_0865_/A2                               0.750000    0.795578   -0.045578 (VIOLATED)
ANTENNA__0865__A2/DIODE                 0.750000    0.795578   -0.045578 (VIOLATED)
_0867_/A2                               0.750000    0.795576   -0.045576 (VIOLATED)
ANTENNA__0867__A2/DIODE                 0.750000    0.795575   -0.045575 (VIOLATED)
_0869_/A2                               0.750000    0.795574   -0.045574 (VIOLATED)
ANTENNA__0869__A2/DIODE                 0.750000    0.795573   -0.045573 (VIOLATED)
_0871_/A2                               0.750000    0.795572   -0.045572 (VIOLATED)
ANTENNA__0871__A2/DIODE                 0.750000    0.795572   -0.045572 (VIOLATED)
ANTENNA__0873__A2/DIODE                 0.750000    0.795571   -0.045571 (VIOLATED)
_0873_/A2                               0.750000    0.795571   -0.045571 (VIOLATED)
ANTENNA__0884__B1/DIODE                 0.750000    0.795566   -0.045566 (VIOLATED)
ANTENNA_fanout27_X/DIODE                0.750000    0.795566   -0.045566 (VIOLATED)
_0884_/B1                               0.750000    0.795566   -0.045566 (VIOLATED)
fanout27/X                              0.750000    0.795566   -0.045566 (VIOLATED)

max fanout

Pin                                   Limit Fanout  Slack
---------------------------------------------------------
clkbuf_0_clk/X                           10     33    -23 (VIOLATED)
fanout41/X                               10     21    -11 (VIOLATED)
fanout27/X                               10     17     -7 (VIOLATED)
_0441_/X                                 10     15     -5 (VIOLATED)
fanout65/X                               10     13     -3 (VIOLATED)
_0451_/Y                                 10     11        (VIOLATED)
_0481_/X                                 10     11        (VIOLATED)
_0512_/X                                 10     11        (VIOLATED)
fanout39/X                               10     11        (VIOLATED)
fanout58/X                               10     11        (VIOLATED)
fanout74/X                               10     11        (VIOLATED)



===========================================================================
report_parasitic_annotation -report_unannotated
============================================================================
Found 105 unannotated drivers.
 gpio_in[14]
 gpio_in[15]
 gpio_in[16]
 gpio_in[17]
 gpio_in[18]
 gpio_in[19]
 gpio_in[20]
 gpio_in[21]
 gpio_in[22]
 gpio_in[23]
 gpio_in[24]
 gpio_in[25]
 gpio_in[26]
 gpio_in[27]
 gpio_in[28]
 gpio_in[29]
 gpio_in[30]
 gpio_in[31]
 gpio_in[32]
 gpio_in[33]
 _0913__110/HI
 _0914__109/HI
 _0930__108/HI
 clkload0/X
 clkload1/X
 clkload10/X
 clkload11/X
 clkload12/X
 clkload13/X
 clkload14/X
 clkload2/X
 clkload3/X
 clkload4/X
 clkload5/X
 clkload6/X
 clkload7/X
 clkload8/X
 clkload9/X
 team_05/HI
 team_05_100/HI
 team_05_101/HI
 team_05_102/HI
 team_05_103/HI
 team_05_104/HI
 team_05_105/HI
 team_05_106/HI
 team_05_107/HI
 team_05_111/LO
 team_05_112/LO
 team_05_113/LO
 team_05_114/LO
 team_05_115/LO
 team_05_116/LO
 team_05_117/LO
 team_05_118/LO
 team_05_119/LO
 team_05_120/LO
 team_05_121/LO
 team_05_122/LO
 team_05_123/LO
 team_05_124/LO
 team_05_125/LO
 team_05_126/LO
 team_05_127/LO
 team_05_128/LO
 team_05_129/LO
 team_05_130/LO
 team_05_131/LO
 team_05_132/LO
 team_05_133/LO
 team_05_134/LO
 team_05_135/LO
 team_05_136/LO
 team_05_137/LO
 team_05_138/LO
 team_05_139/LO
 team_05_140/LO
 team_05_141/LO
 team_05_142/LO
 team_05_143/LO
 team_05_75/HI
 team_05_76/HI
 team_05_77/HI
 team_05_78/HI
 team_05_79/HI
 team_05_80/HI
 team_05_81/HI
 team_05_82/HI
 team_05_83/HI
 team_05_84/HI
 team_05_85/HI
 team_05_86/HI
 team_05_87/HI
 team_05_88/HI
 team_05_89/HI
 team_05_90/HI
 team_05_91/HI
 team_05_92/HI
 team_05_93/HI
 team_05_94/HI
 team_05_95/HI
 team_05_96/HI
 team_05_97/HI
 team_05_98/HI
 team_05_99/HI
Found 0 partially unannotated drivers.

===========================================================================
max slew violation count 97
max fanout violation count 11
max cap violation count 0
============================================================================

===========================================================================
check_setup -verbose -unconstrained_endpoints -multiple_clock -no_clock -no_input_delay -loops -generated_clocks
===========================================================================
