Clock: clk
Sources: clk 
Generated: no
Virtual: yes
Propagated: no
Period: 25.000000

===========================================================================
report_clock_properties
============================================================================
Clock                   Period          Waveform
----------------------------------------------------
clk                  25.000000    0.000000 12.500000

===========================================================================
report_clock_latency
============================================================================
Clock clk
rise -> rise
    min     max
0.000000 0.000000 source latency
0.832346         network latency _0928_/CLK
        0.853381 network latency _0925_/CLK
---------------
0.832346 0.853381 latency
        0.021035 skew

fall -> fall
    min     max
0.000000 0.000000 source latency
0.736968         network latency _0928_/CLK
        0.755058 network latency _0925_/CLK
---------------
0.736968 0.755058 latency
        0.018090 skew



===========================================================================
report_clock_min_period
============================================================================
clk period_min = 9.50 fmax = 105.30
