
===========================================================================
 report_power
============================================================================
======================= nom_ss_100C_1v60 Corner ===================================

Group                    Internal    Switching      Leakage        Total
                            Power        Power        Power        Power (Watts)
------------------------------------------------------------------------
Sequential           3.929021e-04 2.543745e-06 2.300795e-05 4.184538e-04  48.9%
Combinational        2.407256e-05 3.187138e-05 3.510982e-05 9.105376e-05  10.6%
Clock                1.686136e-04 1.743911e-04 2.702755e-06 3.457074e-04  40.4%
Macro                0.000000e+00 0.000000e+00 0.000000e+00 0.000000e+00   0.0%
Pad                  0.000000e+00 0.000000e+00 0.000000e+00 0.000000e+00   0.0%
------------------------------------------------------------------------
Total                5.855883e-04 2.088061e-04 6.082057e-05 8.552150e-04 100.0%
                            68.5%        24.4%         7.1%

