Clock: clk
Sources: clk 
Generated: no
Virtual: yes
Propagated: no
Period: 25.000000

===========================================================================
report_clock_properties
============================================================================
Clock                   Period          Waveform
----------------------------------------------------
clk                  25.000000    0.000000 12.500000

===========================================================================
report_clock_latency
============================================================================
Clock clk
rise -> rise
    min     max
0.000000 0.000000 source latency
0.383147         network latency _1478_/CLK
        0.400109 network latency _1453_/CLK
---------------
0.383147 0.400109 latency
        0.016962 skew

fall -> fall
    min     max
0.000000 0.000000 source latency
0.350957         network latency _1478_/CLK
        0.363582 network latency _1453_/CLK
---------------
0.350957 0.363582 latency
        0.012625 skew



===========================================================================
report_clock_min_period
============================================================================
clk period_min = 7.21 fmax = 138.60
