
===========================================================================
report_checks -unconstrained
===========================================================================
======================= max_ff_n40C_1v95 Corner ===================================

Startpoint: en (input port clocked by clk)
Endpoint: _1653_ (recovery check against rising-edge clock clk)
Path Group: asynchronous
Path Type: max

Fanout         Cap        Slew       Delay        Time   Description
---------------------------------------------------------------------------------------------
                                  0.000000    0.000000   clock clk (rise edge)
                                  0.000000    0.000000   clock network delay (propagated)
                                  5.000000    5.000000 ^ input external delay
     2    0.004785    0.020969    0.012491    5.012491 ^ en (in)
                                                         en (net)
                      0.020971    0.000000    5.012491 ^ input1/A (sky130_fd_sc_hd__clkdlybuf4s25_1)
     1    0.002152    0.027506    0.151295    5.163786 ^ input1/X (sky130_fd_sc_hd__clkdlybuf4s25_1)
                                                         net1 (net)
                      0.027506    0.000143    5.163929 ^ _0800_/B (sky130_fd_sc_hd__and2_2)
     3    0.023157    0.094860    0.132639    5.296568 ^ _0800_/X (sky130_fd_sc_hd__and2_2)
                                                         STOPWATCH_INST.clock_div.n_rst (net)
                      0.094904    0.001672    5.298240 ^ fanout64/A (sky130_fd_sc_hd__clkdlybuf4s25_1)
    17    0.062791    0.468578    0.474876    5.773116 ^ fanout64/X (sky130_fd_sc_hd__clkdlybuf4s25_1)
                                                         net64 (net)
                      0.468588    0.001815    5.774931 ^ fanout63/A (sky130_fd_sc_hd__clkdlybuf4s25_1)
     5    0.029749    0.226544    0.331361    6.106292 ^ fanout63/X (sky130_fd_sc_hd__clkdlybuf4s25_1)
                                                         net63 (net)
                      0.226551    0.001583    6.107875 ^ fanout61/A (sky130_fd_sc_hd__clkdlybuf4s25_1)
     4    0.018737    0.146117    0.267465    6.375340 ^ fanout61/X (sky130_fd_sc_hd__clkdlybuf4s25_1)
                                                         net61 (net)
                      0.146119    0.000892    6.376232 ^ load_slew62/A (sky130_fd_sc_hd__buf_2)
     7    0.033829    0.126946    0.159776    6.536008 ^ load_slew62/X (sky130_fd_sc_hd__buf_2)
                                                         net62 (net)
                      0.127005    0.002272    6.538280 ^ _1653_/SET_B (sky130_fd_sc_hd__dfstp_2)
                                              6.538280   data arrival time

                                 25.000000   25.000000   clock clk (rise edge)
                                  0.000000   25.000000   clock source latency
     2    0.025341    0.089477    0.062309   25.062309 ^ clk (in)
                                                         clk (net)
                      0.089535    0.000000   25.062309 ^ clkbuf_0_clk/A (sky130_fd_sc_hd__clkbuf_16)
    33    0.126210    0.107424    0.148011   25.210320 ^ clkbuf_0_clk/X (sky130_fd_sc_hd__clkbuf_16)
                                                         clknet_0_clk (net)
                      0.119479    0.027720   25.238039 ^ clkbuf_4_5_0_clk/A (sky130_fd_sc_hd__clkbuf_8)
     5    0.018622    0.037268    0.110299   25.348339 ^ clkbuf_4_5_0_clk/X (sky130_fd_sc_hd__clkbuf_8)
                                                         clknet_4_5_0_clk (net)
                      0.037362    0.001577   25.349916 ^ _1653_/CLK (sky130_fd_sc_hd__dfstp_2)
                                 -0.250000   25.099918   clock uncertainty
                                  0.000000   25.099918   clock reconvergence pessimism
                                  0.086534   25.186453   library recovery time
                                             25.186453   data required time
---------------------------------------------------------------------------------------------
                                             25.186453   data required time
                                             -6.538280   data arrival time
---------------------------------------------------------------------------------------------
                                             18.648172   slack (MET)


Startpoint: _1611_ (rising edge-triggered flip-flop clocked by clk)
Endpoint: _1606_ (rising edge-triggered flip-flop clocked by clk)
Path Group: clk
Path Type: max

Fanout         Cap        Slew       Delay        Time   Description
---------------------------------------------------------------------------------------------
                                  0.000000    0.000000   clock clk (rise edge)
                                  0.000000    0.000000   clock source latency
     2    0.025341    0.089477    0.062309    0.062309 ^ clk (in)
                                                         clk (net)
                      0.089535    0.000000    0.062309 ^ clkbuf_0_clk/A (sky130_fd_sc_hd__clkbuf_16)
    33    0.126210    0.107424    0.148011    0.210320 ^ clkbuf_0_clk/X (sky130_fd_sc_hd__clkbuf_16)
                                                         clknet_0_clk (net)
                      0.119908    0.028235    0.238555 ^ clkbuf_4_6_0_clk/A (sky130_fd_sc_hd__clkbuf_8)
     6    0.023214    0.042333    0.115507    0.354062 ^ clkbuf_4_6_0_clk/X (sky130_fd_sc_hd__clkbuf_8)
                                                         clknet_4_6_0_clk (net)
                      0.042359    0.000965    0.355027 ^ _1611_/CLK (sky130_fd_sc_hd__dfrtp_2)
     2    0.009813    0.040931    0.257611    0.612638 v _1611_/Q (sky130_fd_sc_hd__dfrtp_2)
                                                         STOPWATCH_INST.clock_div.cycles[19] (net)
                      0.040931    0.000602    0.613240 v fanout49/A (sky130_fd_sc_hd__dlymetal6s2s_1)
    10    0.040859    0.140266    0.182795    0.796035 v fanout49/X (sky130_fd_sc_hd__dlymetal6s2s_1)
                                                         net49 (net)
                      0.140409    0.003134    0.799170 v _0908_/A1 (sky130_fd_sc_hd__o211a_4)
     4    0.017844    0.042447    0.210051    1.009221 v _0908_/X (sky130_fd_sc_hd__o211a_4)
                                                         _0165_ (net)
                      0.042527    0.001558    1.010779 v _0911_/A1 (sky130_fd_sc_hd__o211ai_2)
     2    0.009280    0.129478    0.141504    1.152283 ^ _0911_/Y (sky130_fd_sc_hd__o211ai_2)
                                                         _0168_ (net)
                      0.129479    0.000678    1.152960 ^ fanout39/A (sky130_fd_sc_hd__buf_6)
     4    0.034825    0.059157    0.101127    1.254087 ^ fanout39/X (sky130_fd_sc_hd__buf_6)
                                                         net39 (net)
                      0.059198    0.001270    1.255357 ^ rebuffer127/A (sky130_fd_sc_hd__buf_8)
     6    0.036312    0.052022    0.085626    1.340982 ^ rebuffer127/X (sky130_fd_sc_hd__buf_8)
                                                         net127 (net)
                      0.052218    0.002545    1.343528 ^ rebuffer160/A (sky130_fd_sc_hd__buf_2)
     1    0.005659    0.028122    0.072623    1.416150 ^ rebuffer160/X (sky130_fd_sc_hd__buf_2)
                                                         net160 (net)
                      0.028129    0.000420    1.416571 ^ _0928_/A2 (sky130_fd_sc_hd__a211oi_2)
     1    0.003071    0.033735    0.033492    1.450062 v _0928_/Y (sky130_fd_sc_hd__a211oi_2)
                                                         _0185_ (net)
                      0.033735    0.000215    1.450277 v wire38/A (sky130_fd_sc_hd__clkbuf_2)
     2    0.016369    0.047851    0.094434    1.544711 v wire38/X (sky130_fd_sc_hd__clkbuf_2)
                                                         net38 (net)
                      0.047864    0.000769    1.545480 v _0929_/B (sky130_fd_sc_hd__xor2_2)
     2    0.006550    0.055147    0.098542    1.644022 v _0929_/X (sky130_fd_sc_hd__xor2_2)
                                                         _0186_ (net)
                      0.055148    0.000339    1.644361 v _0942_/A (sky130_fd_sc_hd__or4b_4)
     2    0.012755    0.068576    0.341654    1.986015 v _0942_/X (sky130_fd_sc_hd__or4b_4)
                                                         _0199_ (net)
                      0.068576    0.000896    1.986911 v _0961_/A1 (sky130_fd_sc_hd__a211o_4)
     3    0.017800    0.050892    0.231357    2.218268 v _0961_/X (sky130_fd_sc_hd__a211o_4)
                                                         _0218_ (net)
                      0.050924    0.001183    2.219451 v fanout32/A (sky130_fd_sc_hd__buf_8)
     5    0.035175    0.030309    0.097330    2.316781 v fanout32/X (sky130_fd_sc_hd__buf_8)
                                                         net32 (net)
                      0.030411    0.001525    2.318306 v _1001_/A1 (sky130_fd_sc_hd__a21o_2)
     3    0.013583    0.045090    0.137046    2.455353 v _1001_/X (sky130_fd_sc_hd__a21o_2)
                                                         _0258_ (net)
                      0.045101    0.000686    2.456038 v _1005_/B (sky130_fd_sc_hd__xor2_2)
     3    0.031529    0.094715    0.137359    2.593397 v _1005_/X (sky130_fd_sc_hd__xor2_2)
                                                         _0262_ (net)
                      0.094766    0.001781    2.595178 v _1007_/A (sky130_fd_sc_hd__nor3b_4)
     2    0.011768    0.145950    0.180949    2.776127 ^ _1007_/Y (sky130_fd_sc_hd__nor3b_4)
                                                         _0264_ (net)
                      0.145952    0.000870    2.776997 ^ _1009_/B (sky130_fd_sc_hd__nand4b_4)
     2    0.009543    0.065716    0.069398    2.846395 v _1009_/Y (sky130_fd_sc_hd__nand4b_4)
                                                         _0266_ (net)
                      0.065719    0.000911    2.847307 v _1014_/A3 (sky130_fd_sc_hd__a31o_4)
     2    0.008142    0.030706    0.167398    3.014705 v _1014_/X (sky130_fd_sc_hd__a31o_4)
                                                         _0271_ (net)
                      0.030706    0.000534    3.015239 v _1022_/A2 (sky130_fd_sc_hd__a21o_4)
     6    0.025148    0.043128    0.155174    3.170413 v _1022_/X (sky130_fd_sc_hd__a21o_4)
                                                         _0279_ (net)
                      0.043322    0.002331    3.172744 v _1039_/A1 (sky130_fd_sc_hd__a211o_4)
     1    0.016801    0.049647    0.221249    3.393992 v _1039_/X (sky130_fd_sc_hd__a211o_4)
                                                         _0296_ (net)
                      0.049702    0.000858    3.394850 v _1044_/A (sky130_fd_sc_hd__xnor2_4)
     3    0.010451    0.110014    0.129991    3.524842 ^ _1044_/Y (sky130_fd_sc_hd__xnor2_4)
                                                         _0301_ (net)
                      0.110015    0.000608    3.525449 ^ rebuffer130/A (sky130_fd_sc_hd__buf_6)
     1    0.005218    0.020045    0.067982    3.593431 ^ rebuffer130/X (sky130_fd_sc_hd__buf_6)
                                                         net130 (net)
                      0.020045    0.000389    3.593820 ^ _1060_/B1 (sky130_fd_sc_hd__a21oi_2)
     1    0.002851    0.043662    0.015023    3.608842 v _1060_/Y (sky130_fd_sc_hd__a21oi_2)
                                                         _0317_ (net)
                      0.043662    0.000135    3.608978 v _1061_/B (sky130_fd_sc_hd__or4_4)
     2    0.013548    0.069507    0.324500    3.933477 v _1061_/X (sky130_fd_sc_hd__or4_4)
                                                         _0318_ (net)
                      0.069507    0.001116    3.934594 v _1078_/A2 (sky130_fd_sc_hd__a211o_4)
     4    0.042615    0.075451    0.263510    4.198104 v _1078_/X (sky130_fd_sc_hd__a211o_4)
                                                         _0335_ (net)
                      0.075742    0.004030    4.202134 v _1088_/A2 (sky130_fd_sc_hd__a211o_4)
     1    0.016531    0.049211    0.237327    4.439461 v _1088_/X (sky130_fd_sc_hd__a211o_4)
                                                         _0345_ (net)
                      0.049292    0.001391    4.440852 v _1094_/B (sky130_fd_sc_hd__xor2_4)
     2    0.007762    0.042322    0.101166    4.542018 v _1094_/X (sky130_fd_sc_hd__xor2_4)
                                                         _0351_ (net)
                      0.042322    0.000335    4.542353 v _1096_/B1 (sky130_fd_sc_hd__o41a_4)
     2    0.009358    0.052454    0.075005    4.617359 v _1096_/X (sky130_fd_sc_hd__o41a_4)
                                                         _0353_ (net)
                      0.052454    0.000592    4.617951 v _1099_/A1 (sky130_fd_sc_hd__a21o_4)
     2    0.008310    0.028198    0.135847    4.753798 v _1099_/X (sky130_fd_sc_hd__a21o_4)
                                                         _0356_ (net)
                      0.028198    0.000346    4.754144 v _1118_/A2 (sky130_fd_sc_hd__a21o_4)
     2    0.011967    0.031560    0.139492    4.893636 v _1118_/X (sky130_fd_sc_hd__a21o_4)
                                                         _0375_ (net)
                      0.031605    0.000851    4.894487 v _1133_/A2 (sky130_fd_sc_hd__a21oi_4)
     2    0.017597    0.126855    0.136767    5.031253 ^ _1133_/Y (sky130_fd_sc_hd__a21oi_4)
                                                         _0390_ (net)
                      0.126861    0.001136    5.032390 ^ _1136_/A2 (sky130_fd_sc_hd__a21oi_4)
     2    0.008780    0.039112    0.043714    5.076104 v _1136_/Y (sky130_fd_sc_hd__a21oi_4)
                                                         _0393_ (net)
                      0.039114    0.000576    5.076681 v max_cap25/A (sky130_fd_sc_hd__buf_6)
     4    0.033380    0.032187    0.092044    5.168725 v max_cap25/X (sky130_fd_sc_hd__buf_6)
                                                         net25 (net)
                      0.033069    0.004115    5.172840 v _1171_/B (sky130_fd_sc_hd__xnor2_4)
     2    0.023797    0.172735    0.154416    5.327257 ^ _1171_/Y (sky130_fd_sc_hd__xnor2_4)
                                                         _0428_ (net)
                      0.172752    0.001292    5.328549 ^ _1172_/B (sky130_fd_sc_hd__nor2_2)
     4    0.027160    0.092870    0.071139    5.399688 v _1172_/Y (sky130_fd_sc_hd__nor2_2)
                                                         _0429_ (net)
                      0.092937    0.001859    5.401547 v _1180_/A1 (sky130_fd_sc_hd__o31ai_4)
     2    0.004926    0.129160    0.183066    5.584613 ^ _1180_/Y (sky130_fd_sc_hd__o31ai_4)
                                                         _0437_ (net)
                      0.129160    0.000178    5.584791 ^ _1182_/D_N (sky130_fd_sc_hd__or4bb_4)
     2    0.008156    0.063403    0.281787    5.866578 v _1182_/X (sky130_fd_sc_hd__or4bb_4)
                                                         _0439_ (net)
                      0.063404    0.000510    5.867087 v _1191_/A1 (sky130_fd_sc_hd__a41o_4)
     3    0.015647    0.042218    0.156700    6.023788 v _1191_/X (sky130_fd_sc_hd__a41o_4)
                                                         _0448_ (net)
                      0.042251    0.001061    6.024849 v fanout22/A (sky130_fd_sc_hd__buf_8)
     5    0.029124    0.027233    0.090612    6.115461 v fanout22/X (sky130_fd_sc_hd__buf_8)
                                                         net22 (net)
                      0.027299    0.001150    6.116611 v _1196_/A1 (sky130_fd_sc_hd__a211o_4)
     2    0.016856    0.049918    0.215665    6.332276 v _1196_/X (sky130_fd_sc_hd__a211o_4)
                                                         _0453_ (net)
                      0.049932    0.001248    6.333524 v _1224_/B (sky130_fd_sc_hd__xor2_4)
     2    0.005322    0.080453    0.091874    6.425398 ^ _1224_/X (sky130_fd_sc_hd__xor2_4)
                                                         _0481_ (net)
                      0.080453    0.000224    6.425622 ^ _1232_/A_N (sky130_fd_sc_hd__and4b_2)
     2    0.008683    0.042284    0.153085    6.578708 v _1232_/X (sky130_fd_sc_hd__and4b_2)
                                                         _0489_ (net)
                      0.042314    0.001006    6.579713 v _1233_/C (sky130_fd_sc_hd__and3_4)
     1    0.005205    0.026040    0.117066    6.696780 v _1233_/X (sky130_fd_sc_hd__and3_4)
                                                         _0490_ (net)
                      0.026040    0.000243    6.697023 v _1242_/A1 (sky130_fd_sc_hd__a211o_4)
     2    0.009420    0.040848    0.203313    6.900336 v _1242_/X (sky130_fd_sc_hd__a211o_4)
                                                         _0499_ (net)
                      0.040848    0.000921    6.901258 v _1252_/A2 (sky130_fd_sc_hd__a21o_4)
     2    0.012762    0.032335    0.145615    7.046872 v _1252_/X (sky130_fd_sc_hd__a21o_4)
                                                         _0509_ (net)
                      0.032390    0.000965    7.047838 v fanout21/A (sky130_fd_sc_hd__buf_8)
    15    0.054443    0.037806    0.095779    7.143616 v fanout21/X (sky130_fd_sc_hd__buf_8)
                                                         net21 (net)
                      0.042080    0.009782    7.153398 v _1265_/B (sky130_fd_sc_hd__xor2_2)
     2    0.005694    0.085297    0.094601    7.247999 v _1265_/X (sky130_fd_sc_hd__xor2_2)
                                                         _0522_ (net)
                      0.085297    0.000331    7.248331 v _1266_/A (sky130_fd_sc_hd__or2_4)
     2    0.014048    0.042664    0.184541    7.432871 v _1266_/X (sky130_fd_sc_hd__or2_4)
                                                         _0523_ (net)
                      0.042694    0.000989    7.433860 v _1271_/A1 (sky130_fd_sc_hd__a31o_4)
     2    0.007245    0.029935    0.143051    7.576912 v _1271_/X (sky130_fd_sc_hd__a31o_4)
                                                         _0528_ (net)
                      0.029935    0.000490    7.577402 v _1281_/A1 (sky130_fd_sc_hd__a21o_4)
     2    0.007122    0.027192    0.125722    7.703124 v _1281_/X (sky130_fd_sc_hd__a21o_4)
                                                         _0538_ (net)
                      0.027192    0.000471    7.703594 v _1304_/A2 (sky130_fd_sc_hd__a311o_2)
     2    0.007306    0.047966    0.229005    7.932600 v _1304_/X (sky130_fd_sc_hd__a311o_2)
                                                         _0561_ (net)
                      0.047966    0.000461    7.933061 v _1308_/A2 (sky130_fd_sc_hd__a21o_4)
     3    0.016433    0.036476    0.153064    8.086124 v _1308_/X (sky130_fd_sc_hd__a21o_4)
                                                         _0565_ (net)
                      0.036541    0.001365    8.087490 v rebuffer135/A (sky130_fd_sc_hd__buf_2)
     2    0.025420    0.050046    0.107785    8.195275 v rebuffer135/X (sky130_fd_sc_hd__buf_2)
                                                         net135 (net)
                      0.050056    0.000747    8.196022 v rebuffer134/A (sky130_fd_sc_hd__buf_2)
     5    0.023555    0.047021    0.111094    8.307117 v rebuffer134/X (sky130_fd_sc_hd__buf_2)
                                                         net134 (net)
                      0.047099    0.001701    8.308817 v _1347_/C (sky130_fd_sc_hd__and3_2)
     1    0.009689    0.039820    0.149130    8.457948 v _1347_/X (sky130_fd_sc_hd__and3_2)
                                                         _0604_ (net)
                      0.039836    0.000756    8.458703 v _1348_/B (sky130_fd_sc_hd__xnor2_2)
     5    0.023329    0.244301    0.203194    8.661898 ^ _1348_/Y (sky130_fd_sc_hd__xnor2_2)
                                                         _0605_ (net)
                      0.244327    0.002011    8.663908 ^ _1355_/D_N (sky130_fd_sc_hd__or4b_4)
     2    0.007889    0.062703    0.289268    8.953176 v _1355_/X (sky130_fd_sc_hd__or4b_4)
                                                         _0612_ (net)
                      0.062704    0.000488    8.953664 v _1356_/C1 (sky130_fd_sc_hd__o211a_4)
     3    0.016612    0.041865    0.110651    9.064315 v _1356_/X (sky130_fd_sc_hd__o211a_4)
                                                         _0613_ (net)
                      0.041902    0.001129    9.065444 v _1359_/A2 (sky130_fd_sc_hd__o21ba_4)
     3    0.012759    0.034063    0.133168    9.198612 v _1359_/X (sky130_fd_sc_hd__o21ba_4)
                                                         _0616_ (net)
                      0.034072    0.000532    9.199144 v _1406_/B (sky130_fd_sc_hd__or3b_4)
     2    0.005587    0.048354    0.224239    9.423383 v _1406_/X (sky130_fd_sc_hd__or3b_4)
                                                         _0657_ (net)
                      0.048354    0.000212    9.423595 v _1414_/A1 (sky130_fd_sc_hd__a221o_2)
     1    0.005912    0.038450    0.192674    9.616270 v _1414_/X (sky130_fd_sc_hd__a221o_2)
                                                         _0664_ (net)
                      0.038450    0.000446    9.616715 v _1418_/A2 (sky130_fd_sc_hd__a32o_2)
     1    0.003260    0.025871    0.134407    9.751122 v _1418_/X (sky130_fd_sc_hd__a32o_2)
                                                         _0015_ (net)
                      0.025871    0.000210    9.751332 v _1606_/D (sky130_fd_sc_hd__dfrtp_2)
                                              9.751332   data arrival time

                                 25.000000   25.000000   clock clk (rise edge)
                                  0.000000   25.000000   clock source latency
     2    0.025341    0.089477    0.062309   25.062309 ^ clk (in)
                                                         clk (net)
                      0.089535    0.000000   25.062309 ^ clkbuf_0_clk/A (sky130_fd_sc_hd__clkbuf_16)
    33    0.126210    0.107424    0.148011   25.210320 ^ clkbuf_0_clk/X (sky130_fd_sc_hd__clkbuf_16)
                                                         clknet_0_clk (net)
                      0.108493    0.008614   25.218933 ^ clkbuf_4_11_0_clk/A (sky130_fd_sc_hd__clkbuf_8)
    11    0.028925    0.048531    0.117145   25.336079 ^ clkbuf_4_11_0_clk/X (sky130_fd_sc_hd__clkbuf_8)
                                                         clknet_4_11_0_clk (net)
                      0.048861    0.003126   25.339205 ^ _1606_/CLK (sky130_fd_sc_hd__dfrtp_2)
                                 -0.250000   25.089207   clock uncertainty
                                  0.000000   25.089207   clock reconvergence pessimism
                                 -0.069855   25.019350   library setup time
                                             25.019350   data required time
---------------------------------------------------------------------------------------------
                                             25.019350   data required time
                                             -9.751332   data arrival time
---------------------------------------------------------------------------------------------
                                             15.268019   slack (MET)




===========================================================================
report_checks --slack_max -0.01
============================================================================
======================= max_ff_n40C_1v95 Corner ===================================

No paths found.


===========================================================================
 report_check_types -max_slew -max_cap -max_fanout -violators
============================================================================
======================= max_ff_n40C_1v95 Corner ===================================

max fanout

Pin                                   Limit Fanout  Slack
---------------------------------------------------------
clkbuf_0_clk/X                           10     33    -23 (VIOLATED)
fanout35/X                               10     21    -11 (VIOLATED)
fanout53/X                               10     21    -11 (VIOLATED)
_0892_/Y                                 10     19     -9 (VIOLATED)
fanout64/X                               10     17     -7 (VIOLATED)
load_slew58/X                            10     17     -7 (VIOLATED)
fanout21/X                               10     15     -5 (VIOLATED)
_1653_/Q                                 10     11        (VIOLATED)
clkbuf_4_11_0_clk/X                      10     11        (VIOLATED)



===========================================================================
report_parasitic_annotation -report_unannotated
============================================================================
Found 102 unannotated drivers.
 gpio_in[10]
 gpio_in[11]
 gpio_in[12]
 gpio_in[13]
 gpio_in[14]
 gpio_in[15]
 gpio_in[16]
 gpio_in[17]
 gpio_in[18]
 gpio_in[19]
 gpio_in[20]
 gpio_in[21]
 gpio_in[22]
 gpio_in[23]
 gpio_in[24]
 gpio_in[25]
 gpio_in[26]
 gpio_in[27]
 gpio_in[28]
 gpio_in[29]
 gpio_in[30]
 gpio_in[31]
 gpio_in[32]
 gpio_in[33]
 gpio_in[4]
 gpio_in[5]
 gpio_in[6]
 gpio_in[7]
 gpio_in[8]
 gpio_in[9]
 clkload0/X
 clkload1/X
 clkload10/X
 clkload11/X
 clkload12/X
 clkload2/X
 clkload3/X
 clkload4/X
 clkload5/X
 clkload6/X
 clkload7/X
 clkload8/X
 clkload9/X
 team_04/HI
 team_04_100/LO
 team_04_101/LO
 team_04_102/LO
 team_04_103/LO
 team_04_104/LO
 team_04_105/LO
 team_04_106/LO
 team_04_107/LO
 team_04_108/LO
 team_04_109/LO
 team_04_110/LO
 team_04_111/LO
 team_04_112/LO
 team_04_113/LO
 team_04_114/LO
 team_04_115/LO
 team_04_116/LO
 team_04_117/LO
 team_04_118/LO
 team_04_119/LO
 team_04_120/LO
 team_04_121/LO
 team_04_122/LO
 team_04_65/HI
 team_04_66/HI
 team_04_67/HI
 team_04_68/HI
 team_04_69/HI
 team_04_70/HI
 team_04_71/HI
 team_04_72/HI
 team_04_73/HI
 team_04_74/HI
 team_04_75/HI
 team_04_76/HI
 team_04_77/HI
 team_04_78/HI
 team_04_79/HI
 team_04_80/HI
 team_04_81/HI
 team_04_82/HI
 team_04_83/HI
 team_04_84/HI
 team_04_85/HI
 team_04_86/HI
 team_04_87/HI
 team_04_88/HI
 team_04_89/HI
 team_04_90/HI
 team_04_91/HI
 team_04_92/HI
 team_04_93/HI
 team_04_94/HI
 team_04_95/HI
 team_04_96/HI
 team_04_97/HI
 team_04_98/LO
 team_04_99/LO
Found 0 partially unannotated drivers.

===========================================================================
max slew violation count 0
max fanout violation count 9
max cap violation count 0
============================================================================

===========================================================================
check_setup -verbose -unconstrained_endpoints -multiple_clock -no_clock -no_input_delay -loops -generated_clocks
===========================================================================
