Clock: clk
Sources: clk 
Generated: no
Virtual: yes
Propagated: no
Period: 25.000000

===========================================================================
report_clock_properties
============================================================================
Clock                   Period          Waveform
----------------------------------------------------
clk                  25.000000    0.000000 12.500000

===========================================================================
report_clock_latency
============================================================================
Clock clk
rise -> rise
    min     max
0.000000 0.000000 source latency
0.321924         network latency _1593_/CLK
        0.326752 network latency _1586_/CLK
---------------
0.321924 0.326752 latency
        0.004829 skew

fall -> fall
    min     max
0.000000 0.000000 source latency
0.280690         network latency _1593_/CLK
        0.284778 network latency _1586_/CLK
---------------
0.280690 0.284778 latency
        0.004087 skew



===========================================================================
report_clock_min_period
============================================================================
clk period_min = 10.52 fmax = 95.02
