┏━━━━━━━━━━━━━━━━━━━━━━┳━━━━━━━━━━┳━━━━━━━━━━┳━━━━━━━━━━┳━━━━━━━━━━┳━━━━━━━━━━━┳━━━━━━━━━━┳━━━━━━━━━━━┳━━━━━━━━━━┳━━━━━━━━━━━┳━━━━━━━━━━┳━━━━━━━━━━━┳━━━━━━━━━━┓
┃                      ┃ Hold     ┃ Reg to   ┃          ┃          ┃ of which  ┃ Setup    ┃           ┃          ┃           ┃ of which ┃           ┃          ┃
┃                      ┃ Worst    ┃ Reg      ┃          ┃ Hold Vio ┃ reg to    ┃ Worst    ┃ Reg to    ┃ Setup    ┃ Setup Vio ┃ reg to   ┃ Max Cap   ┃ Max Slew ┃
┃ Corner/Group         ┃ Slack    ┃ Paths    ┃ Hold TNS ┃ Count    ┃ reg       ┃ Slack    ┃ Reg Paths ┃ TNS      ┃ Count     ┃ reg      ┃ Violatio… ┃ Violati… ┃
┡━━━━━━━━━━━━━━━━━━━━━━╇━━━━━━━━━━╇━━━━━━━━━━╇━━━━━━━━━━╇━━━━━━━━━━╇━━━━━━━━━━━╇━━━━━━━━━━╇━━━━━━━━━━━╇━━━━━━━━━━╇━━━━━━━━━━━╇━━━━━━━━━━╇━━━━━━━━━━━╇━━━━━━━━━━┩
│ Overall              │ 0.1144   │ 0.1144   │ 0.0000   │ 0        │ 0         │ 11.3876  │ 18.0165   │ 0.0000   │ 0         │ 0        │ 0         │ 33       │
│ nom_tt_025C_1v80     │ 0.3246   │ 0.3246   │ 0.0000   │ 0        │ 0         │ 15.8479  │ 21.5820   │ 0.0000   │ 0         │ 0        │ 0         │ 0        │
│ nom_ss_100C_1v60     │ 0.8672   │ 0.8672   │ 0.0000   │ 0        │ 0         │ 11.4364  │ 18.0618   │ 0.0000   │ 0         │ 0        │ 0         │ 33       │
│ nom_ff_n40C_1v95     │ 0.1170   │ 0.1170   │ 0.0000   │ 0        │ 0         │ 17.3479  │ 22.8023   │ 0.0000   │ 0         │ 0        │ 0         │ 0        │
│ min_tt_025C_1v80     │ 0.3221   │ 0.3221   │ 0.0000   │ 0        │ 0         │ 15.8731  │ 21.6039   │ 0.0000   │ 0         │ 0        │ 0         │ 0        │
│ min_ss_100C_1v60     │ 0.8625   │ 0.8625   │ 0.0000   │ 0        │ 0         │ 11.4810  │ 18.0987   │ 0.0000   │ 0         │ 0        │ 0         │ 22       │
│ min_ff_n40C_1v95     │ 0.1144   │ 0.1144   │ 0.0000   │ 0        │ 0         │ 17.3643  │ 22.8167   │ 0.0000   │ 0         │ 0        │ 0         │ 0        │
│ max_tt_025C_1v80     │ 0.3277   │ 0.3277   │ 0.0000   │ 0        │ 0         │ 15.8223  │ 21.5564   │ 0.0000   │ 0         │ 0        │ 0         │ 0        │
│ max_ss_100C_1v60     │ 0.8726   │ 0.8727   │ 0.0000   │ 0        │ 0         │ 11.3876  │ 18.0165   │ 0.0000   │ 0         │ 0        │ 0         │ 33       │
│ max_ff_n40C_1v95     │ 0.1163   │ 0.1163   │ 0.0000   │ 0        │ 0         │ 17.3306  │ 22.7860   │ 0.0000   │ 0         │ 0        │ 0         │ 0        │
└──────────────────────┴──────────┴──────────┴──────────┴──────────┴───────────┴──────────┴───────────┴──────────┴───────────┴──────────┴───────────┴──────────┘
