Clock: clk
Sources: clk 
Generated: no
Virtual: yes
Propagated: no
Period: 25.000000

===========================================================================
report_clock_properties
============================================================================
Clock                   Period          Waveform
----------------------------------------------------
clk                  25.000000    0.000000 12.500000

===========================================================================
report_clock_latency
============================================================================
Clock clk
rise -> rise
    min     max
0.000000 0.000000 source latency
0.391698         network latency _1478_/CLK
        0.410404 network latency _1451_/CLK
---------------
0.391698 0.410404 latency
        0.018706 skew

fall -> fall
    min     max
0.000000 0.000000 source latency
0.356402         network latency _1478_/CLK
        0.370376 network latency _1451_/CLK
---------------
0.356402 0.370376 latency
        0.013974 skew



===========================================================================
report_clock_min_period
============================================================================
clk period_min = 7.27 fmax = 137.59
