Clock: clk
Sources: clk 
Generated: no
Virtual: yes
Propagated: no
Period: 1000.000000

===========================================================================
report_clock_properties
============================================================================
Clock                   Period          Waveform
----------------------------------------------------
clk                 1000.000000    0.000000500.000000

===========================================================================
report_clock_latency
============================================================================
Clock clk
rise -> rise
    min     max
0.000000 0.000000 source latency
2.121387         network latency _14085_/CLK
        4.591330 network latency _13577_/CLK
---------------
2.121387 4.591330 latency
        2.469943 skew

rise -> fall
    min     max
0.000000 0.000000 source latency
2.829981         network latency _13578_/CLK
        4.508861 network latency _13577_/CLK
---------------
2.829981 4.508861 latency
        1.678880 skew

fall -> rise
    min     max
0.000000 0.000000 source latency
2.462798         network latency _13578_/CLK
        2.781121 network latency _13577_/CLK
---------------
2.462798 2.781121 latency
        0.318323 skew

fall -> fall
    min     max
0.000000 0.000000 source latency
1.705075         network latency _14085_/CLK
        2.738830 network latency _13555_/CLK
---------------
1.705075 2.738830 latency
        1.033754 skew



===========================================================================
report_clock_min_period
============================================================================
clk period_min = 188.61 fmax = 5.30
