
===========================================================================
report_checks -unconstrained
===========================================================================
======================= max_tt_025C_1v80 Corner ===================================

Startpoint: nrst (input port clocked by clk)
Endpoint: _1643_ (recovery check against rising-edge clock clk)
Path Group: asynchronous
Path Type: max

Fanout         Cap        Slew       Delay        Time   Description
---------------------------------------------------------------------------------------------
                                  0.000000    0.000000   clock clk (rise edge)
                                  0.000000    0.000000   clock network delay (propagated)
                                  5.000000    5.000000 ^ input external delay
     2    0.003969    0.024812    0.014455    5.014455 ^ nrst (in)
                                                         nrst (net)
                      0.024813    0.000000    5.014455 ^ input6/A (sky130_fd_sc_hd__clkbuf_1)
     1    0.005367    0.072499    0.093937    5.108393 ^ input6/X (sky130_fd_sc_hd__clkbuf_1)
                                                         net6 (net)
                      0.072500    0.000405    5.108798 ^ _0853_/A (sky130_fd_sc_hd__and2_1)
     1    0.002307    0.042172    0.115435    5.224233 ^ _0853_/X (sky130_fd_sc_hd__and2_1)
                                                         STOPWATCH_INST.clock_div.n_rst (net)
                      0.042172    0.000165    5.224398 ^ fanout59/A (sky130_fd_sc_hd__buf_2)
    15    0.054661    0.266358    0.262122    5.486519 ^ fanout59/X (sky130_fd_sc_hd__buf_2)
                                                         net59 (net)
                      0.266421    0.003393    5.489913 ^ fanout55/A (sky130_fd_sc_hd__clkbuf_2)
     5    0.028588    0.160514    0.251589    5.741501 ^ fanout55/X (sky130_fd_sc_hd__clkbuf_2)
                                                         net55 (net)
                      0.160531    0.001759    5.743260 ^ fanout54/A (sky130_fd_sc_hd__clkbuf_4)
    10    0.051003    0.158939    0.258429    6.001689 ^ fanout54/X (sky130_fd_sc_hd__clkbuf_4)
                                                         net54 (net)
                      0.159287    0.005409    6.007098 ^ _1643_/RESET_B (sky130_fd_sc_hd__dfrtp_4)
                                              6.007098   data arrival time

                                 25.000000   25.000000   clock clk (rise edge)
                                  0.000000   25.000000   clock source latency
     2    0.024474    0.115348    0.080913   25.080912 ^ clk (in)
                                                         clk (net)
                      0.115455    0.000000   25.080912 ^ clkbuf_0_clk/A (sky130_fd_sc_hd__clkbuf_16)
    17    0.103693    0.120029    0.211456   25.292368 ^ clkbuf_0_clk/X (sky130_fd_sc_hd__clkbuf_16)
                                                         clknet_0_clk (net)
                      0.120575    0.006191   25.298559 ^ clkbuf_3_3__f_clk/A (sky130_fd_sc_hd__clkbuf_16)
    10    0.035729    0.055925    0.165741   25.464300 ^ clkbuf_3_3__f_clk/X (sky130_fd_sc_hd__clkbuf_16)
                                                         clknet_3_3__leaf_clk (net)
                      0.056149    0.002455   25.466755 ^ _1643_/CLK (sky130_fd_sc_hd__dfrtp_4)
                                 -0.250000   25.216755   clock uncertainty
                                  0.000000   25.216755   clock reconvergence pessimism
                                  0.183708   25.400463   library recovery time
                                             25.400463   data required time
---------------------------------------------------------------------------------------------
                                             25.400463   data required time
                                             -6.007098   data arrival time
---------------------------------------------------------------------------------------------
                                             19.393366   slack (MET)


Startpoint: _1641_ (rising edge-triggered flip-flop clocked by clk)
Endpoint: _1630_ (rising edge-triggered flip-flop clocked by clk)
Path Group: clk
Path Type: max

Fanout         Cap        Slew       Delay        Time   Description
---------------------------------------------------------------------------------------------
                                  0.000000    0.000000   clock clk (rise edge)
                                  0.000000    0.000000   clock source latency
     2    0.024474    0.115348    0.080913    0.080913 ^ clk (in)
                                                         clk (net)
                      0.115455    0.000000    0.080913 ^ clkbuf_0_clk/A (sky130_fd_sc_hd__clkbuf_16)
    17    0.103693    0.120029    0.211455    0.292369 ^ clkbuf_0_clk/X (sky130_fd_sc_hd__clkbuf_16)
                                                         clknet_0_clk (net)
                      0.120575    0.006191    0.298559 ^ clkbuf_3_3__f_clk/A (sky130_fd_sc_hd__clkbuf_16)
    10    0.035729    0.055925    0.165740    0.464300 ^ clkbuf_3_3__f_clk/X (sky130_fd_sc_hd__clkbuf_16)
                                                         clknet_3_3__leaf_clk (net)
                      0.056101    0.002032    0.466332 ^ _1641_/CLK (sky130_fd_sc_hd__dfrtp_1)
     3    0.010807    0.073899    0.398858    0.865190 v _1641_/Q (sky130_fd_sc_hd__dfrtp_1)
                                                         STOPWATCH_INST.clock_div.cycles[25] (net)
                      0.073904    0.000668    0.865858 v fanout42/A (sky130_fd_sc_hd__buf_6)
     5    0.018857    0.033093    0.137401    1.003259 v fanout42/X (sky130_fd_sc_hd__buf_6)
                                                         net42 (net)
                      0.033161    0.001307    1.004566 v _0941_/A (sky130_fd_sc_hd__or3_4)
     1    0.003149    0.061982    0.367004    1.371570 v _0941_/X (sky130_fd_sc_hd__or3_4)
                                                         _0180_ (net)
                      0.061982    0.000135    1.371705 v _0973_/A (sky130_fd_sc_hd__or4_4)
     2    0.013631    0.100826    0.564180    1.935885 v _0973_/X (sky130_fd_sc_hd__or4_4)
                                                         _0205_ (net)
                      0.100826    0.000758    1.936643 v _0975_/B1 (sky130_fd_sc_hd__a21o_4)
     5    0.028560    0.062546    0.236851    2.173494 v _0975_/X (sky130_fd_sc_hd__a21o_4)
                                                         _0207_ (net)
                      0.062586    0.001440    2.174933 v _0981_/A2 (sky130_fd_sc_hd__a21oi_1)
     1    0.008952    0.218286    0.229505    2.404439 ^ _0981_/Y (sky130_fd_sc_hd__a21oi_1)
                                                         _0213_ (net)
                      0.218289    0.000684    2.405123 ^ _0982_/B (sky130_fd_sc_hd__xnor2_2)
     3    0.016078    0.096719    0.131884    2.537007 v _0982_/Y (sky130_fd_sc_hd__xnor2_2)
                                                         _0214_ (net)
                      0.096768    0.000818    2.537826 v _0992_/A (sky130_fd_sc_hd__or4_4)
     2    0.005648    0.086384    0.548687    3.086513 v _0992_/X (sky130_fd_sc_hd__or4_4)
                                                         _0224_ (net)
                      0.086385    0.000236    3.086749 v _1002_/A1 (sky130_fd_sc_hd__a41o_1)
     1    0.002318    0.036463    0.185668    3.272417 v _1002_/X (sky130_fd_sc_hd__a41o_1)
                                                         _0234_ (net)
                      0.036463    0.000106    3.272523 v _1020_/A2 (sky130_fd_sc_hd__a21o_1)
     3    0.011815    0.069867    0.207457    3.479980 v _1020_/X (sky130_fd_sc_hd__a21o_1)
                                                         _0252_ (net)
                      0.069878    0.000875    3.480855 v clone15/A (sky130_fd_sc_hd__clkbuf_1)
     5    0.019176    0.115173    0.169424    3.650278 v clone15/X (sky130_fd_sc_hd__clkbuf_1)
                                                         net133 (net)
                      0.115174    0.000555    3.650833 v _1037_/A1 (sky130_fd_sc_hd__a21o_1)
     1    0.009018    0.059173    0.207410    3.858243 v _1037_/X (sky130_fd_sc_hd__a21o_1)
                                                         _0269_ (net)
                      0.059180    0.000691    3.858934 v _1038_/B (sky130_fd_sc_hd__xnor2_2)
     4    0.016298    0.247202    0.226609    4.085543 ^ _1038_/Y (sky130_fd_sc_hd__xnor2_2)
                                                         _0270_ (net)
                      0.247288    0.000817    4.086360 ^ _1049_/B (sky130_fd_sc_hd__nand3_1)
     1    0.002770    0.088803    0.108674    4.195034 v _1049_/Y (sky130_fd_sc_hd__nand3_1)
                                                         _0281_ (net)
                      0.088803    0.000133    4.195167 v _1061_/A (sky130_fd_sc_hd__or4bb_4)
     2    0.006992    0.089409    0.554067    4.749234 v _1061_/X (sky130_fd_sc_hd__or4bb_4)
                                                         _0293_ (net)
                      0.089409    0.000373    4.749607 v _1071_/A3 (sky130_fd_sc_hd__a311o_1)
     2    0.006856    0.073510    0.385739    5.135345 v _1071_/X (sky130_fd_sc_hd__a311o_1)
                                                         _0303_ (net)
                      0.073510    0.000343    5.135688 v _1080_/A2 (sky130_fd_sc_hd__a21o_1)
     3    0.015997    0.087017    0.237521    5.373209 v _1080_/X (sky130_fd_sc_hd__a21o_1)
                                                         _0312_ (net)
                      0.087027    0.000966    5.374176 v fanout30/A (sky130_fd_sc_hd__buf_6)
     5    0.021610    0.034503    0.146076    5.520252 v fanout30/X (sky130_fd_sc_hd__buf_6)
                                                         net30 (net)
                      0.034608    0.001509    5.521760 v _1093_/A2 (sky130_fd_sc_hd__a221o_1)
     1    0.008583    0.080852    0.371876    5.893637 v _1093_/X (sky130_fd_sc_hd__a221o_1)
                                                         _0325_ (net)
                      0.080856    0.000657    5.894294 v _1094_/A (sky130_fd_sc_hd__xnor2_2)
     4    0.015930    0.243148    0.257925    6.152218 ^ _1094_/Y (sky130_fd_sc_hd__xnor2_2)
                                                         _0326_ (net)
                      0.243157    0.001154    6.153372 ^ _1095_/A (sky130_fd_sc_hd__or2_4)
     2    0.005732    0.039826    0.170387    6.323759 ^ _1095_/X (sky130_fd_sc_hd__or2_4)
                                                         _0327_ (net)
                      0.039826    0.000306    6.324066 ^ rebuffer19/A (sky130_fd_sc_hd__dlymetal6s4s_1)
     1    0.003652    0.065022    0.178148    6.502213 ^ rebuffer19/X (sky130_fd_sc_hd__dlymetal6s4s_1)
                                                         net137 (net)
                      0.065022    0.000241    6.502454 ^ _1110_/A2 (sky130_fd_sc_hd__o221a_1)
     2    0.006826    0.089031    0.205276    6.707731 ^ _1110_/X (sky130_fd_sc_hd__o221a_1)
                                                         _0342_ (net)
                      0.089031    0.000359    6.708090 ^ _1130_/A2 (sky130_fd_sc_hd__a21o_1)
     3    0.012705    0.117126    0.176238    6.884328 ^ _1130_/X (sky130_fd_sc_hd__a21o_1)
                                                         _0362_ (net)
                      0.117131    0.000932    6.885260 ^ rebuffer2/A (sky130_fd_sc_hd__clkbuf_2)
     2    0.016500    0.096365    0.168346    7.053607 ^ rebuffer2/X (sky130_fd_sc_hd__clkbuf_2)
                                                         net120 (net)
                      0.096379    0.001176    7.054782 ^ _1132_/A (sky130_fd_sc_hd__nand3_4)
     5    0.024559    0.116519    0.110183    7.164966 v _1132_/Y (sky130_fd_sc_hd__nand3_4)
                                                         _0364_ (net)
                      0.116588    0.001291    7.166257 v _1151_/C (sky130_fd_sc_hd__and3_1)
     3    0.014784    0.087039    0.258856    7.425113 v _1151_/X (sky130_fd_sc_hd__and3_1)
                                                         _0383_ (net)
                      0.087043    0.000660    7.425773 v _1156_/B (sky130_fd_sc_hd__or4b_4)
     2    0.010443    0.095150    0.543554    7.969327 v _1156_/X (sky130_fd_sc_hd__or4b_4)
                                                         _0388_ (net)
                      0.095150    0.000752    7.970079 v _1164_/A3 (sky130_fd_sc_hd__a31o_4)
     4    0.018034    0.053033    0.280482    8.250562 v _1164_/X (sky130_fd_sc_hd__a31o_4)
                                                         _0396_ (net)
                      0.053087    0.001328    8.251889 v _1170_/A2 (sky130_fd_sc_hd__a21o_1)
     5    0.014722    0.081738    0.224913    8.476803 v _1170_/X (sky130_fd_sc_hd__a21o_1)
                                                         _0402_ (net)
                      0.081756    0.001165    8.477968 v _1185_/A2 (sky130_fd_sc_hd__a211o_4)
     4    0.016662    0.068917    0.370844    8.848812 v _1185_/X (sky130_fd_sc_hd__a211o_4)
                                                         _0417_ (net)
                      0.068917    0.000979    8.849791 v _1189_/A2 (sky130_fd_sc_hd__o21bai_4)
     3    0.015958    0.153801    0.160624    9.010415 ^ _1189_/Y (sky130_fd_sc_hd__o21bai_4)
                                                         _0421_ (net)
                      0.153803    0.001103    9.011518 ^ fanout28/A (sky130_fd_sc_hd__buf_6)
     5    0.029332    0.068256    0.150690    9.162209 ^ fanout28/X (sky130_fd_sc_hd__buf_6)
                                                         net28 (net)
                      0.068294    0.001487    9.163695 ^ _1209_/A1 (sky130_fd_sc_hd__a21oi_4)
     2    0.005999    0.069993    0.052021    9.215715 v _1209_/Y (sky130_fd_sc_hd__a21oi_4)
                                                         _0441_ (net)
                      0.069994    0.000291    9.216007 v _1215_/C (sky130_fd_sc_hd__or4_4)
     4    0.016523    0.108515    0.524404    9.740411 v _1215_/X (sky130_fd_sc_hd__or4_4)
                                                         _0447_ (net)
                      0.108515    0.001236    9.741647 v _1219_/A1 (sky130_fd_sc_hd__a21o_1)
     1    0.002481    0.031510    0.173736    9.915382 v _1219_/X (sky130_fd_sc_hd__a21o_1)
                                                         _0451_ (net)
                      0.031510    0.000155    9.915537 v _1237_/C (sky130_fd_sc_hd__and3_1)
     3    0.014107    0.084271    0.217709   10.133245 v _1237_/X (sky130_fd_sc_hd__and3_1)
                                                         _0469_ (net)
                      0.084280    0.000883   10.134129 v _1243_/A2 (sky130_fd_sc_hd__o31ai_4)
     5    0.017701    0.284173    0.316666   10.450794 ^ _1243_/Y (sky130_fd_sc_hd__o31ai_4)
                                                         _0475_ (net)
                      0.284174    0.000996   10.451790 ^ clone12/A (sky130_fd_sc_hd__clkbuf_1)
     5    0.021295    0.252453    0.271275   10.723064 ^ clone12/X (sky130_fd_sc_hd__clkbuf_1)
                                                         net130 (net)
                      0.252460    0.001124   10.724188 ^ _1258_/A1 (sky130_fd_sc_hd__a21oi_1)
     3    0.009301    0.110425    0.150558   10.874746 v _1258_/Y (sky130_fd_sc_hd__a21oi_1)
                                                         _0490_ (net)
                      0.110426    0.000561   10.875307 v _1265_/B (sky130_fd_sc_hd__or3_1)
     3    0.007071    0.088917    0.394338   11.269645 v _1265_/X (sky130_fd_sc_hd__or3_1)
                                                         _0497_ (net)
                      0.088917    0.000308   11.269954 v _1268_/A3 (sky130_fd_sc_hd__a31o_1)
     3    0.012555    0.078286    0.273291   11.543244 v _1268_/X (sky130_fd_sc_hd__a31o_1)
                                                         _0500_ (net)
                      0.078293    0.000766   11.544009 v _1272_/A1 (sky130_fd_sc_hd__a21o_1)
     3    0.010752    0.065539    0.198945   11.742954 v _1272_/X (sky130_fd_sc_hd__a21o_1)
                                                         _0504_ (net)
                      0.065544    0.000640   11.743595 v _1300_/A1 (sky130_fd_sc_hd__a41o_1)
     3    0.011464    0.075831    0.220741   11.964335 v _1300_/X (sky130_fd_sc_hd__a41o_1)
                                                         _0532_ (net)
                      0.075838    0.000790   11.965126 v _1302_/A2 (sky130_fd_sc_hd__a21bo_4)
     4    0.019798    0.054657    0.247787   12.212913 v _1302_/X (sky130_fd_sc_hd__a21bo_4)
                                                         _0534_ (net)
                      0.054721    0.001294   12.214207 v fanout25/A (sky130_fd_sc_hd__buf_8)
     6    0.033810    0.040166    0.136581   12.350788 v fanout25/X (sky130_fd_sc_hd__buf_8)
                                                         net25 (net)
                      0.040296    0.002031   12.352819 v fanout24/A (sky130_fd_sc_hd__buf_8)
     5    0.017146    0.029043    0.119287   12.472106 v fanout24/X (sky130_fd_sc_hd__buf_8)
                                                         net24 (net)
                      0.029064    0.001267   12.473373 v _1310_/A2 (sky130_fd_sc_hd__a21o_1)
     2    0.005596    0.044871    0.178016   12.651390 v _1310_/X (sky130_fd_sc_hd__a21o_1)
                                                         _0542_ (net)
                      0.044873    0.000350   12.651739 v _1316_/A2 (sky130_fd_sc_hd__a2111o_1)
     3    0.010991    0.098770    0.453354   13.105093 v _1316_/X (sky130_fd_sc_hd__a2111o_1)
                                                         _0548_ (net)
                      0.098772    0.000646   13.105739 v _1333_/C (sky130_fd_sc_hd__or4_4)
     2    0.016554    0.108666    0.534102   13.639841 v _1333_/X (sky130_fd_sc_hd__or4_4)
                                                         _0565_ (net)
                      0.108666    0.001446   13.641287 v _1352_/B (sky130_fd_sc_hd__nor4_4)
     2    0.013595    0.293577    0.348806   13.990093 ^ _1352_/Y (sky130_fd_sc_hd__nor4_4)
                                                         _0584_ (net)
                      0.293577    0.000882   13.990975 ^ _1353_/A1 (sky130_fd_sc_hd__a31oi_4)
     5    0.021282    0.165221    0.176645   14.167621 v _1353_/Y (sky130_fd_sc_hd__a31oi_4)
                                                         _0585_ (net)
                      0.165255    0.002145   14.169765 v _1366_/A2 (sky130_fd_sc_hd__a21o_1)
     3    0.012993    0.074716    0.261585   14.431351 v _1366_/X (sky130_fd_sc_hd__a21o_1)
                                                         _0598_ (net)
                      0.074717    0.000317   14.431668 v _1373_/B (sky130_fd_sc_hd__xor2_2)
     3    0.009114    0.087330    0.164599   14.596267 v _1373_/X (sky130_fd_sc_hd__xor2_2)
                                                         _0605_ (net)
                      0.087331    0.000398   14.596664 v _1377_/A1 (sky130_fd_sc_hd__o31a_1)
     3    0.006864    0.065845    0.327396   14.924061 v _1377_/X (sky130_fd_sc_hd__o31a_1)
                                                         _0609_ (net)
                      0.065846    0.000400   14.924460 v _1389_/A2 (sky130_fd_sc_hd__a41o_1)
     6    0.021466    0.119573    0.291140   15.215600 v _1389_/X (sky130_fd_sc_hd__a41o_1)
                                                         _0621_ (net)
                      0.119585    0.001201   15.216801 v _1407_/A2 (sky130_fd_sc_hd__a211o_1)
     4    0.014372    0.098116    0.373666   15.590466 v _1407_/X (sky130_fd_sc_hd__a211o_1)
                                                         _0639_ (net)
                      0.098117    0.000476   15.590942 v _1418_/A2 (sky130_fd_sc_hd__o21ai_2)
     1    0.005716    0.112235    0.141878   15.732820 ^ _1418_/Y (sky130_fd_sc_hd__o21ai_2)
                                                         _0650_ (net)
                      0.112235    0.000417   15.733237 ^ fanout19/A (sky130_fd_sc_hd__buf_6)
     8    0.034691    0.077645    0.147644   15.880881 ^ fanout19/X (sky130_fd_sc_hd__buf_6)
                                                         net19 (net)
                      0.077710    0.002014   15.882895 ^ fanout16/A (sky130_fd_sc_hd__buf_6)
    10    0.034093    0.076671    0.135230   16.018126 ^ fanout16/X (sky130_fd_sc_hd__buf_6)
                                                         net16 (net)
                      0.076790    0.002027   16.020153 ^ _1482_/A2 (sky130_fd_sc_hd__a31o_1)
     1    0.002310    0.044863    0.134593   16.154745 ^ _1482_/X (sky130_fd_sc_hd__a31o_1)
                                                         _0707_ (net)
                      0.044864    0.000158   16.154903 ^ _1485_/C_N (sky130_fd_sc_hd__or3b_4)
     1    0.006100    0.069959    0.370960   16.525864 v _1485_/X (sky130_fd_sc_hd__or3b_4)
                                                         _0710_ (net)
                      0.069959    0.000457   16.526320 v _1490_/A2 (sky130_fd_sc_hd__a32o_1)
     1    0.002423    0.039264    0.245707   16.772028 v _1490_/X (sky130_fd_sc_hd__a32o_1)
                                                         _0039_ (net)
                      0.039264    0.000171   16.772198 v _1630_/D (sky130_fd_sc_hd__dfrtp_4)
                                             16.772198   data arrival time

                                 25.000000   25.000000   clock clk (rise edge)
                                  0.000000   25.000000   clock source latency
     2    0.024474    0.115348    0.080913   25.080912 ^ clk (in)
                                                         clk (net)
                      0.115455    0.000000   25.080912 ^ clkbuf_0_clk/A (sky130_fd_sc_hd__clkbuf_16)
    17    0.103693    0.120029    0.211456   25.292368 ^ clkbuf_0_clk/X (sky130_fd_sc_hd__clkbuf_16)
                                                         clknet_0_clk (net)
                      0.120479    0.005562   25.297930 ^ clkbuf_3_6__f_clk/A (sky130_fd_sc_hd__clkbuf_16)
     7    0.036695    0.056759    0.166432   25.464361 ^ clkbuf_3_6__f_clk/X (sky130_fd_sc_hd__clkbuf_16)
                                                         clknet_3_6__leaf_clk (net)
                      0.056975    0.002194   25.466557 ^ _1630_/CLK (sky130_fd_sc_hd__dfrtp_4)
                                 -0.250000   25.216557   clock uncertainty
                                  0.000000   25.216557   clock reconvergence pessimism
                                 -0.109032   25.107523   library setup time
                                             25.107523   data required time
---------------------------------------------------------------------------------------------
                                             25.107523   data required time
                                            -16.772198   data arrival time
---------------------------------------------------------------------------------------------
                                              8.335325   slack (MET)




===========================================================================
report_checks --slack_max -0.01
============================================================================
======================= max_tt_025C_1v80 Corner ===================================

No paths found.


===========================================================================
 report_check_types -max_slew -max_cap -max_fanout -violators
============================================================================
======================= max_tt_025C_1v80 Corner ===================================

max fanout

Pin                                   Limit Fanout  Slack
---------------------------------------------------------
_0946_/Y                                 10     21    -11 (VIOLATED)
fanout36/X                               10     21    -11 (VIOLATED)
clkbuf_0_clk/X                           10     17     -7 (VIOLATED)
fanout59/X                               10     15     -5 (VIOLATED)
clkbuf_3_2__f_clk/X                      10     13     -3 (VIOLATED)
clkbuf_3_0__f_clk/X                      10     12     -2 (VIOLATED)
clkbuf_3_1__f_clk/X                      10     11        (VIOLATED)



===========================================================================
report_parasitic_annotation -report_unannotated
============================================================================
Found 96 unannotated drivers.
 gpio_in[10]
 gpio_in[11]
 gpio_in[12]
 gpio_in[13]
 gpio_in[14]
 gpio_in[15]
 gpio_in[16]
 gpio_in[17]
 gpio_in[18]
 gpio_in[19]
 gpio_in[20]
 gpio_in[21]
 gpio_in[22]
 gpio_in[23]
 gpio_in[24]
 gpio_in[25]
 gpio_in[26]
 gpio_in[27]
 gpio_in[28]
 gpio_in[29]
 gpio_in[30]
 gpio_in[31]
 gpio_in[32]
 gpio_in[33]
 gpio_in[4]
 gpio_in[5]
 gpio_in[6]
 gpio_in[7]
 gpio_in[8]
 gpio_in[9]
 clkload0/X
 clkload1/Y
 clkload2/Y
 clkload3/Y
 clkload4/Y
 clkload5/Y
 clkload6/Y
 team_04_100/LO
 team_04_101/LO
 team_04_102/LO
 team_04_103/LO
 team_04_104/LO
 team_04_105/LO
 team_04_106/LO
 team_04_107/LO
 team_04_108/LO
 team_04_109/LO
 team_04_110/LO
 team_04_111/LO
 team_04_112/LO
 team_04_113/LO
 team_04_114/LO
 team_04_115/LO
 team_04_116/LO
 team_04_117/LO
 team_04_118/LO
 team_04_60/HI
 team_04_61/HI
 team_04_62/HI
 team_04_63/HI
 team_04_64/HI
 team_04_65/HI
 team_04_66/HI
 team_04_67/HI
 team_04_68/HI
 team_04_69/HI
 team_04_70/HI
 team_04_71/HI
 team_04_72/HI
 team_04_73/HI
 team_04_74/HI
 team_04_75/HI
 team_04_76/HI
 team_04_77/HI
 team_04_78/HI
 team_04_79/HI
 team_04_80/HI
 team_04_81/HI
 team_04_82/HI
 team_04_83/HI
 team_04_84/HI
 team_04_85/HI
 team_04_86/HI
 team_04_87/HI
 team_04_88/HI
 team_04_89/HI
 team_04_90/HI
 team_04_91/HI
 team_04_92/HI
 team_04_93/HI
 team_04_94/LO
 team_04_95/LO
 team_04_96/LO
 team_04_97/LO
 team_04_98/LO
 team_04_99/LO
Found 0 partially unannotated drivers.

===========================================================================
max slew violation count 0
max fanout violation count 7
max cap violation count 0
============================================================================

===========================================================================
check_setup -verbose -unconstrained_endpoints -multiple_clock -no_clock -no_input_delay -loops -generated_clocks
===========================================================================
Warning: There are 59 unconstrained endpoints.
  gpio_oeb[0]
  gpio_oeb[10]
  gpio_oeb[11]
  gpio_oeb[12]
  gpio_oeb[13]
  gpio_oeb[14]
  gpio_oeb[15]
  gpio_oeb[16]
  gpio_oeb[17]
  gpio_oeb[18]
  gpio_oeb[19]
  gpio_oeb[1]
  gpio_oeb[20]
  gpio_oeb[21]
  gpio_oeb[22]
  gpio_oeb[23]
  gpio_oeb[24]
  gpio_oeb[25]
  gpio_oeb[26]
  gpio_oeb[27]
  gpio_oeb[28]
  gpio_oeb[29]
  gpio_oeb[2]
  gpio_oeb[30]
  gpio_oeb[31]
  gpio_oeb[32]
  gpio_oeb[33]
  gpio_oeb[3]
  gpio_oeb[4]
  gpio_oeb[5]
  gpio_oeb[6]
  gpio_oeb[7]
  gpio_oeb[8]
  gpio_oeb[9]
  gpio_out[0]
  gpio_out[15]
  gpio_out[16]
  gpio_out[17]
  gpio_out[18]
  gpio_out[19]
  gpio_out[1]
  gpio_out[20]
  gpio_out[21]
  gpio_out[22]
  gpio_out[23]
  gpio_out[24]
  gpio_out[25]
  gpio_out[26]
  gpio_out[27]
  gpio_out[28]
  gpio_out[29]
  gpio_out[2]
  gpio_out[30]
  gpio_out[31]
  gpio_out[32]
  gpio_out[33]
  gpio_out[3]
  gpio_out[6]
  gpio_out[7]
