Clock: clk
Sources: clk 
Generated: no
Virtual: yes
Propagated: no
Period: 25.000000

===========================================================================
report_clock_properties
============================================================================
Clock                   Period          Waveform
----------------------------------------------------
clk                  25.000000    0.000000 12.500000

===========================================================================
report_clock_latency
============================================================================
Clock clk
rise -> rise
    min     max
0.000000 0.000000 source latency
0.464175         network latency _1593_/CLK
        0.469755 network latency _1586_/CLK
---------------
0.464175 0.469755 latency
        0.005580 skew

fall -> fall
    min     max
0.000000 0.000000 source latency
0.408038         network latency _1593_/CLK
        0.412660 network latency _1586_/CLK
---------------
0.408038 0.412660 latency
        0.004622 skew



===========================================================================
report_clock_min_period
============================================================================
clk period_min = 16.66 fmax = 60.01
