
===========================================================================
 report_power
============================================================================
======================= max_tt_025C_1v80 Corner ===================================

Group                    Internal    Switching      Leakage        Total
                            Power        Power        Power        Power (Watts)
------------------------------------------------------------------------
Sequential           1.311598e-04 1.804517e-05 8.173572e-10 1.492057e-04  37.4%
Combinational        4.511810e-05 6.241056e-05 3.518215e-09 1.075322e-04  27.0%
Clock                9.036902e-05 5.151870e-05 4.643270e-10 1.418882e-04  35.6%
Macro                0.000000e+00 0.000000e+00 0.000000e+00 0.000000e+00   0.0%
Pad                  0.000000e+00 0.000000e+00 0.000000e+00 0.000000e+00   0.0%
------------------------------------------------------------------------
Total                2.666468e-04 1.319744e-04 4.799899e-09 3.986260e-04 100.0%
                            66.9%        33.1%         0.0%

