
===========================================================================
 report_power
============================================================================
======================= max_tt_025C_1v80 Corner ===================================

Group                    Internal    Switching      Leakage        Total
                            Power        Power        Power        Power (Watts)
------------------------------------------------------------------------
Sequential           6.607104e-04 5.435284e-05 2.041338e-08 7.150837e-04  13.5%
Combinational        1.126631e-03 2.907768e-03 4.351569e-08 4.034442e-03  76.4%
Clock                2.320355e-04 3.011417e-04 3.126255e-09 5.331804e-04  10.1%
Macro                0.000000e+00 0.000000e+00 0.000000e+00 0.000000e+00   0.0%
Pad                  0.000000e+00 0.000000e+00 0.000000e+00 0.000000e+00   0.0%
------------------------------------------------------------------------
Total                2.019373e-03 3.263264e-03 6.705067e-08 5.282705e-03 100.0%
                            38.2%        61.8%         0.0%

