
===========================================================================
report_checks -unconstrained
===========================================================================
======================= min_ss_100C_1v60 Corner ===================================

Startpoint: en (input port clocked by clk)
Endpoint: _1653_ (recovery check against rising-edge clock clk)
Path Group: asynchronous
Path Type: max

Fanout         Cap        Slew       Delay        Time   Description
---------------------------------------------------------------------------------------------
                                  0.000000    0.000000   clock clk (rise edge)
                                  0.000000    0.000000   clock network delay (propagated)
                                  5.000000    5.000000 ^ input external delay
     2    0.004691    0.045064    0.025737    5.025737 ^ en (in)
                                                         en (net)
                      0.045064    0.000000    5.025737 ^ input1/A (sky130_fd_sc_hd__clkdlybuf4s25_1)
     1    0.001892    0.061331    0.438857    5.464594 ^ input1/X (sky130_fd_sc_hd__clkdlybuf4s25_1)
                                                         net1 (net)
                      0.061331    0.000017    5.464611 ^ _0800_/B (sky130_fd_sc_hd__and2_2)
     3    0.020331    0.190804    0.373789    5.838399 ^ _0800_/X (sky130_fd_sc_hd__and2_2)
                                                         STOPWATCH_INST.clock_div.n_rst (net)
                      0.190804    0.000412    5.838811 ^ fanout64/A (sky130_fd_sc_hd__clkdlybuf4s25_1)
    17    0.056925    0.907136    1.116701    6.955512 ^ fanout64/X (sky130_fd_sc_hd__clkdlybuf4s25_1)
                                                         net64 (net)
                      0.907136    0.000306    6.955817 ^ fanout63/A (sky130_fd_sc_hd__clkdlybuf4s25_1)
     5    0.025973    0.425162    0.997634    7.953452 ^ fanout63/X (sky130_fd_sc_hd__clkdlybuf4s25_1)
                                                         net63 (net)
                      0.425162    0.000335    7.953786 ^ fanout61/A (sky130_fd_sc_hd__clkdlybuf4s25_1)
     4    0.016333    0.276477    0.753968    8.707755 ^ fanout61/X (sky130_fd_sc_hd__clkdlybuf4s25_1)
                                                         net61 (net)
                      0.276477    0.000143    8.707898 ^ load_slew62/A (sky130_fd_sc_hd__buf_2)
     7    0.029747    0.239132    0.412041    9.119939 ^ load_slew62/X (sky130_fd_sc_hd__buf_2)
                                                         net62 (net)
                      0.239132    0.000399    9.120337 ^ _1653_/SET_B (sky130_fd_sc_hd__dfstp_2)
                                              9.120337   data arrival time

                                 25.000000   25.000000   clock clk (rise edge)
                                  0.000000   25.000000   clock source latency
     2    0.022788    0.169421    0.116099   25.116098 ^ clk (in)
                                                         clk (net)
                      0.169428    0.000000   25.116098 ^ clkbuf_0_clk/A (sky130_fd_sc_hd__clkbuf_16)
    33    0.121310    0.205951    0.382299   25.498398 ^ clkbuf_0_clk/X (sky130_fd_sc_hd__clkbuf_16)
                                                         clknet_0_clk (net)
                      0.206362    0.006482   25.504879 ^ clkbuf_4_5_0_clk/A (sky130_fd_sc_hd__clkbuf_8)
     5    0.016222    0.074864    0.289880   25.794760 ^ clkbuf_4_5_0_clk/X (sky130_fd_sc_hd__clkbuf_8)
                                                         clknet_4_5_0_clk (net)
                      0.074866    0.000417   25.795176 ^ _1653_/CLK (sky130_fd_sc_hd__dfstp_2)
                                 -0.250000   25.545177   clock uncertainty
                                  0.000000   25.545177   clock reconvergence pessimism
                                  0.244031   25.789207   library recovery time
                                             25.789207   data required time
---------------------------------------------------------------------------------------------
                                             25.789207   data required time
                                             -9.120337   data arrival time
---------------------------------------------------------------------------------------------
                                             16.668871   slack (MET)


Startpoint: _1608_ (rising edge-triggered flip-flop clocked by clk)
Endpoint: _1606_ (rising edge-triggered flip-flop clocked by clk)
Path Group: clk
Path Type: max

Fanout         Cap        Slew       Delay        Time   Description
---------------------------------------------------------------------------------------------
                                  0.000000    0.000000   clock clk (rise edge)
                                  0.000000    0.000000   clock source latency
     2    0.022788    0.169421    0.116098    0.116098 ^ clk (in)
                                                         clk (net)
                      0.169428    0.000000    0.116098 ^ clkbuf_0_clk/A (sky130_fd_sc_hd__clkbuf_16)
    33    0.121310    0.205951    0.382300    0.498399 ^ clkbuf_0_clk/X (sky130_fd_sc_hd__clkbuf_16)
                                                         clknet_0_clk (net)
                      0.205966    0.002123    0.500521 ^ clkbuf_4_11_0_clk/A (sky130_fd_sc_hd__clkbuf_8)
    11    0.026740    0.099671    0.313665    0.814187 ^ clkbuf_4_11_0_clk/X (sky130_fd_sc_hd__clkbuf_8)
                                                         clknet_4_11_0_clk (net)
                      0.099673    0.000631    0.814818 ^ _1608_/CLK (sky130_fd_sc_hd__dfrtp_2)
     2    0.009436    0.105745    0.855626    1.670444 v _1608_/Q (sky130_fd_sc_hd__dfrtp_2)
                                                         STOPWATCH_INST.clock_div.cycles[16] (net)
                      0.105745    0.000086    1.670530 v fanout50/A (sky130_fd_sc_hd__buf_8)
     2    0.011602    0.043176    0.228234    1.898764 v fanout50/X (sky130_fd_sc_hd__buf_8)
                                                         net50 (net)
                      0.043176    0.000234    1.898998 v _0904_/A1 (sky130_fd_sc_hd__o211a_4)
     2    0.008203    0.073734    0.450874    2.349872 v _0904_/X (sky130_fd_sc_hd__o211a_4)
                                                         _0161_ (net)
                      0.073734    0.000105    2.349977 v _0908_/A2 (sky130_fd_sc_hd__o211a_4)
     4    0.016948    0.094853    0.461152    2.811129 v _0908_/X (sky130_fd_sc_hd__o211a_4)
                                                         _0165_ (net)
                      0.094853    0.000294    2.811423 v _0911_/A1 (sky130_fd_sc_hd__o211ai_2)
     2    0.008544    0.265155    0.324845    3.136268 ^ _0911_/Y (sky130_fd_sc_hd__o211ai_2)
                                                         _0168_ (net)
                      0.265155    0.000115    3.136383 ^ fanout39/A (sky130_fd_sc_hd__buf_6)
     4    0.032680    0.119039    0.303448    3.439831 ^ fanout39/X (sky130_fd_sc_hd__buf_6)
                                                         net39 (net)
                      0.119039    0.000277    3.440108 ^ rebuffer127/A (sky130_fd_sc_hd__buf_8)
     6    0.034045    0.104046    0.226134    3.666241 ^ rebuffer127/X (sky130_fd_sc_hd__buf_8)
                                                         net127 (net)
                      0.104049    0.000739    3.666981 ^ _0914_/A2 (sky130_fd_sc_hd__a21oi_4)
     1    0.009236    0.080770    0.128796    3.795777 v _0914_/Y (sky130_fd_sc_hd__a21oi_4)
                                                         _0171_ (net)
                      0.080771    0.000106    3.795882 v _0915_/A (sky130_fd_sc_hd__xnor2_2)
     2    0.004531    0.114324    0.238272    4.034154 v _0915_/Y (sky130_fd_sc_hd__xnor2_2)
                                                         _0172_ (net)
                      0.114324    0.000059    4.034213 v _0941_/A (sky130_fd_sc_hd__or2_2)
     1    0.003765    0.115245    0.683839    4.718052 v _0941_/X (sky130_fd_sc_hd__or2_2)
                                                         _0198_ (net)
                      0.115245    0.000050    4.718102 v _0942_/B (sky130_fd_sc_hd__or4b_4)
     2    0.011919    0.178842    1.078660    5.796762 v _0942_/X (sky130_fd_sc_hd__or4b_4)
                                                         _0199_ (net)
                      0.178842    0.000204    5.796967 v _0961_/A1 (sky130_fd_sc_hd__a211o_4)
     3    0.016783    0.107769    0.659207    6.456173 v _0961_/X (sky130_fd_sc_hd__a211o_4)
                                                         _0218_ (net)
                      0.107769    0.000265    6.456438 v fanout32/A (sky130_fd_sc_hd__buf_8)
     5    0.034133    0.067149    0.256804    6.713242 v fanout32/X (sky130_fd_sc_hd__buf_8)
                                                         net32 (net)
                      0.067149    0.000062    6.713304 v _0980_/A1 (sky130_fd_sc_hd__a211oi_2)
     2    0.015119    0.549075    0.525558    7.238862 ^ _0980_/Y (sky130_fd_sc_hd__a211oi_2)
                                                         _0237_ (net)
                      0.549075    0.000139    7.239001 ^ _0981_/A2 (sky130_fd_sc_hd__a21oi_2)
     1    0.008436    0.138080    0.294656    7.533658 v _0981_/Y (sky130_fd_sc_hd__a21oi_2)
                                                         _0238_ (net)
                      0.138080    0.000074    7.533731 v _0982_/B (sky130_fd_sc_hd__xnor2_2)
     4    0.028720    0.610125    0.553568    8.087299 ^ _0982_/Y (sky130_fd_sc_hd__xnor2_2)
                                                         _0239_ (net)
                      0.610125    0.000655    8.087955 ^ _0984_/C (sky130_fd_sc_hd__nand3_2)
     1    0.004831    0.168983    0.315874    8.403829 v _0984_/Y (sky130_fd_sc_hd__nand3_2)
                                                         _0241_ (net)
                      0.168983    0.000032    8.403861 v _1014_/B1 (sky130_fd_sc_hd__a31o_4)
     2    0.007692    0.067584    0.418773    8.822634 v _1014_/X (sky130_fd_sc_hd__a31o_4)
                                                         _0271_ (net)
                      0.067584    0.000089    8.822722 v _1022_/A2 (sky130_fd_sc_hd__a21o_4)
     6    0.022244    0.099977    0.433645    9.256368 v _1022_/X (sky130_fd_sc_hd__a21o_4)
                                                         _0279_ (net)
                      0.099981    0.000699    9.257067 v rebuffer143/A (sky130_fd_sc_hd__buf_2)
     3    0.015931    0.097085    0.298091    9.555158 v rebuffer143/X (sky130_fd_sc_hd__buf_2)
                                                         net143 (net)
                      0.097085    0.000166    9.555324 v _1034_/C (sky130_fd_sc_hd__and3_2)
     2    0.004747    0.081438    0.458035   10.013358 v _1034_/X (sky130_fd_sc_hd__and3_2)
                                                         _0291_ (net)
                      0.081438    0.000052   10.013411 v _1037_/C (sky130_fd_sc_hd__or3_2)
     1    0.010721    0.210468    1.059445   11.072856 v _1037_/X (sky130_fd_sc_hd__or3_2)
                                                         _0294_ (net)
                      0.210468    0.000200   11.073055 v _1045_/A1 (sky130_fd_sc_hd__a31oi_4)
     3    0.011257    0.242700    0.319130   11.392185 ^ _1045_/Y (sky130_fd_sc_hd__a31oi_4)
                                                         _0302_ (net)
                      0.242700    0.000171   11.392356 ^ _1061_/D (sky130_fd_sc_hd__or4_4)
     2    0.013187    0.091251    0.312828   11.705184 ^ _1061_/X (sky130_fd_sc_hd__or4_4)
                                                         _0318_ (net)
                      0.091251    0.000267   11.705451 ^ _1071_/A (sky130_fd_sc_hd__nand2_2)
     3    0.014841    0.141419    0.159638   11.865088 v _1071_/Y (sky130_fd_sc_hd__nand2_2)
                                                         _0328_ (net)
                      0.141419    0.000192   11.865281 v _1109_/A1 (sky130_fd_sc_hd__a21oi_2)
     2    0.004865    0.189190    0.238073   12.103354 ^ _1109_/Y (sky130_fd_sc_hd__a21oi_2)
                                                         _0366_ (net)
                      0.189190    0.000037   12.103391 ^ _1112_/A_N (sky130_fd_sc_hd__and2b_2)
     1    0.003365    0.071427    0.489328   12.592718 v _1112_/X (sky130_fd_sc_hd__and2b_2)
                                                         _0369_ (net)
                      0.071427    0.000036   12.592754 v _1113_/B (sky130_fd_sc_hd__or2_2)
     2    0.007858    0.138015    0.663941   13.256696 v _1113_/X (sky130_fd_sc_hd__or2_2)
                                                         _0370_ (net)
                      0.138015    0.000193   13.256888 v _1116_/A (sky130_fd_sc_hd__or2_2)
     4    0.012125    0.158327    0.764094   14.020982 v _1116_/X (sky130_fd_sc_hd__or2_2)
                                                         _0373_ (net)
                      0.158327    0.000117   14.021099 v _1135_/A_N (sky130_fd_sc_hd__and2b_2)
     3    0.022433    0.199054    0.575151   14.596250 ^ _1135_/X (sky130_fd_sc_hd__and2b_2)
                                                         _0392_ (net)
                      0.199054    0.000401   14.596650 ^ _1136_/A1 (sky130_fd_sc_hd__a21oi_4)
     2    0.008428    0.085867    0.153802   14.750453 v _1136_/Y (sky130_fd_sc_hd__a21oi_4)
                                                         _0393_ (net)
                      0.085867    0.000064   14.750517 v rebuffer149/A (sky130_fd_sc_hd__buf_4)
     5    0.019136    0.075192    0.282081   15.032598 v rebuffer149/X (sky130_fd_sc_hd__buf_4)
                                                         net149 (net)
                      0.075192    0.000346   15.032945 v _1145_/C (sky130_fd_sc_hd__or3_4)
     4    0.020287    0.164378    0.730443   15.763388 v _1145_/X (sky130_fd_sc_hd__or3_4)
                                                         _0402_ (net)
                      0.164378    0.000208   15.763596 v _1148_/C (sky130_fd_sc_hd__and4b_2)
     2    0.010385    0.112370    0.553472   16.317068 v _1148_/X (sky130_fd_sc_hd__and4b_2)
                                                         _0405_ (net)
                      0.112370    0.000078   16.317146 v _1181_/C (sky130_fd_sc_hd__nand4b_4)
     1    0.003120    0.101865    0.150219   16.467365 ^ _1181_/Y (sky130_fd_sc_hd__nand4b_4)
                                                         _0438_ (net)
                      0.101865    0.000030   16.467396 ^ _1182_/B (sky130_fd_sc_hd__or4bb_4)
     2    0.008004    0.070468    0.237979   16.705374 ^ _1182_/X (sky130_fd_sc_hd__or4bb_4)
                                                         _0439_ (net)
                      0.070468    0.000101   16.705475 ^ _1191_/A1 (sky130_fd_sc_hd__a41o_4)
     3    0.015344    0.126568    0.433923   17.139399 ^ _1191_/X (sky130_fd_sc_hd__a41o_4)
                                                         _0448_ (net)
                      0.126568    0.000250   17.139648 ^ fanout22/A (sky130_fd_sc_hd__buf_8)
     5    0.029883    0.094454    0.221981   17.361629 ^ fanout22/X (sky130_fd_sc_hd__buf_8)
                                                         net22 (net)
                      0.094454    0.000224   17.361853 ^ rebuffer181/A (sky130_fd_sc_hd__buf_4)
     2    0.006705    0.057137    0.201453   17.563307 ^ rebuffer181/X (sky130_fd_sc_hd__buf_4)
                                                         net181 (net)
                      0.057137    0.000060   17.563366 ^ _1214_/B1 (sky130_fd_sc_hd__a22o_2)
     4    0.019151    0.188972    0.357019   17.920385 ^ _1214_/X (sky130_fd_sc_hd__a22o_2)
                                                         _0471_ (net)
                      0.188972    0.000105   17.920490 ^ _1215_/B1_N (sky130_fd_sc_hd__o21ba_2)
     1    0.003102    0.060651    0.336950   18.257441 v _1215_/X (sky130_fd_sc_hd__o21ba_2)
                                                         _0472_ (net)
                      0.060651    0.000034   18.257475 v _1216_/B1 (sky130_fd_sc_hd__a31o_2)
     2    0.012763    0.108498    0.443077   18.700550 v _1216_/X (sky130_fd_sc_hd__a31o_2)
                                                         _0473_ (net)
                      0.108498    0.000080   18.700630 v _1219_/B1 (sky130_fd_sc_hd__a311o_2)
     3    0.012694    0.141745    0.751875   19.452505 v _1219_/X (sky130_fd_sc_hd__a311o_2)
                                                         _0476_ (net)
                      0.141745    0.000306   19.452812 v _1242_/A2 (sky130_fd_sc_hd__a211o_4)
     2    0.008761    0.088589    0.634456   20.087267 v _1242_/X (sky130_fd_sc_hd__a211o_4)
                                                         _0499_ (net)
                      0.088589    0.000171   20.087439 v _1252_/A2 (sky130_fd_sc_hd__a21o_4)
     2    0.011785    0.073774    0.412012   20.499451 v _1252_/X (sky130_fd_sc_hd__a21o_4)
                                                         _0509_ (net)
                      0.073774    0.000243   20.499693 v fanout21/A (sky130_fd_sc_hd__buf_8)
    15    0.052493    0.085643    0.261574   20.761267 v fanout21/X (sky130_fd_sc_hd__buf_8)
                                                         net21 (net)
                      0.085742    0.002540   20.763807 v _1265_/B (sky130_fd_sc_hd__xor2_2)
     2    0.005273    0.172516    0.270799   21.034605 v _1265_/X (sky130_fd_sc_hd__xor2_2)
                                                         _0522_ (net)
                      0.172516    0.000039   21.034645 v _1266_/A (sky130_fd_sc_hd__or2_4)
     2    0.012546    0.100292    0.542482   21.577126 v _1266_/X (sky130_fd_sc_hd__or2_4)
                                                         _0523_ (net)
                      0.100292    0.000288   21.577414 v _1271_/A1 (sky130_fd_sc_hd__a31o_4)
     2    0.006966    0.065997    0.408276   21.985691 v _1271_/X (sky130_fd_sc_hd__a31o_4)
                                                         _0528_ (net)
                      0.065997    0.000078   21.985769 v _1281_/A1 (sky130_fd_sc_hd__a21o_4)
     2    0.006396    0.062074    0.362872   22.348640 v _1281_/X (sky130_fd_sc_hd__a21o_4)
                                                         _0538_ (net)
                      0.062074    0.000107   22.348747 v _1304_/A2 (sky130_fd_sc_hd__a311o_2)
     2    0.007059    0.114642    0.705004   23.053751 v _1304_/X (sky130_fd_sc_hd__a311o_2)
                                                         _0561_ (net)
                      0.114642    0.000052   23.053802 v _1308_/A2 (sky130_fd_sc_hd__a21o_4)
     3    0.014773    0.080205    0.432664   23.486467 v _1308_/X (sky130_fd_sc_hd__a21o_4)
                                                         _0565_ (net)
                      0.080273    0.000327   23.486794 v rebuffer135/A (sky130_fd_sc_hd__buf_2)
     2    0.024316    0.126714    0.317559   23.804354 v rebuffer135/X (sky130_fd_sc_hd__buf_2)
                                                         net135 (net)
                      0.126714    0.000076   23.804430 v rebuffer134/A (sky130_fd_sc_hd__buf_2)
     5    0.021822    0.117036    0.332125   24.136555 v rebuffer134/X (sky130_fd_sc_hd__buf_2)
                                                         net134 (net)
                      0.117036    0.000389   24.136944 v _1347_/C (sky130_fd_sc_hd__and3_2)
     1    0.009542    0.102108    0.497433   24.634377 v _1347_/X (sky130_fd_sc_hd__and3_2)
                                                         _0604_ (net)
                      0.102108    0.000130   24.634506 v _1348_/B (sky130_fd_sc_hd__xnor2_2)
     5    0.020926    0.469108    0.434934   25.069441 ^ _1348_/Y (sky130_fd_sc_hd__xnor2_2)
                                                         _0605_ (net)
                      0.469109    0.000560   25.070000 ^ _1355_/D_N (sky130_fd_sc_hd__or4b_4)
     2    0.007710    0.167412    1.079341   26.149342 v _1355_/X (sky130_fd_sc_hd__or4b_4)
                                                         _0612_ (net)
                      0.167412    0.000066   26.149406 v _1356_/C1 (sky130_fd_sc_hd__o211a_4)
     3    0.016161    0.092640    0.323007   26.472414 v _1356_/X (sky130_fd_sc_hd__o211a_4)
                                                         _0613_ (net)
                      0.092640    0.000242   26.472656 v _1359_/A2 (sky130_fd_sc_hd__o21ba_4)
     3    0.011436    0.073487    0.377716   26.850372 v _1359_/X (sky130_fd_sc_hd__o21ba_4)
                                                         _0616_ (net)
                      0.073487    0.000089   26.850460 v _1406_/B (sky130_fd_sc_hd__or3b_4)
     2    0.005124    0.119294    0.722029   27.572489 v _1406_/X (sky130_fd_sc_hd__or3b_4)
                                                         _0657_ (net)
                      0.119294    0.000028   27.572517 v _1414_/A1 (sky130_fd_sc_hd__a221o_2)
     1    0.005188    0.103412    0.689571   28.262089 v _1414_/X (sky130_fd_sc_hd__a221o_2)
                                                         _0664_ (net)
                      0.103412    0.000103   28.262192 v _1418_/A2 (sky130_fd_sc_hd__a32o_2)
     1    0.002770    0.066217    0.480954   28.743145 v _1418_/X (sky130_fd_sc_hd__a32o_2)
                                                         _0015_ (net)
                      0.066217    0.000030   28.743176 v _1606_/D (sky130_fd_sc_hd__dfrtp_2)
                                             28.743176   data arrival time

                                 25.000000   25.000000   clock clk (rise edge)
                                  0.000000   25.000000   clock source latency
     2    0.022788    0.169421    0.116099   25.116098 ^ clk (in)
                                                         clk (net)
                      0.169428    0.000000   25.116098 ^ clkbuf_0_clk/A (sky130_fd_sc_hd__clkbuf_16)
    33    0.121310    0.205951    0.382299   25.498398 ^ clkbuf_0_clk/X (sky130_fd_sc_hd__clkbuf_16)
                                                         clknet_0_clk (net)
                      0.205966    0.002123   25.500519 ^ clkbuf_4_11_0_clk/A (sky130_fd_sc_hd__clkbuf_8)
    11    0.026740    0.099671    0.313666   25.814186 ^ clkbuf_4_11_0_clk/X (sky130_fd_sc_hd__clkbuf_8)
                                                         clknet_4_11_0_clk (net)
                      0.099673    0.000622   25.814808 ^ _1606_/CLK (sky130_fd_sc_hd__dfrtp_2)
                                 -0.250000   25.564808   clock uncertainty
                                  0.000000   25.564808   clock reconvergence pessimism
                                 -0.267121   25.297686   library setup time
                                             25.297686   data required time
---------------------------------------------------------------------------------------------
                                             25.297686   data required time
                                            -28.743176   data arrival time
---------------------------------------------------------------------------------------------
                                             -3.445489   slack (VIOLATED)




===========================================================================
report_checks --slack_max -0.01
============================================================================
======================= min_ss_100C_1v60 Corner ===================================

Startpoint: _1608_ (rising edge-triggered flip-flop clocked by clk)
Endpoint: _1606_ (rising edge-triggered flip-flop clocked by clk)
Path Group: clk
Path Type: max

Fanout         Cap        Slew       Delay        Time   Description
---------------------------------------------------------------------------------------------
                                  0.000000    0.000000   clock clk (rise edge)
                                  0.000000    0.000000   clock source latency
     2    0.022788    0.169421    0.116098    0.116098 ^ clk (in)
                                                         clk (net)
                      0.169428    0.000000    0.116098 ^ clkbuf_0_clk/A (sky130_fd_sc_hd__clkbuf_16)
    33    0.121310    0.205951    0.382300    0.498399 ^ clkbuf_0_clk/X (sky130_fd_sc_hd__clkbuf_16)
                                                         clknet_0_clk (net)
                      0.205966    0.002123    0.500521 ^ clkbuf_4_11_0_clk/A (sky130_fd_sc_hd__clkbuf_8)
    11    0.026740    0.099671    0.313665    0.814187 ^ clkbuf_4_11_0_clk/X (sky130_fd_sc_hd__clkbuf_8)
                                                         clknet_4_11_0_clk (net)
                      0.099673    0.000631    0.814818 ^ _1608_/CLK (sky130_fd_sc_hd__dfrtp_2)
     2    0.009436    0.105745    0.855626    1.670444 v _1608_/Q (sky130_fd_sc_hd__dfrtp_2)
                                                         STOPWATCH_INST.clock_div.cycles[16] (net)
                      0.105745    0.000086    1.670530 v fanout50/A (sky130_fd_sc_hd__buf_8)
     2    0.011602    0.043176    0.228234    1.898764 v fanout50/X (sky130_fd_sc_hd__buf_8)
                                                         net50 (net)
                      0.043176    0.000234    1.898998 v _0904_/A1 (sky130_fd_sc_hd__o211a_4)
     2    0.008203    0.073734    0.450874    2.349872 v _0904_/X (sky130_fd_sc_hd__o211a_4)
                                                         _0161_ (net)
                      0.073734    0.000105    2.349977 v _0908_/A2 (sky130_fd_sc_hd__o211a_4)
     4    0.016948    0.094853    0.461152    2.811129 v _0908_/X (sky130_fd_sc_hd__o211a_4)
                                                         _0165_ (net)
                      0.094853    0.000294    2.811423 v _0911_/A1 (sky130_fd_sc_hd__o211ai_2)
     2    0.008544    0.265155    0.324845    3.136268 ^ _0911_/Y (sky130_fd_sc_hd__o211ai_2)
                                                         _0168_ (net)
                      0.265155    0.000115    3.136383 ^ fanout39/A (sky130_fd_sc_hd__buf_6)
     4    0.032680    0.119039    0.303448    3.439831 ^ fanout39/X (sky130_fd_sc_hd__buf_6)
                                                         net39 (net)
                      0.119039    0.000277    3.440108 ^ rebuffer127/A (sky130_fd_sc_hd__buf_8)
     6    0.034045    0.104046    0.226134    3.666241 ^ rebuffer127/X (sky130_fd_sc_hd__buf_8)
                                                         net127 (net)
                      0.104049    0.000739    3.666981 ^ _0914_/A2 (sky130_fd_sc_hd__a21oi_4)
     1    0.009236    0.080770    0.128796    3.795777 v _0914_/Y (sky130_fd_sc_hd__a21oi_4)
                                                         _0171_ (net)
                      0.080771    0.000106    3.795882 v _0915_/A (sky130_fd_sc_hd__xnor2_2)
     2    0.004531    0.114324    0.238272    4.034154 v _0915_/Y (sky130_fd_sc_hd__xnor2_2)
                                                         _0172_ (net)
                      0.114324    0.000059    4.034213 v _0941_/A (sky130_fd_sc_hd__or2_2)
     1    0.003765    0.115245    0.683839    4.718052 v _0941_/X (sky130_fd_sc_hd__or2_2)
                                                         _0198_ (net)
                      0.115245    0.000050    4.718102 v _0942_/B (sky130_fd_sc_hd__or4b_4)
     2    0.011919    0.178842    1.078660    5.796762 v _0942_/X (sky130_fd_sc_hd__or4b_4)
                                                         _0199_ (net)
                      0.178842    0.000204    5.796967 v _0961_/A1 (sky130_fd_sc_hd__a211o_4)
     3    0.016783    0.107769    0.659207    6.456173 v _0961_/X (sky130_fd_sc_hd__a211o_4)
                                                         _0218_ (net)
                      0.107769    0.000265    6.456438 v fanout32/A (sky130_fd_sc_hd__buf_8)
     5    0.034133    0.067149    0.256804    6.713242 v fanout32/X (sky130_fd_sc_hd__buf_8)
                                                         net32 (net)
                      0.067149    0.000062    6.713304 v _0980_/A1 (sky130_fd_sc_hd__a211oi_2)
     2    0.015119    0.549075    0.525558    7.238862 ^ _0980_/Y (sky130_fd_sc_hd__a211oi_2)
                                                         _0237_ (net)
                      0.549075    0.000139    7.239001 ^ _0981_/A2 (sky130_fd_sc_hd__a21oi_2)
     1    0.008436    0.138080    0.294656    7.533658 v _0981_/Y (sky130_fd_sc_hd__a21oi_2)
                                                         _0238_ (net)
                      0.138080    0.000074    7.533731 v _0982_/B (sky130_fd_sc_hd__xnor2_2)
     4    0.028720    0.610125    0.553568    8.087299 ^ _0982_/Y (sky130_fd_sc_hd__xnor2_2)
                                                         _0239_ (net)
                      0.610125    0.000655    8.087955 ^ _0984_/C (sky130_fd_sc_hd__nand3_2)
     1    0.004831    0.168983    0.315874    8.403829 v _0984_/Y (sky130_fd_sc_hd__nand3_2)
                                                         _0241_ (net)
                      0.168983    0.000032    8.403861 v _1014_/B1 (sky130_fd_sc_hd__a31o_4)
     2    0.007692    0.067584    0.418773    8.822634 v _1014_/X (sky130_fd_sc_hd__a31o_4)
                                                         _0271_ (net)
                      0.067584    0.000089    8.822722 v _1022_/A2 (sky130_fd_sc_hd__a21o_4)
     6    0.022244    0.099977    0.433645    9.256368 v _1022_/X (sky130_fd_sc_hd__a21o_4)
                                                         _0279_ (net)
                      0.099981    0.000699    9.257067 v rebuffer143/A (sky130_fd_sc_hd__buf_2)
     3    0.015931    0.097085    0.298091    9.555158 v rebuffer143/X (sky130_fd_sc_hd__buf_2)
                                                         net143 (net)
                      0.097085    0.000166    9.555324 v _1034_/C (sky130_fd_sc_hd__and3_2)
     2    0.004747    0.081438    0.458035   10.013358 v _1034_/X (sky130_fd_sc_hd__and3_2)
                                                         _0291_ (net)
                      0.081438    0.000052   10.013411 v _1037_/C (sky130_fd_sc_hd__or3_2)
     1    0.010721    0.210468    1.059445   11.072856 v _1037_/X (sky130_fd_sc_hd__or3_2)
                                                         _0294_ (net)
                      0.210468    0.000200   11.073055 v _1045_/A1 (sky130_fd_sc_hd__a31oi_4)
     3    0.011257    0.242700    0.319130   11.392185 ^ _1045_/Y (sky130_fd_sc_hd__a31oi_4)
                                                         _0302_ (net)
                      0.242700    0.000171   11.392356 ^ _1061_/D (sky130_fd_sc_hd__or4_4)
     2    0.013187    0.091251    0.312828   11.705184 ^ _1061_/X (sky130_fd_sc_hd__or4_4)
                                                         _0318_ (net)
                      0.091251    0.000267   11.705451 ^ _1071_/A (sky130_fd_sc_hd__nand2_2)
     3    0.014841    0.141419    0.159638   11.865088 v _1071_/Y (sky130_fd_sc_hd__nand2_2)
                                                         _0328_ (net)
                      0.141419    0.000192   11.865281 v _1109_/A1 (sky130_fd_sc_hd__a21oi_2)
     2    0.004865    0.189190    0.238073   12.103354 ^ _1109_/Y (sky130_fd_sc_hd__a21oi_2)
                                                         _0366_ (net)
                      0.189190    0.000037   12.103391 ^ _1112_/A_N (sky130_fd_sc_hd__and2b_2)
     1    0.003365    0.071427    0.489328   12.592718 v _1112_/X (sky130_fd_sc_hd__and2b_2)
                                                         _0369_ (net)
                      0.071427    0.000036   12.592754 v _1113_/B (sky130_fd_sc_hd__or2_2)
     2    0.007858    0.138015    0.663941   13.256696 v _1113_/X (sky130_fd_sc_hd__or2_2)
                                                         _0370_ (net)
                      0.138015    0.000193   13.256888 v _1116_/A (sky130_fd_sc_hd__or2_2)
     4    0.012125    0.158327    0.764094   14.020982 v _1116_/X (sky130_fd_sc_hd__or2_2)
                                                         _0373_ (net)
                      0.158327    0.000117   14.021099 v _1135_/A_N (sky130_fd_sc_hd__and2b_2)
     3    0.022433    0.199054    0.575151   14.596250 ^ _1135_/X (sky130_fd_sc_hd__and2b_2)
                                                         _0392_ (net)
                      0.199054    0.000401   14.596650 ^ _1136_/A1 (sky130_fd_sc_hd__a21oi_4)
     2    0.008428    0.085867    0.153802   14.750453 v _1136_/Y (sky130_fd_sc_hd__a21oi_4)
                                                         _0393_ (net)
                      0.085867    0.000064   14.750517 v rebuffer149/A (sky130_fd_sc_hd__buf_4)
     5    0.019136    0.075192    0.282081   15.032598 v rebuffer149/X (sky130_fd_sc_hd__buf_4)
                                                         net149 (net)
                      0.075192    0.000346   15.032945 v _1145_/C (sky130_fd_sc_hd__or3_4)
     4    0.020287    0.164378    0.730443   15.763388 v _1145_/X (sky130_fd_sc_hd__or3_4)
                                                         _0402_ (net)
                      0.164378    0.000208   15.763596 v _1148_/C (sky130_fd_sc_hd__and4b_2)
     2    0.010385    0.112370    0.553472   16.317068 v _1148_/X (sky130_fd_sc_hd__and4b_2)
                                                         _0405_ (net)
                      0.112370    0.000078   16.317146 v _1181_/C (sky130_fd_sc_hd__nand4b_4)
     1    0.003120    0.101865    0.150219   16.467365 ^ _1181_/Y (sky130_fd_sc_hd__nand4b_4)
                                                         _0438_ (net)
                      0.101865    0.000030   16.467396 ^ _1182_/B (sky130_fd_sc_hd__or4bb_4)
     2    0.008004    0.070468    0.237979   16.705374 ^ _1182_/X (sky130_fd_sc_hd__or4bb_4)
                                                         _0439_ (net)
                      0.070468    0.000101   16.705475 ^ _1191_/A1 (sky130_fd_sc_hd__a41o_4)
     3    0.015344    0.126568    0.433923   17.139399 ^ _1191_/X (sky130_fd_sc_hd__a41o_4)
                                                         _0448_ (net)
                      0.126568    0.000250   17.139648 ^ fanout22/A (sky130_fd_sc_hd__buf_8)
     5    0.029883    0.094454    0.221981   17.361629 ^ fanout22/X (sky130_fd_sc_hd__buf_8)
                                                         net22 (net)
                      0.094454    0.000224   17.361853 ^ rebuffer181/A (sky130_fd_sc_hd__buf_4)
     2    0.006705    0.057137    0.201453   17.563307 ^ rebuffer181/X (sky130_fd_sc_hd__buf_4)
                                                         net181 (net)
                      0.057137    0.000060   17.563366 ^ _1214_/B1 (sky130_fd_sc_hd__a22o_2)
     4    0.019151    0.188972    0.357019   17.920385 ^ _1214_/X (sky130_fd_sc_hd__a22o_2)
                                                         _0471_ (net)
                      0.188972    0.000105   17.920490 ^ _1215_/B1_N (sky130_fd_sc_hd__o21ba_2)
     1    0.003102    0.060651    0.336950   18.257441 v _1215_/X (sky130_fd_sc_hd__o21ba_2)
                                                         _0472_ (net)
                      0.060651    0.000034   18.257475 v _1216_/B1 (sky130_fd_sc_hd__a31o_2)
     2    0.012763    0.108498    0.443077   18.700550 v _1216_/X (sky130_fd_sc_hd__a31o_2)
                                                         _0473_ (net)
                      0.108498    0.000080   18.700630 v _1219_/B1 (sky130_fd_sc_hd__a311o_2)
     3    0.012694    0.141745    0.751875   19.452505 v _1219_/X (sky130_fd_sc_hd__a311o_2)
                                                         _0476_ (net)
                      0.141745    0.000306   19.452812 v _1242_/A2 (sky130_fd_sc_hd__a211o_4)
     2    0.008761    0.088589    0.634456   20.087267 v _1242_/X (sky130_fd_sc_hd__a211o_4)
                                                         _0499_ (net)
                      0.088589    0.000171   20.087439 v _1252_/A2 (sky130_fd_sc_hd__a21o_4)
     2    0.011785    0.073774    0.412012   20.499451 v _1252_/X (sky130_fd_sc_hd__a21o_4)
                                                         _0509_ (net)
                      0.073774    0.000243   20.499693 v fanout21/A (sky130_fd_sc_hd__buf_8)
    15    0.052493    0.085643    0.261574   20.761267 v fanout21/X (sky130_fd_sc_hd__buf_8)
                                                         net21 (net)
                      0.085742    0.002540   20.763807 v _1265_/B (sky130_fd_sc_hd__xor2_2)
     2    0.005273    0.172516    0.270799   21.034605 v _1265_/X (sky130_fd_sc_hd__xor2_2)
                                                         _0522_ (net)
                      0.172516    0.000039   21.034645 v _1266_/A (sky130_fd_sc_hd__or2_4)
     2    0.012546    0.100292    0.542482   21.577126 v _1266_/X (sky130_fd_sc_hd__or2_4)
                                                         _0523_ (net)
                      0.100292    0.000288   21.577414 v _1271_/A1 (sky130_fd_sc_hd__a31o_4)
     2    0.006966    0.065997    0.408276   21.985691 v _1271_/X (sky130_fd_sc_hd__a31o_4)
                                                         _0528_ (net)
                      0.065997    0.000078   21.985769 v _1281_/A1 (sky130_fd_sc_hd__a21o_4)
     2    0.006396    0.062074    0.362872   22.348640 v _1281_/X (sky130_fd_sc_hd__a21o_4)
                                                         _0538_ (net)
                      0.062074    0.000107   22.348747 v _1304_/A2 (sky130_fd_sc_hd__a311o_2)
     2    0.007059    0.114642    0.705004   23.053751 v _1304_/X (sky130_fd_sc_hd__a311o_2)
                                                         _0561_ (net)
                      0.114642    0.000052   23.053802 v _1308_/A2 (sky130_fd_sc_hd__a21o_4)
     3    0.014773    0.080205    0.432664   23.486467 v _1308_/X (sky130_fd_sc_hd__a21o_4)
                                                         _0565_ (net)
                      0.080273    0.000327   23.486794 v rebuffer135/A (sky130_fd_sc_hd__buf_2)
     2    0.024316    0.126714    0.317559   23.804354 v rebuffer135/X (sky130_fd_sc_hd__buf_2)
                                                         net135 (net)
                      0.126714    0.000076   23.804430 v rebuffer134/A (sky130_fd_sc_hd__buf_2)
     5    0.021822    0.117036    0.332125   24.136555 v rebuffer134/X (sky130_fd_sc_hd__buf_2)
                                                         net134 (net)
                      0.117036    0.000389   24.136944 v _1347_/C (sky130_fd_sc_hd__and3_2)
     1    0.009542    0.102108    0.497433   24.634377 v _1347_/X (sky130_fd_sc_hd__and3_2)
                                                         _0604_ (net)
                      0.102108    0.000130   24.634506 v _1348_/B (sky130_fd_sc_hd__xnor2_2)
     5    0.020926    0.469108    0.434934   25.069441 ^ _1348_/Y (sky130_fd_sc_hd__xnor2_2)
                                                         _0605_ (net)
                      0.469109    0.000560   25.070000 ^ _1355_/D_N (sky130_fd_sc_hd__or4b_4)
     2    0.007710    0.167412    1.079341   26.149342 v _1355_/X (sky130_fd_sc_hd__or4b_4)
                                                         _0612_ (net)
                      0.167412    0.000066   26.149406 v _1356_/C1 (sky130_fd_sc_hd__o211a_4)
     3    0.016161    0.092640    0.323007   26.472414 v _1356_/X (sky130_fd_sc_hd__o211a_4)
                                                         _0613_ (net)
                      0.092640    0.000242   26.472656 v _1359_/A2 (sky130_fd_sc_hd__o21ba_4)
     3    0.011436    0.073487    0.377716   26.850372 v _1359_/X (sky130_fd_sc_hd__o21ba_4)
                                                         _0616_ (net)
                      0.073487    0.000089   26.850460 v _1406_/B (sky130_fd_sc_hd__or3b_4)
     2    0.005124    0.119294    0.722029   27.572489 v _1406_/X (sky130_fd_sc_hd__or3b_4)
                                                         _0657_ (net)
                      0.119294    0.000028   27.572517 v _1414_/A1 (sky130_fd_sc_hd__a221o_2)
     1    0.005188    0.103412    0.689571   28.262089 v _1414_/X (sky130_fd_sc_hd__a221o_2)
                                                         _0664_ (net)
                      0.103412    0.000103   28.262192 v _1418_/A2 (sky130_fd_sc_hd__a32o_2)
     1    0.002770    0.066217    0.480954   28.743145 v _1418_/X (sky130_fd_sc_hd__a32o_2)
                                                         _0015_ (net)
                      0.066217    0.000030   28.743176 v _1606_/D (sky130_fd_sc_hd__dfrtp_2)
                                             28.743176   data arrival time

                                 25.000000   25.000000   clock clk (rise edge)
                                  0.000000   25.000000   clock source latency
     2    0.022788    0.169421    0.116099   25.116098 ^ clk (in)
                                                         clk (net)
                      0.169428    0.000000   25.116098 ^ clkbuf_0_clk/A (sky130_fd_sc_hd__clkbuf_16)
    33    0.121310    0.205951    0.382299   25.498398 ^ clkbuf_0_clk/X (sky130_fd_sc_hd__clkbuf_16)
                                                         clknet_0_clk (net)
                      0.205966    0.002123   25.500519 ^ clkbuf_4_11_0_clk/A (sky130_fd_sc_hd__clkbuf_8)
    11    0.026740    0.099671    0.313666   25.814186 ^ clkbuf_4_11_0_clk/X (sky130_fd_sc_hd__clkbuf_8)
                                                         clknet_4_11_0_clk (net)
                      0.099673    0.000622   25.814808 ^ _1606_/CLK (sky130_fd_sc_hd__dfrtp_2)
                                 -0.250000   25.564808   clock uncertainty
                                  0.000000   25.564808   clock reconvergence pessimism
                                 -0.267121   25.297686   library setup time
                                             25.297686   data required time
---------------------------------------------------------------------------------------------
                                             25.297686   data required time
                                            -28.743176   data arrival time
---------------------------------------------------------------------------------------------
                                             -3.445489   slack (VIOLATED)




===========================================================================
 report_check_types -max_slew -max_cap -max_fanout -violators
============================================================================
======================= min_ss_100C_1v60 Corner ===================================

max slew

Pin                                        Limit        Slew       Slack
------------------------------------------------------------------------
_1423_/B1                               0.750000    1.218075   -0.468075 (VIOLATED)
_1430_/B1                               0.750000    1.218075   -0.468075 (VIOLATED)
_1437_/B1                               0.750000    1.218075   -0.468075 (VIOLATED)
ANTENNA__0893__C/DIODE                  0.750000    1.218074   -0.468074 (VIOLATED)
ANTENNA__0894__A2/DIODE                 0.750000    1.218074   -0.468074 (VIOLATED)
ANTENNA__1410__B1/DIODE                 0.750000    1.218074   -0.468074 (VIOLATED)
ANTENNA__1423__B1/DIODE                 0.750000    1.218074   -0.468074 (VIOLATED)
ANTENNA__1430__B1/DIODE                 0.750000    1.218074   -0.468074 (VIOLATED)
ANTENNA__1437__B1/DIODE                 0.750000    1.218074   -0.468074 (VIOLATED)
ANTENNA__1445__B1/DIODE                 0.750000    1.218074   -0.468074 (VIOLATED)
ANTENNA__1483__B1/DIODE                 0.750000    1.218074   -0.468074 (VIOLATED)
ANTENNA__1487__A2/DIODE                 0.750000    1.218074   -0.468074 (VIOLATED)
ANTENNA__1489__A2/DIODE                 0.750000    1.218074   -0.468074 (VIOLATED)
ANTENNA_fanout35_X/DIODE                0.750000    1.218074   -0.468074 (VIOLATED)
_0893_/C                                0.750000    1.218074   -0.468074 (VIOLATED)
_0894_/A2                               0.750000    1.218074   -0.468074 (VIOLATED)
_1410_/B1                               0.750000    1.218074   -0.468074 (VIOLATED)
_1445_/B1                               0.750000    1.218074   -0.468074 (VIOLATED)
_1483_/B1                               0.750000    1.218074   -0.468074 (VIOLATED)
_1487_/A2                               0.750000    1.218074   -0.468074 (VIOLATED)
_1489_/A2                               0.750000    1.218074   -0.468074 (VIOLATED)
fanout35/X                              0.750000    1.218074   -0.468074 (VIOLATED)
ANTENNA__0860__D_N/DIODE                0.750000    0.979456   -0.229456 (VIOLATED)
ANTENNA__0865__A/DIODE                  0.750000    0.979456   -0.229456 (VIOLATED)
ANTENNA__0877__C1/DIODE                 0.750000    0.979456   -0.229456 (VIOLATED)
ANTENNA__0882__B/DIODE                  0.750000    0.979456   -0.229456 (VIOLATED)
ANTENNA__1208__A/DIODE                  0.750000    0.979456   -0.229456 (VIOLATED)
ANTENNA__1213__A1/DIODE                 0.750000    0.979456   -0.229456 (VIOLATED)
ANTENNA__1265__A/DIODE                  0.750000    0.979456   -0.229456 (VIOLATED)
ANTENNA__1375__A/DIODE                  0.750000    0.979456   -0.229456 (VIOLATED)
ANTENNA__1376__A/DIODE                  0.750000    0.979456   -0.229456 (VIOLATED)
ANTENNA__1381__B2/DIODE                 0.750000    0.979456   -0.229456 (VIOLATED)
ANTENNA_fanout53_X/DIODE                0.750000    0.979456   -0.229456 (VIOLATED)
_0860_/D_N                              0.750000    0.979456   -0.229456 (VIOLATED)
_0865_/A                                0.750000    0.979456   -0.229456 (VIOLATED)
_0877_/C1                               0.750000    0.979456   -0.229456 (VIOLATED)
_0882_/B                                0.750000    0.979456   -0.229456 (VIOLATED)
_1208_/A                                0.750000    0.979456   -0.229456 (VIOLATED)
_1213_/A1                               0.750000    0.979456   -0.229456 (VIOLATED)
_1265_/A                                0.750000    0.979456   -0.229456 (VIOLATED)
_1375_/A                                0.750000    0.979456   -0.229456 (VIOLATED)
_1376_/A                                0.750000    0.979456   -0.229456 (VIOLATED)
_1381_/B2                               0.750000    0.979456   -0.229456 (VIOLATED)
fanout53/X                              0.750000    0.979456   -0.229456 (VIOLATED)
_1001_/A2                               0.750000    0.955953   -0.205953 (VIOLATED)
_0993_/A2                               0.750000    0.955953   -0.205953 (VIOLATED)
_1002_/C                                0.750000    0.955953   -0.205953 (VIOLATED)
_0994_/A2                               0.750000    0.955953   -0.205953 (VIOLATED)
_0965_/B                                0.750000    0.955951   -0.205951 (VIOLATED)
_0966_/B                                0.750000    0.955951   -0.205951 (VIOLATED)
_0967_/B2                               0.750000    0.955951   -0.205951 (VIOLATED)
_0979_/A2                               0.750000    0.955951   -0.205951 (VIOLATED)
_0980_/A2                               0.750000    0.955951   -0.205951 (VIOLATED)
_0985_/A2                               0.750000    0.955951   -0.205951 (VIOLATED)
fanout31/X                              0.750000    0.955951   -0.205951 (VIOLATED)
_1085_/A2                               0.750000    0.953090   -0.203090 (VIOLATED)
_1088_/A1                               0.750000    0.953090   -0.203090 (VIOLATED)
_1087_/A2                               0.750000    0.953090   -0.203090 (VIOLATED)
_1080_/B                                0.750000    0.953088   -0.203088 (VIOLATED)
_1079_/Y                                0.750000    0.953083   -0.203083 (VIOLATED)
_1109_/B1                               0.750000    0.953083   -0.203083 (VIOLATED)
_1204_/B2                               0.750000    0.926124   -0.176124 (VIOLATED)
_1210_/A1                               0.750000    0.926124   -0.176124 (VIOLATED)
_1206_/A1                               0.750000    0.926124   -0.176124 (VIOLATED)
_1211_/A1                               0.750000    0.926123   -0.176123 (VIOLATED)
_1144_/A                                0.750000    0.926123   -0.176123 (VIOLATED)
_1192_/A                                0.750000    0.926123   -0.176123 (VIOLATED)
_1195_/A1                               0.750000    0.926123   -0.176123 (VIOLATED)
_1196_/A2                               0.750000    0.926123   -0.176123 (VIOLATED)
_1214_/B2                               0.750000    0.926123   -0.176123 (VIOLATED)
_1216_/A1                               0.750000    0.926123   -0.176123 (VIOLATED)
fanout23/X                              0.750000    0.926123   -0.176123 (VIOLATED)
ANTENNA__1609__RESET_B/DIODE            0.750000    0.907136   -0.157136 (VIOLATED)
ANTENNA__1610__RESET_B/DIODE            0.750000    0.907136   -0.157136 (VIOLATED)
ANTENNA__1613__RESET_B/DIODE            0.750000    0.907136   -0.157136 (VIOLATED)
ANTENNA__1614__RESET_B/DIODE            0.750000    0.907136   -0.157136 (VIOLATED)
ANTENNA__1615__RESET_B/DIODE            0.750000    0.907136   -0.157136 (VIOLATED)
ANTENNA__1626__RESET_B/DIODE            0.750000    0.907136   -0.157136 (VIOLATED)
ANTENNA__1627__RESET_B/DIODE            0.750000    0.907136   -0.157136 (VIOLATED)
ANTENNA_fanout63_A/DIODE                0.750000    0.907136   -0.157136 (VIOLATED)
ANTENNA_fanout64_X/DIODE                0.750000    0.907136   -0.157136 (VIOLATED)
_1609_/RESET_B                          0.750000    0.907136   -0.157136 (VIOLATED)
_1610_/RESET_B                          0.750000    0.907136   -0.157136 (VIOLATED)
_1613_/RESET_B                          0.750000    0.907136   -0.157136 (VIOLATED)
_1614_/RESET_B                          0.750000    0.907136   -0.157136 (VIOLATED)
_1615_/RESET_B                          0.750000    0.907136   -0.157136 (VIOLATED)
_1626_/RESET_B                          0.750000    0.907136   -0.157136 (VIOLATED)
_1627_/RESET_B                          0.750000    0.907136   -0.157136 (VIOLATED)
fanout63/A                              0.750000    0.907136   -0.157136 (VIOLATED)
fanout64/X                              0.750000    0.907136   -0.157136 (VIOLATED)
_1390_/B1                               0.750000    0.857053   -0.107053 (VIOLATED)
_1393_/B1                               0.750000    0.857053   -0.107053 (VIOLATED)
_1398_/B1                               0.750000    0.857053   -0.107053 (VIOLATED)
_1407_/A                                0.750000    0.857053   -0.107053 (VIOLATED)
_1427_/A                                0.750000    0.857053   -0.107053 (VIOLATED)
_1442_/C1                               0.750000    0.857053   -0.107053 (VIOLATED)
_1458_/B1                               0.750000    0.857053   -0.107053 (VIOLATED)
_1467_/A                                0.750000    0.857053   -0.107053 (VIOLATED)
_1473_/C1                               0.750000    0.857053   -0.107053 (VIOLATED)
_1480_/B                                0.750000    0.857053   -0.107053 (VIOLATED)
fanout33/X                              0.750000    0.857053   -0.107053 (VIOLATED)
_0859_/C                                0.750000    0.769756   -0.019756 (VIOLATED)
_0864_/D_N                              0.750000    0.769756   -0.019756 (VIOLATED)
_0879_/A2                               0.750000    0.769756   -0.019756 (VIOLATED)
_0936_/A                                0.750000    0.769756   -0.019756 (VIOLATED)
_1001_/B1                               0.750000    0.769756   -0.019756 (VIOLATED)
_1002_/A                                0.750000    0.769756   -0.019756 (VIOLATED)
_1415_/A                                0.750000    0.769756   -0.019756 (VIOLATED)
_1416_/A                                0.750000    0.769756   -0.019756 (VIOLATED)
_1418_/B2                               0.750000    0.769756   -0.019756 (VIOLATED)
_1421_/A1                               0.750000    0.769756   -0.019756 (VIOLATED)
fanout51/X                              0.750000    0.769756   -0.019756 (VIOLATED)
_0974_/A                                0.750000    0.768502   -0.018502 (VIOLATED)
_1023_/A                                0.750000    0.768502   -0.018502 (VIOLATED)
_1024_/A                                0.750000    0.768502   -0.018502 (VIOLATED)
_1026_/A1_N                             0.750000    0.768502   -0.018502 (VIOLATED)
_1033_/A1                               0.750000    0.768502   -0.018502 (VIOLATED)
_1034_/B                                0.750000    0.768502   -0.018502 (VIOLATED)
_1038_/A1                               0.750000    0.768502   -0.018502 (VIOLATED)
_1039_/A2                               0.750000    0.768502   -0.018502 (VIOLATED)
_1047_/A1                               0.750000    0.768502   -0.018502 (VIOLATED)
_1049_/A1_N                             0.750000    0.768502   -0.018502 (VIOLATED)
fanout30/X                              0.750000    0.768502   -0.018502 (VIOLATED)

max fanout

Pin                                   Limit Fanout  Slack
---------------------------------------------------------
clkbuf_0_clk/X                           10     33    -23 (VIOLATED)
fanout35/X                               10     21    -11 (VIOLATED)
fanout53/X                               10     21    -11 (VIOLATED)
_0892_/Y                                 10     19     -9 (VIOLATED)
fanout64/X                               10     17     -7 (VIOLATED)
load_slew58/X                            10     17     -7 (VIOLATED)
fanout21/X                               10     15     -5 (VIOLATED)
_1653_/Q                                 10     11        (VIOLATED)
clkbuf_4_11_0_clk/X                      10     11        (VIOLATED)



===========================================================================
report_parasitic_annotation -report_unannotated
============================================================================
Found 102 unannotated drivers.
 gpio_in[10]
 gpio_in[11]
 gpio_in[12]
 gpio_in[13]
 gpio_in[14]
 gpio_in[15]
 gpio_in[16]
 gpio_in[17]
 gpio_in[18]
 gpio_in[19]
 gpio_in[20]
 gpio_in[21]
 gpio_in[22]
 gpio_in[23]
 gpio_in[24]
 gpio_in[25]
 gpio_in[26]
 gpio_in[27]
 gpio_in[28]
 gpio_in[29]
 gpio_in[30]
 gpio_in[31]
 gpio_in[32]
 gpio_in[33]
 gpio_in[4]
 gpio_in[5]
 gpio_in[6]
 gpio_in[7]
 gpio_in[8]
 gpio_in[9]
 clkload0/X
 clkload1/X
 clkload10/X
 clkload11/X
 clkload12/X
 clkload2/X
 clkload3/X
 clkload4/X
 clkload5/X
 clkload6/X
 clkload7/X
 clkload8/X
 clkload9/X
 team_04/HI
 team_04_100/LO
 team_04_101/LO
 team_04_102/LO
 team_04_103/LO
 team_04_104/LO
 team_04_105/LO
 team_04_106/LO
 team_04_107/LO
 team_04_108/LO
 team_04_109/LO
 team_04_110/LO
 team_04_111/LO
 team_04_112/LO
 team_04_113/LO
 team_04_114/LO
 team_04_115/LO
 team_04_116/LO
 team_04_117/LO
 team_04_118/LO
 team_04_119/LO
 team_04_120/LO
 team_04_121/LO
 team_04_122/LO
 team_04_65/HI
 team_04_66/HI
 team_04_67/HI
 team_04_68/HI
 team_04_69/HI
 team_04_70/HI
 team_04_71/HI
 team_04_72/HI
 team_04_73/HI
 team_04_74/HI
 team_04_75/HI
 team_04_76/HI
 team_04_77/HI
 team_04_78/HI
 team_04_79/HI
 team_04_80/HI
 team_04_81/HI
 team_04_82/HI
 team_04_83/HI
 team_04_84/HI
 team_04_85/HI
 team_04_86/HI
 team_04_87/HI
 team_04_88/HI
 team_04_89/HI
 team_04_90/HI
 team_04_91/HI
 team_04_92/HI
 team_04_93/HI
 team_04_94/HI
 team_04_95/HI
 team_04_96/HI
 team_04_97/HI
 team_04_98/LO
 team_04_99/LO
Found 0 partially unannotated drivers.

===========================================================================
max slew violation count 123
max fanout violation count 9
max cap violation count 0
============================================================================

===========================================================================
check_setup -verbose -unconstrained_endpoints -multiple_clock -no_clock -no_input_delay -loops -generated_clocks
===========================================================================
