Clock: clk
Sources: clk 
Generated: no
Virtual: yes
Propagated: no
Period: 25.000000

===========================================================================
report_clock_properties
============================================================================
Clock                   Period          Waveform
----------------------------------------------------
clk                  25.000000    0.000000 12.500000

===========================================================================
report_clock_latency
============================================================================
Clock clk
rise -> rise
    min     max
0.000000 0.000000 source latency
0.760882         network latency _1593_/CLK
        0.766596 network latency _1618_/CLK
---------------
0.760882 0.766596 latency
        0.005714 skew

fall -> fall
    min     max
0.000000 0.000000 source latency
0.696439         network latency _1593_/CLK
        0.700896 network latency _1634_/CLK
---------------
0.696439 0.700896 latency
        0.004457 skew



===========================================================================
report_clock_min_period
============================================================================
clk period_min = 31.52 fmax = 31.72
