Clock: clk
Sources: clk 
Generated: no
Virtual: yes
Propagated: no
Period: 25.000000

===========================================================================
report_clock_properties
============================================================================
Clock                   Period          Waveform
----------------------------------------------------
clk                  25.000000    0.000000 12.500000

===========================================================================
report_clock_latency
============================================================================
Clock clk
rise -> rise
    min     max
0.000000 0.000000 source latency
0.610177         network latency _8403_/CLK
        0.683302 network latency _8400_/CLK
---------------
0.610177 0.683302 latency
        0.073126 skew

fall -> fall
    min     max
0.000000 0.000000 source latency
0.493653         network latency _8403_/CLK
        0.547004 network latency _8400_/CLK
---------------
0.493653 0.547004 latency
        0.053351 skew



===========================================================================
report_clock_min_period
============================================================================
clk period_min = 13.82 fmax = 72.33
