
===========================================================================
report_checks -unconstrained
===========================================================================
======================= max_tt_025C_1v80 Corner ===================================

Startpoint: en (input port clocked by clk)
Endpoint: _8420_ (recovery check against rising-edge clock clk)
Path Group: asynchronous
Path Type: max

Fanout         Cap        Slew       Delay        Time   Description
---------------------------------------------------------------------------------------------
                                  0.000000    0.000000   clock clk (rise edge)
                                  0.000000    0.000000   clock network delay (propagated)
                                  5.000000    5.000000 ^ input external delay
     2    0.004322    0.026345    0.015689    5.015689 ^ en (in)
                                                         en (net)
                      0.026346    0.000000    5.015689 ^ input1/A (sky130_fd_sc_hd__clkbuf_1)
     1    0.003849    0.055548    0.082450    5.098140 ^ input1/X (sky130_fd_sc_hd__clkbuf_1)
                                                         net1 (net)
                      0.055549    0.000285    5.098425 ^ _4273_/B (sky130_fd_sc_hd__and2_1)
     5    0.033287    0.326121    0.318113    5.416538 ^ _4273_/X (sky130_fd_sc_hd__and2_1)
                                                         PID_INST.add_three.n_rst (net)
                      0.326132    0.001593    5.418131 ^ fanout339/A (sky130_fd_sc_hd__clkbuf_4)
    15    0.087617    0.264005    0.379196    5.797327 ^ fanout339/X (sky130_fd_sc_hd__clkbuf_4)
                                                         net339 (net)
                      0.264030    0.002202    5.799529 ^ fanout327/A (sky130_fd_sc_hd__clkbuf_4)
    21    0.072549    0.220505    0.334491    6.134020 ^ fanout327/X (sky130_fd_sc_hd__clkbuf_4)
                                                         net327 (net)
                      0.221095    0.009317    6.143336 ^ fanout326/A (sky130_fd_sc_hd__clkbuf_4)
    10    0.057089    0.176091    0.291392    6.434729 ^ fanout326/X (sky130_fd_sc_hd__clkbuf_4)
                                                         net326 (net)
                      0.176401    0.005298    6.440026 ^ _8420_/RESET_B (sky130_fd_sc_hd__dfrtp_1)
                                              6.440026   data arrival time

                                 25.000000   25.000000   clock clk (rise edge)
                                  0.000000   25.000000   clock source latency
     2    0.040170    0.185467    0.131685   25.131683 ^ clk (in)
                                                         clk (net)
                      0.185831    0.000000   25.131683 ^ clkbuf_0_clk/A (sky130_fd_sc_hd__clkbuf_16)
    33    0.155585    0.169061    0.264178   25.395863 ^ clkbuf_0_clk/X (sky130_fd_sc_hd__clkbuf_16)
                                                         clknet_0_clk (net)
                      0.171670    0.016692   25.412554 ^ clkbuf_4_2_0_clk/A (sky130_fd_sc_hd__clkbuf_8)
     6    0.049931    0.098598    0.211283   25.623838 ^ clkbuf_4_2_0_clk/X (sky130_fd_sc_hd__clkbuf_8)
                                                         clknet_4_2_0_clk (net)
                      0.098716    0.003061   25.626898 ^ _8420_/CLK (sky130_fd_sc_hd__dfrtp_1)
                                 -0.250000   25.376900   clock uncertainty
                                  0.000000   25.376900   clock reconvergence pessimism
                                  0.213069   25.589968   library recovery time
                                             25.589968   data required time
---------------------------------------------------------------------------------------------
                                             25.589968   data required time
                                             -6.440026   data arrival time
---------------------------------------------------------------------------------------------
                                             19.149942   slack (MET)


Startpoint: gpio_in[4] (input port clocked by clk)
Endpoint: _8486_ (rising edge-triggered flip-flop clocked by clk)
Path Group: clk
Path Type: max

Fanout         Cap        Slew       Delay        Time   Description
---------------------------------------------------------------------------------------------
                                  0.000000    0.000000   clock clk (rise edge)
                                  0.000000    0.000000   clock network delay (propagated)
                                  5.000000    5.000000 v input external delay
     2    0.005667    0.015066    0.009248    5.009248 v gpio_in[4] (in)
                                                         gpio_in[4] (net)
                      0.015069    0.000000    5.009248 v input14/A (sky130_fd_sc_hd__clkbuf_4)
    13    0.072642    0.147157    0.220084    5.229332 v input14/X (sky130_fd_sc_hd__clkbuf_4)
                                                         net14 (net)
                      0.147296    0.003803    5.233135 v _4208_/A1 (sky130_fd_sc_hd__o21ai_2)
     5    0.027427    0.328819    0.343287    5.576422 ^ _4208_/Y (sky130_fd_sc_hd__o21ai_2)
                                                         _2242_ (net)
                      0.328834    0.001815    5.578238 ^ fanout148/A (sky130_fd_sc_hd__clkbuf_4)
    21    0.078399    0.237630    0.363312    5.941550 ^ fanout148/X (sky130_fd_sc_hd__clkbuf_4)
                                                         net148 (net)
                      0.237805    0.005338    5.946887 ^ _4209_/A (sky130_fd_sc_hd__inv_2)
     3    0.024875    0.093131    0.117537    6.064424 v _4209_/Y (sky130_fd_sc_hd__inv_2)
                                                         PID_INST.k3_calc.d1.y[2] (net)
                      0.093147    0.001037    6.065461 v fanout121/A (sky130_fd_sc_hd__clkbuf_4)
    21    0.070545    0.143205    0.252405    6.317865 v fanout121/X (sky130_fd_sc_hd__clkbuf_4)
                                                         net121 (net)
                      0.143260    0.002383    6.320249 v fanout120/A (sky130_fd_sc_hd__buf_2)
    21    0.062077    0.147516    0.266173    6.586422 v fanout120/X (sky130_fd_sc_hd__buf_2)
                                                         net120 (net)
                      0.147806    0.004875    6.591297 v _4652_/B (sky130_fd_sc_hd__nand4_1)
     4    0.010813    0.146325    0.184405    6.775702 ^ _4652_/Y (sky130_fd_sc_hd__nand4_1)
                                                         _3930_ (net)
                      0.146325    0.000390    6.776093 ^ _4659_/C (sky130_fd_sc_hd__and4_1)
     2    0.005954    0.083913    0.225850    7.001943 ^ _4659_/X (sky130_fd_sc_hd__and4_1)
                                                         _3937_ (net)
                      0.083913    0.000338    7.002281 ^ _4661_/A_N (sky130_fd_sc_hd__and2b_1)
     1    0.004646    0.041377    0.188831    7.191112 v _4661_/X (sky130_fd_sc_hd__and2b_1)
                                                         _3939_ (net)
                      0.041379    0.000350    7.191462 v _4663_/A (sky130_fd_sc_hd__xnor2_1)
     1    0.003226    0.048198    0.119774    7.311236 v _4663_/Y (sky130_fd_sc_hd__xnor2_1)
                                                         _3941_ (net)
                      0.048204    0.000139    7.311374 v _4666_/B1 (sky130_fd_sc_hd__a41o_1)
     1    0.002380    0.036641    0.194856    7.506230 v _4666_/X (sky130_fd_sc_hd__a41o_1)
                                                         _3944_ (net)
                      0.036641    0.000111    7.506341 v _4670_/A (sky130_fd_sc_hd__nand3_1)
     2    0.006970    0.096846    0.086501    7.592842 ^ _4670_/Y (sky130_fd_sc_hd__nand3_1)
                                                         _3948_ (net)
                      0.096846    0.000433    7.593275 ^ _4672_/A (sky130_fd_sc_hd__nand2_1)
     1    0.003351    0.052254    0.061749    7.655024 v _4672_/Y (sky130_fd_sc_hd__nand2_1)
                                                         _3950_ (net)
                      0.052254    0.000142    7.655166 v _4675_/A2 (sky130_fd_sc_hd__a31o_1)
     2    0.007133    0.056371    0.224270    7.879436 v _4675_/X (sky130_fd_sc_hd__a31o_1)
                                                         _3953_ (net)
                      0.056373    0.000411    7.879847 v _4677_/A2 (sky130_fd_sc_hd__o21a_1)
     1    0.002522    0.033467    0.164422    8.044270 v _4677_/X (sky130_fd_sc_hd__o21a_1)
                                                         _3955_ (net)
                      0.033467    0.000176    8.044445 v _4678_/C1 (sky130_fd_sc_hd__a221o_1)
     1    0.005784    0.067101    0.272584    8.317029 v _4678_/X (sky130_fd_sc_hd__a221o_1)
                                                         _3956_ (net)
                      0.067103    0.000458    8.317488 v _4681_/A2 (sky130_fd_sc_hd__a22o_1)
     1    0.004123    0.046261    0.239305    8.556792 v _4681_/X (sky130_fd_sc_hd__a22o_1)
                                                         _3959_ (net)
                      0.046261    0.000267    8.557059 v _4683_/A2 (sky130_fd_sc_hd__a31o_1)
     2    0.009441    0.065230    0.233064    8.790124 v _4683_/X (sky130_fd_sc_hd__a31o_1)
                                                         _3961_ (net)
                      0.065236    0.000654    8.790777 v _4684_/C (sky130_fd_sc_hd__and3_1)
     3    0.019299    0.107008    0.251542    9.042319 v _4684_/X (sky130_fd_sc_hd__and3_1)
                                                         _3962_ (net)
                      0.107070    0.002371    9.044690 v _4740_/A (sky130_fd_sc_hd__and2_1)
     2    0.005709    0.046892    0.173122    9.217813 v _4740_/X (sky130_fd_sc_hd__and2_1)
                                                         _4018_ (net)
                      0.046895    0.000441    9.218253 v _4809_/A3 (sky130_fd_sc_hd__o311a_1)
     3    0.016289    0.110885    0.354548    9.572801 v _4809_/X (sky130_fd_sc_hd__o311a_1)
                                                         _4087_ (net)
                      0.110897    0.001200    9.574000 v _4877_/A2 (sky130_fd_sc_hd__o211ai_4)
     4    0.019950    0.224676    0.243263    9.817264 ^ _4877_/Y (sky130_fd_sc_hd__o211ai_4)
                                                         _4155_ (net)
                      0.224679    0.001585    9.818849 ^ _5034_/A2 (sky130_fd_sc_hd__a211oi_2)
     4    0.012818    0.113635    0.138217    9.957066 v _5034_/Y (sky130_fd_sc_hd__a211oi_2)
                                                         _0224_ (net)
                      0.113638    0.000683    9.957748 v _5211_/A3 (sky130_fd_sc_hd__o311a_1)
     3    0.014765    0.104541    0.370554   10.328303 v _5211_/X (sky130_fd_sc_hd__o311a_1)
                                                         _0401_ (net)
                      0.104552    0.001086   10.329390 v _5284_/A3 (sky130_fd_sc_hd__o31ai_4)
     8    0.026767    0.364509    0.341990   10.671380 ^ _5284_/Y (sky130_fd_sc_hd__o31ai_4)
                                                         _0474_ (net)
                      0.364511    0.001546   10.672926 ^ _6000_/A1 (sky130_fd_sc_hd__a311o_1)
     2    0.010268    0.125408    0.281402   10.954329 ^ _6000_/X (sky130_fd_sc_hd__a311o_1)
                                                         _1190_ (net)
                      0.125411    0.000776   10.955105 ^ _6393_/A2 (sky130_fd_sc_hd__a311o_2)
     5    0.020653    0.121618    0.252139   11.207244 ^ _6393_/X (sky130_fd_sc_hd__a311o_2)
                                                         _1581_ (net)
                      0.121652    0.001937   11.209181 ^ _6552_/A2 (sky130_fd_sc_hd__a21oi_1)
     2    0.007147    0.084479    0.105543   11.314724 v _6552_/Y (sky130_fd_sc_hd__a21oi_1)
                                                         _1739_ (net)
                      0.084481    0.000485   11.315208 v _6829_/A2 (sky130_fd_sc_hd__o21ai_2)
     7    0.026268    0.316866    0.289568   11.604777 ^ _6829_/Y (sky130_fd_sc_hd__o21ai_2)
                                                         _2034_ (net)
                      0.316872    0.001174   11.605951 ^ _6909_/B1 (sky130_fd_sc_hd__o21ai_1)
     1    0.008999    0.125817    0.169984   11.775935 v _6909_/Y (sky130_fd_sc_hd__o21ai_1)
                                                         _2119_ (net)
                      0.125818    0.000689   11.776625 v _6935_/A (sky130_fd_sc_hd__xnor2_2)
     9    0.033515    0.443559    0.420006   12.196630 ^ _6935_/Y (sky130_fd_sc_hd__xnor2_2)
                                                         _2147_ (net)
                      0.443569    0.001738   12.198369 ^ fanout37/A (sky130_fd_sc_hd__buf_2)
    21    0.063970    0.311446    0.388458   12.586827 ^ fanout37/X (sky130_fd_sc_hd__buf_2)
                                                         net37 (net)
                      0.312023    0.011012   12.597838 ^ _6936_/B (sky130_fd_sc_hd__nor2_1)
     2    0.013198    0.113402    0.145479   12.743318 v _6936_/Y (sky130_fd_sc_hd__nor2_1)
                                                         _2148_ (net)
                      0.113406    0.000790   12.744107 v _6944_/A (sky130_fd_sc_hd__xnor2_2)
     2    0.016212    0.246319    0.272992   13.017099 ^ _6944_/Y (sky130_fd_sc_hd__xnor2_2)
                                                         _2156_ (net)
                      0.246329    0.001279   13.018379 ^ _6945_/B (sky130_fd_sc_hd__xnor2_1)
     2    0.007494    0.206184    0.185788   13.204167 ^ _6945_/Y (sky130_fd_sc_hd__xnor2_1)
                                                         _2157_ (net)
                      0.206184    0.000302   13.204469 ^ _6947_/B (sky130_fd_sc_hd__xnor2_1)
     2    0.008178    0.219802    0.183682   13.388150 ^ _6947_/Y (sky130_fd_sc_hd__xnor2_1)
                                                         _2159_ (net)
                      0.219804    0.000540   13.388691 ^ _6997_/A (sky130_fd_sc_hd__xnor2_1)
     2    0.007000    0.196445    0.176344   13.565035 ^ _6997_/Y (sky130_fd_sc_hd__xnor2_1)
                                                         _2213_ (net)
                      0.196445    0.000285   13.565320 ^ _7000_/A (sky130_fd_sc_hd__xor2_1)
     2    0.008057    0.203820    0.231168   13.796488 ^ _7000_/X (sky130_fd_sc_hd__xor2_1)
                                                         _2216_ (net)
                      0.203820    0.000306   13.796794 ^ _7002_/B (sky130_fd_sc_hd__xnor2_1)
     2    0.007120    0.198767    0.175339   13.972134 ^ _7002_/Y (sky130_fd_sc_hd__xnor2_1)
                                                         _2218_ (net)
                      0.198767    0.000289   13.972422 ^ _7006_/A (sky130_fd_sc_hd__xor2_1)
     2    0.010610    0.250150    0.266247   14.238668 ^ _7006_/X (sky130_fd_sc_hd__xor2_1)
                                                         _2222_ (net)
                      0.250151    0.000410   14.239079 ^ _7007_/B1 (sky130_fd_sc_hd__o311a_4)
     3    0.018265    0.077364    0.275082   14.514161 ^ _7007_/X (sky130_fd_sc_hd__o311a_4)
                                                         _2223_ (net)
                      0.077395    0.001394   14.515555 ^ _7323_/A1 (sky130_fd_sc_hd__o211ai_4)
     6    0.017476    0.095425    0.108590   14.624145 v _7323_/Y (sky130_fd_sc_hd__o211ai_4)
                                                         _2557_ (net)
                      0.095431    0.001424   14.625568 v _7629_/A2 (sky130_fd_sc_hd__a311o_1)
     2    0.006283    0.070874    0.346210   14.971779 v _7629_/X (sky130_fd_sc_hd__a311o_1)
                                                         _2881_ (net)
                      0.070874    0.000353   14.972133 v _7857_/A2 (sky130_fd_sc_hd__a21o_1)
     2    0.005316    0.043672    0.193763   15.165895 v _7857_/X (sky130_fd_sc_hd__a21o_1)
                                                         _3113_ (net)
                      0.043673    0.000302   15.166198 v _7858_/A2 (sky130_fd_sc_hd__a21o_1)
     3    0.007969    0.055657    0.195044   15.361241 v _7858_/X (sky130_fd_sc_hd__a21o_1)
                                                         _3114_ (net)
                      0.055662    0.000545   15.361787 v _8008_/B (sky130_fd_sc_hd__and2_1)
     1    0.002166    0.032472    0.150958   15.512745 v _8008_/X (sky130_fd_sc_hd__and2_1)
                                                         _3263_ (net)
                      0.032472    0.000101   15.512847 v _8009_/C1 (sky130_fd_sc_hd__a311o_1)
     3    0.010978    0.091958    0.311294   15.824141 v _8009_/X (sky130_fd_sc_hd__a311o_1)
                                                         _3264_ (net)
                      0.091963    0.000785   15.824925 v _8270_/A2 (sky130_fd_sc_hd__a31o_1)
     2    0.007879    0.060124    0.244441   16.069366 v _8270_/X (sky130_fd_sc_hd__a31o_1)
                                                         _3543_ (net)
                      0.060126    0.000407   16.069773 v _8273_/A2 (sky130_fd_sc_hd__a21oi_1)
     1    0.005185    0.147376    0.175268   16.245041 ^ _8273_/Y (sky130_fd_sc_hd__a21oi_1)
                                                         _3545_ (net)
                      0.147376    0.000382   16.245422 ^ _8362_/A (sky130_fd_sc_hd__xnor2_1)
     1    0.003388    0.057105    0.092987   16.338409 v _8362_/Y (sky130_fd_sc_hd__xnor2_1)
                                                         _3641_ (net)
                      0.057105    0.000208   16.338617 v _8363_/A1 (sky130_fd_sc_hd__mux2_1)
     1    0.002380    0.052786    0.287045   16.625664 v _8363_/X (sky130_fd_sc_hd__mux2_1)
                                                         _0074_ (net)
                      0.052786    0.000165   16.625828 v _8486_/D (sky130_fd_sc_hd__dfrtp_1)
                                             16.625828   data arrival time

                                 25.000000   25.000000   clock clk (rise edge)
                                  0.000000   25.000000   clock source latency
     2    0.040170    0.185467    0.131685   25.131683 ^ clk (in)
                                                         clk (net)
                      0.185831    0.000000   25.131683 ^ clkbuf_0_clk/A (sky130_fd_sc_hd__clkbuf_16)
    33    0.155585    0.169061    0.264178   25.395863 ^ clkbuf_0_clk/X (sky130_fd_sc_hd__clkbuf_16)
                                                         clknet_0_clk (net)
                      0.170466    0.012379   25.408241 ^ clkbuf_4_15_0_clk/A (sky130_fd_sc_hd__clkbuf_8)
    15    0.067272    0.126331    0.230630   25.638872 ^ clkbuf_4_15_0_clk/X (sky130_fd_sc_hd__clkbuf_8)
                                                         clknet_4_15_0_clk (net)
                      0.126671    0.004876   25.643747 ^ _8486_/CLK (sky130_fd_sc_hd__dfrtp_1)
                                 -0.250000   25.393747   clock uncertainty
                                  0.000000   25.393747   clock reconvergence pessimism
                                 -0.098966   25.294783   library setup time
                                             25.294783   data required time
---------------------------------------------------------------------------------------------
                                             25.294783   data required time
                                            -16.625828   data arrival time
---------------------------------------------------------------------------------------------
                                              8.668954   slack (MET)




===========================================================================
report_checks --slack_max -0.01
============================================================================
======================= max_tt_025C_1v80 Corner ===================================

No paths found.


===========================================================================
 report_check_types -max_slew -max_cap -max_fanout -violators
============================================================================
======================= max_tt_025C_1v80 Corner ===================================

max fanout

Pin                                   Limit Fanout  Slack
---------------------------------------------------------
clkbuf_0_clk/X                           10     33    -23 (VIOLATED)
clkbuf_4_1_0_clk/X                       10     25    -15 (VIOLATED)
_4190_/Y                                 10     21    -11 (VIOLATED)
_4496_/Y                                 10     21    -11 (VIOLATED)
fanout100/X                              10     21    -11 (VIOLATED)
fanout101/X                              10     21    -11 (VIOLATED)
fanout103/X                              10     21    -11 (VIOLATED)
fanout105/X                              10     21    -11 (VIOLATED)
fanout107/X                              10     21    -11 (VIOLATED)
fanout109/X                              10     21    -11 (VIOLATED)
fanout111/X                              10     21    -11 (VIOLATED)
fanout113/X                              10     21    -11 (VIOLATED)
fanout114/X                              10     21    -11 (VIOLATED)
fanout116/X                              10     21    -11 (VIOLATED)
fanout118/X                              10     21    -11 (VIOLATED)
fanout119/X                              10     21    -11 (VIOLATED)
fanout120/X                              10     21    -11 (VIOLATED)
fanout121/X                              10     21    -11 (VIOLATED)
fanout123/X                              10     21    -11 (VIOLATED)
fanout125/X                              10     21    -11 (VIOLATED)
fanout127/X                              10     21    -11 (VIOLATED)
fanout132/X                              10     21    -11 (VIOLATED)
fanout135/X                              10     21    -11 (VIOLATED)
fanout137/X                              10     21    -11 (VIOLATED)
fanout138/X                              10     21    -11 (VIOLATED)
fanout139/X                              10     21    -11 (VIOLATED)
fanout140/X                              10     21    -11 (VIOLATED)
fanout142/X                              10     21    -11 (VIOLATED)
fanout147/X                              10     21    -11 (VIOLATED)
fanout148/X                              10     21    -11 (VIOLATED)
fanout157/X                              10     21    -11 (VIOLATED)
fanout162/X                              10     21    -11 (VIOLATED)
fanout163/X                              10     21    -11 (VIOLATED)
fanout173/X                              10     21    -11 (VIOLATED)
fanout175/X                              10     21    -11 (VIOLATED)
fanout183/X                              10     21    -11 (VIOLATED)
fanout187/X                              10     21    -11 (VIOLATED)
fanout189/X                              10     21    -11 (VIOLATED)
fanout190/X                              10     21    -11 (VIOLATED)
fanout193/X                              10     21    -11 (VIOLATED)
fanout194/X                              10     21    -11 (VIOLATED)
fanout195/X                              10     21    -11 (VIOLATED)
fanout199/X                              10     21    -11 (VIOLATED)
fanout201/X                              10     21    -11 (VIOLATED)
fanout203/X                              10     21    -11 (VIOLATED)
fanout205/X                              10     21    -11 (VIOLATED)
fanout207/X                              10     21    -11 (VIOLATED)
fanout209/X                              10     21    -11 (VIOLATED)
fanout210/X                              10     21    -11 (VIOLATED)
fanout214/X                              10     21    -11 (VIOLATED)
fanout215/X                              10     21    -11 (VIOLATED)
fanout219/X                              10     21    -11 (VIOLATED)
fanout223/X                              10     21    -11 (VIOLATED)
fanout226/X                              10     21    -11 (VIOLATED)
fanout227/X                              10     21    -11 (VIOLATED)
fanout230/X                              10     21    -11 (VIOLATED)
fanout232/X                              10     21    -11 (VIOLATED)
fanout237/X                              10     21    -11 (VIOLATED)
fanout239/X                              10     21    -11 (VIOLATED)
fanout251/X                              10     21    -11 (VIOLATED)
fanout252/X                              10     21    -11 (VIOLATED)
fanout254/X                              10     21    -11 (VIOLATED)
fanout256/X                              10     21    -11 (VIOLATED)
fanout258/X                              10     21    -11 (VIOLATED)
fanout260/X                              10     21    -11 (VIOLATED)
fanout273/X                              10     21    -11 (VIOLATED)
fanout276/X                              10     21    -11 (VIOLATED)
fanout278/X                              10     21    -11 (VIOLATED)
fanout280/X                              10     21    -11 (VIOLATED)
fanout285/X                              10     21    -11 (VIOLATED)
fanout286/X                              10     21    -11 (VIOLATED)
fanout287/X                              10     21    -11 (VIOLATED)
fanout288/X                              10     21    -11 (VIOLATED)
fanout291/X                              10     21    -11 (VIOLATED)
fanout293/X                              10     21    -11 (VIOLATED)
fanout294/X                              10     21    -11 (VIOLATED)
fanout295/X                              10     21    -11 (VIOLATED)
fanout296/X                              10     21    -11 (VIOLATED)
fanout305/X                              10     21    -11 (VIOLATED)
fanout306/X                              10     21    -11 (VIOLATED)
fanout308/X                              10     21    -11 (VIOLATED)
fanout311/X                              10     21    -11 (VIOLATED)
fanout314/X                              10     21    -11 (VIOLATED)
fanout317/X                              10     21    -11 (VIOLATED)
fanout322/X                              10     21    -11 (VIOLATED)
fanout327/X                              10     21    -11 (VIOLATED)
fanout328/X                              10     21    -11 (VIOLATED)
fanout340/X                              10     21    -11 (VIOLATED)
fanout37/X                               10     21    -11 (VIOLATED)
fanout40/X                               10     21    -11 (VIOLATED)
fanout42/X                               10     21    -11 (VIOLATED)
fanout44/X                               10     21    -11 (VIOLATED)
fanout47/X                               10     21    -11 (VIOLATED)
fanout50/X                               10     21    -11 (VIOLATED)
fanout51/X                               10     21    -11 (VIOLATED)
fanout53/X                               10     21    -11 (VIOLATED)
fanout58/X                               10     21    -11 (VIOLATED)
fanout63/X                               10     21    -11 (VIOLATED)
fanout65/X                               10     21    -11 (VIOLATED)
fanout70/X                               10     21    -11 (VIOLATED)
fanout71/X                               10     21    -11 (VIOLATED)
fanout78/X                               10     21    -11 (VIOLATED)
fanout79/X                               10     21    -11 (VIOLATED)
fanout81/X                               10     21    -11 (VIOLATED)
fanout83/X                               10     21    -11 (VIOLATED)
fanout84/X                               10     21    -11 (VIOLATED)
fanout85/X                               10     21    -11 (VIOLATED)
fanout86/X                               10     21    -11 (VIOLATED)
fanout88/X                               10     21    -11 (VIOLATED)
fanout89/X                               10     21    -11 (VIOLATED)
fanout95/X                               10     21    -11 (VIOLATED)
fanout97/X                               10     21    -11 (VIOLATED)
fanout99/X                               10     21    -11 (VIOLATED)
_4456_/Y                                 10     19     -9 (VIOLATED)
clkbuf_4_0_0_clk/X                       10     19     -9 (VIOLATED)
fanout110/X                              10     19     -9 (VIOLATED)
fanout115/X                              10     19     -9 (VIOLATED)
fanout186/X                              10     19     -9 (VIOLATED)
fanout220/X                              10     19     -9 (VIOLATED)
fanout228/X                              10     19     -9 (VIOLATED)
fanout275/X                              10     19     -9 (VIOLATED)
fanout299/X                              10     19     -9 (VIOLATED)
fanout331/X                              10     19     -9 (VIOLATED)
fanout341/X                              10     19     -9 (VIOLATED)
fanout80/X                               10     19     -9 (VIOLATED)
fanout87/X                               10     19     -9 (VIOLATED)
_4966_/Y                                 10     17     -7 (VIOLATED)
clkbuf_4_9_0_clk/X                       10     17     -7 (VIOLATED)
fanout104/X                              10     17     -7 (VIOLATED)
fanout108/X                              10     17     -7 (VIOLATED)
fanout117/X                              10     17     -7 (VIOLATED)
fanout159/X                              10     17     -7 (VIOLATED)
fanout182/X                              10     17     -7 (VIOLATED)
fanout188/X                              10     17     -7 (VIOLATED)
fanout198/X                              10     17     -7 (VIOLATED)
fanout216/X                              10     17     -7 (VIOLATED)
fanout225/X                              10     17     -7 (VIOLATED)
fanout236/X                              10     17     -7 (VIOLATED)
fanout74/X                               10     17     -7 (VIOLATED)
fanout98/X                               10     17     -7 (VIOLATED)
_4205_/Y                                 10     15     -5 (VIOLATED)
_4898_/Y                                 10     15     -5 (VIOLATED)
clkbuf_4_15_0_clk/X                      10     15     -5 (VIOLATED)
clkbuf_4_7_0_clk/X                       10     15     -5 (VIOLATED)
fanout112/X                              10     15     -5 (VIOLATED)
fanout129/X                              10     15     -5 (VIOLATED)
fanout131/X                              10     15     -5 (VIOLATED)
fanout174/X                              10     15     -5 (VIOLATED)
fanout196/X                              10     15     -5 (VIOLATED)
fanout202/X                              10     15     -5 (VIOLATED)
fanout208/X                              10     15     -5 (VIOLATED)
fanout212/X                              10     15     -5 (VIOLATED)
fanout262/X                              10     15     -5 (VIOLATED)
fanout266/X                              10     15     -5 (VIOLATED)
fanout289/X                              10     15     -5 (VIOLATED)
fanout316/X                              10     15     -5 (VIOLATED)
fanout339/X                              10     15     -5 (VIOLATED)
fanout77/X                               10     15     -5 (VIOLATED)
input13/X                                10     15     -5 (VIOLATED)
input16/X                                10     15     -5 (VIOLATED)
input17/X                                10     15     -5 (VIOLATED)
input19/X                                10     15     -5 (VIOLATED)
_4232_/Y                                 10     13     -3 (VIOLATED)
_4821_/X                                 10     13     -3 (VIOLATED)
clkbuf_4_6_0_clk/X                       10     13     -3 (VIOLATED)
fanout192/X                              10     13     -3 (VIOLATED)
fanout204/X                              10     13     -3 (VIOLATED)
fanout213/X                              10     13     -3 (VIOLATED)
fanout221/X                              10     13     -3 (VIOLATED)
fanout229/X                              10     13     -3 (VIOLATED)
fanout277/X                              10     13     -3 (VIOLATED)
fanout309/X                              10     13     -3 (VIOLATED)
fanout321/X                              10     13     -3 (VIOLATED)
fanout92/X                               10     13     -3 (VIOLATED)
input10/X                                10     13     -3 (VIOLATED)
input12/X                                10     13     -3 (VIOLATED)
input14/X                                10     13     -3 (VIOLATED)
input15/X                                10     13     -3 (VIOLATED)
input18/X                                10     13     -3 (VIOLATED)
input3/X                                 10     13     -3 (VIOLATED)
input4/X                                 10     13     -3 (VIOLATED)
input5/X                                 10     13     -3 (VIOLATED)
input6/X                                 10     13     -3 (VIOLATED)
input7/X                                 10     13     -3 (VIOLATED)
input8/X                                 10     13     -3 (VIOLATED)
input9/X                                 10     13     -3 (VIOLATED)
clkbuf_4_4_0_clk/X                       10     12     -2 (VIOLATED)
_4817_/X                                 10     11        (VIOLATED)
clkbuf_4_10_0_clk/X                      10     11        (VIOLATED)
clkbuf_4_11_0_clk/X                      10     11        (VIOLATED)
clkbuf_4_13_0_clk/X                      10     11        (VIOLATED)
fanout156/X                              10     11        (VIOLATED)
fanout200/X                              10     11        (VIOLATED)
fanout206/X                              10     11        (VIOLATED)
fanout217/X                              10     11        (VIOLATED)
fanout255/X                              10     11        (VIOLATED)
fanout259/X                              10     11        (VIOLATED)
fanout282/X                              10     11        (VIOLATED)
fanout292/X                              10     11        (VIOLATED)
fanout297/X                              10     11        (VIOLATED)
fanout304/X                              10     11        (VIOLATED)
fanout62/X                               10     11        (VIOLATED)



===========================================================================
report_parasitic_annotation -report_unannotated
============================================================================
Found 83 unannotated drivers.
 gpio_in[18]
 gpio_in[19]
 gpio_in[20]
 gpio_in[21]
 gpio_in[22]
 gpio_in[23]
 gpio_in[24]
 gpio_in[25]
 gpio_in[26]
 gpio_in[27]
 gpio_in[28]
 gpio_in[29]
 gpio_in[30]
 gpio_in[31]
 gpio_in[32]
 gpio_in[33]
 clkload0/Y
 clkload1/Y
 clkload10/Y
 clkload11/Y
 clkload12/Y
 clkload13/Y
 clkload14/Y
 clkload2/Y
 clkload3/Y
 clkload4/Y
 clkload5/Y
 clkload6/Y
 clkload7/Y
 clkload8/Y
 clkload9/Y
 team_03_342/HI
 team_03_343/HI
 team_03_344/HI
 team_03_345/HI
 team_03_346/HI
 team_03_347/HI
 team_03_348/HI
 team_03_349/HI
 team_03_350/HI
 team_03_351/HI
 team_03_352/HI
 team_03_353/HI
 team_03_354/HI
 team_03_355/HI
 team_03_356/HI
 team_03_357/HI
 team_03_358/HI
 team_03_359/HI
 team_03_360/HI
 team_03_361/HI
 team_03_362/HI
 team_03_363/HI
 team_03_364/HI
 team_03_365/HI
 team_03_366/HI
 team_03_367/HI
 team_03_368/HI
 team_03_369/HI
 team_03_370/HI
 team_03_371/HI
 team_03_372/HI
 team_03_373/HI
 team_03_374/HI
 team_03_375/HI
 team_03_376/LO
 team_03_377/LO
 team_03_378/LO
 team_03_379/LO
 team_03_380/LO
 team_03_381/LO
 team_03_382/LO
 team_03_383/LO
 team_03_384/LO
 team_03_385/LO
 team_03_386/LO
 team_03_387/LO
 team_03_388/LO
 team_03_389/LO
 team_03_390/LO
 team_03_391/LO
 team_03_392/LO
 team_03_393/LO
Found 0 partially unannotated drivers.

===========================================================================
max slew violation count 0
max fanout violation count 202
max cap violation count 0
============================================================================

===========================================================================
check_setup -verbose -unconstrained_endpoints -multiple_clock -no_clock -no_input_delay -loops -generated_clocks
===========================================================================
Warning: There are 52 unconstrained endpoints.
  gpio_oeb[0]
  gpio_oeb[10]
  gpio_oeb[11]
  gpio_oeb[12]
  gpio_oeb[13]
  gpio_oeb[14]
  gpio_oeb[15]
  gpio_oeb[16]
  gpio_oeb[17]
  gpio_oeb[18]
  gpio_oeb[19]
  gpio_oeb[1]
  gpio_oeb[20]
  gpio_oeb[21]
  gpio_oeb[22]
  gpio_oeb[23]
  gpio_oeb[24]
  gpio_oeb[25]
  gpio_oeb[26]
  gpio_oeb[27]
  gpio_oeb[28]
  gpio_oeb[29]
  gpio_oeb[2]
  gpio_oeb[30]
  gpio_oeb[31]
  gpio_oeb[32]
  gpio_oeb[33]
  gpio_oeb[3]
  gpio_oeb[4]
  gpio_oeb[5]
  gpio_oeb[6]
  gpio_oeb[7]
  gpio_oeb[8]
  gpio_oeb[9]
  gpio_out[0]
  gpio_out[10]
  gpio_out[11]
  gpio_out[12]
  gpio_out[13]
  gpio_out[14]
  gpio_out[15]
  gpio_out[16]
  gpio_out[17]
  gpio_out[1]
  gpio_out[2]
  gpio_out[3]
  gpio_out[4]
  gpio_out[5]
  gpio_out[6]
  gpio_out[7]
  gpio_out[8]
  gpio_out[9]
