Clock: clk
Sources: clk 
Generated: no
Virtual: yes
Propagated: no
Period: 25.000000

===========================================================================
report_clock_properties
============================================================================
Clock                   Period          Waveform
----------------------------------------------------
clk                  25.000000    0.000000 12.500000

===========================================================================
report_clock_latency
============================================================================
Clock clk
rise -> rise
    min     max
0.000000 0.000000 source latency
0.606147         network latency _8392_/CLK
        0.669540 network latency _8415_/CLK
---------------
0.606147 0.669540 latency
        0.063393 skew

fall -> fall
    min     max
0.000000 0.000000 source latency
0.491524         network latency _8392_/CLK
        0.540515 network latency _8415_/CLK
---------------
0.491524 0.540515 latency
        0.048991 skew



===========================================================================
report_clock_min_period
============================================================================
clk period_min = 13.39 fmax = 74.68
