
===========================================================================
report_checks -unconstrained
===========================================================================
======================= min_ss_100C_1v60 Corner ===================================

Startpoint: nrst (input port clocked by clk)
Endpoint: _1472_ (recovery check against rising-edge clock clk)
Path Group: asynchronous
Path Type: max

Fanout         Cap        Slew       Delay        Time   Description
---------------------------------------------------------------------------------------------
                                  0.000000    0.000000   clock clk (rise edge)
                                  0.000000    0.000000   clock network delay (propagated)
                                  5.000000    5.000000 ^ input external delay
     2    0.004315    0.042479    0.023773    5.023774 ^ nrst (in)
                                                         nrst (net)
                      0.042479    0.000000    5.023774 ^ input6/A (sky130_fd_sc_hd__clkdlybuf4s25_1)
     9    0.044075    0.705547    0.906771    5.930544 ^ input6/X (sky130_fd_sc_hd__clkdlybuf4s25_1)
                                                         net6 (net)
                      0.705548    0.002623    5.933167 ^ fanout141/A (sky130_fd_sc_hd__clkdlybuf4s25_1)
     3    0.010675    0.190258    0.781604    6.714772 ^ fanout141/X (sky130_fd_sc_hd__clkdlybuf4s25_1)
                                                         net141 (net)
                      0.190258    0.000103    6.714874 ^ wire142/A (sky130_fd_sc_hd__clkbuf_4)
    17    0.055736    0.273418    0.452935    7.167809 ^ wire142/X (sky130_fd_sc_hd__clkbuf_4)
                                                         net142 (net)
                      0.273433    0.002290    7.170100 ^ fanout139/A (sky130_fd_sc_hd__clkdlybuf4s25_1)
     6    0.024302    0.399495    0.788125    7.958224 ^ fanout139/X (sky130_fd_sc_hd__clkdlybuf4s25_1)
                                                         net139 (net)
                      0.399495    0.000042    7.958266 ^ load_slew140/A (sky130_fd_sc_hd__clkbuf_2)
     5    0.025589    0.225985    0.441395    8.399662 ^ load_slew140/X (sky130_fd_sc_hd__clkbuf_2)
                                                         net140 (net)
                      0.225985    0.000924    8.400585 ^ _1472_/RESET_B (sky130_fd_sc_hd__dfrtp_2)
                                              8.400585   data arrival time

                                 25.000000   25.000000   clock clk (rise edge)
                                  0.000000   25.000000   clock source latency
     2    0.023453    0.174159    0.119535   25.119534 ^ clk (in)
                                                         clk (net)
                      0.174175    0.000000   25.119534 ^ clkbuf_0_clk/A (sky130_fd_sc_hd__clkbuf_16)
     4    0.040749    0.095265    0.298678   25.418213 ^ clkbuf_0_clk/X (sky130_fd_sc_hd__clkbuf_16)
                                                         clknet_0_clk (net)
                      0.095268    0.000670   25.418882 ^ clkbuf_2_3__f_clk/A (sky130_fd_sc_hd__clkbuf_16)
     9    0.027979    0.077659    0.244412   25.663294 ^ clkbuf_2_3__f_clk/X (sky130_fd_sc_hd__clkbuf_16)
                                                         clknet_2_3__leaf_clk (net)
                      0.077661    0.000522   25.663816 ^ _1472_/CLK (sky130_fd_sc_hd__dfrtp_2)
                                 -0.250000   25.413818   clock uncertainty
                                  0.000000   25.413818   clock reconvergence pessimism
                                  0.380478   25.794296   library recovery time
                                             25.794296   data required time
---------------------------------------------------------------------------------------------
                                             25.794296   data required time
                                             -8.400585   data arrival time
---------------------------------------------------------------------------------------------
                                             17.393709   slack (MET)


Startpoint: prescaler[10] (input port clocked by clk)
Endpoint: _1443_ (rising edge-triggered flip-flop clocked by clk)
Path Group: clk
Path Type: max

Fanout         Cap        Slew       Delay        Time   Description
---------------------------------------------------------------------------------------------
                                  0.000000    0.000000   clock clk (rise edge)
                                  0.000000    0.000000   clock network delay (propagated)
                                  5.000000    5.000000 ^ input external delay
     2    0.004656    0.044821    0.025549    5.025549 ^ prescaler[10] (in)
                                                         prescaler[10] (net)
                      0.044821    0.000000    5.025549 ^ input8/A (sky130_fd_sc_hd__clkdlybuf4s25_1)
     3    0.017934    0.300827    0.620425    5.645974 ^ input8/X (sky130_fd_sc_hd__clkdlybuf4s25_1)
                                                         net8 (net)
                      0.300827    0.000060    5.646034 ^ fanout134/A (sky130_fd_sc_hd__clkdlybuf4s25_1)
    21    0.077609    1.230145    1.389286    7.035319 ^ fanout134/X (sky130_fd_sc_hd__clkdlybuf4s25_1)
                                                         net134 (net)
                      1.230145    0.002303    7.037622 ^ _0881_/A (sky130_fd_sc_hd__xnor2_2)
     2    0.009971    0.240238    0.490670    7.528292 v _0881_/Y (sky130_fd_sc_hd__xnor2_2)
                                                         _0191_ (net)
                      0.240238    0.000060    7.528352 v _0882_/B (sky130_fd_sc_hd__or2_2)
     2    0.011035    0.152450    0.755525    8.283877 v _0882_/X (sky130_fd_sc_hd__or2_2)
                                                         _0192_ (net)
                      0.152450    0.000212    8.284090 v _0966_/A (sky130_fd_sc_hd__nor2_2)
     2    0.007212    0.171470    0.246604    8.530694 ^ _0966_/Y (sky130_fd_sc_hd__nor2_2)
                                                         _0276_ (net)
                      0.171470    0.000052    8.530746 ^ _0969_/A_N (sky130_fd_sc_hd__and2b_2)
     1    0.008341    0.097202    0.516062    9.046808 v _0969_/X (sky130_fd_sc_hd__and2b_2)
                                                         _0279_ (net)
                      0.097202    0.000030    9.046838 v _0987_/B (sky130_fd_sc_hd__xor2_2)
     2    0.007290    0.109542    0.286035    9.332873 v _0987_/X (sky130_fd_sc_hd__xor2_2)
                                                         _0297_ (net)
                      0.109542    0.000025    9.332898 v _0988_/B1 (sky130_fd_sc_hd__o21a_2)
     3    0.006691    0.077401    0.248005    9.580903 v _0988_/X (sky130_fd_sc_hd__o21a_2)
                                                         _0298_ (net)
                      0.077401    0.000075    9.580978 v _0990_/A (sky130_fd_sc_hd__or2_2)
     4    0.025279    0.214516    0.816105   10.397082 v _0990_/X (sky130_fd_sc_hd__or2_2)
                                                         _0300_ (net)
                      0.214516    0.000352   10.397434 v _0996_/A (sky130_fd_sc_hd__xnor2_2)
     2    0.015795    0.377498    0.455434   10.852868 ^ _0996_/Y (sky130_fd_sc_hd__xnor2_2)
                                                         _0306_ (net)
                      0.377498    0.000093   10.852962 ^ _0999_/B (sky130_fd_sc_hd__nor2_2)
     1    0.004531    0.081565    0.149107   11.002068 v _0999_/Y (sky130_fd_sc_hd__nor2_2)
                                                         _0309_ (net)
                      0.081565    0.000043   11.002110 v _1000_/B1 (sky130_fd_sc_hd__a311oi_2)
     3    0.010911    0.502906    0.546941   11.549052 ^ _1000_/Y (sky130_fd_sc_hd__a311oi_2)
                                                         _0310_ (net)
                      0.502906    0.000116   11.549169 ^ _1002_/A2 (sky130_fd_sc_hd__a211o_2)
     5    0.019797    0.168723    0.508557   12.057725 ^ _1002_/X (sky130_fd_sc_hd__a211o_2)
                                                         _0312_ (net)
                      0.168723    0.000339   12.058064 ^ _1047_/A1 (sky130_fd_sc_hd__a21o_2)
     7    0.026595    0.220957    0.404952   12.463016 ^ _1047_/X (sky130_fd_sc_hd__a21o_2)
                                                         _0357_ (net)
                      0.220957    0.000279   12.463295 ^ _1049_/C_N (sky130_fd_sc_hd__or3b_2)
     2    0.008362    0.198036    1.141581   13.604876 v _1049_/X (sky130_fd_sc_hd__or3b_2)
                                                         _0359_ (net)
                      0.198036    0.000071   13.604947 v _1060_/A3 (sky130_fd_sc_hd__a311o_2)
     2    0.005676    0.107799    0.797233   14.402180 v _1060_/X (sky130_fd_sc_hd__a311o_2)
                                                         _0370_ (net)
                      0.107799    0.000067   14.402246 v _1070_/B (sky130_fd_sc_hd__or4_2)
     2    0.009246    0.263809    1.621111   16.023357 v _1070_/X (sky130_fd_sc_hd__or4_2)
                                                         _0380_ (net)
                      0.263809    0.000211   16.023569 v _1133_/C (sky130_fd_sc_hd__or4_2)
     1    0.003030    0.217995    1.503898   17.527466 v _1133_/X (sky130_fd_sc_hd__or4_2)
                                                         _0443_ (net)
                      0.217995    0.000034   17.527500 v fanout96/A (sky130_fd_sc_hd__clkdlybuf4s25_1)
    21    0.069672    0.923982    1.170122   18.697622 v fanout96/X (sky130_fd_sc_hd__clkdlybuf4s25_1)
                                                         net96 (net)
                      0.923982    0.000515   18.698137 v fanout95/A (sky130_fd_sc_hd__clkdlybuf4s25_1)
    21    0.068988    0.912038    1.365226   20.063364 v fanout95/X (sky130_fd_sc_hd__clkdlybuf4s25_1)
                                                         net95 (net)
                      0.912038    0.000719   20.064083 v _1266_/A3 (sky130_fd_sc_hd__a32o_2)
     1    0.005010    0.078400    0.800565   20.864647 v _1266_/X (sky130_fd_sc_hd__a32o_2)
                                                         _0559_ (net)
                      0.078400    0.000044   20.864693 v _1267_/A2 (sky130_fd_sc_hd__a21oi_2)
     2    0.005869    0.287165    0.247935   21.112627 ^ _1267_/Y (sky130_fd_sc_hd__a21oi_2)
                                                         _0560_ (net)
                      0.287165    0.000085   21.112713 ^ _1363_/A2 (sky130_fd_sc_hd__o32a_2)
     1    0.008255    0.104835    0.403333   21.516045 ^ _1363_/X (sky130_fd_sc_hd__o32a_2)
                                                         _0641_ (net)
                      0.104835    0.000080   21.516125 ^ _1365_/D_N (sky130_fd_sc_hd__or4b_2)
     1    0.004418    0.227794    1.427425   22.943550 v _1365_/X (sky130_fd_sc_hd__or4b_2)
                                                         _0643_ (net)
                      0.227794    0.000076   22.943626 v _1378_/A (sky130_fd_sc_hd__or4_2)
     1    0.006251    0.247584    1.662235   24.605862 v _1378_/X (sky130_fd_sc_hd__or4_2)
                                                         _0656_ (net)
                      0.247584    0.000117   24.605978 v _1379_/C (sky130_fd_sc_hd__nor3_2)
     1    0.007060    0.288301    0.303894   24.909872 ^ _1379_/Y (sky130_fd_sc_hd__nor3_2)
                                                         clk_divider.next_flag (net)
                      0.288301    0.000201   24.910072 ^ _1443_/D (sky130_fd_sc_hd__dfrtp_2)
                                             24.910072   data arrival time

                                 25.000000   25.000000   clock clk (rise edge)
                                  0.000000   25.000000   clock source latency
     2    0.023453    0.174159    0.119535   25.119534 ^ clk (in)
                                                         clk (net)
                      0.174175    0.000000   25.119534 ^ clkbuf_0_clk/A (sky130_fd_sc_hd__clkbuf_16)
     4    0.040749    0.095265    0.298678   25.418213 ^ clkbuf_0_clk/X (sky130_fd_sc_hd__clkbuf_16)
                                                         clknet_0_clk (net)
                      0.095268    0.000687   25.418900 ^ clkbuf_2_2__f_clk/A (sky130_fd_sc_hd__clkbuf_16)
    19    0.048494    0.105176    0.271324   25.690224 ^ clkbuf_2_2__f_clk/X (sky130_fd_sc_hd__clkbuf_16)
                                                         clknet_2_2__leaf_clk (net)
                      0.105176    0.000361   25.690584 ^ _1443_/CLK (sky130_fd_sc_hd__dfrtp_2)
                                 -0.250000   25.440586   clock uncertainty
                                  0.000000   25.440586   clock reconvergence pessimism
                                 -0.187332   25.253254   library setup time
                                             25.253254   data required time
---------------------------------------------------------------------------------------------
                                             25.253254   data required time
                                            -24.910072   data arrival time
---------------------------------------------------------------------------------------------
                                              0.343181   slack (MET)




===========================================================================
report_checks --slack_max -0.01
============================================================================
======================= min_ss_100C_1v60 Corner ===================================

No paths found.


===========================================================================
 report_check_types -max_slew -max_cap -max_fanout -violators
============================================================================
======================= min_ss_100C_1v60 Corner ===================================

max slew

Pin                                        Limit        Slew       Slack
------------------------------------------------------------------------
ANTENNA__0715__B/DIODE                  0.750000    1.347311   -0.597311 (VIOLATED)
ANTENNA__1222__B1/DIODE                 0.750000    1.347311   -0.597311 (VIOLATED)
ANTENNA__1237__B1/DIODE                 0.750000    1.347311   -0.597311 (VIOLATED)
ANTENNA__1245__B1/DIODE                 0.750000    1.347311   -0.597311 (VIOLATED)
ANTENNA__1252__B1/DIODE                 0.750000    1.347311   -0.597311 (VIOLATED)
ANTENNA__1260__B1/DIODE                 0.750000    1.347311   -0.597311 (VIOLATED)
ANTENNA__1283__B1/DIODE                 0.750000    1.347311   -0.597311 (VIOLATED)
ANTENNA__1326__C1/DIODE                 0.750000    1.347311   -0.597311 (VIOLATED)
ANTENNA__1331__B1/DIODE                 0.750000    1.347311   -0.597311 (VIOLATED)
ANTENNA_fanout109_A/DIODE               0.750000    1.347311   -0.597311 (VIOLATED)
ANTENNA_fanout110_X/DIODE               0.750000    1.347311   -0.597311 (VIOLATED)
_0715_/B                                0.750000    1.347311   -0.597311 (VIOLATED)
_1222_/B1                               0.750000    1.347311   -0.597311 (VIOLATED)
_1237_/B1                               0.750000    1.347311   -0.597311 (VIOLATED)
_1245_/B1                               0.750000    1.347311   -0.597311 (VIOLATED)
_1252_/B1                               0.750000    1.347311   -0.597311 (VIOLATED)
_1260_/B1                               0.750000    1.347311   -0.597311 (VIOLATED)
_1283_/B1                               0.750000    1.347311   -0.597311 (VIOLATED)
_1326_/C1                               0.750000    1.347311   -0.597311 (VIOLATED)
_1331_/B1                               0.750000    1.347311   -0.597311 (VIOLATED)
fanout109/A                             0.750000    1.347311   -0.597311 (VIOLATED)
fanout110/X                             0.750000    1.347311   -0.597311 (VIOLATED)
ANTENNA__1183__B/DIODE                  0.750000    1.248352   -0.498352 (VIOLATED)
_1183_/B                                0.750000    1.248352   -0.498352 (VIOLATED)
ANTENNA__1137__B/DIODE                  0.750000    1.248351   -0.498351 (VIOLATED)
ANTENNA__1146__B/DIODE                  0.750000    1.248351   -0.498351 (VIOLATED)
ANTENNA__1155__A3/DIODE                 0.750000    1.248351   -0.498351 (VIOLATED)
ANTENNA__1160__B/DIODE                  0.750000    1.248351   -0.498351 (VIOLATED)
ANTENNA__1169__B/DIODE                  0.750000    1.248351   -0.498351 (VIOLATED)
ANTENNA__1176__B/DIODE                  0.750000    1.248351   -0.498351 (VIOLATED)
ANTENNA__1187__C/DIODE                  0.750000    1.248351   -0.498351 (VIOLATED)
ANTENNA__1197__B/DIODE                  0.750000    1.248351   -0.498351 (VIOLATED)
ANTENNA__1205__B/DIODE                  0.750000    1.248351   -0.498351 (VIOLATED)
ANTENNA_fanout94_X/DIODE                0.750000    1.248351   -0.498351 (VIOLATED)
_1137_/B                                0.750000    1.248351   -0.498351 (VIOLATED)
_1146_/B                                0.750000    1.248351   -0.498351 (VIOLATED)
_1155_/A3                               0.750000    1.248351   -0.498351 (VIOLATED)
_1160_/B                                0.750000    1.248351   -0.498351 (VIOLATED)
_1169_/B                                0.750000    1.248351   -0.498351 (VIOLATED)
_1176_/B                                0.750000    1.248351   -0.498351 (VIOLATED)
_1187_/C                                0.750000    1.248351   -0.498351 (VIOLATED)
_1197_/B                                0.750000    1.248351   -0.498351 (VIOLATED)
_1205_/B                                0.750000    1.248351   -0.498351 (VIOLATED)
fanout94/X                              0.750000    1.248351   -0.498351 (VIOLATED)
ANTENNA__1156__A1/DIODE                 0.750000    1.235116   -0.485116 (VIOLATED)
_1156_/A1                               0.750000    1.235116   -0.485116 (VIOLATED)
ANTENNA__1191__B1/DIODE                 0.750000    1.235114   -0.485114 (VIOLATED)
ANTENNA__1324__B1/DIODE                 0.750000    1.235114   -0.485114 (VIOLATED)
_1191_/B1                               0.750000    1.235115   -0.485115 (VIOLATED)
_1324_/B1                               0.750000    1.235115   -0.485115 (VIOLATED)
ANTENNA__1318__B1/DIODE                 0.750000    1.235114   -0.485114 (VIOLATED)
ANTENNA__1330__B1/DIODE                 0.750000    1.235114   -0.485114 (VIOLATED)
_1318_/B1                               0.750000    1.235114   -0.485114 (VIOLATED)
_1330_/B1                               0.750000    1.235114   -0.485114 (VIOLATED)
ANTENNA__1213__A1/DIODE                 0.750000    1.235113   -0.485113 (VIOLATED)
ANTENNA__1251__A1/DIODE                 0.750000    1.235113   -0.485113 (VIOLATED)
ANTENNA__1267__A1/DIODE                 0.750000    1.235113   -0.485113 (VIOLATED)
ANTENNA__1289__B1/DIODE                 0.750000    1.235113   -0.485113 (VIOLATED)
ANTENNA__1311__B1/DIODE                 0.750000    1.235113   -0.485113 (VIOLATED)
ANTENNA_fanout103_X/DIODE               0.750000    1.235113   -0.485113 (VIOLATED)
_1213_/A1                               0.750000    1.235113   -0.485113 (VIOLATED)
_1251_/A1                               0.750000    1.235113   -0.485113 (VIOLATED)
_1267_/A1                               0.750000    1.235113   -0.485113 (VIOLATED)
_1289_/B1                               0.750000    1.235113   -0.485113 (VIOLATED)
_1311_/B1                               0.750000    1.235113   -0.485113 (VIOLATED)
fanout103/X                             0.750000    1.235113   -0.485113 (VIOLATED)
ANTENNA__1149__B1/DIODE                 0.750000    1.232794   -0.482794 (VIOLATED)
ANTENNA__1163__B1/DIODE                 0.750000    1.232794   -0.482794 (VIOLATED)
ANTENNA__1171__B1/DIODE                 0.750000    1.232794   -0.482794 (VIOLATED)
ANTENNA__1179__B1/DIODE                 0.750000    1.232794   -0.482794 (VIOLATED)
ANTENNA__1185__B1/DIODE                 0.750000    1.232794   -0.482794 (VIOLATED)
ANTENNA__1193__C1/DIODE                 0.750000    1.232794   -0.482794 (VIOLATED)
ANTENNA__1200__B1/DIODE                 0.750000    1.232794   -0.482794 (VIOLATED)
ANTENNA__1208__B1/DIODE                 0.750000    1.232794   -0.482794 (VIOLATED)
ANTENNA__1214__B1/DIODE                 0.750000    1.232794   -0.482794 (VIOLATED)
ANTENNA__1320__C1/DIODE                 0.750000    1.232794   -0.482794 (VIOLATED)
ANTENNA_fanout109_X/DIODE               0.750000    1.232794   -0.482794 (VIOLATED)
_1149_/B1                               0.750000    1.232794   -0.482794 (VIOLATED)
_1163_/B1                               0.750000    1.232794   -0.482794 (VIOLATED)
_1171_/B1                               0.750000    1.232794   -0.482794 (VIOLATED)
_1179_/B1                               0.750000    1.232794   -0.482794 (VIOLATED)
_1185_/B1                               0.750000    1.232794   -0.482794 (VIOLATED)
_1193_/C1                               0.750000    1.232794   -0.482794 (VIOLATED)
_1200_/B1                               0.750000    1.232794   -0.482794 (VIOLATED)
_1208_/B1                               0.750000    1.232794   -0.482794 (VIOLATED)
_1214_/B1                               0.750000    1.232794   -0.482794 (VIOLATED)
_1320_/C1                               0.750000    1.232794   -0.482794 (VIOLATED)
fanout109/X                             0.750000    1.232794   -0.482794 (VIOLATED)
ANTENNA__0789__A/DIODE                  0.750000    1.230145   -0.480145 (VIOLATED)
ANTENNA__0792__A/DIODE                  0.750000    1.230145   -0.480145 (VIOLATED)
ANTENNA__0881__A/DIODE                  0.750000    1.230145   -0.480145 (VIOLATED)
ANTENNA__0904__B/DIODE                  0.750000    1.230145   -0.480145 (VIOLATED)
ANTENNA__0905__B/DIODE                  0.750000    1.230145   -0.480145 (VIOLATED)
ANTENNA__0908__A3/DIODE                 0.750000    1.230145   -0.480145 (VIOLATED)
ANTENNA__0911__B/DIODE                  0.750000    1.230145   -0.480145 (VIOLATED)
ANTENNA__0915__A/DIODE                  0.750000    1.230145   -0.480145 (VIOLATED)
ANTENNA__0942__B/DIODE                  0.750000    1.230145   -0.480145 (VIOLATED)
ANTENNA__0967__A1/DIODE                 0.750000    1.230145   -0.480145 (VIOLATED)
ANTENNA_fanout134_X/DIODE               0.750000    1.230145   -0.480145 (VIOLATED)
_0789_/A                                0.750000    1.230145   -0.480145 (VIOLATED)
_0792_/A                                0.750000    1.230145   -0.480145 (VIOLATED)
_0881_/A                                0.750000    1.230145   -0.480145 (VIOLATED)
_0904_/B                                0.750000    1.230145   -0.480145 (VIOLATED)
_0905_/B                                0.750000    1.230145   -0.480145 (VIOLATED)
_0908_/A3                               0.750000    1.230145   -0.480145 (VIOLATED)
_0911_/B                                0.750000    1.230145   -0.480145 (VIOLATED)
_0915_/A                                0.750000    1.230145   -0.480145 (VIOLATED)
_0942_/B                                0.750000    1.230145   -0.480145 (VIOLATED)
_0967_/A1                               0.750000    1.230145   -0.480145 (VIOLATED)
fanout134/X                             0.750000    1.230145   -0.480145 (VIOLATED)
ANTENNA__0716__B1/DIODE                 0.750000    1.219752   -0.469752 (VIOLATED)
ANTENNA__0722__B1/DIODE                 0.750000    1.219752   -0.469752 (VIOLATED)
ANTENNA__1141__C1/DIODE                 0.750000    1.219752   -0.469752 (VIOLATED)
ANTENNA__1157__B1/DIODE                 0.750000    1.219752   -0.469752 (VIOLATED)
ANTENNA__1229__C1/DIODE                 0.750000    1.219752   -0.469752 (VIOLATED)
ANTENNA__1268__B1/DIODE                 0.750000    1.219752   -0.469752 (VIOLATED)
ANTENNA__1275__B1/DIODE                 0.750000    1.219752   -0.469752 (VIOLATED)
ANTENNA__1296__B1/DIODE                 0.750000    1.219752   -0.469752 (VIOLATED)
ANTENNA__1304__B1/DIODE                 0.750000    1.219752   -0.469752 (VIOLATED)
ANTENNA__1313__B1/DIODE                 0.750000    1.219752   -0.469752 (VIOLATED)
ANTENNA_fanout128_X/DIODE               0.750000    1.219752   -0.469752 (VIOLATED)
_0716_/B1                               0.750000    1.219752   -0.469752 (VIOLATED)
_0722_/B1                               0.750000    1.219752   -0.469752 (VIOLATED)
_1141_/C1                               0.750000    1.219752   -0.469752 (VIOLATED)
_1157_/B1                               0.750000    1.219752   -0.469752 (VIOLATED)
_1229_/C1                               0.750000    1.219752   -0.469752 (VIOLATED)
_1268_/B1                               0.750000    1.219752   -0.469752 (VIOLATED)
_1275_/B1                               0.750000    1.219752   -0.469752 (VIOLATED)
_1296_/B1                               0.750000    1.219752   -0.469752 (VIOLATED)
_1304_/B1                               0.750000    1.219752   -0.469752 (VIOLATED)
_1313_/B1                               0.750000    1.219752   -0.469752 (VIOLATED)
fanout128/X                             0.750000    1.219752   -0.469752 (VIOLATED)
ANTENNA__1251__B1/DIODE                 0.750000    1.162675   -0.412675 (VIOLATED)
_1251_/B1                               0.750000    1.162675   -0.412675 (VIOLATED)
ANTENNA__1267__B1/DIODE                 0.750000    1.162674   -0.412674 (VIOLATED)
_1267_/B1                               0.750000    1.162674   -0.412674 (VIOLATED)
ANTENNA__1156__B1/DIODE                 0.750000    1.162673   -0.412673 (VIOLATED)
ANTENNA__1157__A2/DIODE                 0.750000    1.162673   -0.412673 (VIOLATED)
ANTENNA__1193__A1/DIODE                 0.750000    1.162673   -0.412673 (VIOLATED)
ANTENNA__1213__B1/DIODE                 0.750000    1.162673   -0.412673 (VIOLATED)
ANTENNA__1313__A2/DIODE                 0.750000    1.162673   -0.412673 (VIOLATED)
ANTENNA__1320__A1/DIODE                 0.750000    1.162673   -0.412673 (VIOLATED)
ANTENNA__1326__A1/DIODE                 0.750000    1.162673   -0.412673 (VIOLATED)
ANTENNA__1332__A1/DIODE                 0.750000    1.162673   -0.412673 (VIOLATED)
ANTENNA_fanout107_X/DIODE               0.750000    1.162673   -0.412673 (VIOLATED)
_1156_/B1                               0.750000    1.162673   -0.412673 (VIOLATED)
_1157_/A2                               0.750000    1.162673   -0.412673 (VIOLATED)
_1193_/A1                               0.750000    1.162673   -0.412673 (VIOLATED)
_1213_/B1                               0.750000    1.162673   -0.412673 (VIOLATED)
_1313_/A2                               0.750000    1.162673   -0.412673 (VIOLATED)
_1320_/A1                               0.750000    1.162673   -0.412673 (VIOLATED)
_1326_/A1                               0.750000    1.162673   -0.412673 (VIOLATED)
_1332_/A1                               0.750000    1.162673   -0.412673 (VIOLATED)
fanout107/X                             0.750000    1.162673   -0.412673 (VIOLATED)
ANTENNA__1226__B/DIODE                  0.750000    1.149720   -0.399720 (VIOLATED)
ANTENNA__1234__B/DIODE                  0.750000    1.149720   -0.399720 (VIOLATED)
ANTENNA__1293__B/DIODE                  0.750000    1.149720   -0.399720 (VIOLATED)
ANTENNA__1300__B/DIODE                  0.750000    1.149720   -0.399720 (VIOLATED)
ANTENNA__1312__A3/DIODE                 0.750000    1.149720   -0.399720 (VIOLATED)
ANTENNA__1315__C/DIODE                  0.750000    1.149720   -0.399720 (VIOLATED)
ANTENNA__1321__C/DIODE                  0.750000    1.149720   -0.399720 (VIOLATED)
ANTENNA__1327__C/DIODE                  0.750000    1.149720   -0.399720 (VIOLATED)
ANTENNA_fanout94_A/DIODE                0.750000    1.149720   -0.399720 (VIOLATED)
ANTENNA_fanout95_A/DIODE                0.750000    1.149720   -0.399720 (VIOLATED)
ANTENNA_fanout96_X/DIODE                0.750000    1.149720   -0.399720 (VIOLATED)
_1226_/B                                0.750000    1.149720   -0.399720 (VIOLATED)
_1234_/B                                0.750000    1.149720   -0.399720 (VIOLATED)
_1293_/B                                0.750000    1.149720   -0.399720 (VIOLATED)
_1300_/B                                0.750000    1.149720   -0.399720 (VIOLATED)
_1312_/A3                               0.750000    1.149720   -0.399720 (VIOLATED)
_1315_/C                                0.750000    1.149720   -0.399720 (VIOLATED)
_1321_/C                                0.750000    1.149720   -0.399720 (VIOLATED)
_1327_/C                                0.750000    1.149720   -0.399720 (VIOLATED)
fanout94/A                              0.750000    1.149720   -0.399720 (VIOLATED)
fanout95/A                              0.750000    1.149720   -0.399720 (VIOLATED)
fanout96/X                              0.750000    1.149720   -0.399720 (VIOLATED)
ANTENNA__1212__A2/DIODE                 0.750000    1.146902   -0.396902 (VIOLATED)
ANTENNA__1219__B/DIODE                  0.750000    1.146902   -0.396902 (VIOLATED)
ANTENNA__1242__B/DIODE                  0.750000    1.146902   -0.396902 (VIOLATED)
ANTENNA__1250__A3/DIODE                 0.750000    1.146902   -0.396902 (VIOLATED)
ANTENNA__1257__B/DIODE                  0.750000    1.146902   -0.396902 (VIOLATED)
ANTENNA__1266__A3/DIODE                 0.750000    1.146902   -0.396902 (VIOLATED)
ANTENNA__1272__B/DIODE                  0.750000    1.146902   -0.396902 (VIOLATED)
ANTENNA__1280__B/DIODE                  0.750000    1.146902   -0.396902 (VIOLATED)
ANTENNA__1285__C/DIODE                  0.750000    1.146902   -0.396902 (VIOLATED)
ANTENNA__1308__A3/DIODE                 0.750000    1.146902   -0.396902 (VIOLATED)
ANTENNA_fanout95_X/DIODE                0.750000    1.146902   -0.396902 (VIOLATED)
_1212_/A2                               0.750000    1.146902   -0.396902 (VIOLATED)
_1219_/B                                0.750000    1.146902   -0.396902 (VIOLATED)
_1242_/B                                0.750000    1.146902   -0.396902 (VIOLATED)
_1250_/A3                               0.750000    1.146902   -0.396902 (VIOLATED)
_1257_/B                                0.750000    1.146902   -0.396902 (VIOLATED)
_1266_/A3                               0.750000    1.146902   -0.396902 (VIOLATED)
_1272_/B                                0.750000    1.146902   -0.396902 (VIOLATED)
_1280_/B                                0.750000    1.146902   -0.396902 (VIOLATED)
_1285_/C                                0.750000    1.146902   -0.396902 (VIOLATED)
_1308_/A3                               0.750000    1.146902   -0.396902 (VIOLATED)
fanout95/X                              0.750000    1.146902   -0.396902 (VIOLATED)
ANTENNA__0902__A/DIODE                  0.750000    1.112783   -0.362783 (VIOLATED)
ANTENNA__1139__C1/DIODE                 0.750000    1.112783   -0.362783 (VIOLATED)
ANTENNA__1148__C1/DIODE                 0.750000    1.112783   -0.362783 (VIOLATED)
ANTENNA__1162__C1/DIODE                 0.750000    1.112783   -0.362783 (VIOLATED)
ANTENNA__1170__C1/DIODE                 0.750000    1.112783   -0.362783 (VIOLATED)
ANTENNA__1178__C1/DIODE                 0.750000    1.112783   -0.362783 (VIOLATED)
ANTENNA__1184__C1/DIODE                 0.750000    1.112783   -0.362783 (VIOLATED)
ANTENNA__1199__C1/DIODE                 0.750000    1.112783   -0.362783 (VIOLATED)
ANTENNA__1207__C1/DIODE                 0.750000    1.112783   -0.362783 (VIOLATED)
ANTENNA__1361__D1/DIODE                 0.750000    1.112783   -0.362783 (VIOLATED)
ANTENNA_fanout104_X/DIODE               0.750000    1.112783   -0.362783 (VIOLATED)
_0902_/A                                0.750000    1.112783   -0.362783 (VIOLATED)
_1139_/C1                               0.750000    1.112783   -0.362783 (VIOLATED)
_1148_/C1                               0.750000    1.112783   -0.362783 (VIOLATED)
_1162_/C1                               0.750000    1.112783   -0.362783 (VIOLATED)
_1170_/C1                               0.750000    1.112783   -0.362783 (VIOLATED)
_1178_/C1                               0.750000    1.112783   -0.362783 (VIOLATED)
_1184_/C1                               0.750000    1.112783   -0.362783 (VIOLATED)
_1199_/C1                               0.750000    1.112783   -0.362783 (VIOLATED)
_1207_/C1                               0.750000    1.112783   -0.362783 (VIOLATED)
_1361_/D1                               0.750000    1.112783   -0.362783 (VIOLATED)
fanout104/X                             0.750000    1.112783   -0.362783 (VIOLATED)
ANTENNA__1221__C1/DIODE                 0.750000    0.919747   -0.169747 (VIOLATED)
ANTENNA__1227__C1/DIODE                 0.750000    0.919747   -0.169747 (VIOLATED)
ANTENNA__1236__C1/DIODE                 0.750000    0.919747   -0.169747 (VIOLATED)
ANTENNA__1244__C1/DIODE                 0.750000    0.919747   -0.169747 (VIOLATED)
ANTENNA__1259__C1/DIODE                 0.750000    0.919747   -0.169747 (VIOLATED)
ANTENNA__1274__C1/DIODE                 0.750000    0.919747   -0.169747 (VIOLATED)
ANTENNA__1282__C1/DIODE                 0.750000    0.919747   -0.169747 (VIOLATED)
ANTENNA__1295__A1/DIODE                 0.750000    0.919747   -0.169747 (VIOLATED)
ANTENNA__1303__C1/DIODE                 0.750000    0.919747   -0.169747 (VIOLATED)
ANTENNA_fanout105_X/DIODE               0.750000    0.919747   -0.169747 (VIOLATED)
_1221_/C1                               0.750000    0.919747   -0.169747 (VIOLATED)
_1227_/C1                               0.750000    0.919747   -0.169747 (VIOLATED)
_1236_/C1                               0.750000    0.919747   -0.169747 (VIOLATED)
_1244_/C1                               0.750000    0.919747   -0.169747 (VIOLATED)
_1259_/C1                               0.750000    0.919747   -0.169747 (VIOLATED)
_1274_/C1                               0.750000    0.919747   -0.169747 (VIOLATED)
_1282_/C1                               0.750000    0.919747   -0.169747 (VIOLATED)
_1295_/A1                               0.750000    0.919747   -0.169747 (VIOLATED)
_1303_/C1                               0.750000    0.919747   -0.169747 (VIOLATED)
fanout105/X                             0.750000    0.919747   -0.169747 (VIOLATED)
ANTENNA__0812__A/DIODE                  0.750000    0.816498   -0.066498 (VIOLATED)
_0812_/A                                0.750000    0.816498   -0.066498 (VIOLATED)
ANTENNA_max_cap135_A/DIODE              0.750000    0.816498   -0.066498 (VIOLATED)
max_cap135/A                            0.750000    0.816498   -0.066498 (VIOLATED)
ANTENNA__0819__A2/DIODE                 0.750000    0.816497   -0.066497 (VIOLATED)
_0819_/A2                               0.750000    0.816497   -0.066497 (VIOLATED)
ANTENNA__0823__B/DIODE                  0.750000    0.816496   -0.066497 (VIOLATED)
_0823_/B                                0.750000    0.816497   -0.066497 (VIOLATED)
_0698_/A                                0.750000    0.816492   -0.066492 (VIOLATED)
ANTENNA__0698__A/DIODE                  0.750000    0.816492   -0.066492 (VIOLATED)
_1363_/B2                               0.750000    0.816489   -0.066489 (VIOLATED)
ANTENNA__1363__B2/DIODE                 0.750000    0.816489   -0.066489 (VIOLATED)
ANTENNA_input7_X/DIODE                  0.750000    0.816483   -0.066483 (VIOLATED)
input7/X                                0.750000    0.816483   -0.066483 (VIOLATED)
_1139_/A1                               0.750000    0.805868   -0.055868 (VIOLATED)
_1148_/A1                               0.750000    0.805868   -0.055868 (VIOLATED)
_1155_/A2                               0.750000    0.805868   -0.055868 (VIOLATED)
_1162_/A1                               0.750000    0.805868   -0.055868 (VIOLATED)
_1170_/A1                               0.750000    0.805868   -0.055868 (VIOLATED)
_1178_/A1                               0.750000    0.805868   -0.055868 (VIOLATED)
_1190_/A                                0.750000    0.805868   -0.055868 (VIOLATED)
_1311_/A2                               0.750000    0.805868   -0.055868 (VIOLATED)
_1312_/A2                               0.750000    0.805868   -0.055868 (VIOLATED)
fanout90/A                              0.750000    0.805868   -0.055868 (VIOLATED)
fanout91/X                              0.750000    0.805868   -0.055868 (VIOLATED)
_1206_/A1                               0.750000    0.791194   -0.041194 (VIOLATED)
_1198_/A1                               0.750000    0.791193   -0.041193 (VIOLATED)
_1182_/A1                               0.750000    0.791193   -0.041193 (VIOLATED)
_1128_/A1                               0.750000    0.791193   -0.041193 (VIOLATED)
_1138_/A1                               0.750000    0.791192   -0.041192 (VIOLATED)
_1147_/A1                               0.750000    0.791192   -0.041192 (VIOLATED)
_1154_/A1                               0.750000    0.791192   -0.041192 (VIOLATED)
_1161_/A1                               0.750000    0.791192   -0.041192 (VIOLATED)
_1168_/A1                               0.750000    0.791192   -0.041192 (VIOLATED)
_1177_/A1                               0.750000    0.791192   -0.041192 (VIOLATED)
fanout102/X                             0.750000    0.791192   -0.041192 (VIOLATED)
_1206_/B1                               0.750000    0.766687   -0.016687 (VIOLATED)
_1198_/B1                               0.750000    0.766686   -0.016686 (VIOLATED)
_1128_/B1                               0.750000    0.766685   -0.016685 (VIOLATED)
_1182_/B1                               0.750000    0.766684   -0.016684 (VIOLATED)
_1138_/B1                               0.750000    0.766683   -0.016683 (VIOLATED)
_1147_/B1                               0.750000    0.766683   -0.016683 (VIOLATED)
_1154_/B1                               0.750000    0.766683   -0.016683 (VIOLATED)
_1161_/B1                               0.750000    0.766683   -0.016683 (VIOLATED)
_1168_/B1                               0.750000    0.766683   -0.016683 (VIOLATED)
_1177_/B1                               0.750000    0.766683   -0.016683 (VIOLATED)
fanout98/X                              0.750000    0.766683   -0.016683 (VIOLATED)
_1206_/A2                               0.750000    0.761408   -0.011408 (VIOLATED)
_1198_/A2                               0.750000    0.761408   -0.011408 (VIOLATED)
_1128_/A2                               0.750000    0.761407   -0.011407 (VIOLATED)
_1182_/A2                               0.750000    0.761406   -0.011406 (VIOLATED)
_1138_/A2                               0.750000    0.761406   -0.011406 (VIOLATED)
_1147_/A2                               0.750000    0.761406   -0.011406 (VIOLATED)
_1154_/A2                               0.750000    0.761406   -0.011406 (VIOLATED)
_1161_/A2                               0.750000    0.761406   -0.011406 (VIOLATED)
_1168_/A2                               0.750000    0.761406   -0.011406 (VIOLATED)
_1177_/A2                               0.750000    0.761406   -0.011406 (VIOLATED)
fanout100/X                             0.750000    0.761406   -0.011406 (VIOLATED)

max fanout

Pin                                   Limit Fanout  Slack
---------------------------------------------------------
fanout103/X                              10     21    -11 (VIOLATED)
fanout104/X                              10     21    -11 (VIOLATED)
fanout107/X                              10     21    -11 (VIOLATED)
fanout109/X                              10     21    -11 (VIOLATED)
fanout110/X                              10     21    -11 (VIOLATED)
fanout128/X                              10     21    -11 (VIOLATED)
fanout134/X                              10     21    -11 (VIOLATED)
fanout94/X                               10     21    -11 (VIOLATED)
fanout95/X                               10     21    -11 (VIOLATED)
fanout96/X                               10     21    -11 (VIOLATED)
input20/X                                10     21    -11 (VIOLATED)
input9/X                                 10     21    -11 (VIOLATED)
clkbuf_2_0__f_clk/X                      10     19     -9 (VIOLATED)
clkbuf_2_1__f_clk/X                      10     19     -9 (VIOLATED)
clkbuf_2_2__f_clk/X                      10     19     -9 (VIOLATED)
fanout105/X                              10     19     -9 (VIOLATED)
input10/X                                10     19     -9 (VIOLATED)
_0695_/Y                                 10     17     -7 (VIOLATED)
wire142/X                                10     17     -7 (VIOLATED)
load_slew137/X                           10     15     -5 (VIOLATED)
input7/X                                 10     13     -3 (VIOLATED)
_0692_/Y                                 10     11        (VIOLATED)
_0698_/Y                                 10     11        (VIOLATED)



===========================================================================
report_parasitic_annotation -report_unannotated
============================================================================
Found 126 unannotated drivers.
 gpio_in[0]
 gpio_in[10]
 gpio_in[11]
 gpio_in[12]
 gpio_in[13]
 gpio_in[14]
 gpio_in[15]
 gpio_in[16]
 gpio_in[17]
 gpio_in[18]
 gpio_in[19]
 gpio_in[1]
 gpio_in[20]
 gpio_in[21]
 gpio_in[22]
 gpio_in[23]
 gpio_in[24]
 gpio_in[25]
 gpio_in[26]
 gpio_in[27]
 gpio_in[28]
 gpio_in[29]
 gpio_in[2]
 gpio_in[30]
 gpio_in[31]
 gpio_in[32]
 gpio_in[33]
 gpio_in[3]
 gpio_in[4]
 gpio_in[5]
 gpio_in[6]
 gpio_in[7]
 gpio_in[8]
 gpio_in[9]
 la_data_in[10]
 la_data_in[11]
 la_data_in[12]
 la_data_in[13]
 la_data_in[14]
 la_data_in[15]
 la_data_in[16]
 la_data_in[17]
 la_data_in[18]
 la_data_in[19]
 la_data_in[20]
 la_data_in[21]
 la_data_in[22]
 la_data_in[23]
 la_data_in[24]
 la_data_in[25]
 la_data_in[26]
 la_data_in[27]
 la_data_in[28]
 la_data_in[29]
 la_data_in[2]
 la_data_in[30]
 la_data_in[31]
 la_data_in[3]
 la_data_in[4]
 la_data_in[5]
 la_data_in[6]
 la_data_in[7]
 la_data_in[8]
 la_data_in[9]
 la_oenb[10]
 la_oenb[11]
 la_oenb[12]
 la_oenb[13]
 la_oenb[14]
 la_oenb[15]
 la_oenb[16]
 la_oenb[17]
 la_oenb[18]
 la_oenb[19]
 la_oenb[20]
 la_oenb[21]
 la_oenb[22]
 la_oenb[23]
 la_oenb[24]
 la_oenb[25]
 la_oenb[26]
 la_oenb[27]
 la_oenb[28]
 la_oenb[29]
 la_oenb[2]
 la_oenb[30]
 la_oenb[31]
 la_oenb[3]
 la_oenb[4]
 la_oenb[5]
 la_oenb[6]
 la_oenb[7]
 la_oenb[8]
 la_oenb[9]
 team_00/HI
 team_00_148/HI
 team_00_149/HI
 team_00_150/HI
 team_00_151/HI
 team_00_152/HI
 team_00_153/HI
 team_00_154/HI
 team_00_155/HI
 team_00_156/HI
 team_00_157/HI
 team_00_158/HI
 team_00_159/HI
 team_00_160/HI
 team_00_161/HI
 team_00_162/HI
 team_00_163/HI
 team_00_164/HI
 team_00_165/HI
 team_00_166/HI
 team_00_167/HI
 team_00_168/HI
 team_00_169/HI
 team_00_170/HI
 team_00_171/HI
 team_00_172/HI
 team_00_173/HI
 team_00_174/HI
 team_00_175/HI
 team_00_176/HI
 team_00_177/HI
 team_00_178/HI
Found 0 partially unannotated drivers.

===========================================================================
max slew violation count 298
max fanout violation count 23
max cap violation count 0
============================================================================

===========================================================================
check_setup -verbose -unconstrained_endpoints -multiple_clock -no_clock -no_input_delay -loops -generated_clocks
===========================================================================
