Clock: clk
Sources: clk 
Generated: no
Virtual: yes
Propagated: no
Period: 25.000000

===========================================================================
report_clock_properties
============================================================================
Clock                   Period          Waveform
----------------------------------------------------
clk                  25.000000    0.000000 12.500000

===========================================================================
report_clock_latency
============================================================================
Clock clk
rise -> rise
    min     max
0.000000 0.000000 source latency
0.663549         network latency _1478_/CLK
        0.693779 network latency _1453_/CLK
---------------
0.663549 0.693779 latency
        0.030231 skew

fall -> fall
    min     max
0.000000 0.000000 source latency
0.629093         network latency _1478_/CLK
        0.653700 network latency _1453_/CLK
---------------
0.629093 0.653700 latency
        0.024607 skew



===========================================================================
report_clock_min_period
============================================================================
clk period_min = 15.22 fmax = 65.70
