┏━━━━━━━━━━━━━━━━━━━━━━┳━━━━━━━━━━┳━━━━━━━━━━┳━━━━━━━━━━┳━━━━━━━━━━┳━━━━━━━━━━━┳━━━━━━━━━━┳━━━━━━━━━━━┳━━━━━━━━━━┳━━━━━━━━━━━┳━━━━━━━━━━┳━━━━━━━━━━━┳━━━━━━━━━━┓
┃                      ┃ Hold     ┃ Reg to   ┃          ┃          ┃ of which  ┃ Setup    ┃           ┃          ┃           ┃ of which ┃           ┃          ┃
┃                      ┃ Worst    ┃ Reg      ┃          ┃ Hold Vio ┃ reg to    ┃ Worst    ┃ Reg to    ┃ Setup    ┃ Setup Vio ┃ reg to   ┃ Max Cap   ┃ Max Slew ┃
┃ Corner/Group         ┃ Slack    ┃ Paths    ┃ Hold TNS ┃ Count    ┃ reg       ┃ Slack    ┃ Reg Paths ┃ TNS      ┃ Count     ┃ reg      ┃ Violatio… ┃ Violati… ┃
┡━━━━━━━━━━━━━━━━━━━━━━╇━━━━━━━━━━╇━━━━━━━━━━╇━━━━━━━━━━╇━━━━━━━━━━╇━━━━━━━━━━━╇━━━━━━━━━━╇━━━━━━━━━━━╇━━━━━━━━━━╇━━━━━━━━━━━╇━━━━━━━━━━╇━━━━━━━━━━━╇━━━━━━━━━━┩
│ Overall              │ 0.1154   │ 0.1154   │ 0.0000   │ 0        │ 0         │ 24.7506  │ N/A       │ 0.0000   │ 0         │ 0        │ 0         │ 60       │
│ nom_tt_025C_1v80     │ 0.3242   │ 0.3242   │ 0.0000   │ 0        │ 0         │ 42.3178  │ N/A       │ 0.0000   │ 0         │ 0        │ 0         │ 0        │
│ nom_ss_100C_1v60     │ 0.8855   │ 0.8855   │ 0.0000   │ 0        │ 0         │ 25.6942  │ N/A       │ 0.0000   │ 0         │ 0        │ 0         │ 23       │
│ nom_ff_n40C_1v95     │ 0.1172   │ 0.1172   │ 0.0000   │ 0        │ 0         │ 48.9423  │ N/A       │ 0.0000   │ 0         │ 0        │ 0         │ 0        │
│ min_tt_025C_1v80     │ 0.3217   │ 0.3217   │ 0.0000   │ 0        │ 0         │ 42.8558  │ N/A       │ 0.0000   │ 0         │ 0        │ 0         │ 0        │
│ min_ss_100C_1v60     │ 0.8811   │ 0.8811   │ 0.0000   │ 0        │ 0         │ 26.6454  │ N/A       │ 0.0000   │ 0         │ 0        │ 0         │ 10       │
│ min_ff_n40C_1v95     │ 0.1154   │ 0.1154   │ 0.0000   │ 0        │ 0         │ 49.2970  │ N/A       │ 0.0000   │ 0         │ 0        │ 0         │ 0        │
│ max_tt_025C_1v80     │ 0.3270   │ 0.3270   │ 0.0000   │ 0        │ 0         │ 41.7869  │ N/A       │ 0.0000   │ 0         │ 0        │ 0         │ 0        │
│ max_ss_100C_1v60     │ 0.8902   │ 0.8902   │ 0.0000   │ 0        │ 0         │ 24.7506  │ N/A       │ 0.0000   │ 0         │ 0        │ 0         │ 60       │
│ max_ff_n40C_1v95     │ 0.1192   │ 0.1192   │ 0.0000   │ 0        │ 0         │ 48.5670  │ N/A       │ 0.0000   │ 0         │ 0        │ 0         │ 0        │
└──────────────────────┴──────────┴──────────┴──────────┴──────────┴───────────┴──────────┴───────────┴──────────┴───────────┴──────────┴───────────┴──────────┘
