Clock: clk
Sources: clk 
Generated: no
Virtual: yes
Propagated: no
Period: 25.000000

===========================================================================
report_clock_properties
============================================================================
Clock                   Period          Waveform
----------------------------------------------------
clk                  25.000000    0.000000 12.500000

===========================================================================
report_clock_latency
============================================================================
Clock clk
rise -> rise
    min     max
0.000000 0.000000 source latency
1.255816         network latency _3335_/CLK
        8.922334 network latency _3365_/CLK
---------------
1.255816 8.922334 latency
        7.666517 skew

rise -> fall
    min     max
0.000000 0.000000 source latency
6.528179         network latency _3464_/CLK
        9.290902 network latency _3365_/CLK
---------------
6.528179 9.290902 latency
        2.762723 skew

fall -> fall
    min     max
0.000000 0.000000 source latency
1.124890         network latency _3335_/CLK
        1.165498 network latency _3049_/CLK
---------------
1.124890 1.165498 latency
        0.040608 skew



===========================================================================
report_clock_min_period
============================================================================
clk period_min = 12.47 fmax = 80.17
