
===========================================================================
 report_power
============================================================================
======================= min_ss_100C_1v60 Corner ===================================

Group                    Internal    Switching      Leakage        Total
                            Power        Power        Power        Power (Watts)
------------------------------------------------------------------------
Sequential           5.365139e-04 1.316733e-06 8.658671e-06 5.464893e-04  54.7%
Combinational        1.051894e-05 1.552166e-05 1.173818e-05 3.777878e-05   3.8%
Clock                2.126519e-04 2.004495e-04 7.895086e-07 4.138910e-04  41.5%
Macro                0.000000e+00 0.000000e+00 0.000000e+00 0.000000e+00   0.0%
Pad                  0.000000e+00 0.000000e+00 0.000000e+00 0.000000e+00   0.0%
------------------------------------------------------------------------
Total                7.596849e-04 2.172879e-04 2.118611e-05 9.981588e-04 100.0%
                            76.1%        21.8%         2.1%

