Clock: clk
Sources: clk 
Generated: no
Virtual: yes
Propagated: no
Period: 1000.000000

===========================================================================
report_clock_properties
============================================================================
Clock                   Period          Waveform
----------------------------------------------------
clk                 1000.000000    0.000000500.000000

===========================================================================
report_clock_latency
============================================================================
Clock clk
rise -> rise
    min     max
0.000000 0.000000 source latency
1.212148         network latency _14085_/CLK
        2.484690 network latency _13577_/CLK
---------------
1.212148 2.484690 latency
        1.272542 skew

rise -> fall
    min     max
0.000000 0.000000 source latency
1.592115         network latency _13578_/CLK
        2.435499 network latency _13577_/CLK
---------------
1.592115 2.435499 latency
        0.843384 skew

fall -> rise
    min     max
0.000000 0.000000 source latency
1.398689         network latency _13578_/CLK
        1.579338 network latency _13577_/CLK
---------------
1.398689 1.579338 latency
        0.180648 skew

fall -> fall
    min     max
0.000000 0.000000 source latency
0.959403         network latency _14085_/CLK
        1.539206 network latency _13555_/CLK
---------------
0.959403 1.539206 latency
        0.579803 skew



===========================================================================
report_clock_min_period
============================================================================
clk period_min = 95.35 fmax = 10.49
