
===========================================================================
report_checks -unconstrained
===========================================================================
======================= max_ss_100C_1v60 Corner ===================================

Startpoint: nrst (input port clocked by clk)
Endpoint: _2700_ (recovery check against rising-edge clock clk)
Path Group: asynchronous
Path Type: max

Fanout         Cap        Slew       Delay        Time   Description
---------------------------------------------------------------------------------------------
                                  0.000000    0.000000   clock clk (rise edge)
                                  0.000000    0.000000   clock network delay (propagated)
                                  5.000000    5.000000 ^ input external delay
     2    0.005036    0.047436    0.027644    5.027644 ^ nrst (in)
                                                         nrst (net)
                      0.047437    0.000000    5.027644 ^ input6/A (sky130_fd_sc_hd__clkdlybuf4s25_1)
     1    0.008981    0.164518    0.521632    5.549275 ^ input6/X (sky130_fd_sc_hd__clkdlybuf4s25_1)
                                                         net6 (net)
                      0.164518    0.000715    5.549991 ^ _1361_/A (sky130_fd_sc_hd__nand2_2)
    11    0.051746    0.435467    0.399810    5.949801 v _1361_/Y (sky130_fd_sc_hd__nand2_2)
                                                         _1187_ (net)
                      0.435554    0.005253    5.955054 v fanout192/A (sky130_fd_sc_hd__clkdlybuf4s25_1)
    21    0.083071    1.099914    1.363612    7.318666 v fanout192/X (sky130_fd_sc_hd__clkdlybuf4s25_1)
                                                         net192 (net)
                      1.099914    0.002895    7.321560 v _1362_/A (sky130_fd_sc_hd__inv_2)
     5    0.028574    0.372470    0.580841    7.902401 ^ _1362_/Y (sky130_fd_sc_hd__inv_2)
                                                         CALC_INST.gencon_inst.add_calc.nRST (net)
                      0.372501    0.003652    7.906054 ^ fanout145/A (sky130_fd_sc_hd__clkdlybuf4s25_1)
    13    0.068362    1.087371    1.307952    9.214005 ^ fanout145/X (sky130_fd_sc_hd__clkdlybuf4s25_1)
                                                         net145 (net)
                      1.087443    0.009404    9.223410 ^ fanout144/A (sky130_fd_sc_hd__clkdlybuf4s25_1)
    11    0.064067    1.019326    1.457282   10.680692 ^ fanout144/X (sky130_fd_sc_hd__clkdlybuf4s25_1)
                                                         net144 (net)
                      1.019326    0.000378   10.681070 ^ fanout137/A (sky130_fd_sc_hd__clkdlybuf4s25_1)
     8    0.043299    0.694957    1.213450   11.894521 ^ fanout137/X (sky130_fd_sc_hd__clkdlybuf4s25_1)
                                                         net137 (net)
                      0.694957    0.002122   11.896643 ^ fanout133/A (sky130_fd_sc_hd__clkdlybuf4s25_1)
     4    0.016572    0.280225    0.844125   12.740767 ^ fanout133/X (sky130_fd_sc_hd__clkdlybuf4s25_1)
                                                         net133 (net)
                      0.280225    0.000852   12.741619 ^ load_slew134/A (sky130_fd_sc_hd__buf_2)
     7    0.032225    0.257908    0.425160   13.166780 ^ load_slew134/X (sky130_fd_sc_hd__buf_2)
                                                         net134 (net)
                      0.257942    0.002993   13.169772 ^ _2700_/RESET_B (sky130_fd_sc_hd__dfrtp_2)
                                             13.169772   data arrival time

                                 25.000000   25.000000   clock clk (rise edge)
                                  0.000000   25.000000   clock source latency
     2    0.040569    0.293820    0.204624   25.204622 ^ clk (in)
                                                         clk (net)
                      0.293836    0.000000   25.204622 ^ clkbuf_0_clk/A (sky130_fd_sc_hd__clkbuf_16)
    17    0.123696    0.211188    0.435884   25.640507 ^ clkbuf_0_clk/X (sky130_fd_sc_hd__clkbuf_16)
                                                         clknet_0_clk (net)
                      0.212226    0.011287   25.651794 ^ clkbuf_3_7__f_clk/A (sky130_fd_sc_hd__clkbuf_16)
     5    0.037451    0.090848    0.311081   25.962875 ^ clkbuf_3_7__f_clk/X (sky130_fd_sc_hd__clkbuf_16)
                                                         clknet_3_7__leaf_clk (net)
                      0.090869    0.001366   25.964241 ^ clkbuf_leaf_20_clk/A (sky130_fd_sc_hd__clkbuf_8)
    10    0.031145    0.108940    0.269452   26.233694 ^ clkbuf_leaf_20_clk/X (sky130_fd_sc_hd__clkbuf_8)
                                                         clknet_leaf_20_clk (net)
                      0.108990    0.002171   26.235865 ^ _2700_/CLK (sky130_fd_sc_hd__dfrtp_2)
                                 -0.250000   25.985865   clock uncertainty
                                  0.000000   25.985865   clock reconvergence pessimism
                                  0.377473   26.363337   library recovery time
                                             26.363337   data required time
---------------------------------------------------------------------------------------------
                                             26.363337   data required time
                                            -13.169772   data arrival time
---------------------------------------------------------------------------------------------
                                             13.193564   slack (MET)


Startpoint: _2815_ (rising edge-triggered flip-flop clocked by clk)
Endpoint: gpio_out[6] (output port clocked by clk)
Path Group: clk
Path Type: max

Fanout         Cap        Slew       Delay        Time   Description
---------------------------------------------------------------------------------------------
                                  0.000000    0.000000   clock clk (rise edge)
                                  0.000000    0.000000   clock source latency
     2    0.040569    0.293820    0.204624    0.204624 ^ clk (in)
                                                         clk (net)
                      0.293836    0.000000    0.204624 ^ clkbuf_0_clk/A (sky130_fd_sc_hd__clkbuf_16)
    17    0.123696    0.211188    0.435884    0.640508 ^ clkbuf_0_clk/X (sky130_fd_sc_hd__clkbuf_16)
                                                         clknet_0_clk (net)
                      0.211630    0.006863    0.647372 ^ clkbuf_3_1__f_clk/A (sky130_fd_sc_hd__clkbuf_16)
    11    0.053769    0.112025    0.327650    0.975022 ^ clkbuf_3_1__f_clk/X (sky130_fd_sc_hd__clkbuf_16)
                                                         clknet_3_1__leaf_clk (net)
                      0.113168    0.008184    0.983206 ^ clkbuf_leaf_37_clk/A (sky130_fd_sc_hd__clkbuf_8)
     9    0.037851    0.124338    0.292411    1.275617 ^ clkbuf_leaf_37_clk/X (sky130_fd_sc_hd__clkbuf_8)
                                                         clknet_leaf_37_clk (net)
                      0.124365    0.001811    1.277428 ^ _2815_/CLK (sky130_fd_sc_hd__dfrtp_2)
     1    0.005619    0.090069    0.843611    2.121039 v _2815_/Q (sky130_fd_sc_hd__dfrtp_2)
                                                         CALC_INST.input_ctrl_inst.col_index[1] (net)
                      0.090069    0.000409    2.121448 v fanout187/A (sky130_fd_sc_hd__clkdlybuf4s25_1)
     5    0.025841    0.357378    0.695818    2.817266 v fanout187/X (sky130_fd_sc_hd__clkdlybuf4s25_1)
                                                         net187 (net)
                      0.357378    0.000697    2.817963 v fanout186/A (sky130_fd_sc_hd__clkdlybuf4s25_1)
    10    0.034987    0.474018    0.888948    3.706911 v fanout186/X (sky130_fd_sc_hd__clkdlybuf4s25_1)
                                                         net186 (net)
                      0.474018    0.000179    3.707089 v _1489_/B (sky130_fd_sc_hd__or4_2)
     6    0.023493    0.349143    1.898896    5.605986 v _1489_/X (sky130_fd_sc_hd__or4_2)
                                                         _0412_ (net)
                      0.349143    0.001525    5.607510 v _1495_/A (sky130_fd_sc_hd__or3_2)
     4    0.012627    0.221267    1.310257    6.917768 v _1495_/X (sky130_fd_sc_hd__or3_2)
                                                         _0418_ (net)
                      0.221267    0.000635    6.918403 v _1499_/B (sky130_fd_sc_hd__or3b_2)
     2    0.004742    0.174159    1.103357    8.021759 v _1499_/X (sky130_fd_sc_hd__or3b_2)
                                                         _0422_ (net)
                      0.174159    0.000291    8.022051 v _1533_/B (sky130_fd_sc_hd__and2_2)
     2    0.007404    0.090358    0.472571    8.494622 v _1533_/X (sky130_fd_sc_hd__and2_2)
                                                         _0456_ (net)
                      0.090358    0.000364    8.494987 v _1537_/D (sky130_fd_sc_hd__or4_2)
     1    0.002491    0.209571    1.288611    9.783597 v _1537_/X (sky130_fd_sc_hd__or4_2)
                                                         _0460_ (net)
                      0.209571    0.000144    9.783741 v _1539_/C (sky130_fd_sc_hd__or4b_2)
     4    0.018608    0.325509    1.692281   11.476022 v _1539_/X (sky130_fd_sc_hd__or4b_2)
                                                         _0461_ (net)
                      0.325509    0.001211   11.477234 v _1542_/C (sky130_fd_sc_hd__or4b_2)
     1    0.003961    0.223403    1.543548   13.020782 v _1542_/X (sky130_fd_sc_hd__or4b_2)
                                                         net28 (net)
                      0.223403    0.000165   13.020947 v output28/A (sky130_fd_sc_hd__clkdlybuf4s25_1)
     1    0.036829    0.496424    0.860955   13.881902 v output28/X (sky130_fd_sc_hd__clkdlybuf4s25_1)
                                                         gpio_out[6] (net)
                      0.496429    0.002330   13.884231 v gpio_out[6] (out)
                                             13.884231   data arrival time

                                 25.000000   25.000000   clock clk (rise edge)
                                  0.000000   25.000000   clock network delay (propagated)
                                 -0.250000   24.750000   clock uncertainty
                                  0.000000   24.750000   clock reconvergence pessimism
                                 -5.000000   19.750000   output external delay
                                             19.750000   data required time
---------------------------------------------------------------------------------------------
                                             19.750000   data required time
                                            -13.884231   data arrival time
---------------------------------------------------------------------------------------------
                                              5.865768   slack (MET)




===========================================================================
report_checks --slack_max -0.01
============================================================================
======================= max_ss_100C_1v60 Corner ===================================

No paths found.


===========================================================================
 report_check_types -max_slew -max_cap -max_fanout -violators
============================================================================
======================= max_ss_100C_1v60 Corner ===================================

max slew

Pin                                        Limit        Slew       Slack
------------------------------------------------------------------------
ANTENNA__2291__B1/DIODE                 0.750000    1.674102   -0.924102 (VIOLATED)
ANTENNA__2285__B1/DIODE                 0.750000    1.674101   -0.924101 (VIOLATED)
_2285_/B1                               0.750000    1.674100   -0.924100 (VIOLATED)
ANTENNA__2284__B1/DIODE                 0.750000    1.674096   -0.924096 (VIOLATED)
_2284_/B1                               0.750000    1.674091   -0.924091 (VIOLATED)
ANTENNA__2292__B1/DIODE                 0.750000    1.674078   -0.924078 (VIOLATED)
ANTENNA__2293__B1/DIODE                 0.750000    1.674076   -0.924076 (VIOLATED)
_2293_/B1                               0.750000    1.674076   -0.924076 (VIOLATED)
ANTENNA__2286__B1/DIODE                 0.750000    1.674074   -0.924074 (VIOLATED)
ANTENNA__2287__B1/DIODE                 0.750000    1.674074   -0.924074 (VIOLATED)
_2286_/B1                               0.750000    1.674075   -0.924075 (VIOLATED)
_2287_/B1                               0.750000    1.674074   -0.924074 (VIOLATED)
ANTENNA__2289__B1/DIODE                 0.750000    1.674073   -0.924073 (VIOLATED)
_2292_/B1                               0.750000    1.674074   -0.924074 (VIOLATED)
ANTENNA_fanout78_X/DIODE                0.750000    1.674073   -0.924073 (VIOLATED)
_2289_/B1                               0.750000    1.674072   -0.924072 (VIOLATED)
ANTENNA__2290__B1/DIODE                 0.750000    1.674070   -0.924070 (VIOLATED)
_2288_/B1                               0.750000    1.674070   -0.924070 (VIOLATED)
ANTENNA__2288__B1/DIODE                 0.750000    1.674069   -0.924069 (VIOLATED)
_2290_/B1                               0.750000    1.674065   -0.924065 (VIOLATED)
_2291_/B1                               0.750000    1.674066   -0.924066 (VIOLATED)
fanout78/X                              0.750000    1.674065   -0.924065 (VIOLATED)
ANTENNA__2169__S/DIODE                  0.750000    1.650463   -0.900463 (VIOLATED)
ANTENNA__2172__S/DIODE                  0.750000    1.650459   -0.900459 (VIOLATED)
_2171_/S                                0.750000    1.650460   -0.900460 (VIOLATED)
_2172_/S                                0.750000    1.650448   -0.900448 (VIOLATED)
_2170_/S                                0.750000    1.650446   -0.900446 (VIOLATED)
ANTENNA__2170__S/DIODE                  0.750000    1.650419   -0.900419 (VIOLATED)
ANTENNA__2171__S/DIODE                  0.750000    1.650406   -0.900406 (VIOLATED)
_2169_/S                                0.750000    1.650392   -0.900392 (VIOLATED)
ANTENNA_fanout179_A/DIODE               0.750000    1.650385   -0.900385 (VIOLATED)
fanout179/A                             0.750000    1.650385   -0.900385 (VIOLATED)
ANTENNA__2187__S/DIODE                  0.750000    1.650360   -0.900360 (VIOLATED)
_2187_/S                                0.750000    1.650361   -0.900361 (VIOLATED)
ANTENNA__2189__S/DIODE                  0.750000    1.650346   -0.900346 (VIOLATED)
_2189_/S                                0.750000    1.650346   -0.900346 (VIOLATED)
ANTENNA_fanout178_A/DIODE               0.750000    1.650313   -0.900313 (VIOLATED)
ANTENNA_fanout180_X/DIODE               0.750000    1.650313   -0.900313 (VIOLATED)
fanout178/A                             0.750000    1.650312   -0.900312 (VIOLATED)
fanout180/X                             0.750000    1.650306   -0.900306 (VIOLATED)
ANTENNA__2282__B2/DIODE                 0.750000    1.573218   -0.823218 (VIOLATED)
ANTENNA__2278__A1/DIODE                 0.750000    1.573216   -0.823216 (VIOLATED)
_2282_/B2                               0.750000    1.573206   -0.823206 (VIOLATED)
_2278_/A1                               0.750000    1.573205   -0.823205 (VIOLATED)
ANTENNA_fanout181_A/DIODE               0.750000    1.573183   -0.823183 (VIOLATED)
fanout181/A                             0.750000    1.573151   -0.823151 (VIOLATED)
ANTENNA__2204__B2/DIODE                 0.750000    1.573108   -0.823108 (VIOLATED)
_2204_/B2                               0.750000    1.573108   -0.823108 (VIOLATED)
ANTENNA__2197__A1/DIODE                 0.750000    1.573058   -0.823058 (VIOLATED)
_2197_/A1                               0.750000    1.573055   -0.823055 (VIOLATED)
ANTENNA__2192__A1/DIODE                 0.750000    1.573029   -0.823029 (VIOLATED)
_2192_/A1                               0.750000    1.573029   -0.823029 (VIOLATED)
ANTENNA__1260__A/DIODE                  0.750000    1.573009   -0.823009 (VIOLATED)
_1260_/A                                0.750000    1.573008   -0.823008 (VIOLATED)
_2301_/A1                               0.750000    1.573007   -0.823007 (VIOLATED)
ANTENNA__2301__A1/DIODE                 0.750000    1.573004   -0.823004 (VIOLATED)
_2304_/A1                               0.750000    1.573001   -0.823001 (VIOLATED)
ANTENNA__2304__A1/DIODE                 0.750000    1.573000   -0.823000 (VIOLATED)
_1351_/A                                0.750000    1.572988   -0.822988 (VIOLATED)
ANTENNA__1351__A/DIODE                  0.750000    1.572983   -0.822983 (VIOLATED)
ANTENNA_fanout182_X/DIODE               0.750000    1.572961   -0.822961 (VIOLATED)
fanout182/X                             0.750000    1.572957   -0.822957 (VIOLATED)
_2233_/A2                               0.750000    1.530437   -0.780437 (VIOLATED)
ANTENNA__2218__A2/DIODE                 0.750000    1.530424   -0.780424 (VIOLATED)
ANTENNA__2211__A2/DIODE                 0.750000    1.530401   -0.780401 (VIOLATED)
ANTENNA__2204__A2/DIODE                 0.750000    1.530391   -0.780391 (VIOLATED)
_2204_/A2                               0.750000    1.530391   -0.780391 (VIOLATED)
_2211_/A2                               0.750000    1.530378   -0.780378 (VIOLATED)
_2218_/A2                               0.750000    1.530350   -0.780350 (VIOLATED)
ANTENNA__2226__B2/DIODE                 0.750000    1.530308   -0.780308 (VIOLATED)
_2197_/B2                               0.750000    1.530298   -0.780298 (VIOLATED)
ANTENNA__2197__B2/DIODE                 0.750000    1.530297   -0.780297 (VIOLATED)
_2226_/B2                               0.750000    1.530286   -0.780286 (VIOLATED)
ANTENNA__2260__A2/DIODE                 0.750000    1.530262   -0.780262 (VIOLATED)
ANTENNA_fanout68_X/DIODE                0.750000    1.530259   -0.780259 (VIOLATED)
_2240_/B2                               0.750000    1.530253   -0.780253 (VIOLATED)
ANTENNA__2247__A2/DIODE                 0.750000    1.530245   -0.780245 (VIOLATED)
ANTENNA__2292__A1/DIODE                 0.750000    1.530148   -0.780148 (VIOLATED)
_1366_/A                                0.750000    1.530141   -0.780141 (VIOLATED)
_2292_/A1                               0.750000    1.530138   -0.780138 (VIOLATED)
_2290_/A1                               0.750000    1.530133   -0.780133 (VIOLATED)
_2284_/A1                               0.750000    1.530129   -0.780129 (VIOLATED)
_2288_/A1                               0.750000    1.530126   -0.780126 (VIOLATED)
_2253_/B2                               0.750000    1.529748   -0.779748 (VIOLATED)
ANTENNA__2288__A1/DIODE                 0.750000    1.529735   -0.779736 (VIOLATED)
_2291_/A1                               0.750000    1.529734   -0.779734 (VIOLATED)
ANTENNA__2290__A1/DIODE                 0.750000    1.529733   -0.779733 (VIOLATED)
ANTENNA__2287__A1/DIODE                 0.750000    1.529731   -0.779731 (VIOLATED)
_2289_/A1                               0.750000    1.529730   -0.779730 (VIOLATED)
ANTENNA__2286__A1/DIODE                 0.750000    1.529716   -0.779717 (VIOLATED)
_2287_/A1                               0.750000    1.529717   -0.779717 (VIOLATED)
ANTENNA__1366__A/DIODE                  0.750000    1.529707   -0.779707 (VIOLATED)
ANTENNA__2284__A1/DIODE                 0.750000    1.529707   -0.779707 (VIOLATED)
ANTENNA__2285__A1/DIODE                 0.750000    1.529707   -0.779707 (VIOLATED)
ANTENNA__2289__A1/DIODE                 0.750000    1.529707   -0.779707 (VIOLATED)
ANTENNA__2291__A1/DIODE                 0.750000    1.529707   -0.779707 (VIOLATED)
ANTENNA_fanout175_X/DIODE               0.750000    1.529707   -0.779707 (VIOLATED)
_2285_/A1                               0.750000    1.529707   -0.779707 (VIOLATED)
_2286_/A1                               0.750000    1.529708   -0.779708 (VIOLATED)
fanout175/X                             0.750000    1.529707   -0.779707 (VIOLATED)
ANTENNA__2240__B2/DIODE                 0.750000    1.529694   -0.779694 (VIOLATED)
ANTENNA__2253__B2/DIODE                 0.750000    1.529658   -0.779658 (VIOLATED)
ANTENNA__2233__A2/DIODE                 0.750000    1.529656   -0.779656 (VIOLATED)
_2247_/A2                               0.750000    1.529656   -0.779656 (VIOLATED)
_2260_/A2                               0.750000    1.529656   -0.779656 (VIOLATED)
fanout68/X                              0.750000    1.529656   -0.779656 (VIOLATED)
_2150_/S                                0.750000    1.478315   -0.728316 (VIOLATED)
ANTENNA__2151__S/DIODE                  0.750000    1.478306   -0.728306 (VIOLATED)
_2151_/S                                0.750000    1.478306   -0.728306 (VIOLATED)
fanout183/A                             0.750000    1.478269   -0.728269 (VIOLATED)
ANTENNA_fanout183_A/DIODE               0.750000    1.478231   -0.728231 (VIOLATED)
ANTENNA__2157__A0/DIODE                 0.750000    1.478199   -0.728199 (VIOLATED)
_2157_/A0                               0.750000    1.478199   -0.728199 (VIOLATED)
_2141_/S                                0.750000    1.478197   -0.728197 (VIOLATED)
_2154_/S                                0.750000    1.478197   -0.728197 (VIOLATED)
ANTENNA__2141__S/DIODE                  0.750000    1.478194   -0.728194 (VIOLATED)
ANTENNA__2150__S/DIODE                  0.750000    1.478191   -0.728191 (VIOLATED)
ANTENNA__2154__S/DIODE                  0.750000    1.478191   -0.728191 (VIOLATED)
_2140_/S                                0.750000    1.478181   -0.728181 (VIOLATED)
ANTENNA__2139__S/DIODE                  0.750000    1.478180   -0.728180 (VIOLATED)
_2139_/S                                0.750000    1.478180   -0.728180 (VIOLATED)
ANTENNA__2140__S/DIODE                  0.750000    1.478180   -0.728180 (VIOLATED)
_1373_/B                                0.750000    1.478143   -0.728143 (VIOLATED)
ANTENNA__1373__B/DIODE                  0.750000    1.478142   -0.728142 (VIOLATED)
ANTENNA_fanout184_X/DIODE               0.750000    1.478138   -0.728138 (VIOLATED)
ANTENNA__1353__A2/DIODE                 0.750000    1.478118   -0.728118 (VIOLATED)
_1353_/A2                               0.750000    1.478118   -0.728118 (VIOLATED)
fanout184/X                             0.750000    1.478114   -0.728114 (VIOLATED)
_2155_/B                                0.750000    1.378605   -0.628605 (VIOLATED)
_1366_/B                                0.750000    1.378600   -0.628600 (VIOLATED)
_2168_/S                                0.750000    1.378579   -0.628579 (VIOLATED)
_2167_/S                                0.750000    1.378543   -0.628543 (VIOLATED)
ANTENNA__2166__S/DIODE                  0.750000    1.378541   -0.628541 (VIOLATED)
ANTENNA__2167__S/DIODE                  0.750000    1.378541   -0.628541 (VIOLATED)
ANTENNA__1366__B/DIODE                  0.750000    1.378513   -0.628513 (VIOLATED)
ANTENNA__2155__B/DIODE                  0.750000    1.378513   -0.628513 (VIOLATED)
ANTENNA__2168__S/DIODE                  0.750000    1.378513   -0.628513 (VIOLATED)
ANTENNA__2164__S/DIODE                  0.750000    1.378502   -0.628502 (VIOLATED)
_2166_/S                                0.750000    1.378502   -0.628502 (VIOLATED)
ANTENNA__2165__S/DIODE                  0.750000    1.378496   -0.628496 (VIOLATED)
_2165_/S                                0.750000    1.378484   -0.628484 (VIOLATED)
ANTENNA__2163__S/DIODE                  0.750000    1.378472   -0.628472 (VIOLATED)
_2163_/S                                0.750000    1.378453   -0.628453 (VIOLATED)
_2162_/S                                0.750000    1.378430   -0.628430 (VIOLATED)
_2164_/S                                0.750000    1.378414   -0.628414 (VIOLATED)
ANTENNA__2162__S/DIODE                  0.750000    1.378409   -0.628409 (VIOLATED)
_2161_/S                                0.750000    1.378383   -0.628383 (VIOLATED)
ANTENNA__2161__S/DIODE                  0.750000    1.378379   -0.628379 (VIOLATED)
ANTENNA_fanout179_X/DIODE               0.750000    1.378379   -0.628379 (VIOLATED)
fanout179/X                             0.750000    1.378379   -0.628379 (VIOLATED)
ANTENNA__1547__A/DIODE                  0.750000    1.370981   -0.620981 (VIOLATED)
_1547_/A                                0.750000    1.370980   -0.620980 (VIOLATED)
_1725_/B                                0.750000    1.370973   -0.620973 (VIOLATED)
ANTENNA__1725__B/DIODE                  0.750000    1.370941   -0.620941 (VIOLATED)
_2330_/B                                0.750000    1.370939   -0.620939 (VIOLATED)
ANTENNA__2330__B/DIODE                  0.750000    1.370927   -0.620927 (VIOLATED)
_2349_/A2                               0.750000    1.370891   -0.620891 (VIOLATED)
ANTENNA__2349__A2/DIODE                 0.750000    1.370819   -0.620819 (VIOLATED)
_2348_/A                                0.750000    1.370796   -0.620796 (VIOLATED)
ANTENNA__2348__A/DIODE                  0.750000    1.370792   -0.620792 (VIOLATED)
_2350_/A2                               0.750000    1.370791   -0.620791 (VIOLATED)
ANTENNA__2350__A2/DIODE                 0.750000    1.370781   -0.620781 (VIOLATED)
_2471_/A2                               0.750000    1.370638   -0.620638 (VIOLATED)
ANTENNA__2471__A2/DIODE                 0.750000    1.370483   -0.620483 (VIOLATED)
_1696_/A2                               0.750000    1.370417   -0.620417 (VIOLATED)
ANTENNA__1696__A2/DIODE                 0.750000    1.370416   -0.620416 (VIOLATED)
ANTENNA__1362__A/DIODE                  0.750000    1.370407   -0.620407 (VIOLATED)
_1362_/A                                0.750000    1.370407   -0.620407 (VIOLATED)
ANTENNA__2472__A/DIODE                  0.750000    1.370404   -0.620404 (VIOLATED)
_2472_/A                                0.750000    1.370404   -0.620404 (VIOLATED)
ANTENNA_fanout192_X/DIODE               0.750000    1.370402   -0.620403 (VIOLATED)
fanout192/X                             0.750000    1.370398   -0.620398 (VIOLATED)
ANTENNA__2149__S/DIODE                  0.750000    1.343021   -0.593021 (VIOLATED)
ANTENNA__2147__S/DIODE                  0.750000    1.343021   -0.593021 (VIOLATED)
_2152_/S                                0.750000    1.343019   -0.593019 (VIOLATED)
ANTENNA__2153__S/DIODE                  0.750000    1.343016   -0.593016 (VIOLATED)
_2153_/S                                0.750000    1.343016   -0.593016 (VIOLATED)
ANTENNA__2152__S/DIODE                  0.750000    1.343000   -0.593000 (VIOLATED)
ANTENNA__2148__S/DIODE                  0.750000    1.342995   -0.592995 (VIOLATED)
_2149_/S                                0.750000    1.342994   -0.592994 (VIOLATED)
_2147_/S                                0.750000    1.342993   -0.592993 (VIOLATED)
_2148_/S                                0.750000    1.342992   -0.592992 (VIOLATED)
ANTENNA__2145__S/DIODE                  0.750000    1.342988   -0.592988 (VIOLATED)
ANTENNA__2146__S/DIODE                  0.750000    1.342986   -0.592986 (VIOLATED)
ANTENNA__2143__S/DIODE                  0.750000    1.342984   -0.592984 (VIOLATED)
_2145_/S                                0.750000    1.342984   -0.592984 (VIOLATED)
_2142_/S                                0.750000    1.342983   -0.592983 (VIOLATED)
ANTENNA__2142__S/DIODE                  0.750000    1.342982   -0.592982 (VIOLATED)
_2144_/S                                0.750000    1.342982   -0.592982 (VIOLATED)
ANTENNA__2144__S/DIODE                  0.750000    1.342981   -0.592981 (VIOLATED)
_2143_/S                                0.750000    1.342981   -0.592981 (VIOLATED)
_2146_/S                                0.750000    1.342980   -0.592980 (VIOLATED)
ANTENNA_fanout183_X/DIODE               0.750000    1.342976   -0.592976 (VIOLATED)
fanout183/X                             0.750000    1.342976   -0.592976 (VIOLATED)
_1637_/B1                               0.750000    1.239579   -0.489579 (VIOLATED)
ANTENNA__1637__B1/DIODE                 0.750000    1.239579   -0.489579 (VIOLATED)
_1631_/B1                               0.750000    1.239578   -0.489578 (VIOLATED)
ANTENNA__1631__B1/DIODE                 0.750000    1.239577   -0.489577 (VIOLATED)
ANTENNA__1621__B1/DIODE                 0.750000    1.239551   -0.489551 (VIOLATED)
_1621_/B1                               0.750000    1.239551   -0.489551 (VIOLATED)
_1613_/B1                               0.750000    1.239549   -0.489549 (VIOLATED)
ANTENNA__1613__B1/DIODE                 0.750000    1.239501   -0.489501 (VIOLATED)
ANTENNA__1606__A1/DIODE                 0.750000    1.239419   -0.489419 (VIOLATED)
_1624_/S                                0.750000    1.239410   -0.489410 (VIOLATED)
ANTENNA__1624__S/DIODE                  0.750000    1.239409   -0.489409 (VIOLATED)
_1617_/A1                               0.750000    1.239402   -0.489402 (VIOLATED)
ANTENNA__1617__A1/DIODE                 0.750000    1.239400   -0.489400 (VIOLATED)
_1606_/A1                               0.750000    1.239388   -0.489388 (VIOLATED)
_1595_/A1                               0.750000    1.239344   -0.489344 (VIOLATED)
ANTENNA__1595__A1/DIODE                 0.750000    1.239339   -0.489339 (VIOLATED)
_1599_/B1                               0.750000    1.239335   -0.489335 (VIOLATED)
ANTENNA__1599__B1/DIODE                 0.750000    1.239334   -0.489334 (VIOLATED)
ANTENNA__1644__A1/DIODE                 0.750000    1.239262   -0.489262 (VIOLATED)
_1644_/A1                               0.750000    1.239248   -0.489248 (VIOLATED)
ANTENNA_fanout65_X/DIODE                0.750000    1.239245   -0.489245 (VIOLATED)
fanout65/X                              0.750000    1.239242   -0.489242 (VIOLATED)
_2058_/S                                0.750000    1.222086   -0.472086 (VIOLATED)
ANTENNA__2058__S/DIODE                  0.750000    1.222085   -0.472085 (VIOLATED)
_1270_/A                                0.750000    1.222081   -0.472082 (VIOLATED)
ANTENNA__1270__A/DIODE                  0.750000    1.222080   -0.472080 (VIOLATED)
_2040_/S                                0.750000    1.222067   -0.472067 (VIOLATED)
ANTENNA__2040__S/DIODE                  0.750000    1.222052   -0.472052 (VIOLATED)
ANTENNA__2017__S/DIODE                  0.750000    1.222008   -0.472008 (VIOLATED)
_2017_/S                                0.750000    1.221989   -0.471989 (VIOLATED)
_2000_/S                                0.750000    1.221946   -0.471946 (VIOLATED)
ANTENNA__2000__S/DIODE                  0.750000    1.221921   -0.471921 (VIOLATED)
ANTENNA__1991__A/DIODE                  0.750000    1.221900   -0.471901 (VIOLATED)
_1991_/A                                0.750000    1.221901   -0.471901 (VIOLATED)
_2070_/A1                               0.750000    1.221880   -0.471880 (VIOLATED)
_1911_/S                                0.750000    1.221875   -0.471875 (VIOLATED)
ANTENNA__1911__S/DIODE                  0.750000    1.221857   -0.471857 (VIOLATED)
ANTENNA__2070__A1/DIODE                 0.750000    1.221852   -0.471852 (VIOLATED)
_1387_/B1                               0.750000    1.221835   -0.471835 (VIOLATED)
ANTENNA__1387__B1/DIODE                 0.750000    1.221833   -0.471833 (VIOLATED)
_2071_/B                                0.750000    1.221802   -0.471802 (VIOLATED)
ANTENNA__2071__B/DIODE                  0.750000    1.221783   -0.471783 (VIOLATED)
ANTENNA_fanout154_X/DIODE               0.750000    1.221783   -0.471783 (VIOLATED)
fanout154/X                             0.750000    1.221453   -0.471453 (VIOLATED)
_2113_/S                                0.750000    1.221349   -0.471349 (VIOLATED)
ANTENNA__2113__S/DIODE                  0.750000    1.221347   -0.471347 (VIOLATED)
ANTENNA__2081__S/DIODE                  0.750000    1.221332   -0.471332 (VIOLATED)
_2081_/S                                0.750000    1.221319   -0.471319 (VIOLATED)
_2111_/S                                0.750000    1.221318   -0.471318 (VIOLATED)
ANTENNA__2111__S/DIODE                  0.750000    1.221314   -0.471314 (VIOLATED)
ANTENNA__2109__S/DIODE                  0.750000    1.221265   -0.471265 (VIOLATED)
_2109_/S                                0.750000    1.221239   -0.471239 (VIOLATED)
_2079_/S                                0.750000    1.221219   -0.471219 (VIOLATED)
ANTENNA__2079__S/DIODE                  0.750000    1.221217   -0.471217 (VIOLATED)
ANTENNA__2077__S/DIODE                  0.750000    1.221142   -0.471142 (VIOLATED)
_2107_/S                                0.750000    1.221111   -0.471111 (VIOLATED)
_2077_/S                                0.750000    1.221104   -0.471104 (VIOLATED)
_2137_/A2                               0.750000    1.221068   -0.471068 (VIOLATED)
ANTENNA__2137__A2/DIODE                 0.750000    1.220985   -0.470985 (VIOLATED)
ANTENNA__2136__B/DIODE                  0.750000    1.220486   -0.470486 (VIOLATED)
_2136_/B                                0.750000    1.220453   -0.470453 (VIOLATED)
ANTENNA__2107__S/DIODE                  0.750000    1.220452   -0.470452 (VIOLATED)
_2071_/A                                0.750000    1.220423   -0.470423 (VIOLATED)
ANTENNA__2071__A/DIODE                  0.750000    1.220405   -0.470405 (VIOLATED)
ANTENNA_fanout150_X/DIODE               0.750000    1.220405   -0.470405 (VIOLATED)
fanout150/X                             0.750000    1.220405   -0.470405 (VIOLATED)
_1684_/S                                0.750000    1.215665   -0.465665 (VIOLATED)
ANTENNA__1684__S/DIODE                  0.750000    1.215659   -0.465659 (VIOLATED)
ANTENNA__1686__S/DIODE                  0.750000    1.215628   -0.465628 (VIOLATED)
_1686_/S                                0.750000    1.215620   -0.465620 (VIOLATED)
_1683_/S                                0.750000    1.215598   -0.465598 (VIOLATED)
ANTENNA__1683__S/DIODE                  0.750000    1.215557   -0.465557 (VIOLATED)
_1682_/S                                0.750000    1.215534   -0.465534 (VIOLATED)
ANTENNA__1682__S/DIODE                  0.750000    1.215527   -0.465527 (VIOLATED)
_1665_/S                                0.750000    1.215489   -0.465489 (VIOLATED)
ANTENNA__1665__S/DIODE                  0.750000    1.215488   -0.465488 (VIOLATED)
ANTENNA__1681__S/DIODE                  0.750000    1.215460   -0.465460 (VIOLATED)
_1681_/S                                0.750000    1.215445   -0.465445 (VIOLATED)
ANTENNA__1696__B1/DIODE                 0.750000    1.215439   -0.465439 (VIOLATED)
_1696_/B1                               0.750000    1.215437   -0.465437 (VIOLATED)
ANTENNA__1680__S/DIODE                  0.750000    1.215388   -0.465388 (VIOLATED)
_1680_/S                                0.750000    1.215353   -0.465353 (VIOLATED)
ANTENNA__1663__S/DIODE                  0.750000    1.215274   -0.465274 (VIOLATED)
_1663_/S                                0.750000    1.215260   -0.465260 (VIOLATED)
_1664_/S                                0.750000    1.215259   -0.465259 (VIOLATED)
ANTENNA__1664__S/DIODE                  0.750000    1.215258   -0.465258 (VIOLATED)
ANTENNA_fanout61_X/DIODE                0.750000    1.215254   -0.465254 (VIOLATED)
fanout61/X                              0.750000    1.215251   -0.465251 (VIOLATED)
_2103_/S                                0.750000    1.203660   -0.453660 (VIOLATED)
ANTENNA__2103__S/DIODE                  0.750000    1.203658   -0.453658 (VIOLATED)
ANTENNA__2101__S/DIODE                  0.750000    1.203647   -0.453647 (VIOLATED)
_2101_/S                                0.750000    1.203642   -0.453642 (VIOLATED)
_2099_/S                                0.750000    1.203630   -0.453630 (VIOLATED)
ANTENNA__2099__S/DIODE                  0.750000    1.203624   -0.453624 (VIOLATED)
ANTENNA__2095__S/DIODE                  0.750000    1.203604   -0.453604 (VIOLATED)
_2097_/S                                0.750000    1.203604   -0.453604 (VIOLATED)
ANTENNA__2097__S/DIODE                  0.750000    1.203603   -0.453603 (VIOLATED)
_2095_/S                                0.750000    1.203587   -0.453587 (VIOLATED)
_2125_/S                                0.750000    1.203587   -0.453587 (VIOLATED)
ANTENNA__2125__S/DIODE                  0.750000    1.203586   -0.453586 (VIOLATED)
_2093_/S                                0.750000    1.203552   -0.453552 (VIOLATED)
ANTENNA__2093__S/DIODE                  0.750000    1.203522   -0.453522 (VIOLATED)
_2123_/S                                0.750000    1.203479   -0.453479 (VIOLATED)
ANTENNA__2123__S/DIODE                  0.750000    1.203477   -0.453477 (VIOLATED)
_2119_/S                                0.750000    1.203454   -0.453454 (VIOLATED)
ANTENNA__2119__S/DIODE                  0.750000    1.203453   -0.453453 (VIOLATED)
ANTENNA__2089__S/DIODE                  0.750000    1.203122   -0.453122 (VIOLATED)
ANTENNA_fanout152_X/DIODE               0.750000    1.203122   -0.453122 (VIOLATED)
_2089_/S                                0.750000    1.203122   -0.453122 (VIOLATED)
fanout152/X                             0.750000    1.203122   -0.453122 (VIOLATED)
ANTENNA__2266__A2/DIODE                 0.750000    1.201885   -0.451885 (VIOLATED)
ANTENNA_fanout69_X/DIODE                0.750000    1.201884   -0.451884 (VIOLATED)
ANTENNA_fanout68_A/DIODE                0.750000    1.201882   -0.451882 (VIOLATED)
ANTENNA__2272__B2/DIODE                 0.750000    1.201881   -0.451881 (VIOLATED)
ANTENNA__2282__A2/DIODE                 0.750000    1.201882   -0.451882 (VIOLATED)
_2278_/B2                               0.750000    1.201872   -0.451872 (VIOLATED)
ANTENNA_fanout67_A/DIODE                0.750000    1.201871   -0.451871 (VIOLATED)
fanout67/A                              0.750000    1.201871   -0.451871 (VIOLATED)
_2282_/A2                               0.750000    1.201865   -0.451865 (VIOLATED)
_2266_/A2                               0.750000    1.201864   -0.451864 (VIOLATED)
fanout68/A                              0.750000    1.201863   -0.451863 (VIOLATED)
ANTENNA__2278__B2/DIODE                 0.750000    1.201861   -0.451861 (VIOLATED)
_2272_/B2                               0.750000    1.201861   -0.451861 (VIOLATED)
fanout69/X                              0.750000    1.201860   -0.451860 (VIOLATED)
_2300_/A1                               0.750000    1.180808   -0.430808 (VIOLATED)
_2298_/A2_N                             0.750000    1.180804   -0.430804 (VIOLATED)
ANTENNA__2298__A2_N/DIODE               0.750000    1.180800   -0.430800 (VIOLATED)
ANTENNA__2300__A1/DIODE                 0.750000    1.180801   -0.430801 (VIOLATED)
_1374_/A1                               0.750000    1.180771   -0.430771 (VIOLATED)
ANTENNA__1374__A1/DIODE                 0.750000    1.180762   -0.430762 (VIOLATED)
ANTENNA__2302__A1_N/DIODE               0.750000    1.180762   -0.430762 (VIOLATED)
_2306_/A1_N                             0.750000    1.180746   -0.430746 (VIOLATED)
_2309_/A1_N                             0.750000    1.180746   -0.430746 (VIOLATED)
ANTENNA__2309__A1_N/DIODE               0.750000    1.180745   -0.430745 (VIOLATED)
ANTENNA__2306__A1_N/DIODE               0.750000    1.180743   -0.430743 (VIOLATED)
ANTENNA__2305__A1_N/DIODE               0.750000    1.180743   -0.430743 (VIOLATED)
_2302_/A1_N                             0.750000    1.180741   -0.430741 (VIOLATED)
_2303_/A1_N                             0.750000    1.180740   -0.430740 (VIOLATED)
ANTENNA__2308__A1_N/DIODE               0.750000    1.180735   -0.430735 (VIOLATED)
_2308_/A1_N                             0.750000    1.180733   -0.430733 (VIOLATED)
_2307_/A1_N                             0.750000    1.180707   -0.430707 (VIOLATED)
ANTENNA__2303__A1_N/DIODE               0.750000    1.180701   -0.430701 (VIOLATED)
_2305_/A1_N                             0.750000    1.180687   -0.430687 (VIOLATED)
ANTENNA__2307__A1_N/DIODE               0.750000    1.180684   -0.430684 (VIOLATED)
ANTENNA_fanout148_X/DIODE               0.750000    1.180284   -0.430284 (VIOLATED)
fanout148/X                             0.750000    1.180263   -0.430263 (VIOLATED)
_2117_/S                                0.750000    1.141104   -0.391104 (VIOLATED)
ANTENNA__2117__S/DIODE                  0.750000    1.141102   -0.391102 (VIOLATED)
_2087_/S                                0.750000    1.141095   -0.391095 (VIOLATED)
ANTENNA__2087__S/DIODE                  0.750000    1.141094   -0.391094 (VIOLATED)
_2091_/S                                0.750000    1.141091   -0.391091 (VIOLATED)
_2121_/S                                0.750000    1.141090   -0.391090 (VIOLATED)
ANTENNA__2091__S/DIODE                  0.750000    1.141089   -0.391089 (VIOLATED)
ANTENNA__2121__S/DIODE                  0.750000    1.141080   -0.391080 (VIOLATED)
ANTENNA__2115__S/DIODE                  0.750000    1.141061   -0.391061 (VIOLATED)
_2115_/S                                0.750000    1.141057   -0.391057 (VIOLATED)
ANTENNA__2085__S/DIODE                  0.750000    1.141054   -0.391054 (VIOLATED)
_2085_/S                                0.750000    1.141043   -0.391043 (VIOLATED)
_2083_/S                                0.750000    1.141020   -0.391020 (VIOLATED)
ANTENNA__2083__S/DIODE                  0.750000    1.140971   -0.390971 (VIOLATED)
ANTENNA__2882__D/DIODE                  0.750000    1.140601   -0.390601 (VIOLATED)
ANTENNA_fanout150_A/DIODE               0.750000    1.140601   -0.390601 (VIOLATED)
ANTENNA_fanout151_X/DIODE               0.750000    1.140601   -0.390601 (VIOLATED)
_2882_/D                                0.750000    1.140601   -0.390601 (VIOLATED)
fanout150/A                             0.750000    1.140601   -0.390601 (VIOLATED)
fanout151/X                             0.750000    1.140601   -0.390601 (VIOLATED)
ANTENNA_fanout76_A/DIODE                0.750000    1.103526   -0.353526 (VIOLATED)
fanout76/A                              0.750000    1.103523   -0.353523 (VIOLATED)
_2324_/B1                               0.750000    1.103516   -0.353516 (VIOLATED)
ANTENNA__2324__B1/DIODE                 0.750000    1.103514   -0.353514 (VIOLATED)
ANTENNA__2325__B1/DIODE                 0.750000    1.103491   -0.353491 (VIOLATED)
_2325_/B1                               0.750000    1.103485   -0.353485 (VIOLATED)
_2326_/B1                               0.750000    1.103479   -0.353479 (VIOLATED)
ANTENNA__2326__B1/DIODE                 0.750000    1.103478   -0.353478 (VIOLATED)
ANTENNA__2327__B1/DIODE                 0.750000    1.103476   -0.353476 (VIOLATED)
_2327_/B1                               0.750000    1.103474   -0.353474 (VIOLATED)
_2328_/B1                               0.750000    1.103469   -0.353469 (VIOLATED)
ANTENNA__2328__B1/DIODE                 0.750000    1.103467   -0.353467 (VIOLATED)
ANTENNA__2156__B/DIODE                  0.750000    1.103462   -0.353462 (VIOLATED)
ANTENNA__2283__B1/DIODE                 0.750000    1.103462   -0.353462 (VIOLATED)
ANTENNA_fanout77_X/DIODE                0.750000    1.103462   -0.353462 (VIOLATED)
_2156_/B                                0.750000    1.103462   -0.353462 (VIOLATED)
_2283_/B1                               0.750000    1.103462   -0.353462 (VIOLATED)
fanout77/X                              0.750000    1.103462   -0.353462 (VIOLATED)
ANTENNA__1647__B/DIODE                  0.750000    1.095172   -0.345172 (VIOLATED)
_1647_/B                                0.750000    1.095171   -0.345171 (VIOLATED)
ANTENNA__1378__B1/DIODE                 0.750000    1.094863   -0.344863 (VIOLATED)
_1378_/B1                               0.750000    1.094862   -0.344862 (VIOLATED)
ANTENNA__1821__A/DIODE                  0.750000    1.094857   -0.344857 (VIOLATED)
_1821_/A                                0.750000    1.094857   -0.344857 (VIOLATED)
_1853_/A1                               0.750000    1.094850   -0.344850 (VIOLATED)
ANTENNA__1853__A1/DIODE                 0.750000    1.094850   -0.344850 (VIOLATED)
_1820_/A                                0.750000    1.094845   -0.344845 (VIOLATED)
ANTENNA__1820__A/DIODE                  0.750000    1.094842   -0.344842 (VIOLATED)
_1908_/B2                               0.750000    1.094834   -0.344834 (VIOLATED)
ANTENNA__1908__B2/DIODE                 0.750000    1.094833   -0.344833 (VIOLATED)
_1860_/A1                               0.750000    1.094833   -0.344833 (VIOLATED)
fanout160/A                             0.750000    1.094832   -0.344832 (VIOLATED)
ANTENNA_fanout160_A/DIODE               0.750000    1.094830   -0.344830 (VIOLATED)
_1863_/C                                0.750000    1.094825   -0.344825 (VIOLATED)
ANTENNA__1863__C/DIODE                  0.750000    1.094824   -0.344824 (VIOLATED)
ANTENNA__1860__A1/DIODE                 0.750000    1.094823   -0.344823 (VIOLATED)
_1856_/A1                               0.750000    1.094813   -0.344813 (VIOLATED)
ANTENNA__1856__A1/DIODE                 0.750000    1.094798   -0.344798 (VIOLATED)
ANTENNA_fanout161_X/DIODE               0.750000    1.094795   -0.344795 (VIOLATED)
fanout161/X                             0.750000    1.094795   -0.344795 (VIOLATED)
fanout77/A                              0.750000    1.087690   -0.337691 (VIOLATED)
ANTENNA__2296__B1/DIODE                 0.750000    1.087688   -0.337688 (VIOLATED)
ANTENNA_fanout77_A/DIODE                0.750000    1.087688   -0.337688 (VIOLATED)
ANTENNA_fanout79_X/DIODE                0.750000    1.087687   -0.337687 (VIOLATED)
ANTENNA__2295__B1/DIODE                 0.750000    1.087685   -0.337685 (VIOLATED)
ANTENNA__2297__B1/DIODE                 0.750000    1.087681   -0.337681 (VIOLATED)
_2294_/B1                               0.750000    1.087680   -0.337680 (VIOLATED)
_2297_/B1                               0.750000    1.087672   -0.337672 (VIOLATED)
fanout78/A                              0.750000    1.087669   -0.337669 (VIOLATED)
_2296_/B1                               0.750000    1.087668   -0.337668 (VIOLATED)
ANTENNA__2294__B1/DIODE                 0.750000    1.087667   -0.337667 (VIOLATED)
ANTENNA_fanout78_A/DIODE                0.750000    1.087667   -0.337667 (VIOLATED)
_2295_/B1                               0.750000    1.087667   -0.337667 (VIOLATED)
fanout79/X                              0.750000    1.087667   -0.337667 (VIOLATED)
ANTENNA_fanout144_A/DIODE               0.750000    1.087445   -0.337445 (VIOLATED)
fanout144/A                             0.750000    1.087443   -0.337444 (VIOLATED)
fanout132/A                             0.750000    1.087423   -0.337423 (VIOLATED)
ANTENNA_fanout132_A/DIODE               0.750000    1.087421   -0.337421 (VIOLATED)
fanout125/A                             0.750000    1.087396   -0.337396 (VIOLATED)
ANTENNA_fanout125_A/DIODE               0.750000    1.087394   -0.337394 (VIOLATED)
ANTENNA_fanout115_A/DIODE               0.750000    1.087393   -0.337393 (VIOLATED)
fanout115/A                             0.750000    1.087393   -0.337393 (VIOLATED)
fanout118/A                             0.750000    1.087391   -0.337391 (VIOLATED)
ANTENNA_fanout118_A/DIODE               0.750000    1.087391   -0.337391 (VIOLATED)
ANTENNA_fanout113_A/DIODE               0.750000    1.087371   -0.337371 (VIOLATED)
ANTENNA_fanout145_X/DIODE               0.750000    1.087371   -0.337371 (VIOLATED)
fanout113/A                             0.750000    1.087371   -0.337371 (VIOLATED)
fanout145/X                             0.750000    1.087371   -0.337371 (VIOLATED)
_1687_/S                                0.750000    1.063938   -0.313939 (VIOLATED)
ANTENNA__1687__S/DIODE                  0.750000    1.063933   -0.313933 (VIOLATED)
_1688_/S                                0.750000    1.063928   -0.313928 (VIOLATED)
ANTENNA__1688__S/DIODE                  0.750000    1.063925   -0.313925 (VIOLATED)
_1690_/S                                0.750000    1.063922   -0.313922 (VIOLATED)
_1689_/S                                0.750000    1.063921   -0.313921 (VIOLATED)
ANTENNA__1690__S/DIODE                  0.750000    1.063918   -0.313918 (VIOLATED)
ANTENNA__1689__S/DIODE                  0.750000    1.063891   -0.313891 (VIOLATED)
_1676_/S                                0.750000    1.063538   -0.313538 (VIOLATED)
ANTENNA__1676__S/DIODE                  0.750000    1.063537   -0.313537 (VIOLATED)
ANTENNA__1692__S/DIODE                  0.750000    1.063515   -0.313515 (VIOLATED)
_1692_/S                                0.750000    1.063515   -0.313515 (VIOLATED)
_1693_/S                                0.750000    1.063513   -0.313513 (VIOLATED)
ANTENNA__1693__S/DIODE                  0.750000    1.063509   -0.313509 (VIOLATED)
ANTENNA_fanout63_A/DIODE                0.750000    1.063500   -0.313500 (VIOLATED)
ANTENNA_fanout64_X/DIODE                0.750000    1.063500   -0.313500 (VIOLATED)
fanout63/A                              0.750000    1.063500   -0.313500 (VIOLATED)
fanout64/X                              0.750000    1.063500   -0.313500 (VIOLATED)
_1636_/A1                               0.750000    1.061269   -0.311269 (VIOLATED)
_1639_/A1                               0.750000    1.061268   -0.311268 (VIOLATED)
ANTENNA__1639__A1/DIODE                 0.750000    1.061267   -0.311267 (VIOLATED)
ANTENNA__1636__A1/DIODE                 0.750000    1.061266   -0.311266 (VIOLATED)
fanout162/A                             0.750000    1.061254   -0.311254 (VIOLATED)
ANTENNA_fanout162_A/DIODE               0.750000    1.061252   -0.311252 (VIOLATED)
_1601_/B1                               0.750000    1.061235   -0.311235 (VIOLATED)
_1588_/B1                               0.750000    1.061231   -0.311231 (VIOLATED)
ANTENNA__1588__B1/DIODE                 0.750000    1.061229   -0.311229 (VIOLATED)
_1595_/B2                               0.750000    1.061229   -0.311229 (VIOLATED)
ANTENNA__1595__B2/DIODE                 0.750000    1.061219   -0.311220 (VIOLATED)
ANTENNA__1601__B1/DIODE                 0.750000    1.061217   -0.311217 (VIOLATED)
ANTENNA__1597__A1/DIODE                 0.750000    1.060921   -0.310921 (VIOLATED)
_1597_/A1                               0.750000    1.060920   -0.310920 (VIOLATED)
ANTENNA__1643__A1/DIODE                 0.750000    1.060915   -0.310915 (VIOLATED)
_1643_/A1                               0.750000    1.060915   -0.310915 (VIOLATED)
ANTENNA__1385__B/DIODE                  0.750000    1.060909   -0.310909 (VIOLATED)
ANTENNA_fanout163_X/DIODE               0.750000    1.060909   -0.310909 (VIOLATED)
_1385_/B                                0.750000    1.060909   -0.310909 (VIOLATED)
fanout163/X                             0.750000    1.060909   -0.310909 (VIOLATED)
_2134_/S                                0.750000    1.049817   -0.299817 (VIOLATED)
_2104_/S                                0.750000    1.049816   -0.299816 (VIOLATED)
ANTENNA__2134__S/DIODE                  0.750000    1.049815   -0.299815 (VIOLATED)
ANTENNA__2104__S/DIODE                  0.750000    1.049812   -0.299812 (VIOLATED)
_2132_/S                                0.750000    1.049811   -0.299811 (VIOLATED)
ANTENNA__2132__S/DIODE                  0.750000    1.049810   -0.299810 (VIOLATED)
_2102_/S                                0.750000    1.049799   -0.299799 (VIOLATED)
ANTENNA__2102__S/DIODE                  0.750000    1.049798   -0.299799 (VIOLATED)
fanout51/A                              0.750000    1.049766   -0.299766 (VIOLATED)
ANTENNA_fanout51_A/DIODE                0.750000    1.049762   -0.299762 (VIOLATED)
fanout49/A                              0.750000    1.049717   -0.299717 (VIOLATED)
ANTENNA_fanout49_A/DIODE                0.750000    1.049433   -0.299432 (VIOLATED)
ANTENNA_fanout50_A/DIODE                0.750000    1.049433   -0.299432 (VIOLATED)
ANTENNA_fanout52_X/DIODE                0.750000    1.049433   -0.299432 (VIOLATED)
fanout50/A                              0.750000    1.049433   -0.299432 (VIOLATED)
fanout52/X                              0.750000    1.049433   -0.299432 (VIOLATED)
_1722_/S                                0.750000    1.043391   -0.293391 (VIOLATED)
ANTENNA__1722__S/DIODE                  0.750000    1.043375   -0.293375 (VIOLATED)
_1718_/S                                0.750000    1.043370   -0.293370 (VIOLATED)
_1720_/S                                0.750000    1.043361   -0.293361 (VIOLATED)
ANTENNA__1720__S/DIODE                  0.750000    1.043337   -0.293337 (VIOLATED)
ANTENNA__1718__S/DIODE                  0.750000    1.043299   -0.293299 (VIOLATED)
fanout157/A                             0.750000    1.043247   -0.293247 (VIOLATED)
ANTENNA_fanout157_A/DIODE               0.750000    1.043211   -0.293211 (VIOLATED)
ANTENNA_fanout158_A/DIODE               0.750000    1.043124   -0.293124 (VIOLATED)
fanout158/A                             0.750000    1.043123   -0.293123 (VIOLATED)
fanout156/A                             0.750000    1.043058   -0.293058 (VIOLATED)
ANTENNA_fanout156_A/DIODE               0.750000    1.043025   -0.293025 (VIOLATED)
ANTENNA_fanout155_A/DIODE               0.750000    1.042940   -0.292940 (VIOLATED)
fanout155/A                             0.750000    1.042940   -0.292940 (VIOLATED)
ANTENNA_fanout159_X/DIODE               0.750000    1.042934   -0.292934 (VIOLATED)
fanout159/X                             0.750000    1.042931   -0.292931 (VIOLATED)
ANTENNA_fanout140_A/DIODE               0.750000    1.019454   -0.269454 (VIOLATED)
ANTENNA_fanout143_A/DIODE               0.750000    1.019449   -0.269449 (VIOLATED)
fanout140/A                             0.750000    1.019412   -0.269412 (VIOLATED)
fanout143/A                             0.750000    1.019390   -0.269390 (VIOLATED)
fanout141/A                             0.750000    1.019372   -0.269372 (VIOLATED)
ANTENNA_fanout138_A/DIODE               0.750000    1.019354   -0.269354 (VIOLATED)
fanout138/A                             0.750000    1.019335   -0.269335 (VIOLATED)
ANTENNA_fanout137_A/DIODE               0.750000    1.019326   -0.269326 (VIOLATED)
ANTENNA_fanout141_A/DIODE               0.750000    1.019326   -0.269326 (VIOLATED)
ANTENNA_fanout144_X/DIODE               0.750000    1.019326   -0.269326 (VIOLATED)
fanout137/A                             0.750000    1.019326   -0.269326 (VIOLATED)
fanout144/X                             0.750000    1.019326   -0.269326 (VIOLATED)
ANTENNA__2773__RESET_B/DIODE            0.750000    1.018129   -0.268129 (VIOLATED)
_2727_/RESET_B                          0.750000    1.018127   -0.268127 (VIOLATED)
_2773_/RESET_B                          0.750000    1.018126   -0.268126 (VIOLATED)
_2728_/RESET_B                          0.750000    1.018126   -0.268126 (VIOLATED)
ANTENNA__2728__RESET_B/DIODE            0.750000    1.018123   -0.268123 (VIOLATED)
fanout130/A                             0.750000    1.018112   -0.268112 (VIOLATED)
ANTENNA_fanout130_A/DIODE               0.750000    1.018111   -0.268111 (VIOLATED)
ANTENNA__2727__RESET_B/DIODE            0.750000    1.018098   -0.268098 (VIOLATED)
_2639_/RESET_B                          0.750000    1.018077   -0.268077 (VIOLATED)
ANTENNA__2639__RESET_B/DIODE            0.750000    1.018068   -0.268068 (VIOLATED)
_2714_/RESET_B                          0.750000    1.018045   -0.268045 (VIOLATED)
ANTENNA__2714__RESET_B/DIODE            0.750000    1.018044   -0.268044 (VIOLATED)
ANTENNA_fanout126_A/DIODE               0.750000    1.018043   -0.268043 (VIOLATED)
ANTENNA_fanout132_X/DIODE               0.750000    1.018040   -0.268040 (VIOLATED)
fanout126/A                             0.750000    1.018039   -0.268039 (VIOLATED)
fanout132/X                             0.750000    1.018039   -0.268039 (VIOLATED)
_1912_/A                                0.750000    1.016063   -0.266063 (VIOLATED)
ANTENNA__1912__A/DIODE                  0.750000    1.016057   -0.266057 (VIOLATED)
ANTENNA__1915__A/DIODE                  0.750000    1.016053   -0.266054 (VIOLATED)
_1915_/A                                0.750000    1.016048   -0.266048 (VIOLATED)
_1913_/A                                0.750000    1.016037   -0.266037 (VIOLATED)
ANTENNA__1913__A/DIODE                  0.750000    1.016033   -0.266033 (VIOLATED)
_1916_/A                                0.750000    1.015971   -0.265971 (VIOLATED)
ANTENNA__1916__A/DIODE                  0.750000    1.015960   -0.265960 (VIOLATED)
ANTENNA__1931__A/DIODE                  0.750000    1.015829   -0.265829 (VIOLATED)
_1931_/A                                0.750000    1.015789   -0.265789 (VIOLATED)
_1932_/A                                0.750000    1.015751   -0.265751 (VIOLATED)
ANTENNA__1932__A/DIODE                  0.750000    1.015736   -0.265736 (VIOLATED)
fanout190/A                             0.750000    1.015677   -0.265677 (VIOLATED)
ANTENNA_fanout190_A/DIODE               0.750000    1.015617   -0.265617 (VIOLATED)
_1943_/A                                0.750000    1.015538   -0.265538 (VIOLATED)
ANTENNA__1943__A/DIODE                  0.750000    1.015533   -0.265533 (VIOLATED)
ANTENNA__1944__A/DIODE                  0.750000    1.015451   -0.265451 (VIOLATED)
_1944_/A                                0.750000    1.015417   -0.265417 (VIOLATED)
ANTENNA_fanout191_X/DIODE               0.750000    1.015343   -0.265343 (VIOLATED)
fanout191/X                             0.750000    1.015308   -0.265309 (VIOLATED)
fanout99/A                              0.750000    0.979197   -0.229197 (VIOLATED)
ANTENNA_fanout99_A/DIODE                0.750000    0.979193   -0.229193 (VIOLATED)
fanout105/A                             0.750000    0.979179   -0.229179 (VIOLATED)
ANTENNA_fanout105_A/DIODE               0.750000    0.979178   -0.229178 (VIOLATED)
ANTENNA__2882__RESET_B/DIODE            0.750000    0.979172   -0.229172 (VIOLATED)
_2882_/RESET_B                          0.750000    0.979172   -0.229172 (VIOLATED)
ANTENNA_fanout88_A/DIODE                0.750000    0.979143   -0.229143 (VIOLATED)
fanout88/A                              0.750000    0.979143   -0.229143 (VIOLATED)
fanout93/A                              0.750000    0.979142   -0.229142 (VIOLATED)
ANTENNA_fanout93_A/DIODE                0.750000    0.979141   -0.229141 (VIOLATED)
ANTENNA_fanout84_A/DIODE                0.750000    0.979139   -0.229139 (VIOLATED)
ANTENNA_fanout106_X/DIODE               0.750000    0.979134   -0.229134 (VIOLATED)
fanout106/X                             0.750000    0.979134   -0.229134 (VIOLATED)
fanout84/A                              0.750000    0.979134   -0.229134 (VIOLATED)
_1963_/A                                0.750000    0.957610   -0.207610 (VIOLATED)
_1959_/A                                0.750000    0.957599   -0.207599 (VIOLATED)
_1960_/A                                0.750000    0.957599   -0.207599 (VIOLATED)
_1955_/A                                0.750000    0.957593   -0.207593 (VIOLATED)
_1956_/A                                0.750000    0.957592   -0.207592 (VIOLATED)
_1947_/A                                0.750000    0.957581   -0.207581 (VIOLATED)
_1952_/A                                0.750000    0.957581   -0.207581 (VIOLATED)
_1951_/A                                0.750000    0.957578   -0.207579 (VIOLATED)
_1948_/A                                0.750000    0.957567   -0.207567 (VIOLATED)
_1264_/A                                0.750000    0.957562   -0.207562 (VIOLATED)
fanout189/X                             0.750000    0.957562   -0.207562 (VIOLATED)
ANTENNA__1562__A/DIODE                  0.750000    0.954016   -0.204016 (VIOLATED)
_1562_/A                                0.750000    0.954016   -0.204016 (VIOLATED)
ANTENNA__1564__A/DIODE                  0.750000    0.954016   -0.204016 (VIOLATED)
ANTENNA__1566__A/DIODE                  0.750000    0.954015   -0.204015 (VIOLATED)
_1564_/A                                0.750000    0.954015   -0.204015 (VIOLATED)
_1566_/A                                0.750000    0.954015   -0.204015 (VIOLATED)
ANTENNA__1552__A/DIODE                  0.750000    0.954012   -0.204012 (VIOLATED)
_1552_/A                                0.750000    0.954012   -0.204012 (VIOLATED)
ANTENNA__1549__A/DIODE                  0.750000    0.954012   -0.204012 (VIOLATED)
ANTENNA__1554__C_N/DIODE                0.750000    0.954012   -0.204012 (VIOLATED)
ANTENNA__1556__A/DIODE                  0.750000    0.954012   -0.204012 (VIOLATED)
ANTENNA__1558__C_N/DIODE                0.750000    0.954012   -0.204012 (VIOLATED)
ANTENNA__1560__A/DIODE                  0.750000    0.954012   -0.204012 (VIOLATED)
ANTENNA__1582__A/DIODE                  0.750000    0.954012   -0.204012 (VIOLATED)
ANTENNA_fanout164_X/DIODE               0.750000    0.954012   -0.204012 (VIOLATED)
_1549_/A                                0.750000    0.954012   -0.204012 (VIOLATED)
_1554_/C_N                              0.750000    0.954012   -0.204012 (VIOLATED)
_1556_/A                                0.750000    0.954012   -0.204012 (VIOLATED)
_1558_/C_N                              0.750000    0.954012   -0.204012 (VIOLATED)
_1560_/A                                0.750000    0.954012   -0.204012 (VIOLATED)
_1582_/A                                0.750000    0.954012   -0.204012 (VIOLATED)
fanout164/X                             0.750000    0.954012   -0.204012 (VIOLATED)
_1901_/B1                               0.750000    0.950468   -0.200468 (VIOLATED)
ANTENNA__1901__B1/DIODE                 0.750000    0.950466   -0.200466 (VIOLATED)
_1897_/B1                               0.750000    0.950466   -0.200466 (VIOLATED)
ANTENNA__1897__B1/DIODE                 0.750000    0.950465   -0.200465 (VIOLATED)
ANTENNA__1883__B1/DIODE                 0.750000    0.950442   -0.200442 (VIOLATED)
_1883_/B1                               0.750000    0.950434   -0.200434 (VIOLATED)
_1871_/B1                               0.750000    0.950419   -0.200419 (VIOLATED)
ANTENNA__1871__B1/DIODE                 0.750000    0.950415   -0.200415 (VIOLATED)
_1864_/B1                               0.750000    0.950381   -0.200381 (VIOLATED)
ANTENNA__1864__B1/DIODE                 0.750000    0.950381   -0.200381 (VIOLATED)
_1856_/B1                               0.750000    0.950377   -0.200377 (VIOLATED)
ANTENNA__1856__B1/DIODE                 0.750000    0.950349   -0.200349 (VIOLATED)
_1852_/C1                               0.750000    0.950327   -0.200327 (VIOLATED)
ANTENNA__1852__C1/DIODE                 0.750000    0.950327   -0.200327 (VIOLATED)
ANTENNA__1851__Y/DIODE                  0.750000    0.950325   -0.200325 (VIOLATED)
_1851_/Y                                0.750000    0.950325   -0.200325 (VIOLATED)
ANTENNA__2373__B/DIODE                  0.750000    0.927074   -0.177074 (VIOLATED)
_2373_/B                                0.750000    0.927071   -0.177071 (VIOLATED)
_2372_/A                                0.750000    0.927054   -0.177054 (VIOLATED)
ANTENNA__2372__A/DIODE                  0.750000    0.927049   -0.177049 (VIOLATED)
_2453_/B2                               0.750000    0.927010   -0.177010 (VIOLATED)
ANTENNA__2453__B2/DIODE                 0.750000    0.927010   -0.177010 (VIOLATED)
_2447_/B                                0.750000    0.927005   -0.177005 (VIOLATED)
ANTENNA__2447__B/DIODE                  0.750000    0.927002   -0.177002 (VIOLATED)
ANTENNA__2441__B/DIODE                  0.750000    0.926937   -0.176937 (VIOLATED)
_2441_/B                                0.750000    0.926916   -0.176916 (VIOLATED)
ANTENNA_fanout37_A/DIODE                0.750000    0.926874   -0.176874 (VIOLATED)
fanout37/A                              0.750000    0.926861   -0.176861 (VIOLATED)
ANTENNA_fanout38_X/DIODE                0.750000    0.926837   -0.176837 (VIOLATED)
_2472_/B                                0.750000    0.926832   -0.176832 (VIOLATED)
ANTENNA__2472__B/DIODE                  0.750000    0.926832   -0.176832 (VIOLATED)
fanout38/X                              0.750000    0.926565   -0.176565 (VIOLATED)
_1993_/A2                               0.750000    0.923179   -0.173179 (VIOLATED)
_1996_/A                                0.750000    0.923178   -0.173178 (VIOLATED)
_2004_/A1                               0.750000    0.923178   -0.173178 (VIOLATED)
_2010_/A1                               0.750000    0.923172   -0.173172 (VIOLATED)
_2070_/B1                               0.750000    0.923169   -0.173169 (VIOLATED)
_1992_/B                                0.750000    0.923168   -0.173168 (VIOLATED)
_2005_/A1                               0.750000    0.923168   -0.173168 (VIOLATED)
_2013_/B1                               0.750000    0.923168   -0.173168 (VIOLATED)
_2011_/A1                               0.750000    0.923168   -0.173168 (VIOLATED)
fanout33/A                              0.750000    0.923154   -0.173154 (VIOLATED)
fanout34/X                              0.750000    0.923154   -0.173154 (VIOLATED)
_1771_/C1                               0.750000    0.905954   -0.155954 (VIOLATED)
_1749_/C1                               0.750000    0.905949   -0.155949 (VIOLATED)
_1757_/B1                               0.750000    0.905949   -0.155949 (VIOLATED)
_1781_/C1                               0.750000    0.905949   -0.155949 (VIOLATED)
_1776_/C1                               0.750000    0.905941   -0.155941 (VIOLATED)
_1763_/A1                               0.750000    0.905937   -0.155937 (VIOLATED)
_1767_/A1                               0.750000    0.905932   -0.155932 (VIOLATED)
_1742_/C1                               0.750000    0.905908   -0.155909 (VIOLATED)
_1733_/B1                               0.750000    0.905888   -0.155888 (VIOLATED)
_1819_/B2                               0.750000    0.905875   -0.155875 (VIOLATED)
fanout55/X                              0.750000    0.905875   -0.155875 (VIOLATED)
fanout98/A                              0.750000    0.887075   -0.137076 (VIOLATED)
_2671_/RESET_B                          0.750000    0.887075   -0.137075 (VIOLATED)
_2686_/RESET_B                          0.750000    0.887075   -0.137075 (VIOLATED)
ANTENNA_fanout98_A/DIODE                0.750000    0.887073   -0.137073 (VIOLATED)
ANTENNA__2671__RESET_B/DIODE            0.750000    0.887071   -0.137071 (VIOLATED)
_2654_/RESET_B                          0.750000    0.887070   -0.137070 (VIOLATED)
ANTENNA__2654__RESET_B/DIODE            0.750000    0.887063   -0.137063 (VIOLATED)
ANTENNA__2686__RESET_B/DIODE            0.750000    0.887039   -0.137039 (VIOLATED)
_2685_/RESET_B                          0.750000    0.887019   -0.137019 (VIOLATED)
ANTENNA__2685__RESET_B/DIODE            0.750000    0.887009   -0.137009 (VIOLATED)
fanout96/A                              0.750000    0.886999   -0.136999 (VIOLATED)
ANTENNA_fanout96_A/DIODE                0.750000    0.886998   -0.136998 (VIOLATED)
fanout94/A                              0.750000    0.886979   -0.136979 (VIOLATED)
ANTENNA_fanout94_A/DIODE                0.750000    0.886979   -0.136979 (VIOLATED)
ANTENNA_fanout99_X/DIODE                0.750000    0.886977   -0.136977 (VIOLATED)
fanout99/X                              0.750000    0.886973   -0.136973 (VIOLATED)
_2155_/A                                0.750000    0.855957   -0.105957 (VIOLATED)
_2260_/B2                               0.750000    0.855954   -0.105954 (VIOLATED)
_2266_/B2                               0.750000    0.855952   -0.105952 (VIOLATED)
_2272_/A1                               0.750000    0.855947   -0.105947 (VIOLATED)
_2247_/B2                               0.750000    0.855947   -0.105947 (VIOLATED)
_2253_/A1                               0.750000    0.855944   -0.105944 (VIOLATED)
_2218_/B2                               0.750000    0.855943   -0.105943 (VIOLATED)
_2226_/A1                               0.750000    0.855943   -0.105943 (VIOLATED)
_2233_/B2                               0.750000    0.855943   -0.105943 (VIOLATED)
_2240_/A1                               0.750000    0.855943   -0.105943 (VIOLATED)
fanout181/X                             0.750000    0.855943   -0.105943 (VIOLATED)
_1777_/A2                               0.750000    0.849118   -0.099118 (VIOLATED)
_1782_/A2                               0.750000    0.849115   -0.099115 (VIOLATED)
_1772_/A2                               0.750000    0.849100   -0.099100 (VIOLATED)
_1750_/A2                               0.750000    0.849093   -0.099093 (VIOLATED)
_1758_/A2                               0.750000    0.849089   -0.099089 (VIOLATED)
_1760_/B1                               0.750000    0.849074   -0.099074 (VIOLATED)
_1765_/B1                               0.750000    0.849056   -0.099056 (VIOLATED)
_1743_/A2                               0.750000    0.849046   -0.099046 (VIOLATED)
_1736_/A2                               0.750000    0.849035   -0.099035 (VIOLATED)
_1814_/B2                               0.750000    0.849023   -0.099023 (VIOLATED)
fanout57/X                              0.750000    0.849023   -0.099023 (VIOLATED)
_1803_/B1                               0.750000    0.847153   -0.097153 (VIOLATED)
_1799_/B1                               0.750000    0.847149   -0.097149 (VIOLATED)
_1789_/B1                               0.750000    0.847146   -0.097146 (VIOLATED)
_1794_/B1                               0.750000    0.847143   -0.097143 (VIOLATED)
_1784_/B1                               0.750000    0.847139   -0.097139 (VIOLATED)
_1779_/B1                               0.750000    0.847137   -0.097137 (VIOLATED)
_1774_/B1                               0.750000    0.847132   -0.097132 (VIOLATED)
_1762_/B                                0.750000    0.847129   -0.097129 (VIOLATED)
_1766_/B1_N                             0.750000    0.847129   -0.097129 (VIOLATED)
_1770_/C                                0.750000    0.847129   -0.097129 (VIOLATED)
fanout167/X                             0.750000    0.847129   -0.097129 (VIOLATED)
_2159_/S                                0.750000    0.844226   -0.094226 (VIOLATED)
_2158_/S                                0.750000    0.844224   -0.094224 (VIOLATED)
_2184_/S                                0.750000    0.844217   -0.094217 (VIOLATED)
_2185_/S                                0.750000    0.844205   -0.094205 (VIOLATED)
_2160_/S                                0.750000    0.844200   -0.094200 (VIOLATED)
_2186_/S                                0.750000    0.844199   -0.094199 (VIOLATED)
_2182_/S                                0.750000    0.844184   -0.094184 (VIOLATED)
_2183_/S                                0.750000    0.844176   -0.094176 (VIOLATED)
_2181_/S                                0.750000    0.844169   -0.094169 (VIOLATED)
fanout177/A                             0.750000    0.844166   -0.094167 (VIOLATED)
fanout178/X                             0.750000    0.844161   -0.094161 (VIOLATED)
_2090_/S                                0.750000    0.841009   -0.091009 (VIOLATED)
_2120_/S                                0.750000    0.841006   -0.091006 (VIOLATED)
_2114_/S                                0.750000    0.841005   -0.091005 (VIOLATED)
_2084_/S                                0.750000    0.840998   -0.090998 (VIOLATED)
_2112_/S                                0.750000    0.840997   -0.090997 (VIOLATED)
_2082_/S                                0.750000    0.840985   -0.090985 (VIOLATED)
_2080_/S                                0.750000    0.840954   -0.090954 (VIOLATED)
_2110_/S                                0.750000    0.840934   -0.090934 (VIOLATED)
_2078_/S                                0.750000    0.840916   -0.090916 (VIOLATED)
_2076_/S                                0.750000    0.840908   -0.090908 (VIOLATED)
fanout49/X                              0.750000    0.840905   -0.090905 (VIOLATED)
fanout102/A                             0.750000    0.831681   -0.081681 (VIOLATED)
ANTENNA_fanout102_A/DIODE               0.750000    0.831673   -0.081673 (VIOLATED)
fanout104/A                             0.750000    0.831659   -0.081659 (VIOLATED)
ANTENNA_fanout104_A/DIODE               0.750000    0.831656   -0.081656 (VIOLATED)
ANTENNA__2619__RESET_B/DIODE            0.750000    0.831633   -0.081633 (VIOLATED)
_2619_/RESET_B                          0.750000    0.831633   -0.081633 (VIOLATED)
_2620_/RESET_B                          0.750000    0.831619   -0.081619 (VIOLATED)
ANTENNA__2620__RESET_B/DIODE            0.750000    0.831616   -0.081616 (VIOLATED)
_2617_/RESET_B                          0.750000    0.831586   -0.081586 (VIOLATED)
ANTENNA__2617__RESET_B/DIODE            0.750000    0.831585   -0.081585 (VIOLATED)
fanout100/A                             0.750000    0.831572   -0.081572 (VIOLATED)
ANTENNA_fanout100_A/DIODE               0.750000    0.831563   -0.081563 (VIOLATED)
ANTENNA_fanout105_X/DIODE               0.750000    0.831561   -0.081561 (VIOLATED)
fanout105/X                             0.750000    0.831561   -0.081561 (VIOLATED)
_2174_/S                                0.750000    0.825973   -0.075973 (VIOLATED)
_2173_/S                                0.750000    0.825972   -0.075972 (VIOLATED)
_2175_/S                                0.750000    0.825971   -0.075971 (VIOLATED)
_2176_/S                                0.750000    0.825971   -0.075971 (VIOLATED)
_2178_/S                                0.750000    0.825967   -0.075967 (VIOLATED)
_2177_/S                                0.750000    0.825966   -0.075966 (VIOLATED)
_2179_/S                                0.750000    0.825965   -0.075965 (VIOLATED)
_1269_/A                                0.750000    0.825961   -0.075961 (VIOLATED)
_1372_/A1                               0.750000    0.825961   -0.075961 (VIOLATED)
_2180_/S                                0.750000    0.825961   -0.075961 (VIOLATED)
fanout177/X                             0.750000    0.825961   -0.075961 (VIOLATED)
_1627_/A1                               0.750000    0.823119   -0.073119 (VIOLATED)
_1625_/A1                               0.750000    0.823117   -0.073117 (VIOLATED)
_1617_/B2                               0.750000    0.823113   -0.073113 (VIOLATED)
_1608_/A1                               0.750000    0.823107   -0.073107 (VIOLATED)
_1606_/B2                               0.750000    0.823104   -0.073104 (VIOLATED)
_1384_/B                                0.750000    0.823097   -0.073097 (VIOLATED)
_1611_/A1                               0.750000    0.823096   -0.073096 (VIOLATED)
_1620_/A1                               0.750000    0.823096   -0.073096 (VIOLATED)
_1629_/B1                               0.750000    0.823096   -0.073096 (VIOLATED)
_1632_/A1                               0.750000    0.823096   -0.073096 (VIOLATED)
fanout162/X                             0.750000    0.823096   -0.073096 (VIOLATED)
_1764_/B1                               0.750000    0.814102   -0.064102 (VIOLATED)
_1759_/B1                               0.750000    0.814102   -0.064102 (VIOLATED)
_1776_/B1                               0.750000    0.814098   -0.064098 (VIOLATED)
_1786_/B1                               0.750000    0.814098   -0.064098 (VIOLATED)
_1781_/B1                               0.750000    0.814074   -0.064074 (VIOLATED)
_1771_/B1                               0.750000    0.814071   -0.064071 (VIOLATED)
_1757_/A2                               0.750000    0.814058   -0.064058 (VIOLATED)
_1749_/B1                               0.750000    0.814050   -0.064050 (VIOLATED)
_1735_/A2                               0.750000    0.814049   -0.064049 (VIOLATED)
_1742_/B1                               0.750000    0.814049   -0.064049 (VIOLATED)
fanout70/X                              0.750000    0.814049   -0.064049 (VIOLATED)
_1675_/S                                0.750000    0.810701   -0.060701 (VIOLATED)
_1691_/S                                0.750000    0.810699   -0.060699 (VIOLATED)
_1677_/S                                0.750000    0.810695   -0.060695 (VIOLATED)
_1674_/S                                0.750000    0.810689   -0.060689 (VIOLATED)
_1673_/S                                0.750000    0.810680   -0.060680 (VIOLATED)
_1672_/S                                0.750000    0.810664   -0.060664 (VIOLATED)
_1670_/S                                0.750000    0.810655   -0.060655 (VIOLATED)
_1671_/S                                0.750000    0.810654   -0.060654 (VIOLATED)
_1685_/S                                0.750000    0.810644   -0.060644 (VIOLATED)
_1669_/S                                0.750000    0.810643   -0.060643 (VIOLATED)
fanout63/X                              0.750000    0.810640   -0.060640 (VIOLATED)
_1891_/S                                0.750000    0.806902   -0.056902 (VIOLATED)
_1887_/S                                0.750000    0.806901   -0.056901 (VIOLATED)
_1880_/S                                0.750000    0.806899   -0.056899 (VIOLATED)
_1876_/S                                0.750000    0.806895   -0.056895 (VIOLATED)
_1858_/A2                               0.750000    0.806888   -0.056888 (VIOLATED)
_1865_/A2                               0.750000    0.806884   -0.056884 (VIOLATED)
_1884_/A2                               0.750000    0.806880   -0.056880 (VIOLATED)
_1872_/A2                               0.750000    0.806880   -0.056880 (VIOLATED)
_1868_/S                                0.750000    0.806879   -0.056879 (VIOLATED)
_1861_/S                                0.750000    0.806878   -0.056878 (VIOLATED)
fanout53/X                              0.750000    0.806878   -0.056878 (VIOLATED)
_1546_/A                                0.750000    0.806114   -0.056114 (VIOLATED)
ANTENNA__1546__A/DIODE                  0.750000    0.806111   -0.056111 (VIOLATED)
_1375_/B1                               0.750000    0.806110   -0.056110 (VIOLATED)
_1662_/D                                0.750000    0.806109   -0.056109 (VIOLATED)
ANTENNA__1375__B1/DIODE                 0.750000    0.806103   -0.056103 (VIOLATED)
ANTENNA__1662__D/DIODE                  0.750000    0.806103   -0.056103 (VIOLATED)
_1648_/A                                0.750000    0.806085   -0.056085 (VIOLATED)
ANTENNA__1648__A/DIODE                  0.750000    0.806078   -0.056078 (VIOLATED)
_1654_/A                                0.750000    0.806070   -0.056070 (VIOLATED)
fanout165/A                             0.750000    0.806054   -0.056054 (VIOLATED)
ANTENNA_fanout165_A/DIODE               0.750000    0.806054   -0.056054 (VIOLATED)
ANTENNA__1654__A/DIODE                  0.750000    0.806053   -0.056053 (VIOLATED)
ANTENNA_fanout164_A/DIODE               0.750000    0.806050   -0.056050 (VIOLATED)
ANTENNA_fanout166_X/DIODE               0.750000    0.806047   -0.056047 (VIOLATED)
fanout164/A                             0.750000    0.806047   -0.056047 (VIOLATED)
fanout166/X                             0.750000    0.806047   -0.056047 (VIOLATED)
_2316_/A1                               0.750000    0.805447   -0.055447 (VIOLATED)
_2315_/A1                               0.750000    0.805446   -0.055446 (VIOLATED)
_2314_/A1                               0.750000    0.805445   -0.055445 (VIOLATED)
_2317_/A1                               0.750000    0.805436   -0.055436 (VIOLATED)
_2321_/A1                               0.750000    0.805423   -0.055423 (VIOLATED)
_2318_/A1                               0.750000    0.805414   -0.055414 (VIOLATED)
_2319_/A1                               0.750000    0.805406   -0.055406 (VIOLATED)
_2320_/A1                               0.750000    0.805404   -0.055404 (VIOLATED)
_2322_/A1                               0.750000    0.805388   -0.055388 (VIOLATED)
_2323_/A1                               0.750000    0.805388   -0.055388 (VIOLATED)
fanout173/X                             0.750000    0.805388   -0.055388 (VIOLATED)
_2314_/B1                               0.750000    0.804949   -0.054949 (VIOLATED)
_2317_/B1                               0.750000    0.804948   -0.054948 (VIOLATED)
_2315_/B1                               0.750000    0.804946   -0.054946 (VIOLATED)
_2316_/B1                               0.750000    0.804946   -0.054946 (VIOLATED)
_2321_/B1                               0.750000    0.804940   -0.054940 (VIOLATED)
_2318_/B1                               0.750000    0.804939   -0.054939 (VIOLATED)
_2319_/B1                               0.750000    0.804939   -0.054939 (VIOLATED)
_2320_/B1                               0.750000    0.804939   -0.054939 (VIOLATED)
_2322_/B1                               0.750000    0.804939   -0.054939 (VIOLATED)
_2323_/B1                               0.750000    0.804939   -0.054939 (VIOLATED)
fanout76/X                              0.750000    0.804939   -0.054939 (VIOLATED)
_2100_/S                                0.750000    0.799723   -0.049723 (VIOLATED)
_2130_/S                                0.750000    0.799722   -0.049722 (VIOLATED)
_2126_/S                                0.750000    0.799721   -0.049721 (VIOLATED)
_2096_/S                                0.750000    0.799721   -0.049721 (VIOLATED)
_2128_/S                                0.750000    0.799721   -0.049721 (VIOLATED)
_2098_/S                                0.750000    0.799720   -0.049720 (VIOLATED)
_2094_/S                                0.750000    0.799716   -0.049716 (VIOLATED)
_2124_/S                                0.750000    0.799715   -0.049715 (VIOLATED)
_2092_/S                                0.750000    0.799715   -0.049715 (VIOLATED)
_2122_/S                                0.750000    0.799715   -0.049715 (VIOLATED)
fanout51/X                              0.750000    0.799715   -0.049715 (VIOLATED)
_2465_/A_N                              0.750000    0.791664   -0.041664 (VIOLATED)
_2462_/B                                0.750000    0.791663   -0.041663 (VIOLATED)
_2468_/A1                               0.750000    0.791662   -0.041663 (VIOLATED)
_2436_/A_N                              0.750000    0.791661   -0.041661 (VIOLATED)
_2439_/A1                               0.750000    0.791660   -0.041660 (VIOLATED)
_2428_/A1                               0.750000    0.791649   -0.041649 (VIOLATED)
_2430_/A1_N                             0.750000    0.791647   -0.041647 (VIOLATED)
_2418_/A2                               0.750000    0.791646   -0.041647 (VIOLATED)
_2423_/A1                               0.750000    0.791629   -0.041629 (VIOLATED)
_2446_/A1                               0.750000    0.791595   -0.041595 (VIOLATED)
fanout32/X                              0.750000    0.791584   -0.041584 (VIOLATED)
_2027_/A1                               0.750000    0.790867   -0.040867 (VIOLATED)
_2022_/A1                               0.750000    0.790866   -0.040866 (VIOLATED)
_2021_/A1                               0.750000    0.790859   -0.040859 (VIOLATED)
_2033_/A1                               0.750000    0.790857   -0.040857 (VIOLATED)
_2034_/A1                               0.750000    0.790851   -0.040851 (VIOLATED)
_2038_/B1                               0.750000    0.790843   -0.040843 (VIOLATED)
_2044_/A1                               0.750000    0.790843   -0.040843 (VIOLATED)
_2028_/A1                               0.750000    0.790842   -0.040842 (VIOLATED)
_2045_/A1                               0.750000    0.790840   -0.040840 (VIOLATED)
_2050_/A1                               0.750000    0.790840   -0.040840 (VIOLATED)
fanout33/X                              0.750000    0.790840   -0.040840 (VIOLATED)
_2424_/B                                0.750000    0.783252   -0.033252 (VIOLATED)
_2459_/B                                0.750000    0.783252   -0.033252 (VIOLATED)
_2430_/B2                               0.750000    0.783252   -0.033252 (VIOLATED)
_2434_/B2                               0.750000    0.783251   -0.033251 (VIOLATED)
_2466_/A2                               0.750000    0.783250   -0.033250 (VIOLATED)
_2438_/A2                               0.750000    0.783246   -0.033246 (VIOLATED)
_2455_/B1                               0.750000    0.783236   -0.033236 (VIOLATED)
_2458_/B2                               0.750000    0.783236   -0.033236 (VIOLATED)
_2419_/B                                0.750000    0.783229   -0.033229 (VIOLATED)
_2412_/B                                0.750000    0.783227   -0.033227 (VIOLATED)
fanout37/X                              0.750000    0.783227   -0.033227 (VIOLATED)
ANTENNA__2261__Y/DIODE                  0.750000    0.773999   -0.023999 (VIOLATED)
_2269_/A1                               0.750000    0.773985   -0.023985 (VIOLATED)
ANTENNA__2269__A1/DIODE                 0.750000    0.773936   -0.023936 (VIOLATED)
_2263_/A_N                              0.750000    0.773934   -0.023934 (VIOLATED)
ANTENNA__2263__A_N/DIODE                0.750000    0.773932   -0.023932 (VIOLATED)
_2261_/Y                                0.750000    0.773920   -0.023920 (VIOLATED)
_1717_/S                                0.750000    0.773016   -0.023016 (VIOLATED)
_1721_/S                                0.750000    0.773016   -0.023016 (VIOLATED)
_1719_/S                                0.750000    0.773014   -0.023014 (VIOLATED)
_1715_/S                                0.750000    0.773009   -0.023009 (VIOLATED)
_1713_/S                                0.750000    0.773001   -0.023001 (VIOLATED)
_1711_/S                                0.750000    0.772999   -0.022999 (VIOLATED)
_1709_/S                                0.750000    0.772994   -0.022994 (VIOLATED)
_1704_/S                                0.750000    0.772993   -0.022993 (VIOLATED)
_1706_/S                                0.750000    0.772993   -0.022993 (VIOLATED)
_1708_/S                                0.750000    0.772993   -0.022993 (VIOLATED)
fanout46/X                              0.750000    0.772993   -0.022993 (VIOLATED)
_1603_/S                                0.750000    0.764626   -0.014626 (VIOLATED)
_1604_/A2                               0.750000    0.764626   -0.014626 (VIOLATED)
_1609_/A2                               0.750000    0.764626   -0.014626 (VIOLATED)
_1612_/A2                               0.750000    0.764626   -0.014626 (VIOLATED)
_1614_/S                                0.750000    0.764626   -0.014626 (VIOLATED)
_1615_/A2                               0.750000    0.764626   -0.014626 (VIOLATED)
_1619_/A2                               0.750000    0.764626   -0.014626 (VIOLATED)
_1705_/S                                0.750000    0.764626   -0.014626 (VIOLATED)
_1707_/S                                0.750000    0.764626   -0.014626 (VIOLATED)
_1710_/S                                0.750000    0.764626   -0.014626 (VIOLATED)
fanout158/X                             0.750000    0.764626   -0.014626 (VIOLATED)
_1920_/A                                0.750000    0.758619   -0.008619 (VIOLATED)
_1924_/A                                0.750000    0.758619   -0.008619 (VIOLATED)
_1923_/A                                0.750000    0.758608   -0.008608 (VIOLATED)
_1919_/A                                0.750000    0.758608   -0.008608 (VIOLATED)
_1927_/A                                0.750000    0.758605   -0.008605 (VIOLATED)
_1928_/A                                0.750000    0.758588   -0.008588 (VIOLATED)
_1936_/A                                0.750000    0.758580   -0.008580 (VIOLATED)
_1935_/A                                0.750000    0.758578   -0.008579 (VIOLATED)
_1939_/A                                0.750000    0.758577   -0.008577 (VIOLATED)
_1940_/A                                0.750000    0.758577   -0.008577 (VIOLATED)
fanout190/X                             0.750000    0.758576   -0.008576 (VIOLATED)
_1731_/Y                                0.750000    0.755011   -0.005011 (VIOLATED)
fanout55/A                              0.750000    0.755011   -0.005011 (VIOLATED)
fanout56/A                              0.750000    0.755011   -0.005011 (VIOLATED)
_2299_/B                                0.750000    0.754748   -0.004748 (VIOLATED)
_2298_/B2                               0.750000    0.754746   -0.004746 (VIOLATED)
_2301_/B1                               0.750000    0.754742   -0.004742 (VIOLATED)
_2302_/B1                               0.750000    0.754728   -0.004728 (VIOLATED)
_2303_/B1                               0.750000    0.754718   -0.004718 (VIOLATED)
_2304_/B1                               0.750000    0.754709   -0.004709 (VIOLATED)
_2305_/B1                               0.750000    0.754699   -0.004699 (VIOLATED)
_2306_/B1                               0.750000    0.754699   -0.004699 (VIOLATED)
_2307_/B1                               0.750000    0.754699   -0.004699 (VIOLATED)
_2308_/B1                               0.750000    0.754699   -0.004699 (VIOLATED)
fanout66/X                              0.750000    0.754699   -0.004699 (VIOLATED)
_1702_/S                                0.750000    0.753211   -0.003211 (VIOLATED)
_1601_/A2                               0.750000    0.753210   -0.003210 (VIOLATED)
_1598_/A2                               0.750000    0.753208   -0.003208 (VIOLATED)
_1700_/S                                0.750000    0.753208   -0.003208 (VIOLATED)
_1588_/A2                               0.750000    0.753204   -0.003204 (VIOLATED)
_1592_/A2                               0.750000    0.753203   -0.003203 (VIOLATED)
_1593_/S                                0.750000    0.753203   -0.003203 (VIOLATED)
_1642_/A2                               0.750000    0.753203   -0.003203 (VIOLATED)
_1697_/S                                0.750000    0.753203   -0.003203 (VIOLATED)
fanout156/X                             0.750000    0.753203   -0.003203 (VIOLATED)

max fanout

Pin                                   Limit Fanout  Slack
---------------------------------------------------------
fanout148/X                              10     21    -11 (VIOLATED)
fanout150/X                              10     21    -11 (VIOLATED)
fanout152/X                              10     21    -11 (VIOLATED)
fanout154/X                              10     21    -11 (VIOLATED)
fanout161/X                              10     21    -11 (VIOLATED)
fanout164/X                              10     21    -11 (VIOLATED)
fanout175/X                              10     21    -11 (VIOLATED)
fanout179/X                              10     21    -11 (VIOLATED)
fanout182/X                              10     21    -11 (VIOLATED)
fanout183/X                              10     21    -11 (VIOLATED)
fanout184/X                              10     21    -11 (VIOLATED)
fanout192/X                              10     21    -11 (VIOLATED)
fanout61/X                               10     21    -11 (VIOLATED)
fanout65/X                               10     21    -11 (VIOLATED)
fanout68/X                               10     21    -11 (VIOLATED)
fanout78/X                               10     21    -11 (VIOLATED)
_1282_/Y                                 10     19     -9 (VIOLATED)
_1589_/X                                 10     19     -9 (VIOLATED)
_2637_/Q                                 10     19     -9 (VIOLATED)
_2640_/Q                                 10     19     -9 (VIOLATED)
_2646_/Q                                 10     19     -9 (VIOLATED)
fanout151/X                              10     19     -9 (VIOLATED)
fanout163/X                              10     19     -9 (VIOLATED)
fanout191/X                              10     19     -9 (VIOLATED)
_2634_/Q                                 10     17     -7 (VIOLATED)
_2638_/Q                                 10     17     -7 (VIOLATED)
_2641_/Q                                 10     17     -7 (VIOLATED)
_2643_/Q                                 10     17     -7 (VIOLATED)
clkbuf_0_clk/X                           10     17     -7 (VIOLATED)
fanout180/X                              10     17     -7 (VIOLATED)
fanout64/X                               10     17     -7 (VIOLATED)
fanout77/X                               10     17     -7 (VIOLATED)
_1851_/Y                                 10     15     -5 (VIOLATED)
_2555_/Q                                 10     15     -5 (VIOLATED)
_2635_/Q                                 10     15     -5 (VIOLATED)
_2636_/Q                                 10     15     -5 (VIOLATED)
_2642_/Q                                 10     15     -5 (VIOLATED)
_2644_/Q                                 10     15     -5 (VIOLATED)
_2645_/Q                                 10     15     -5 (VIOLATED)
_2647_/Q                                 10     15     -5 (VIOLATED)
fanout132/X                              10     15     -5 (VIOLATED)
fanout159/X                              10     15     -5 (VIOLATED)
fanout166/X                              10     15     -5 (VIOLATED)
fanout38/X                               10     15     -5 (VIOLATED)
fanout52/X                               10     15     -5 (VIOLATED)
fanout99/X                               10     15     -5 (VIOLATED)
_2558_/Q                                 10     13     -3 (VIOLATED)
_2618_/Q                                 10     13     -3 (VIOLATED)
clkbuf_leaf_24_clk/X                     10     13     -3 (VIOLATED)
clkbuf_leaf_32_clk/X                     10     13     -3 (VIOLATED)
clkbuf_leaf_36_clk/X                     10     13     -3 (VIOLATED)
fanout105/X                              10     13     -3 (VIOLATED)
fanout106/X                              10     13     -3 (VIOLATED)
fanout145/X                              10     13     -3 (VIOLATED)
fanout69/X                               10     13     -3 (VIOLATED)
fanout79/X                               10     13     -3 (VIOLATED)
clkbuf_leaf_0_clk/X                      10     12     -2 (VIOLATED)
clkbuf_leaf_10_clk/X                     10     12     -2 (VIOLATED)
clkbuf_leaf_11_clk/X                     10     12     -2 (VIOLATED)
clkbuf_leaf_15_clk/X                     10     12     -2 (VIOLATED)
clkbuf_leaf_16_clk/X                     10     12     -2 (VIOLATED)
clkbuf_leaf_23_clk/X                     10     12     -2 (VIOLATED)
clkbuf_leaf_2_clk/X                      10     12     -2 (VIOLATED)
clkbuf_leaf_34_clk/X                     10     12     -2 (VIOLATED)
clkbuf_leaf_4_clk/X                      10     12     -2 (VIOLATED)
_1361_/Y                                 10     11        (VIOLATED)
_1585_/X                                 10     11        (VIOLATED)
clkbuf_3_0__f_clk/X                      10     11        (VIOLATED)
clkbuf_3_1__f_clk/X                      10     11        (VIOLATED)
clkbuf_3_2__f_clk/X                      10     11        (VIOLATED)
clkbuf_3_3__f_clk/X                      10     11        (VIOLATED)
clkbuf_3_4__f_clk/X                      10     11        (VIOLATED)
clkbuf_leaf_18_clk/X                     10     11        (VIOLATED)
clkbuf_leaf_21_clk/X                     10     11        (VIOLATED)
clkbuf_leaf_25_clk/X                     10     11        (VIOLATED)
clkbuf_leaf_29_clk/X                     10     11        (VIOLATED)
fanout144/X                              10     11        (VIOLATED)
fanout47/X                               10     11        (VIOLATED)

max capacitance

Pin                                        Limit         Cap       Slack
------------------------------------------------------------------------
fanout78/X                              0.094309    0.106107   -0.011798 (VIOLATED)
fanout180/X                             0.094309    0.104698   -0.010389 (VIOLATED)
fanout182/X                             0.094309    0.099718   -0.005409 (VIOLATED)
fanout68/X                              0.094309    0.096787   -0.002478 (VIOLATED)
fanout175/X                             0.094309    0.096762   -0.002453 (VIOLATED)



===========================================================================
report_parasitic_annotation -report_unannotated
============================================================================
Found 88 unannotated drivers.
 gpio_in[10]
 gpio_in[11]
 gpio_in[12]
 gpio_in[13]
 gpio_in[14]
 gpio_in[15]
 gpio_in[16]
 gpio_in[17]
 gpio_in[18]
 gpio_in[19]
 gpio_in[20]
 gpio_in[21]
 gpio_in[22]
 gpio_in[23]
 gpio_in[24]
 gpio_in[25]
 gpio_in[26]
 gpio_in[27]
 gpio_in[28]
 gpio_in[29]
 gpio_in[30]
 gpio_in[31]
 gpio_in[32]
 gpio_in[33]
 gpio_in[4]
 gpio_in[5]
 gpio_in[6]
 gpio_in[7]
 gpio_in[8]
 gpio_in[9]
 _2896__226/HI
 clkload0/X
 clkload1/X
 clkload10/Y
 clkload11/X
 clkload12/X
 clkload13/Y
 clkload2/X
 clkload3/Y
 clkload4/Y
 clkload5/Y
 clkload6/X
 clkload7/Y
 clkload8/X
 clkload9/Y
 team_06/HI
 team_06_193/HI
 team_06_194/HI
 team_06_195/HI
 team_06_196/HI
 team_06_197/HI
 team_06_198/HI
 team_06_199/HI
 team_06_200/HI
 team_06_201/HI
 team_06_202/HI
 team_06_203/HI
 team_06_204/HI
 team_06_205/HI
 team_06_206/HI
 team_06_207/HI
 team_06_208/HI
 team_06_209/HI
 team_06_210/HI
 team_06_211/HI
 team_06_212/HI
 team_06_213/HI
 team_06_214/HI
 team_06_215/HI
 team_06_216/HI
 team_06_217/HI
 team_06_218/HI
 team_06_219/HI
 team_06_220/HI
 team_06_221/HI
 team_06_222/HI
 team_06_223/HI
 team_06_224/HI
 team_06_225/HI
 team_06_227/LO
 team_06_228/LO
 team_06_229/LO
 team_06_230/LO
 team_06_231/LO
 team_06_232/LO
 team_06_233/LO
 team_06_234/LO
 team_06_235/LO
Found 0 partially unannotated drivers.

===========================================================================
max slew violation count 932
max fanout violation count 78
max cap violation count 5
============================================================================

===========================================================================
check_setup -verbose -unconstrained_endpoints -multiple_clock -no_clock -no_input_delay -loops -generated_clocks
===========================================================================
