Clock: clk
Sources: clk 
Generated: no
Virtual: yes
Propagated: no
Period: 25.000000

===========================================================================
report_clock_properties
============================================================================
Clock                   Period          Waveform
----------------------------------------------------
clk                  25.000000    0.000000 12.500000

===========================================================================
report_clock_latency
============================================================================
Clock clk
rise -> rise
    min     max
0.000000 0.000000 source latency
1.142052         network latency _2862_/CLK
        1.190062 network latency _2478_/CLK
---------------
1.142052 1.190062 latency
        0.048010 skew

fall -> fall
    min     max
0.000000 0.000000 source latency
1.052992         network latency _2862_/CLK
        1.087608 network latency _2478_/CLK
---------------
1.052992 1.087608 latency
        0.034617 skew



===========================================================================
report_clock_min_period
============================================================================
clk period_min = 10.39 fmax = 96.29
