
===========================================================================
report_checks -unconstrained
===========================================================================
======================= max_ss_100C_1v60 Corner ===================================

Startpoint: en (input port clocked by clk)
Endpoint: _461_ (recovery check against rising-edge clock clk)
Path Group: asynchronous
Path Type: max

Fanout         Cap        Slew       Delay        Time   Description
---------------------------------------------------------------------------------------------
                                  0.000000    0.000000   clock clk (rise edge)
                                  0.000000    0.000000   clock network delay (propagated)
                                  5.000000    5.000000 ^ input external delay
     2    0.004973    0.047007    0.027311    5.027311 ^ en (in)
                                                         en (net)
                      0.047008    0.000000    5.027311 ^ input1/A (sky130_fd_sc_hd__clkdlybuf4s25_1)
     1    0.001890    0.061292    0.439629    5.466940 ^ input1/X (sky130_fd_sc_hd__clkdlybuf4s25_1)
                                                         net1 (net)
                      0.061292    0.000126    5.467066 ^ _229_/B (sky130_fd_sc_hd__and2_2)
     1    0.004245    0.077032    0.267592    5.734658 ^ _229_/X (sky130_fd_sc_hd__and2_2)
                                                         TOP.n_rst (net)
                      0.077032    0.000186    5.734844 ^ fanout51/A (sky130_fd_sc_hd__clkdlybuf4s25_1)
     5    0.026894    0.439280    0.732758    6.467602 ^ fanout51/X (sky130_fd_sc_hd__clkdlybuf4s25_1)
                                                         net51 (net)
                      0.439280    0.001647    6.469249 ^ fanout47/A (sky130_fd_sc_hd__clkdlybuf4s25_1)
     8    0.038451    0.620000    1.001443    7.470692 ^ fanout47/X (sky130_fd_sc_hd__clkdlybuf4s25_1)
                                                         net47 (net)
                      0.620011    0.003358    7.474050 ^ fanout45/A (sky130_fd_sc_hd__clkdlybuf4s25_1)
     6    0.025834    0.423342    0.927503    8.401553 ^ fanout45/X (sky130_fd_sc_hd__clkdlybuf4s25_1)
                                                         net45 (net)
                      0.423342    0.001211    8.402764 ^ load_slew46/A (sky130_fd_sc_hd__clkbuf_2)
     5    0.021975    0.197278    0.429597    8.832361 ^ load_slew46/X (sky130_fd_sc_hd__clkbuf_2)
                                                         net46 (net)
                      0.197280    0.001100    8.833461 ^ _461_/RESET_B (sky130_fd_sc_hd__dfrtp_2)
                                              8.833461   data arrival time

                                 25.000000   25.000000   clock clk (rise edge)
                                  0.000000   25.000000   clock source latency
     2    0.020721    0.155056    0.106501   25.106501 ^ clk (in)
                                                         clk (net)
                      0.155087    0.000000   25.106501 ^ clkbuf_0_clk/A (sky130_fd_sc_hd__clkbuf_16)
     8    0.086124    0.157270    0.336357   25.442858 ^ clkbuf_0_clk/X (sky130_fd_sc_hd__clkbuf_16)
                                                         clknet_0_clk (net)
                      0.157718    0.005871   25.448729 ^ clkbuf_3_5__f_clk/A (sky130_fd_sc_hd__clkbuf_16)
    10    0.034448    0.086733    0.281416   25.730145 ^ clkbuf_3_5__f_clk/X (sky130_fd_sc_hd__clkbuf_16)
                                                         clknet_3_5__leaf_clk (net)
                      0.086767    0.001640   25.731783 ^ _461_/CLK (sky130_fd_sc_hd__dfrtp_2)
                                 -0.250000   25.481785   clock uncertainty
                                  0.000000   25.481785   clock reconvergence pessimism
                                  0.395819   25.877604   library recovery time
                                             25.877604   data required time
---------------------------------------------------------------------------------------------
                                             25.877604   data required time
                                             -8.833461   data arrival time
---------------------------------------------------------------------------------------------
                                             17.044142   slack (MET)


Startpoint: _454_ (rising edge-triggered flip-flop clocked by clk)
Endpoint: gpio_out[10] (output port clocked by clk)
Path Group: clk
Path Type: max

Fanout         Cap        Slew       Delay        Time   Description
---------------------------------------------------------------------------------------------
                                  0.000000    0.000000   clock clk (rise edge)
                                  0.000000    0.000000   clock source latency
     2    0.020721    0.155056    0.106501    0.106501 ^ clk (in)
                                                         clk (net)
                      0.155087    0.000000    0.106501 ^ clkbuf_0_clk/A (sky130_fd_sc_hd__clkbuf_16)
     8    0.086124    0.157270    0.336357    0.442858 ^ clkbuf_0_clk/X (sky130_fd_sc_hd__clkbuf_16)
                                                         clknet_0_clk (net)
                      0.157543    0.004154    0.447012 ^ clkbuf_3_7__f_clk/A (sky130_fd_sc_hd__clkbuf_16)
     9    0.027479    0.076998    0.272108    0.719121 ^ clkbuf_3_7__f_clk/X (sky130_fd_sc_hd__clkbuf_16)
                                                         clknet_3_7__leaf_clk (net)
                      0.077020    0.001189    0.720310 ^ _454_/CLK (sky130_fd_sc_hd__dfrtp_2)
     2    0.007021    0.094569    0.830275    1.550585 v _454_/Q (sky130_fd_sc_hd__dfrtp_2)
                                                         TOP.top_rng_inst.display.current_data[3] (net)
                      0.094569    0.000379    1.550964 v fanout28/A (sky130_fd_sc_hd__clkdlybuf4s25_1)
    10    0.039733    0.533833    0.829751    2.380715 v fanout28/X (sky130_fd_sc_hd__clkdlybuf4s25_1)
                                                         net28 (net)
                      0.533841    0.002699    2.383415 v _262_/B (sky130_fd_sc_hd__or3b_2)
     2    0.007017    0.191217    1.253823    3.637237 v _262_/X (sky130_fd_sc_hd__or3b_2)
                                                         _085_ (net)
                      0.191217    0.000274    3.637511 v _263_/B1 (sky130_fd_sc_hd__o2bb2a_2)
     1    0.002362    0.078524    0.562837    4.200348 v _263_/X (sky130_fd_sc_hd__o2bb2a_2)
                                                         net7 (net)
                      0.078524    0.000171    4.200518 v output7/A (sky130_fd_sc_hd__clkdlybuf4s25_1)
     1    0.034714    0.469974    0.774738    4.975257 v output7/X (sky130_fd_sc_hd__clkdlybuf4s25_1)
                                                         gpio_out[10] (net)
                      0.469976    0.001825    4.977082 v gpio_out[10] (out)
                                              4.977082   data arrival time

                                 25.000000   25.000000   clock clk (rise edge)
                                  0.000000   25.000000   clock network delay (propagated)
                                 -0.250000   24.750000   clock uncertainty
                                  0.000000   24.750000   clock reconvergence pessimism
                                 -5.000000   19.750000   output external delay
                                             19.750000   data required time
---------------------------------------------------------------------------------------------
                                             19.750000   data required time
                                             -4.977082   data arrival time
---------------------------------------------------------------------------------------------
                                             14.772918   slack (MET)




===========================================================================
report_checks --slack_max -0.01
============================================================================
======================= max_ss_100C_1v60 Corner ===================================

No paths found.


===========================================================================
 report_check_types -max_slew -max_cap -max_fanout -violators
============================================================================
======================= max_ss_100C_1v60 Corner ===================================

max slew

Pin                                        Limit        Slew       Slack
------------------------------------------------------------------------
_276_/S                                 0.750000    1.203638   -0.453638 (VIOLATED)
_282_/S                                 0.750000    1.203636   -0.453636 (VIOLATED)
ANTENNA__276__S/DIODE                   0.750000    1.203634   -0.453634 (VIOLATED)
ANTENNA__282__S/DIODE                   0.750000    1.203633   -0.453633 (VIOLATED)
_292_/A1                                0.750000    1.203626   -0.453626 (VIOLATED)
ANTENNA__292__A1/DIODE                  0.750000    1.203624   -0.453624 (VIOLATED)
ANTENNA__338__S/DIODE                   0.750000    1.203614   -0.453615 (VIOLATED)
_338_/S                                 0.750000    1.203606   -0.453606 (VIOLATED)
_342_/S                                 0.750000    1.203588   -0.453588 (VIOLATED)
ANTENNA__342__S/DIODE                   0.750000    1.203585   -0.453585 (VIOLATED)
_346_/S                                 0.750000    1.203566   -0.453566 (VIOLATED)
ANTENNA__346__S/DIODE                   0.750000    1.203554   -0.453554 (VIOLATED)
_335_/S                                 0.750000    1.203549   -0.453549 (VIOLATED)
ANTENNA__335__S/DIODE                   0.750000    1.203548   -0.453548 (VIOLATED)
_323_/S                                 0.750000    1.203547   -0.453547 (VIOLATED)
ANTENNA__323__S/DIODE                   0.750000    1.203546   -0.453546 (VIOLATED)
ANTENNA__331__S/DIODE                   0.750000    1.203542   -0.453542 (VIOLATED)
ANTENNA__375__A2/DIODE                  0.750000    1.203542   -0.453542 (VIOLATED)
_331_/S                                 0.750000    1.203542   -0.453542 (VIOLATED)
_375_/A2                                0.750000    1.203542   -0.453542 (VIOLATED)
ANTENNA_fanout35_X/DIODE                0.750000    1.203539   -0.453539 (VIOLATED)
fanout35/X                              0.750000    1.203539   -0.453539 (VIOLATED)
_381_/B1                                0.750000    1.095688   -0.345688 (VIOLATED)
ANTENNA__381__B1/DIODE                  0.750000    1.095685   -0.345685 (VIOLATED)
_384_/A2                                0.750000    1.095679   -0.345679 (VIOLATED)
ANTENNA__384__A2/DIODE                  0.750000    1.095671   -0.345671 (VIOLATED)
_386_/A2                                0.750000    1.095664   -0.345664 (VIOLATED)
ANTENNA__386__A2/DIODE                  0.750000    1.095651   -0.345651 (VIOLATED)
_402_/A2                                0.750000    1.095610   -0.345610 (VIOLATED)
_404_/A2                                0.750000    1.095596   -0.345596 (VIOLATED)
_406_/A2                                0.750000    1.095589   -0.345589 (VIOLATED)
_400_/A2                                0.750000    1.095587   -0.345587 (VIOLATED)
ANTENNA__400__A2/DIODE                  0.750000    1.095586   -0.345586 (VIOLATED)
ANTENNA__406__A2/DIODE                  0.750000    1.095586   -0.345586 (VIOLATED)
ANTENNA__402__A2/DIODE                  0.750000    1.095578   -0.345578 (VIOLATED)
_396_/A2                                0.750000    1.095576   -0.345576 (VIOLATED)
ANTENNA__404__A2/DIODE                  0.750000    1.095572   -0.345572 (VIOLATED)
ANTENNA__398__A2/DIODE                  0.750000    1.095208   -0.345208 (VIOLATED)
_398_/A2                                0.750000    1.095199   -0.345199 (VIOLATED)
ANTENNA__375__B1/DIODE                  0.750000    1.095195   -0.345195 (VIOLATED)
ANTENNA__396__A2/DIODE                  0.750000    1.095195   -0.345195 (VIOLATED)
ANTENNA_fanout23_X/DIODE                0.750000    1.095195   -0.345195 (VIOLATED)
_375_/B1                                0.750000    1.095195   -0.345195 (VIOLATED)
fanout23/X                              0.750000    1.095195   -0.345195 (VIOLATED)
_380_/B1                                0.750000    1.057499   -0.307499 (VIOLATED)
ANTENNA__380__B1/DIODE                  0.750000    1.057498   -0.307498 (VIOLATED)
_388_/B1                                0.750000    1.057482   -0.307482 (VIOLATED)
ANTENNA__388__B1/DIODE                  0.750000    1.057469   -0.307470 (VIOLATED)
_384_/B1                                0.750000    1.057466   -0.307466 (VIOLATED)
ANTENNA__384__B1/DIODE                  0.750000    1.057461   -0.307461 (VIOLATED)
_386_/B1                                0.750000    1.057441   -0.307441 (VIOLATED)
ANTENNA__386__B1/DIODE                  0.750000    1.057412   -0.307412 (VIOLATED)
_406_/B1                                0.750000    1.057340   -0.307340 (VIOLATED)
ANTENNA__406__B1/DIODE                  0.750000    1.057339   -0.307339 (VIOLATED)
_400_/B1                                0.750000    1.057324   -0.307324 (VIOLATED)
ANTENNA__400__B1/DIODE                  0.750000    1.057322   -0.307322 (VIOLATED)
_402_/B1                                0.750000    1.057320   -0.307320 (VIOLATED)
ANTENNA__402__B1/DIODE                  0.750000    1.057320   -0.307320 (VIOLATED)
_404_/B1                                0.750000    1.057280   -0.307280 (VIOLATED)
ANTENNA__404__B1/DIODE                  0.750000    1.057242   -0.307242 (VIOLATED)
ANTENNA__396__B1/DIODE                  0.750000    1.057191   -0.307191 (VIOLATED)
_396_/B1                                0.750000    1.057171   -0.307171 (VIOLATED)
_398_/B1                                0.750000    1.057157   -0.307157 (VIOLATED)
ANTENNA__398__B1/DIODE                  0.750000    1.057156   -0.307156 (VIOLATED)
ANTENNA_fanout21_X/DIODE                0.750000    1.057153   -0.307153 (VIOLATED)
fanout21/X                              0.750000    1.057144   -0.307144 (VIOLATED)
_381_/A2                                0.750000    0.891253   -0.141253 (VIOLATED)
ANTENNA__381__A2/DIODE                  0.750000    0.891249   -0.141249 (VIOLATED)
_383_/B                                 0.750000    0.891246   -0.141246 (VIOLATED)
ANTENNA__383__B/DIODE                   0.750000    0.891243   -0.141243 (VIOLATED)
ANTENNA__405__A/DIODE                   0.750000    0.891222   -0.141222 (VIOLATED)
_405_/A                                 0.750000    0.891222   -0.141222 (VIOLATED)
ANTENNA__374__B/DIODE                   0.750000    0.891217   -0.141217 (VIOLATED)
_401_/A                                 0.750000    0.891217   -0.141217 (VIOLATED)
ANTENNA__401__A/DIODE                   0.750000    0.891216   -0.141216 (VIOLATED)
ANTENNA__403__A/DIODE                   0.750000    0.891214   -0.141214 (VIOLATED)
_403_/A                                 0.750000    0.891214   -0.141214 (VIOLATED)
ANTENNA__379__A_N/DIODE                 0.750000    0.891207   -0.141207 (VIOLATED)
ANTENNA__395__A/DIODE                   0.750000    0.891207   -0.141207 (VIOLATED)
ANTENNA__397__A/DIODE                   0.750000    0.891207   -0.141207 (VIOLATED)
ANTENNA__399__A/DIODE                   0.750000    0.891207   -0.141207 (VIOLATED)
ANTENNA_fanout33_X/DIODE                0.750000    0.891207   -0.141207 (VIOLATED)
_374_/B                                 0.750000    0.891207   -0.141207 (VIOLATED)
_379_/A_N                               0.750000    0.891207   -0.141207 (VIOLATED)
_395_/A                                 0.750000    0.891207   -0.141207 (VIOLATED)
_397_/A                                 0.750000    0.891207   -0.141207 (VIOLATED)
_399_/A                                 0.750000    0.891207   -0.141207 (VIOLATED)
fanout33/X                              0.750000    0.891207   -0.141207 (VIOLATED)

max fanout

Pin                                   Limit Fanout  Slack
---------------------------------------------------------
fanout21/X                               10     21    -11 (VIOLATED)
fanout23/X                               10     21    -11 (VIOLATED)
fanout33/X                               10     21    -11 (VIOLATED)
fanout35/X                               10     21    -11 (VIOLATED)
max_cap27/X                              10     19     -9 (VIOLATED)



===========================================================================
report_parasitic_annotation -report_unannotated
============================================================================
Found 94 unannotated drivers.
 gpio_in[10]
 gpio_in[11]
 gpio_in[12]
 gpio_in[13]
 gpio_in[14]
 gpio_in[15]
 gpio_in[16]
 gpio_in[17]
 gpio_in[18]
 gpio_in[19]
 gpio_in[20]
 gpio_in[21]
 gpio_in[22]
 gpio_in[23]
 gpio_in[24]
 gpio_in[25]
 gpio_in[26]
 gpio_in[27]
 gpio_in[28]
 gpio_in[29]
 gpio_in[30]
 gpio_in[31]
 gpio_in[32]
 gpio_in[33]
 gpio_in[4]
 gpio_in[5]
 gpio_in[6]
 gpio_in[7]
 gpio_in[8]
 gpio_in[9]
 _431__107/LO
 clkload0/X
 clkload1/X
 clkload2/X
 clkload3/X
 clkload4/X
 clkload5/X
 clkload6/X
 team_01/HI
 team_01_100/LO
 team_01_101/LO
 team_01_102/LO
 team_01_103/LO
 team_01_104/LO
 team_01_105/LO
 team_01_106/LO
 team_01_52/HI
 team_01_53/HI
 team_01_54/HI
 team_01_55/HI
 team_01_56/HI
 team_01_57/HI
 team_01_58/HI
 team_01_59/HI
 team_01_60/HI
 team_01_61/HI
 team_01_62/HI
 team_01_63/HI
 team_01_64/HI
 team_01_65/HI
 team_01_66/HI
 team_01_67/HI
 team_01_68/HI
 team_01_69/HI
 team_01_70/HI
 team_01_71/HI
 team_01_72/HI
 team_01_73/HI
 team_01_74/HI
 team_01_75/HI
 team_01_76/HI
 team_01_77/HI
 team_01_78/HI
 team_01_79/HI
 team_01_80/HI
 team_01_81/HI
 team_01_82/HI
 team_01_83/HI
 team_01_84/HI
 team_01_85/HI
 team_01_86/HI
 team_01_87/HI
 team_01_88/HI
 team_01_89/LO
 team_01_90/LO
 team_01_91/LO
 team_01_92/LO
 team_01_93/LO
 team_01_94/LO
 team_01_95/LO
 team_01_96/LO
 team_01_97/LO
 team_01_98/LO
 team_01_99/LO
Found 0 partially unannotated drivers.

===========================================================================
max slew violation count 88
max fanout violation count 5
max cap violation count 0
============================================================================

===========================================================================
check_setup -verbose -unconstrained_endpoints -multiple_clock -no_clock -no_input_delay -loops -generated_clocks
===========================================================================
Warning: There are 2 unclocked register/latch pins.
  _485_/CLK
  _486_/CLK
Warning: There are 4 unconstrained endpoints.
  gpio_out[16]
  gpio_out[17]
  _485_/D
  _486_/D
