Clock: clk
Sources: clk 
Generated: no
Virtual: yes
Propagated: no
Period: 25.000000

===========================================================================
report_clock_properties
============================================================================
Clock                   Period          Waveform
----------------------------------------------------
clk                  25.000000    0.000000 12.500000

===========================================================================
report_clock_latency
============================================================================
Clock clk
rise -> rise
    min     max
0.000000 0.000000 source latency
0.719600         network latency _452_/CLK
        1.422584 network latency _485_/CLK
---------------
0.719600 1.422584 latency
        0.702984 skew

rise -> fall
    min     max
0.000000 0.000000 source latency
1.537565         network latency _486_/CLK
        1.537607 network latency _485_/CLK
---------------
1.537565 1.537607 latency
        0.000042 skew

fall -> fall
    min     max
0.000000 0.000000 source latency
0.668757         network latency _452_/CLK
        0.684685 network latency _483_/CLK
---------------
0.668757 0.684685 latency
        0.015929 skew



===========================================================================
report_clock_min_period
============================================================================
clk period_min = 6.68 fmax = 149.65
