
===========================================================================
report_checks -unconstrained
===========================================================================
======================= max_ss_100C_1v60 Corner ===================================

Startpoint: en (input port clocked by clk)
Endpoint: _1016_ (recovery check against rising-edge clock clk)
Path Group: asynchronous
Path Type: max

Fanout         Cap        Slew       Delay        Time   Description
---------------------------------------------------------------------------------------------
                                  0.000000    0.000000   clock clk (rise edge)
                                  0.000000    0.000000   clock network delay (propagated)
                                  5.000000    5.000000 ^ input external delay
     2    0.007012    0.060794    0.037653    5.037653 ^ en (in)
                                                         en (net)
                      0.060796    0.000000    5.037653 ^ input1/A (sky130_fd_sc_hd__clkdlybuf4s25_1)
     1    0.001773    0.059724    0.444122    5.481775 ^ input1/X (sky130_fd_sc_hd__clkdlybuf4s25_1)
                                                         net1 (net)
                      0.059724    0.000083    5.481858 ^ _0546_/B (sky130_fd_sc_hd__and2_2)
     1    0.006345    0.092535    0.283354    5.765212 ^ _0546_/X (sky130_fd_sc_hd__and2_2)
                                                         SYNTH_INST.keypad.n_rst (net)
                      0.092535    0.000449    5.765661 ^ fanout74/A (sky130_fd_sc_hd__clkdlybuf4s25_1)
    11    0.043319    0.694074    0.920153    6.685814 ^ fanout74/X (sky130_fd_sc_hd__clkdlybuf4s25_1)
                                                         net74 (net)
                      0.694074    0.001725    6.687539 ^ fanout58/A (sky130_fd_sc_hd__clkdlybuf4s25_1)
    11    0.052415    0.837578    1.239265    7.926805 ^ fanout58/X (sky130_fd_sc_hd__clkdlybuf4s25_1)
                                                         net58 (net)
                      0.837579    0.002936    7.929740 ^ fanout54/A (sky130_fd_sc_hd__clkdlybuf4s25_1)
     5    0.024891    0.408834    0.968282    8.898022 ^ fanout54/X (sky130_fd_sc_hd__clkdlybuf4s25_1)
                                                         net54 (net)
                      0.408851    0.003042    8.901064 ^ fanout52/A (sky130_fd_sc_hd__clkdlybuf4s25_1)
     2    0.007094    0.136152    0.644761    9.545825 ^ fanout52/X (sky130_fd_sc_hd__clkdlybuf4s25_1)
                                                         net52 (net)
                      0.136152    0.000398    9.546223 ^ load_slew53/A (sky130_fd_sc_hd__clkbuf_4)
     9    0.037869    0.194956    0.369569    9.915792 ^ load_slew53/X (sky130_fd_sc_hd__clkbuf_4)
                                                         net53 (net)
                      0.195002    0.002936    9.918728 ^ _1016_/RESET_B (sky130_fd_sc_hd__dfrtp_2)
                                              9.918728   data arrival time

                                 25.000000   25.000000   clock clk (rise edge)
                                  0.000000   25.000000   clock source latency
     2    0.022974    0.170769    0.117472   25.117472 ^ clk (in)
                                                         clk (net)
                      0.170788    0.000000   25.117472 ^ clkbuf_0_clk/A (sky130_fd_sc_hd__clkbuf_16)
    33    0.134503    0.224675    0.396140   25.513611 ^ clkbuf_0_clk/X (sky130_fd_sc_hd__clkbuf_16)
                                                         clknet_0_clk (net)
                      0.225035    0.006343   25.519955 ^ clkbuf_4_4_0_clk/A (sky130_fd_sc_hd__clkbuf_8)
     9    0.024765    0.094953    0.317508   25.837463 ^ clkbuf_4_4_0_clk/X (sky130_fd_sc_hd__clkbuf_8)
                                                         clknet_4_4_0_clk (net)
                      0.094957    0.000759   25.838221 ^ _1016_/CLK (sky130_fd_sc_hd__dfrtp_2)
                                 -0.250000   25.588223   clock uncertainty
                                  0.000000   25.588223   clock reconvergence pessimism
                                  0.399559   25.987782   library recovery time
                                             25.987782   data required time
---------------------------------------------------------------------------------------------
                                             25.987782   data required time
                                             -9.918728   data arrival time
---------------------------------------------------------------------------------------------
                                             16.069052   slack (MET)


Startpoint: gpio_in[11] (input port clocked by clk)
Endpoint: gpio_out[14] (output port clocked by clk)
Path Group: clk
Path Type: max

Fanout         Cap        Slew       Delay        Time   Description
---------------------------------------------------------------------------------------------
                                  0.000000    0.000000   clock clk (rise edge)
                                  0.000000    0.000000   clock network delay (propagated)
                                  5.000000    5.000000 v input external delay
     2    0.008923    0.042979    0.028231    5.028231 v gpio_in[11] (in)
                                                         gpio_in[11] (net)
                      0.042985    0.000000    5.028231 v input4/A (sky130_fd_sc_hd__clkdlybuf4s25_1)
     2    0.007299    0.127623    0.493461    5.521692 v input4/X (sky130_fd_sc_hd__clkdlybuf4s25_1)
                                                         net4 (net)
                      0.127623    0.000556    5.522248 v _0651_/A (sky130_fd_sc_hd__or4_2)
     1    0.009690    0.266732    1.670049    7.192297 v _0651_/X (sky130_fd_sc_hd__or4_2)
                                                         _0268_ (net)
                      0.266732    0.000950    7.193246 v _0654_/A (sky130_fd_sc_hd__or3_2)
     1    0.005390    0.182475    1.205835    8.399081 v _0654_/X (sky130_fd_sc_hd__or3_2)
                                                         _0271_ (net)
                      0.182475    0.000379    8.399460 v _0655_/A3 (sky130_fd_sc_hd__o31a_2)
     1    0.002623    0.086222    0.581252    8.980713 v _0655_/X (sky130_fd_sc_hd__o31a_2)
                                                         SYNTH_INST.pwm (net)
                      0.086222    0.000163    8.980876 v _1091_/A (sky130_fd_sc_hd__buf_2)
     1    0.005098    0.053291    0.245207    9.226083 v _1091_/X (sky130_fd_sc_hd__buf_2)
                                                         net17 (net)
                      0.053291    0.000355    9.226438 v output17/A (sky130_fd_sc_hd__clkdlybuf4s25_1)
     1    0.034807    0.471337    0.764294    9.990731 v output17/X (sky130_fd_sc_hd__clkdlybuf4s25_1)
                                                         gpio_out[14] (net)
                      0.471338    0.001735    9.992466 v gpio_out[14] (out)
                                              9.992466   data arrival time

                                 25.000000   25.000000   clock clk (rise edge)
                                  0.000000   25.000000   clock network delay (propagated)
                                 -0.250000   24.750000   clock uncertainty
                                  0.000000   24.750000   clock reconvergence pessimism
                                 -5.000000   19.750000   output external delay
                                             19.750000   data required time
---------------------------------------------------------------------------------------------
                                             19.750000   data required time
                                             -9.992466   data arrival time
---------------------------------------------------------------------------------------------
                                              9.757534   slack (MET)




===========================================================================
report_checks --slack_max -0.01
============================================================================
======================= max_ss_100C_1v60 Corner ===================================

No paths found.


===========================================================================
 report_check_types -max_slew -max_cap -max_fanout -violators
============================================================================
======================= max_ss_100C_1v60 Corner ===================================

max slew

Pin                                        Limit        Slew       Slack
------------------------------------------------------------------------
_0848_/A1                               0.750000    0.990167   -0.240167 (VIOLATED)
_0852_/A1                               0.750000    0.990167   -0.240167 (VIOLATED)
ANTENNA__0791__B1/DIODE                 0.750000    0.990166   -0.240166 (VIOLATED)
_0791_/B1                               0.750000    0.990166   -0.240166 (VIOLATED)
_0796_/A2                               0.750000    0.990166   -0.240166 (VIOLATED)
_0850_/A1                               0.750000    0.990166   -0.240166 (VIOLATED)
ANTENNA__0796__A2/DIODE                 0.750000    0.990166   -0.240166 (VIOLATED)
ANTENNA__0850__A1/DIODE                 0.750000    0.990166   -0.240166 (VIOLATED)
ANTENNA__0848__A1/DIODE                 0.750000    0.990165   -0.240165 (VIOLATED)
ANTENNA__0852__A1/DIODE                 0.750000    0.990165   -0.240165 (VIOLATED)
ANTENNA__0844__A1/DIODE                 0.750000    0.990164   -0.240164 (VIOLATED)
ANTENNA__0846__A1/DIODE                 0.750000    0.990164   -0.240164 (VIOLATED)
ANTENNA__0854__A1/DIODE                 0.750000    0.990164   -0.240164 (VIOLATED)
ANTENNA__0856__A1/DIODE                 0.750000    0.990164   -0.240164 (VIOLATED)
ANTENNA_fanout40_A/DIODE                0.750000    0.990164   -0.240164 (VIOLATED)
ANTENNA_fanout41_X/DIODE                0.750000    0.990164   -0.240164 (VIOLATED)
_0844_/A1                               0.750000    0.990164   -0.240164 (VIOLATED)
_0846_/A1                               0.750000    0.990164   -0.240164 (VIOLATED)
_0854_/A1                               0.750000    0.990164   -0.240164 (VIOLATED)
_0856_/A1                               0.750000    0.990164   -0.240164 (VIOLATED)
fanout40/A                              0.750000    0.990164   -0.240164 (VIOLATED)
fanout41/X                              0.750000    0.990164   -0.240164 (VIOLATED)
_0809_/A1                               0.750000    0.865730   -0.115730 (VIOLATED)
_0741_/A                                0.750000    0.865728   -0.115728 (VIOLATED)
_0805_/A1                               0.750000    0.865728   -0.115728 (VIOLATED)
_0800_/B2                               0.750000    0.865725   -0.115725 (VIOLATED)
_0823_/A1                               0.750000    0.865722   -0.115722 (VIOLATED)
_0828_/B2                               0.750000    0.865719   -0.115719 (VIOLATED)
_0831_/B2                               0.750000    0.865701   -0.115702 (VIOLATED)
_0837_/B2                               0.750000    0.865685   -0.115685 (VIOLATED)
_0834_/B2                               0.750000    0.865685   -0.115685 (VIOLATED)
_0572_/B1                               0.750000    0.865680   -0.115680 (VIOLATED)
fanout37/X                              0.750000    0.865680   -0.115680 (VIOLATED)
_0452_/B                                0.750000    0.861465   -0.111465 (VIOLATED)
_0455_/B                                0.750000    0.861461   -0.111461 (VIOLATED)
ANTENNA__0452__B/DIODE                  0.750000    0.861454   -0.111454 (VIOLATED)
ANTENNA__0455__B/DIODE                  0.750000    0.861452   -0.111452 (VIOLATED)
_0569_/A2                               0.750000    0.861449   -0.111449 (VIOLATED)
ANTENNA__0569__A2/DIODE                 0.750000    0.861441   -0.111441 (VIOLATED)
_0607_/A2                               0.750000    0.861366   -0.111366 (VIOLATED)
ANTENNA__0607__A2/DIODE                 0.750000    0.861345   -0.111345 (VIOLATED)
ANTENNA__0604__B1/DIODE                 0.750000    0.861293   -0.111293 (VIOLATED)
_0604_/B1                               0.750000    0.861276   -0.111276 (VIOLATED)
ANTENNA__0451__Y/DIODE                  0.750000    0.861251   -0.111252 (VIOLATED)
_0451_/Y                                0.750000    0.861251   -0.111252 (VIOLATED)
_0770_/S                                0.750000    0.855611   -0.105611 (VIOLATED)
_0774_/S                                0.750000    0.855610   -0.105610 (VIOLATED)
_0779_/S                                0.750000    0.855607   -0.105607 (VIOLATED)
_0766_/S                                0.750000    0.855603   -0.105603 (VIOLATED)
_0762_/S                                0.750000    0.855600   -0.105600 (VIOLATED)
_0783_/S                                0.750000    0.855599   -0.105599 (VIOLATED)
_0788_/S                                0.750000    0.855593   -0.105593 (VIOLATED)
_0758_/S                                0.750000    0.855592   -0.105592 (VIOLATED)
_0754_/S                                0.750000    0.855583   -0.105584 (VIOLATED)
_0751_/S                                0.750000    0.855571   -0.105571 (VIOLATED)
fanout30/X                              0.750000    0.855568   -0.105568 (VIOLATED)
fanout57/A                              0.750000    0.837598   -0.087598 (VIOLATED)
ANTENNA_fanout57_A/DIODE                0.750000    0.837597   -0.087597 (VIOLATED)
ANTENNA_fanout55_A/DIODE                0.750000    0.837589   -0.087589 (VIOLATED)
fanout55/A                              0.750000    0.837586   -0.087586 (VIOLATED)
fanout54/A                              0.750000    0.837579   -0.087579 (VIOLATED)
ANTENNA_fanout54_A/DIODE                0.750000    0.837578   -0.087578 (VIOLATED)
ANTENNA_fanout58_X/DIODE                0.750000    0.837578   -0.087578 (VIOLATED)
ANTENNA_fanout48_A/DIODE                0.750000    0.837578   -0.087578 (VIOLATED)
ANTENNA_fanout50_A/DIODE                0.750000    0.837578   -0.087578 (VIOLATED)
fanout48/A                              0.750000    0.837578   -0.087578 (VIOLATED)
fanout50/A                              0.750000    0.837578   -0.087578 (VIOLATED)
fanout58/X                              0.750000    0.837578   -0.087578 (VIOLATED)
_0853_/A2                               0.750000    0.828971   -0.078971 (VIOLATED)
ANTENNA__0853__A2/DIODE                 0.750000    0.828967   -0.078967 (VIOLATED)
fanout26/A                              0.750000    0.828950   -0.078950 (VIOLATED)
ANTENNA_fanout26_A/DIODE                0.750000    0.828949   -0.078949 (VIOLATED)
_0865_/A2                               0.750000    0.828947   -0.078947 (VIOLATED)
ANTENNA__0865__A2/DIODE                 0.750000    0.828946   -0.078946 (VIOLATED)
_0867_/A2                               0.750000    0.828931   -0.078931 (VIOLATED)
ANTENNA__0867__A2/DIODE                 0.750000    0.828924   -0.078924 (VIOLATED)
_0869_/A2                               0.750000    0.828913   -0.078913 (VIOLATED)
ANTENNA__0869__A2/DIODE                 0.750000    0.828911   -0.078911 (VIOLATED)
_0871_/A2                               0.750000    0.828907   -0.078907 (VIOLATED)
ANTENNA__0871__A2/DIODE                 0.750000    0.828906   -0.078906 (VIOLATED)
ANTENNA__0873__A2/DIODE                 0.750000    0.828902   -0.078902 (VIOLATED)
_0873_/A2                               0.750000    0.828899   -0.078899 (VIOLATED)
ANTENNA__0884__B1/DIODE                 0.750000    0.828598   -0.078598 (VIOLATED)
_0884_/B1                               0.750000    0.828576   -0.078576 (VIOLATED)
ANTENNA_fanout27_X/DIODE                0.750000    0.828566   -0.078566 (VIOLATED)
fanout27/X                              0.750000    0.828566   -0.078566 (VIOLATED)
_0465_/B                                0.750000    0.826663   -0.076663 (VIOLATED)
_0443_/B                                0.750000    0.826662   -0.076662 (VIOLATED)
_0464_/B                                0.750000    0.826661   -0.076661 (VIOLATED)
_0440_/A                                0.750000    0.826661   -0.076661 (VIOLATED)
_0449_/B                                0.750000    0.826661   -0.076661 (VIOLATED)
_0451_/A2                               0.750000    0.826661   -0.076661 (VIOLATED)
_0472_/A                                0.750000    0.826661   -0.076661 (VIOLATED)
_0476_/A_N                              0.750000    0.826661   -0.076661 (VIOLATED)
_0501_/A2                               0.750000    0.826661   -0.076661 (VIOLATED)
_0502_/A1                               0.750000    0.826661   -0.076661 (VIOLATED)
fanout47/X                              0.750000    0.826661   -0.076661 (VIOLATED)
_0773_/B2                               0.750000    0.774666   -0.024666 (VIOLATED)
_0778_/A1                               0.750000    0.774666   -0.024666 (VIOLATED)
_0782_/A1                               0.750000    0.774663   -0.024663 (VIOLATED)
_0786_/B1                               0.750000    0.774661   -0.024661 (VIOLATED)
_0769_/B2                               0.750000    0.774661   -0.024661 (VIOLATED)
_0757_/A1                               0.750000    0.774660   -0.024660 (VIOLATED)
_0791_/A1                               0.750000    0.774660   -0.024660 (VIOLATED)
_0750_/A1                               0.750000    0.774659   -0.024659 (VIOLATED)
_0753_/A1                               0.750000    0.774658   -0.024658 (VIOLATED)
_0795_/B1                               0.750000    0.774655   -0.024655 (VIOLATED)
fanout36/X                              0.750000    0.774655   -0.024655 (VIOLATED)

max fanout

Pin                                   Limit Fanout  Slack
---------------------------------------------------------
clkbuf_0_clk/X                           10     33    -23 (VIOLATED)
fanout41/X                               10     21    -11 (VIOLATED)
fanout27/X                               10     17     -7 (VIOLATED)
_0441_/X                                 10     15     -5 (VIOLATED)
fanout65/X                               10     13     -3 (VIOLATED)
_0451_/Y                                 10     11        (VIOLATED)
_0481_/X                                 10     11        (VIOLATED)
_0512_/X                                 10     11        (VIOLATED)
fanout39/X                               10     11        (VIOLATED)
fanout58/X                               10     11        (VIOLATED)
fanout74/X                               10     11        (VIOLATED)



===========================================================================
report_parasitic_annotation -report_unannotated
============================================================================
Found 105 unannotated drivers.
 gpio_in[14]
 gpio_in[15]
 gpio_in[16]
 gpio_in[17]
 gpio_in[18]
 gpio_in[19]
 gpio_in[20]
 gpio_in[21]
 gpio_in[22]
 gpio_in[23]
 gpio_in[24]
 gpio_in[25]
 gpio_in[26]
 gpio_in[27]
 gpio_in[28]
 gpio_in[29]
 gpio_in[30]
 gpio_in[31]
 gpio_in[32]
 gpio_in[33]
 _0913__110/HI
 _0914__109/HI
 _0930__108/HI
 clkload0/X
 clkload1/X
 clkload10/X
 clkload11/X
 clkload12/X
 clkload13/X
 clkload14/X
 clkload2/X
 clkload3/X
 clkload4/X
 clkload5/X
 clkload6/X
 clkload7/X
 clkload8/X
 clkload9/X
 team_05/HI
 team_05_100/HI
 team_05_101/HI
 team_05_102/HI
 team_05_103/HI
 team_05_104/HI
 team_05_105/HI
 team_05_106/HI
 team_05_107/HI
 team_05_111/LO
 team_05_112/LO
 team_05_113/LO
 team_05_114/LO
 team_05_115/LO
 team_05_116/LO
 team_05_117/LO
 team_05_118/LO
 team_05_119/LO
 team_05_120/LO
 team_05_121/LO
 team_05_122/LO
 team_05_123/LO
 team_05_124/LO
 team_05_125/LO
 team_05_126/LO
 team_05_127/LO
 team_05_128/LO
 team_05_129/LO
 team_05_130/LO
 team_05_131/LO
 team_05_132/LO
 team_05_133/LO
 team_05_134/LO
 team_05_135/LO
 team_05_136/LO
 team_05_137/LO
 team_05_138/LO
 team_05_139/LO
 team_05_140/LO
 team_05_141/LO
 team_05_142/LO
 team_05_143/LO
 team_05_75/HI
 team_05_76/HI
 team_05_77/HI
 team_05_78/HI
 team_05_79/HI
 team_05_80/HI
 team_05_81/HI
 team_05_82/HI
 team_05_83/HI
 team_05_84/HI
 team_05_85/HI
 team_05_86/HI
 team_05_87/HI
 team_05_88/HI
 team_05_89/HI
 team_05_90/HI
 team_05_91/HI
 team_05_92/HI
 team_05_93/HI
 team_05_94/HI
 team_05_95/HI
 team_05_96/HI
 team_05_97/HI
 team_05_98/HI
 team_05_99/HI
Found 0 partially unannotated drivers.

===========================================================================
max slew violation count 108
max fanout violation count 11
max cap violation count 0
============================================================================

===========================================================================
check_setup -verbose -unconstrained_endpoints -multiple_clock -no_clock -no_input_delay -loops -generated_clocks
===========================================================================
