Clock: clk
Sources: clk 
Generated: no
Virtual: yes
Propagated: no
Period: 25.000000

===========================================================================
report_clock_properties
============================================================================
Clock                   Period          Waveform
----------------------------------------------------
clk                  25.000000    0.000000 12.500000

===========================================================================
report_clock_latency
============================================================================
Clock clk
rise -> rise
    min     max
0.000000 0.000000 source latency
0.852467         network latency _0928_/CLK
        0.878655 network latency _1015_/CLK
---------------
0.852467 0.878655 latency
        0.026189 skew

fall -> fall
    min     max
0.000000 0.000000 source latency
0.751431         network latency _1031_/CLK
        0.774712 network latency _1015_/CLK
---------------
0.751431 0.774712 latency
        0.023281 skew



===========================================================================
report_clock_min_period
============================================================================
clk period_min = 9.58 fmax = 104.44
