
===========================================================================
report_checks -unconstrained
===========================================================================
======================= max_ff_n40C_1v95 Corner ===================================

Startpoint: nrst (input port clocked by clk)
Endpoint: _2470_ (recovery check against rising-edge clock clk)
Path Group: asynchronous
Path Type: max

Fanout         Cap        Slew       Delay        Time   Description
---------------------------------------------------------------------------------------------
                                  0.000000    0.000000   clock clk (rise edge)
                                  0.000000    0.000000   clock network delay (propagated)
                                  5.000000    5.000000 ^ input external delay
     2    0.003796    0.017497    0.009893    5.009892 ^ nrst (in)
                                                         nrst (net)
                      0.017498    0.000000    5.009892 ^ input6/A (sky130_fd_sc_hd__clkbuf_1)
     1    0.006614    0.064007    0.070896    5.080789 ^ input6/X (sky130_fd_sc_hd__clkbuf_1)
                                                         net6 (net)
                      0.064014    0.000528    5.081317 ^ _2290_/A (sky130_fd_sc_hd__nand2_2)
     5    0.026018    0.071772    0.070311    5.151628 v _2290_/Y (sky130_fd_sc_hd__nand2_2)
                                                         _1146_ (net)
                      0.071823    0.001575    5.153203 v fanout155/A (sky130_fd_sc_hd__clkbuf_4)
    21    0.058995    0.088764    0.162726    5.315929 v fanout155/X (sky130_fd_sc_hd__clkbuf_4)
                                                         net155 (net)
                      0.089458    0.006268    5.322197 v _2291_/A (sky130_fd_sc_hd__inv_2)
     7    0.035432    0.125652    0.126116    5.448314 ^ _2291_/Y (sky130_fd_sc_hd__inv_2)
                                                         CALC_INST.gencon_inst.add_calc.nRST (net)
                      0.125699    0.002027    5.450341 ^ fanout100/A (sky130_fd_sc_hd__clkbuf_2)
    11    0.039183    0.165183    0.179216    5.629557 ^ fanout100/X (sky130_fd_sc_hd__clkbuf_2)
                                                         net100 (net)
                      0.165326    0.003981    5.633538 ^ fanout99/A (sky130_fd_sc_hd__clkbuf_4)
    21    0.070449    0.163024    0.209896    5.843434 ^ fanout99/X (sky130_fd_sc_hd__clkbuf_4)
                                                         net99 (net)
                      0.163146    0.003726    5.847160 ^ fanout98/A (sky130_fd_sc_hd__clkbuf_4)
    10    0.056117    0.131958    0.190051    6.037210 ^ fanout98/X (sky130_fd_sc_hd__clkbuf_4)
                                                         net98 (net)
                      0.131987    0.001613    6.038824 ^ fanout97/A (sky130_fd_sc_hd__clkbuf_4)
    10    0.051412    0.121578    0.177894    6.216718 ^ fanout97/X (sky130_fd_sc_hd__clkbuf_4)
                                                         net97 (net)
                      0.121779    0.004027    6.220745 ^ _2470_/RESET_B (sky130_fd_sc_hd__dfrtp_4)
                                              6.220745   data arrival time

                                 25.000000   25.000000   clock clk (rise edge)
                                  0.000000   25.000000   clock source latency
     2    0.028545    0.099775    0.069550   25.069550 ^ clk (in)
                                                         clk (net)
                      0.099840    0.000000   25.069550 ^ clkbuf_0_clk/A (sky130_fd_sc_hd__clkbuf_16)
     9    0.062235    0.061620    0.126684   25.196234 ^ clkbuf_0_clk/X (sky130_fd_sc_hd__clkbuf_16)
                                                         clknet_0_clk (net)
                      0.061906    0.003283   25.199516 ^ clkbuf_2_1__f_clk/A (sky130_fd_sc_hd__clkbuf_16)
    19    0.095038    0.086169    0.131067   25.330584 ^ clkbuf_2_1__f_clk/X (sky130_fd_sc_hd__clkbuf_16)
                                                         clknet_2_1__leaf_clk (net)
                      0.087760    0.009258   25.339842 ^ clkbuf_leaf_11_clk/A (sky130_fd_sc_hd__clkbuf_8)
    12    0.040442    0.062250    0.121894   25.461735 ^ clkbuf_leaf_11_clk/X (sky130_fd_sc_hd__clkbuf_8)
                                                         clknet_leaf_11_clk (net)
                      0.062386    0.002016   25.463751 ^ _2470_/CLK (sky130_fd_sc_hd__dfrtp_4)
                                 -0.250000   25.213753   clock uncertainty
                                  0.000000   25.213753   clock reconvergence pessimism
                                  0.107438   25.321190   library recovery time
                                             25.321190   data required time
---------------------------------------------------------------------------------------------
                                             25.321190   data required time
                                             -6.220745   data arrival time
---------------------------------------------------------------------------------------------
                                             19.100445   slack (MET)


Startpoint: _2512_ (rising edge-triggered flip-flop clocked by clk)
Endpoint: gpio_out[6] (output port clocked by clk)
Path Group: clk
Path Type: max

Fanout         Cap        Slew       Delay        Time   Description
---------------------------------------------------------------------------------------------
                                  0.000000    0.000000   clock clk (rise edge)
                                  0.000000    0.000000   clock source latency
     2    0.028545    0.099775    0.069549    0.069549 ^ clk (in)
                                                         clk (net)
                      0.099840    0.000000    0.069549 ^ clkbuf_0_clk/A (sky130_fd_sc_hd__clkbuf_16)
     9    0.062235    0.061620    0.126686    0.196235 ^ clkbuf_0_clk/X (sky130_fd_sc_hd__clkbuf_16)
                                                         clknet_0_clk (net)
                      0.061955    0.003559    0.199793 ^ clkbuf_2_0__f_clk/A (sky130_fd_sc_hd__clkbuf_16)
    19    0.088951    0.081576    0.128155    0.327948 ^ clkbuf_2_0__f_clk/X (sky130_fd_sc_hd__clkbuf_16)
                                                         clknet_2_0__leaf_clk (net)
                      0.082768    0.007802    0.335750 ^ clkbuf_leaf_34_clk/A (sky130_fd_sc_hd__clkbuf_8)
    16    0.053762    0.078494    0.132331    0.468081 ^ clkbuf_leaf_34_clk/X (sky130_fd_sc_hd__clkbuf_8)
                                                         clknet_leaf_34_clk (net)
                      0.078603    0.001947    0.470028 ^ _2512_/CLK (sky130_fd_sc_hd__dfrtp_1)
     5    0.013933    0.061609    0.272071    0.742099 v _2512_/Q (sky130_fd_sc_hd__dfrtp_1)
                                                         CALC_INST.input_ctrl_inst.col_index[9] (net)
                      0.061623    0.000917    0.743015 v _2396_/A (sky130_fd_sc_hd__or4_1)
     1    0.004423    0.060704    0.309331    1.052346 v _2396_/X (sky130_fd_sc_hd__or4_1)
                                                         _1224_ (net)
                      0.060704    0.000290    1.052636 v _2397_/B (sky130_fd_sc_hd__nor2_1)
     4    0.020122    0.259106    0.214830    1.267466 ^ _2397_/Y (sky130_fd_sc_hd__nor2_1)
                                                         _1225_ (net)
                      0.259119    0.001559    1.269025 ^ _2416_/A (sky130_fd_sc_hd__nor2_1)
     1    0.002814    0.053878    0.031537    1.300562 v _2416_/Y (sky130_fd_sc_hd__nor2_1)
                                                         _0396_ (net)
                      0.053878    0.000179    1.300741 v _2419_/C (sky130_fd_sc_hd__or4b_1)
     1    0.004847    0.062363    0.275544    1.576285 v _2419_/X (sky130_fd_sc_hd__or4b_1)
                                                         _0399_ (net)
                      0.062363    0.000353    1.576638 v _2421_/A2 (sky130_fd_sc_hd__a211oi_2)
     5    0.019959    0.285347    0.285142    1.861780 ^ _2421_/Y (sky130_fd_sc_hd__a211oi_2)
                                                         _0401_ (net)
                      0.285355    0.001225    1.863005 ^ _2432_/D1 (sky130_fd_sc_hd__o2111ai_2)
     3    0.010561    0.101540    0.084495    1.947500 v _2432_/Y (sky130_fd_sc_hd__o2111ai_2)
                                                         _0411_ (net)
                      0.101541    0.000645    1.948145 v _2436_/B (sky130_fd_sc_hd__or3b_1)
     1    0.002730    0.042391    0.216425    2.164570 v _2436_/X (sky130_fd_sc_hd__or3b_1)
                                                         net28 (net)
                      0.042391    0.000186    2.164756 v output28/A (sky130_fd_sc_hd__buf_2)
     1    0.034195    0.062696    0.121332    2.286088 v output28/X (sky130_fd_sc_hd__buf_2)
                                                         gpio_out[6] (net)
                      0.062753    0.001700    2.287788 v gpio_out[6] (out)
                                              2.287788   data arrival time

                                 25.000000   25.000000   clock clk (rise edge)
                                  0.000000   25.000000   clock network delay (propagated)
                                 -0.250000   24.750000   clock uncertainty
                                  0.000000   24.750000   clock reconvergence pessimism
                                 -5.000000   19.750000   output external delay
                                             19.750000   data required time
---------------------------------------------------------------------------------------------
                                             19.750000   data required time
                                             -2.287788   data arrival time
---------------------------------------------------------------------------------------------
                                             17.462212   slack (MET)




===========================================================================
report_checks --slack_max -0.01
============================================================================
======================= max_ff_n40C_1v95 Corner ===================================

No paths found.


===========================================================================
 report_check_types -max_slew -max_cap -max_fanout -violators
============================================================================
======================= max_ff_n40C_1v95 Corner ===================================

max fanout

Pin                                   Limit Fanout  Slack
---------------------------------------------------------
_1509_/Y                                 10     21    -11 (VIOLATED)
_1513_/Y                                 10     21    -11 (VIOLATED)
fanout122/X                              10     21    -11 (VIOLATED)
fanout126/X                              10     21    -11 (VIOLATED)
fanout127/X                              10     21    -11 (VIOLATED)
fanout130/X                              10     21    -11 (VIOLATED)
fanout133/X                              10     21    -11 (VIOLATED)
fanout137/X                              10     21    -11 (VIOLATED)
fanout141/X                              10     21    -11 (VIOLATED)
fanout143/X                              10     21    -11 (VIOLATED)
fanout154/X                              10     21    -11 (VIOLATED)
fanout155/X                              10     21    -11 (VIOLATED)
fanout34/X                               10     21    -11 (VIOLATED)
fanout42/X                               10     21    -11 (VIOLATED)
fanout44/X                               10     21    -11 (VIOLATED)
fanout45/X                               10     21    -11 (VIOLATED)
fanout47/X                               10     21    -11 (VIOLATED)
fanout49/X                               10     21    -11 (VIOLATED)
fanout67/X                               10     21    -11 (VIOLATED)
fanout71/X                               10     21    -11 (VIOLATED)
fanout74/X                               10     21    -11 (VIOLATED)
fanout99/X                               10     21    -11 (VIOLATED)
_1295_/X                                 10     19     -9 (VIOLATED)
_1512_/Y                                 10     19     -9 (VIOLATED)
_2213_/Y                                 10     19     -9 (VIOLATED)
clkbuf_2_0__f_clk/X                      10     19     -9 (VIOLATED)
clkbuf_2_1__f_clk/X                      10     19     -9 (VIOLATED)
clkbuf_2_2__f_clk/X                      10     19     -9 (VIOLATED)
clkbuf_2_3__f_clk/X                      10     19     -9 (VIOLATED)
clkbuf_leaf_23_clk/X                     10     19     -9 (VIOLATED)
clkbuf_leaf_15_clk/X                     10     18     -8 (VIOLATED)
clkbuf_leaf_24_clk/X                     10     18     -8 (VIOLATED)
_1296_/X                                 10     17     -7 (VIOLATED)
clkbuf_leaf_26_clk/X                     10     17     -7 (VIOLATED)
clkbuf_leaf_32_clk/X                     10     16     -6 (VIOLATED)
clkbuf_leaf_34_clk/X                     10     16     -6 (VIOLATED)
clkbuf_leaf_3_clk/X                      10     16     -6 (VIOLATED)
_1508_/Y                                 10     15     -5 (VIOLATED)
clkbuf_leaf_4_clk/X                      10     15     -5 (VIOLATED)
fanout112/X                              10     15     -5 (VIOLATED)
fanout121/X                              10     15     -5 (VIOLATED)
fanout125/X                              10     15     -5 (VIOLATED)
fanout132/X                              10     15     -5 (VIOLATED)
fanout62/X                               10     15     -5 (VIOLATED)
wire51/X                                 10     15     -5 (VIOLATED)
clkbuf_leaf_13_clk/X                     10     14     -4 (VIOLATED)
clkbuf_leaf_29_clk/X                     10     14     -4 (VIOLATED)
_2474_/Q                                 10     13     -3 (VIOLATED)
_2484_/Q                                 10     13     -3 (VIOLATED)
clkbuf_leaf_28_clk/X                     10     13     -3 (VIOLATED)
clkbuf_leaf_2_clk/X                      10     13     -3 (VIOLATED)
fanout53/X                               10     13     -3 (VIOLATED)
fanout93/X                               10     13     -3 (VIOLATED)
clkbuf_leaf_10_clk/X                     10     12     -2 (VIOLATED)
clkbuf_leaf_11_clk/X                     10     12     -2 (VIOLATED)
clkbuf_leaf_19_clk/X                     10     12     -2 (VIOLATED)
clkbuf_leaf_25_clk/X                     10     12     -2 (VIOLATED)
clkbuf_leaf_31_clk/X                     10     12     -2 (VIOLATED)
clkbuf_leaf_5_clk/X                      10     12     -2 (VIOLATED)
clkbuf_leaf_6_clk/X                      10     12     -2 (VIOLATED)
clkbuf_leaf_7_clk/X                      10     12     -2 (VIOLATED)
_1645_/X                                 10     11        (VIOLATED)
_2444_/X                                 10     11        (VIOLATED)
_2470_/Q                                 10     11        (VIOLATED)
clkbuf_leaf_17_clk/X                     10     11        (VIOLATED)
clkbuf_leaf_21_clk/X                     10     11        (VIOLATED)
clkbuf_leaf_22_clk/X                     10     11        (VIOLATED)
clkbuf_leaf_27_clk/X                     10     11        (VIOLATED)
clkbuf_leaf_30_clk/X                     10     11        (VIOLATED)
clkbuf_leaf_33_clk/X                     10     11        (VIOLATED)
fanout100/X                              10     11        (VIOLATED)



===========================================================================
report_parasitic_annotation -report_unannotated
============================================================================
Found 106 unannotated drivers.
 gpio_in[10]
 gpio_in[11]
 gpio_in[12]
 gpio_in[13]
 gpio_in[14]
 gpio_in[15]
 gpio_in[16]
 gpio_in[17]
 gpio_in[18]
 gpio_in[19]
 gpio_in[20]
 gpio_in[21]
 gpio_in[22]
 gpio_in[23]
 gpio_in[24]
 gpio_in[25]
 gpio_in[26]
 gpio_in[27]
 gpio_in[28]
 gpio_in[29]
 gpio_in[30]
 gpio_in[31]
 gpio_in[32]
 gpio_in[33]
 gpio_in[4]
 gpio_in[5]
 gpio_in[6]
 gpio_in[7]
 gpio_in[8]
 gpio_in[9]
 _2821__190/HI
 clkload0/Y
 clkload1/Y
 clkload10/Y
 clkload11/Y
 clkload12/Y
 clkload13/Y
 clkload14/Y
 clkload15/Y
 clkload16/X
 clkload17/Y
 clkload18/Y
 clkload19/Y
 clkload2/Y
 clkload20/Y
 clkload21/Y
 clkload22/Y
 clkload23/Y
 clkload24/Y
 clkload25/Y
 clkload26/Y
 clkload27/Y
 clkload28/Y
 clkload29/Y
 clkload3/X
 clkload30/Y
 clkload31/Y
 clkload4/Y
 clkload5/Y
 clkload6/X
 clkload7/Y
 clkload8/Y
 clkload9/Y
 team_06_156/HI
 team_06_157/HI
 team_06_158/HI
 team_06_159/HI
 team_06_160/HI
 team_06_161/HI
 team_06_162/HI
 team_06_163/HI
 team_06_164/HI
 team_06_165/HI
 team_06_166/HI
 team_06_167/HI
 team_06_168/HI
 team_06_169/HI
 team_06_170/HI
 team_06_171/HI
 team_06_172/HI
 team_06_173/HI
 team_06_174/HI
 team_06_175/HI
 team_06_176/HI
 team_06_177/HI
 team_06_178/HI
 team_06_179/HI
 team_06_180/HI
 team_06_181/HI
 team_06_182/HI
 team_06_183/HI
 team_06_184/HI
 team_06_185/HI
 team_06_186/HI
 team_06_187/HI
 team_06_188/HI
 team_06_189/HI
 team_06_191/LO
 team_06_192/LO
 team_06_193/LO
 team_06_194/LO
 team_06_195/LO
 team_06_196/LO
 team_06_197/LO
 team_06_198/LO
 team_06_199/LO
Found 0 partially unannotated drivers.

===========================================================================
max slew violation count 0
max fanout violation count 71
max cap violation count 0
============================================================================

===========================================================================
check_setup -verbose -unconstrained_endpoints -multiple_clock -no_clock -no_input_delay -loops -generated_clocks
===========================================================================
Warning: There are 44 unconstrained endpoints.
  gpio_oeb[0]
  gpio_oeb[10]
  gpio_oeb[11]
  gpio_oeb[12]
  gpio_oeb[13]
  gpio_oeb[14]
  gpio_oeb[15]
  gpio_oeb[16]
  gpio_oeb[17]
  gpio_oeb[18]
  gpio_oeb[19]
  gpio_oeb[1]
  gpio_oeb[20]
  gpio_oeb[21]
  gpio_oeb[22]
  gpio_oeb[23]
  gpio_oeb[24]
  gpio_oeb[25]
  gpio_oeb[26]
  gpio_oeb[27]
  gpio_oeb[28]
  gpio_oeb[29]
  gpio_oeb[2]
  gpio_oeb[30]
  gpio_oeb[31]
  gpio_oeb[32]
  gpio_oeb[33]
  gpio_oeb[3]
  gpio_oeb[4]
  gpio_oeb[5]
  gpio_oeb[6]
  gpio_oeb[7]
  gpio_oeb[8]
  gpio_oeb[9]
  gpio_out[0]
  gpio_out[1]
  gpio_out[29]
  gpio_out[2]
  gpio_out[30]
  gpio_out[31]
  gpio_out[32]
  gpio_out[33]
  gpio_out[3]
  _2821_/D
