Clock: clk
Sources: clk 
Generated: no
Virtual: yes
Propagated: no
Period: 25.000000

===========================================================================
report_clock_properties
============================================================================
Clock                   Period          Waveform
----------------------------------------------------
clk                  25.000000    0.000000 12.500000

===========================================================================
report_clock_latency
============================================================================
Clock clk
rise -> rise
    min     max
0.000000 0.000000 source latency
0.495039         network latency _2749_/CLK
        0.516764 network latency _2832_/CLK
---------------
0.495039 0.516764 latency
        0.021725 skew

fall -> fall
    min     max
0.000000 0.000000 source latency
0.431212         network latency _2749_/CLK
        0.446506 network latency _2832_/CLK
---------------
0.431212 0.446506 latency
        0.015294 skew



===========================================================================
report_clock_min_period
============================================================================
clk period_min = 4.10 fmax = 244.11
