Clock: clk
Sources: wb_clk_i 
Generated: no
Virtual: yes
Propagated: no
Period: 100.000000

===========================================================================
report_clock_properties
============================================================================
Clock                   Period          Waveform
----------------------------------------------------
clk                 100.000000    0.000000 50.000000

===========================================================================
report_clock_latency
============================================================================
Clock clk
rise -> rise
    min     max
4.650000 5.570000 source latency
6.623383         network latency _4641_/CLK
        7.677670 network latency mprj.team_07_Wrapper.team_07_WB.instance_to_wrap/clk
---------------
11.273382 13.247670 latency
        1.974288 skew

fall -> fall
    min     max
4.650000 5.570000 source latency
6.906092         network latency _4641_/CLK
        7.963085 network latency mprj.team_07_Wrapper.team_07_WB.instance_to_wrap/clk
---------------
11.556091 13.533084 latency
        1.976993 skew



===========================================================================
report_clock_min_period
============================================================================
clk period_min = 14.18 fmax = 70.51
