Clock: clk
Sources: clk 
Generated: no
Virtual: yes
Propagated: no
Period: 25.000000

===========================================================================
report_clock_properties
============================================================================
Clock                   Period          Waveform
----------------------------------------------------
clk                  25.000000    0.000000 12.500000

===========================================================================
report_clock_latency
============================================================================
Clock clk
rise -> rise
    min     max
0.000000 0.000000 source latency
0.748033         network latency _3335_/CLK
        7.116340 network latency _3365_/CLK
---------------
0.748033 7.116340 latency
        6.368307 skew

rise -> fall
    min     max
0.000000 0.000000 source latency
5.841714         network latency _3464_/CLK
        7.345068 network latency _3365_/CLK
---------------
5.841714 7.345068 latency
        1.503353 skew

fall -> fall
    min     max
0.000000 0.000000 source latency
0.645849         network latency _3335_/CLK
        0.670459 network latency _3418_/CLK
---------------
0.645849 0.670459 latency
        0.024611 skew



===========================================================================
report_clock_min_period
============================================================================
clk period_min = 6.62 fmax = 151.00
