Clock: clk
Sources: clk 
Generated: no
Virtual: yes
Propagated: no
Period: 25.000000

===========================================================================
report_clock_properties
============================================================================
Clock                   Period          Waveform
----------------------------------------------------
clk                  25.000000    0.000000 12.500000

===========================================================================
report_clock_latency
============================================================================
Clock clk
rise -> rise
    min     max
0.000000 0.000000 source latency
0.404105         network latency _452_/CLK
        0.750529 network latency _485_/CLK
---------------
0.404105 0.750529 latency
        0.346424 skew

rise -> fall
    min     max
0.000000 0.000000 source latency
0.795909         network latency _486_/CLK
        0.795915 network latency _485_/CLK
---------------
0.795909 0.795915 latency
        0.000006 skew

fall -> fall
    min     max
0.000000 0.000000 source latency
0.367062         network latency _452_/CLK
        0.374462 network latency _483_/CLK
---------------
0.367062 0.374462 latency
        0.007400 skew



===========================================================================
report_clock_min_period
============================================================================
clk period_min = 3.28 fmax = 305.08
