Clock: clk
Sources: wb_clk_i 
Generated: no
Virtual: yes
Propagated: no
Period: 100.000000

===========================================================================
report_clock_properties
============================================================================
Clock                   Period          Waveform
----------------------------------------------------
clk                 100.000000    0.000000 50.000000

===========================================================================
report_clock_latency
============================================================================
Clock clk
rise -> rise
    min     max
4.650000 5.570000 source latency
6.478235         network latency _4786_/CLK
        7.078847 network latency mprj.team_07_Wrapper.team_07_WB.instance_to_wrap/clk
---------------
11.128236 12.648848 latency
        1.520612 skew

fall -> fall
    min     max
4.650000 5.570000 source latency
6.260756         network latency mprj.team_01_Wrapper.team_01_WB.instance_to_wrap/clk
        7.216578 network latency mprj.team_07_Wrapper.team_07_WB.instance_to_wrap/clk
---------------
10.910755 12.786577 latency
        1.875822 skew



===========================================================================
report_clock_min_period
============================================================================
clk period_min = 15.56 fmax = 64.25
