Clock: clk
Sources: clk 
Generated: no
Virtual: yes
Propagated: no
Period: 25.000000

===========================================================================
report_clock_properties
============================================================================
Clock                   Period          Waveform
----------------------------------------------------
clk                  25.000000    0.000000 12.500000

===========================================================================
report_clock_latency
============================================================================
Clock clk
rise -> rise
    min     max
0.000000 0.000000 source latency
1.046683         network latency _8392_/CLK
        1.135716 network latency _8415_/CLK
---------------
1.046683 1.135716 latency
        0.089034 skew

fall -> fall
    min     max
0.000000 0.000000 source latency
0.884041         network latency _8392_/CLK
        0.951979 network latency _8415_/CLK
---------------
0.884041 0.951979 latency
        0.067938 skew



===========================================================================
report_clock_min_period
============================================================================
clk period_min = 25.72 fmax = 38.88
