Clock: clk
Sources: clk 
Generated: no
Virtual: yes
Propagated: no
Period: 25.000000

===========================================================================
report_clock_properties
============================================================================
Clock                   Period          Waveform
----------------------------------------------------
clk                  25.000000    0.000000 12.500000

===========================================================================
report_clock_latency
============================================================================
Clock clk
rise -> rise
    min     max
0.000000 0.000000 source latency
0.401988         network latency _1478_/CLK
        0.423792 network latency _1451_/CLK
---------------
0.401988 0.423792 latency
        0.021804 skew

fall -> fall
    min     max
0.000000 0.000000 source latency
0.363450         network latency _1478_/CLK
        0.380097 network latency _1451_/CLK
---------------
0.363450 0.380097 latency
        0.016647 skew



===========================================================================
report_clock_min_period
============================================================================
clk period_min = 7.32 fmax = 136.57
