Clock: clk
Sources: clk 
Generated: no
Virtual: yes
Propagated: no
Period: 25.000000

===========================================================================
report_clock_properties
============================================================================
Clock                   Period          Waveform
----------------------------------------------------
clk                  25.000000    0.000000 12.500000

===========================================================================
report_clock_latency
============================================================================
Clock clk
rise -> rise
    min     max
0.000000 0.000000 source latency
0.695693         network latency _2749_/CLK
        0.727561 network latency _2834_/CLK
---------------
0.695693 0.727561 latency
        0.031868 skew

fall -> fall
    min     max
0.000000 0.000000 source latency
0.610473         network latency _2749_/CLK
        0.633148 network latency _2834_/CLK
---------------
0.610473 0.633148 latency
        0.022675 skew



===========================================================================
report_clock_min_period
============================================================================
clk period_min = 6.56 fmax = 152.37
