┏━━━━━━━┳━━━━━━━━━┳━━━━━━━━━━┳━━━━━━━━━━━━━━━━━━━━━━━━━━━━━━━━━━━━━━━━━━━━━━━━━━━━━━━━━━━━┳━━━━━━━━━━━━━━━━━━━━━━━━━━━━━━━━━━━━━━━━━━━━━━━━━━━━━━━━━━━━┳━━━━━━━┓
┃ P / R ┃ Partial ┃ Required ┃ Net                                                        ┃ Pin                                                        ┃ Layer ┃
┡━━━━━━━╇━━━━━━━━━╇━━━━━━━━━━╇━━━━━━━━━━━━━━━━━━━━━━━━━━━━━━━━━━━━━━━━━━━━━━━━━━━━━━━━━━━━╇━━━━━━━━━━━━━━━━━━━━━━━━━━━━━━━━━━━━━━━━━━━━━━━━━━━━━━━━━━━━╇━━━━━━━┩
│ 15.48 │ 6193.97 │ 400.00   │ mprj.team_06_Wrapper.team_06_WB.gpio_oeb[6\]               │ _3172_/A                                                   │ met1  │
│ 11.96 │ 4782.81 │ 400.00   │ mprj.team_06_Wrapper.team_06_WB.gpio_out[23\]              │ _3614_/A1                                                  │ met1  │
│ 10.63 │ 4250.31 │ 400.00   │ mprj.team_05_Wrapper.team_05_WB.gpio_out[0\]               │ _3030_/C                                                   │ met1  │
│ 10.26 │ 4105.97 │ 400.00   │ mprj.team_01_Wrapper.team_01_WB.gpio_oeb[12\]              │ _3320_/A                                                   │ met1  │
│ 9.50  │ 3799.31 │ 400.00   │ mprj.team_04_Wrapper.team_04_WB.gpio_oeb[6\]               │ _3168_/A                                                   │ met1  │
│ 9.23  │ 3690.99 │ 400.00   │ mprj.team_06_Wrapper.team_06_WB.gpio_oeb[10\]              │ _3274_/A1                                                  │ met1  │
│ 8.67  │ 3466.23 │ 400.00   │ mprj.team_06_Wrapper.team_06_WB.gpio_out[1\]               │ _3058_/A3                                                  │ met1  │
│ 7.78  │ 3110.05 │ 400.00   │ mprj.team_06_Wrapper.team_06_WB.gpio_out[13\]              │ _3360_/A1                                                  │ met1  │
│ 7.23  │ 2890.18 │ 400.00   │ mprj.team_04_Wrapper.team_04_WB.gpio_oeb[22\]              │ _3580_/A1                                                  │ met1  │
│ 7.08  │ 2830.59 │ 400.00   │ mprj.team_04_Wrapper.team_04_WB.gpio_out[26\]              │ _3685_/A1                                                  │ met1  │
│ 5.95  │ 2379.51 │ 400.00   │ mprj.team_07_Wrapper.team_07_WB.gpio_oeb[5\]               │ _3149_/A1                                                  │ met1  │
│ 5.55  │ 2219.56 │ 400.00   │ mprj.gpio_control_wrapper.gpio_control_WB.PIN_16TO23_SEL_… │ hold994/A                                                  │ met1  │
│ 5.33  │ 2130.31 │ 400.00   │ mprj.team_04_Wrapper.team_04_WB.gpio_out[17\]              │ _3461_/A1                                                  │ met1  │
│ 5.28  │ 2111.97 │ 400.00   │ mprj.team_02_Wrapper.team_02_WB.gpio_out[31\]              │ _3810_/B                                                   │ met1  │
│ 4.77  │ 1908.44 │ 400.00   │ net973                                                     │ _2389_/A0                                                  │ met1  │
│ 3.89  │ 1556.31 │ 400.00   │ mprj.team_07_Wrapper.team_07_WB.gpio_out[4\]               │ _3133_/A1                                                  │ met1  │
│ 3.64  │ 1454.92 │ 400.00   │ net496                                                     │ _4280_/CLK                                                 │ met1  │
│ 3.55  │ 1420.17 │ 400.00   │ mprj.gpio_control_wrapper.gpio_control_WB.PIN_0TO7_SEL_VA… │ hold94/A                                                   │ met1  │
│ 3.26  │ 1305.81 │ 400.00   │ net914                                                     │ _2219_/A1                                                  │ met1  │
│ 3.11  │ 1243.02 │ 400.00   │ mprj.team_06_Wrapper.team_06_WB.gpio_oeb[17\]              │ _3452_/A1                                                  │ met1  │
│ 2.88  │ 1151.39 │ 400.00   │ net234                                                     │ output234/A                                                │ met1  │
│ 2.87  │ 1149.43 │ 400.00   │ mprj.team_07_Wrapper.team_07_WB.gpio_oeb[31\]              │ _3806_/A1                                                  │ met1  │
│ 2.81  │ 1123.21 │ 400.00   │ mprj.team_00_Wrapper.team_00_WB.gpio_oeb[9\]               │ _3250_/A1                                                  │ met1  │
│ 2.78  │ 1110.86 │ 400.00   │ mprj.designs_gpio_oeb[15\][21\]                            │ _3922_/A0                                                  │ met1  │
│ 2.73  │ 1090.56 │ 400.00   │ net865                                                     │ _2217_/A1                                                  │ met1  │
│ 2.70  │ 1080.47 │ 400.00   │ mprj.team_03_Wrapper.team_03_WB.gpio_out[5\]               │ _3155_/A1                                                  │ met1  │
│ 2.64  │ 1054.53 │ 400.00   │ net495                                                     │ _4276_/CLK                                                 │ met1  │
│ 2.36  │ 944.98  │ 400.00   │ mprj.team_07_Wrapper.team_07_WB.gpio_oeb[20\]              │ _3532_/A1                                                  │ met1  │
│ 2.32  │ 928.26  │ 400.00   │ mprj.team_00_Wrapper.team_00_WB.gpio_out[9\]               │ _3259_/B2                                                  │ met1  │
│ 2.17  │ 868.07  │ 400.00   │ mprj.team_07_Wrapper.team_07_WB.gpio_oeb[3\]               │ _3097_/A2                                                  │ met1  │
│ 2.14  │ 854.01  │ 400.00   │ net201                                                     │ output201/A                                                │ met1  │
│ 1.94  │ 774.99  │ 400.00   │ mprj.team_03_Wrapper.team_03_WB.gpio_out[21\]              │ _3562_/A1                                                  │ met1  │
│ 1.92  │ 768.42  │ 400.00   │ mprj.gpio_control_wrapper.gpio_control_WB.PIN_8TO15_SEL_V… │ _3156_/A                                                   │ met1  │
│ 1.91  │ 762.22  │ 400.00   │ _0733_                                                     │ _2316_/C_N                                                 │ met1  │
│ 1.90  │ 760.62  │ 400.00   │ mprj.team_05_Wrapper.team_05_WB.gpio_oeb[21\]              │ _3554_/A1                                                  │ met1  │
│ 1.89  │ 757.23  │ 400.00   │ _0937_                                                     │ _2680_/B2                                                  │ met1  │
│ 1.80  │ 721.96  │ 400.00   │ net173                                                     │ output173/A                                                │ met1  │
│ 1.67  │ 669.06  │ 400.00   │ net973                                                     │ _2215_/A1                                                  │ met1  │
│ 1.58  │ 630.99  │ 400.00   │ net357                                                     │ _2672_/C1                                                  │ met1  │
│ 1.57  │ 4950.94 │ 3143.48  │ net250                                                     │ ANTENNA__2982__X/DIODE                                     │ met2  │
│ 1.57  │ 627.28  │ 400.00   │ net748                                                     │ _2374_/A0                                                  │ met1  │
│ 1.57  │ 627.28  │ 400.00   │ net748                                                     │ _2413_/A0                                                  │ met1  │
│ 1.50  │ 4438.92 │ 2952.08  │ mprj.team_06_Wrapper.team_06_WB.gpio_out[21\]              │ _3563_/B2                                                  │ met3  │
│ 1.50  │ 4438.92 │ 2952.08  │ mprj.team_06_Wrapper.team_06_WB.gpio_out[21\]              │ ANTENNA__3563__B2/DIODE                                    │ met3  │
│ 1.50  │ 601.36  │ 400.00   │ mprj.team_05_Wrapper.team_05_WB.gpio_oeb[19\]              │ _3503_/A1                                                  │ met1  │
│ 1.50  │ 600.64  │ 400.00   │ net207                                                     │ output207/A                                                │ met1  │
│ 1.47  │ 4066.46 │ 2773.88  │ mprj.team_05_Wrapper.team_05_WB.gpio_oeb[29\]              │ ANTENNA_mprj.team_05_Wrapper.team_05_WB.instance_to_wrap_… │ met3  │
│ 1.44  │ 576.75  │ 400.00   │ net1014                                                    │ _2501_/A0                                                  │ met1  │
│ 1.43  │ 573.34  │ 400.00   │ mprj.team_05_Wrapper.team_05_WB.gpio_out[21\]              │ _3562_/B2                                                  │ met1  │
│ 1.42  │ 566.53  │ 400.00   │ mprj.team_06_Wrapper.team_06_WB.gpio_out[15\]              │ _3408_/B                                                   │ met1  │
│ 1.41  │ 563.25  │ 400.00   │ _1539_                                                     │ _3450_/B1                                                  │ met1  │
│ 1.38  │ 553.48  │ 400.00   │ mprj.team_04_Wrapper.team_04_WB.gpio_oeb[33\]              │ _3854_/A1                                                  │ met1  │
│ 1.38  │ 552.52  │ 400.00   │ mprj.team_03_Wrapper.team_03_WB.gpio_oeb[10\]              │ _3272_/A1                                                  │ met1  │
│ 1.37  │ 5497.58 │ 4016.96  │ net87                                                      │ ANTENNA_input87_X/DIODE                                    │ met4  │
│ 1.37  │ 5497.58 │ 4016.96  │ net87                                                      │ ANTENNA_mprj.team_00_Wrapper.team_00_WB.instance_to_wrap_… │ met4  │
│ 1.36  │ 3766.31 │ 2773.88  │ mprj.team_06_Wrapper.team_06_WB.gpio_oeb[16\]              │ _3428_/A1                                                  │ met3  │
│ 1.36  │ 3766.31 │ 2773.88  │ mprj.team_06_Wrapper.team_06_WB.gpio_oeb[16\]              │ ANTENNA__3428__A1/DIODE                                    │ met3  │
│ 1.34  │ 536.11  │ 400.00   │ mprj.gpio_control_wrapper.gpio_control_WB.PIN_32TO37_SEL_… │ _3743_/B                                                   │ met1  │
│ 1.34  │ 5379.95 │ 4016.96  │ net94                                                      │ ANTENNA_input94_X/DIODE                                    │ met4  │
│ 1.34  │ 5379.95 │ 4016.96  │ net94                                                      │ ANTENNA_mprj.team_00_Wrapper.team_00_WB.instance_to_wrap_… │ met4  │
│ 1.30  │ 518.40  │ 400.00   │ _0759_                                                     │ _2737_/A2                                                  │ met1  │
│ 1.29  │ 5169.71 │ 4016.96  │ net97                                                      │ ANTENNA_input97_X/DIODE                                    │ met4  │
│ 1.29  │ 5169.71 │ 4016.96  │ net97                                                      │ ANTENNA_mprj.team_00_Wrapper.team_00_WB.instance_to_wrap_… │ met4  │
│ 1.26  │ 4853.49 │ 3843.08  │ net76                                                      │ ANTENNA_input76_X/DIODE                                    │ met2  │
│ 1.26  │ 4845.34 │ 3843.08  │ net72                                                      │ ANTENNA_input72_X/DIODE                                    │ met2  │
│ 1.22  │ 486.72  │ 400.00   │ _0556_                                                     │ hold555/A                                                  │ met1  │
│ 1.20  │ 479.61  │ 400.00   │ mprj.team_00_Wrapper.team_00_WB.gpio_oeb[12\]              │ _3326_/A1                                                  │ met1  │
│ 1.20  │ 3322.93 │ 2773.88  │ mprj.team_05_Wrapper.team_05_WB.gpio_oeb[31\]              │ _3806_/B2                                                  │ met3  │
│ 1.20  │ 3322.93 │ 2773.88  │ mprj.team_05_Wrapper.team_05_WB.gpio_oeb[31\]              │ ANTENNA__3806__B2/DIODE                                    │ met3  │
│ 1.14  │ 456.72  │ 400.00   │ _0584_                                                     │ hold698/A                                                  │ met1  │
│ 1.13  │ 450.28  │ 400.00   │ mprj.gpio_control_wrapper.gpio_control_WB.PIN_24TO731_SEL… │ hold473/A                                                  │ met1  │
│ 1.11  │ 3081.56 │ 2773.88  │ mprj.team_04_Wrapper.team_04_WB.gpio_out[25\]              │ ANTENNA_mprj.team_04_Wrapper.team_04_WB.instance_to_wrap_… │ met3  │
│ 1.10  │ 4220.02 │ 3843.08  │ net82                                                      │ ANTENNA_input82_X/DIODE                                    │ met2  │
│ 1.06  │ 4266.26 │ 4016.96  │ net61                                                      │ ANTENNA_input61_X/DIODE                                    │ met4  │
│ 1.06  │ 4266.26 │ 4016.96  │ net61                                                      │ ANTENNA_mprj.team_00_Wrapper.team_00_WB.instance_to_wrap_… │ met4  │
│ 1.06  │ 423.50  │ 400.00   │ net829                                                     │ _2491_/A0                                                  │ met1  │
│ 1.05  │ 419.62  │ 400.00   │ _1866_                                                     │ _3808_/A2                                                  │ met1  │
│ 1.04  │ 3069.28 │ 2952.08  │ mprj.designs_gpio_out[15\][24\]                            │ ANTENNA_mprj.team_15_Wrapper.team_15_WB.instance_to_wrap.… │ met2  │
│ 1.03  │ 411.50  │ 400.00   │ net495                                                     │ _4273_/CLK                                                 │ met1  │
│ 1.03  │ 410.72  │ 400.00   │ mprj.gpio_control_wrapper.gpio_control_WB.PIN_8TO15_SEL_V… │ hold985/A                                                  │ met1  │
│ 1.02  │ 408.89  │ 400.00   │ mprj.team_03_Wrapper.team_03_WB.gpio_oeb[13\]              │ _3348_/A1                                                  │ met4  │
└───────┴─────────┴──────────┴────────────────────────────────────────────────────────────┴────────────────────────────────────────────────────────────┴───────┘
