┏━━━━━━━┳━━━━━━━━━┳━━━━━━━━━━┳━━━━━━━━━━━━━━━━━━━━━━━━━━━━━━━━━━━━━━━━━━━━━━━━━━━━━━━━━━━━┳━━━━━━━━━━━━━━━━━━━━━━━━━━━━━━━━━━━━━━━━━━━━━━━━━━━━━━━━━━━━┳━━━━━━━┓
┃ P / R ┃ Partial ┃ Required ┃ Net                                                        ┃ Pin                                                        ┃ Layer ┃
┡━━━━━━━╇━━━━━━━━━╇━━━━━━━━━━╇━━━━━━━━━━━━━━━━━━━━━━━━━━━━━━━━━━━━━━━━━━━━━━━━━━━━━━━━━━━━╇━━━━━━━━━━━━━━━━━━━━━━━━━━━━━━━━━━━━━━━━━━━━━━━━━━━━━━━━━━━━╇━━━━━━━┩
│ 21.84 │ 8734.81 │ 400.00   │ mprj.team_06_Wrapper.team_06_WB.gpio_out[30\]              │ _3988_/B                                                   │ met1  │
│ 14.95 │ 5981.75 │ 400.00   │ mprj.team_06_Wrapper.team_06_WB.gpio_oeb[5\]               │ _3343_/B                                                   │ met1  │
│ 12.23 │ 4891.08 │ 400.00   │ mprj.team_05_Wrapper.team_05_WB.gpio_oeb[15\]              │ _3599_/C                                                   │ met1  │
│ 11.57 │ 4628.03 │ 400.00   │ net1720                                                    │ _2348_/A1                                                  │ met1  │
│ 10.47 │ 4187.75 │ 400.00   │ mprj.team_03_Wrapper.team_03_WB.gpio_oeb[28\]              │ _3923_/A                                                   │ met1  │
│ 10.33 │ 4131.11 │ 400.00   │ mprj.team_06_Wrapper.team_06_WB.gpio_out[8\]               │ _3433_/B                                                   │ met1  │
│ 8.84  │ 3536.72 │ 400.00   │ mprj.gpio_control_wrapper.gpio_control_WB.PIN_8TO15_SEL_V… │ hold968/A                                                  │ met1  │
│ 8.39  │ 3354.64 │ 400.00   │ net1680                                                    │ _2390_/A1                                                  │ met1  │
│ 6.65  │ 2658.56 │ 400.00   │ mprj.team_05_Wrapper.team_05_WB.gpio_out[30\]              │ _3985_/A3                                                  │ met1  │
│ 5.15  │ 2058.83 │ 400.00   │ mprj.team_03_Wrapper.team_03_WB.gpio_out[32\]              │ _4038_/A1                                                  │ met1  │
│ 4.78  │ 1913.32 │ 400.00   │ mprj.team_04_Wrapper.team_04_WB.gpio_out[30\]              │ _3983_/A1                                                  │ met1  │
│ 4.68  │ 1872.50 │ 400.00   │ mprj.gpio_control_wrapper.gpio_control_WB.PIN_16TO23_SEL_… │ hold1004/A                                                 │ met1  │
│ 4.56  │ 1822.53 │ 400.00   │ mprj.team_02_Wrapper.team_02_WB.gpio_out[22\]              │ _3782_/B                                                   │ met1  │
│ 4.29  │ 1716.61 │ 400.00   │ mprj.gpio_control_wrapper.gpio_control_WB.PIN_8TO15_SEL_V… │ hold1014/A                                                 │ met1  │
│ 3.79  │ 1514.14 │ 400.00   │ mprj.team_06_Wrapper.team_06_WB.gpio_out[23\]              │ _3808_/B                                                   │ met1  │
│ 3.76  │ 1505.82 │ 400.00   │ mprj.team_03_Wrapper.team_03_WB.gpio_out[29\]              │ _3962_/A1                                                  │ met1  │
│ 3.76  │ 1503.25 │ 400.00   │ mprj.team_05_Wrapper.team_05_WB.gpio_out[10\]              │ _3479_/C                                                   │ met1  │
│ 3.62  │ 1447.78 │ 400.00   │ mprj.team_03_Wrapper.team_03_WB.gpio_oeb[25\]              │ _3854_/A                                                   │ met1  │
│ 3.36  │ 1345.40 │ 400.00   │ mprj.team_07_Wrapper.team_07_WB.gpio_out[24\]              │ _3837_/A1                                                  │ met1  │
│ 3.05  │ 1220.85 │ 400.00   │ net431                                                     │ _4579_/RESET_B                                             │ met1  │
│ 2.87  │ 1149.43 │ 400.00   │ mprj.team_00_Wrapper.team_00_WB.gpio_out[6\]               │ _3388_/A1                                                  │ met1  │
│ 2.86  │ 1143.97 │ 400.00   │ mprj.team_07_Wrapper.team_07_WB.gpio_oeb[20\]              │ _3729_/A1                                                  │ met1  │
│ 2.83  │ 1131.21 │ 400.00   │ _1060_                                                     │ _2953_/C1                                                  │ met1  │
│ 2.70  │ 1081.22 │ 400.00   │ _1615_                                                     │ _3664_/A                                                   │ met1  │
│ 2.52  │ 1008.64 │ 400.00   │ _0628_                                                     │ hold291/A                                                  │ met1  │
│ 2.51  │ 1004.60 │ 400.00   │ net207                                                     │ output207/A                                                │ met1  │
│ 2.28  │ 912.22  │ 400.00   │ net211                                                     │ output211/A                                                │ met1  │
│ 2.22  │ 886.07  │ 400.00   │ net477                                                     │ _2918_/A1                                                  │ met1  │
│ 2.19  │ 876.47  │ 400.00   │ _1086_                                                     │ _2985_/B1                                                  │ met1  │
│ 2.04  │ 817.35  │ 400.00   │ net236                                                     │ output236/A                                                │ met1  │
│ 2.03  │ 810.84  │ 400.00   │ _1094_                                                     │ _3002_/B1                                                  │ met1  │
│ 1.95  │ 5418.64 │ 2773.88  │ mprj.team_06_Wrapper.team_06_WB.gpio_oeb[30\]              │ _3976_/B                                                   │ met3  │
│ 1.95  │ 5418.64 │ 2773.88  │ mprj.team_06_Wrapper.team_06_WB.gpio_oeb[30\]              │ ANTENNA__3976__B/DIODE                                     │ met3  │
│ 1.93  │ 5347.76 │ 2773.88  │ mprj.team_06_Wrapper.team_06_WB.gpio_out[21\]              │ _3758_/B                                                   │ met3  │
│ 1.93  │ 5347.76 │ 2773.88  │ mprj.team_06_Wrapper.team_06_WB.gpio_out[21\]              │ ANTENNA__3758__B/DIODE                                     │ met3  │
│ 1.88  │ 753.83  │ 400.00   │ net1125                                                    │ _2559_/A0                                                  │ met1  │
│ 1.83  │ 5087.17 │ 2773.88  │ mprj.team_05_Wrapper.team_05_WB.gpio_out[21\]              │ ANTENNA_mprj.team_05_Wrapper.team_05_WB.instance_to_wrap_… │ met3  │
│ 1.83  │ 731.38  │ 400.00   │ _0956_                                                     │ _2834_/B                                                   │ met1  │
│ 1.78  │ 711.15  │ 400.00   │ mprj.team_00_Wrapper.team_00_WB.gpio_oeb[3\]               │ _3306_/A1                                                  │ met1  │
│ 1.78  │ 710.36  │ 400.00   │ mprj.wb_decoder.curr_state[1\]                             │ _3143_/D_N                                                 │ met1  │
│ 1.74  │ 695.11  │ 400.00   │ mprj.designs_la_data_out[0\][30\]                          │ _3216_/A                                                   │ met3  │
│ 1.70  │ 4706.22 │ 2773.88  │ mprj.team_05_Wrapper.team_05_WB.gpio_oeb[12\]              │ ANTENNA_mprj.team_05_Wrapper.team_05_WB.instance_to_wrap_… │ met3  │
│ 1.68  │ 672.65  │ 400.00   │ _0676_                                                     │ _2388_/A2                                                  │ met1  │
│ 1.66  │ 4595.19 │ 2773.88  │ mprj.team_05_Wrapper.team_05_WB.gpio_out[18\]              │ ANTENNA_mprj.team_05_Wrapper.team_05_WB.instance_to_wrap_… │ met3  │
│ 1.49  │ 4127.17 │ 2773.88  │ mprj.team_05_Wrapper.team_05_WB.gpio_oeb[20\]              │ ANTENNA_mprj.team_05_Wrapper.team_05_WB.instance_to_wrap_… │ met3  │
│ 1.49  │ 594.29  │ 400.00   │ net969                                                     │ fanout317/A                                                │ met1  │
│ 1.44  │ 577.73  │ 400.00   │ _1656_                                                     │ _3706_/B                                                   │ met1  │
│ 1.39  │ 555.99  │ 400.00   │ mprj.team_04_Wrapper.team_04_WB.gpio_out[24\]              │ _3838_/A1                                                  │ met1  │
│ 1.35  │ 540.14  │ 400.00   │ net309                                                     │ _2682_/S                                                   │ met1  │
│ 1.30  │ 521.52  │ 400.00   │ net559                                                     │ _4559_/CLK                                                 │ met1  │
│ 1.29  │ 5163.45 │ 4016.96  │ net91                                                      │ ANTENNA_input91_X/DIODE                                    │ met4  │
│ 1.29  │ 5163.45 │ 4016.96  │ net91                                                      │ ANTENNA_mprj.team_00_Wrapper.team_00_WB.instance_to_wrap_… │ met4  │
│ 1.25  │ 4815.19 │ 3843.08  │ net70                                                      │ ANTENNA_input70_X/DIODE                                    │ met2  │
│ 1.24  │ 494.66  │ 400.00   │ _1796_                                                     │ _3857_/B1                                                  │ met1  │
│ 1.23  │ 492.67  │ 400.00   │ net1116                                                    │ _2542_/A0                                                  │ met1  │
│ 1.21  │ 484.06  │ 400.00   │ _0782_                                                     │ _2926_/C1                                                  │ met1  │
│ 1.21  │ 3571.69 │ 2952.08  │ mprj.team_06_Wrapper.team_06_WB.gpio_out[15\]              │ _3608_/C                                                   │ met3  │
│ 1.21  │ 3571.69 │ 2952.08  │ mprj.team_06_Wrapper.team_06_WB.gpio_out[15\]              │ ANTENNA__3608__C/DIODE                                     │ met3  │
│ 1.21  │ 483.58  │ 400.00   │ mprj.team_01_Wrapper.team_01_WB.gpio_oeb[18\]              │ _3669_/C                                                   │ met1  │
│ 1.20  │ 481.78  │ 400.00   │ net410                                                     │ _2549_/B                                                   │ met1  │
│ 1.20  │ 4825.56 │ 4016.96  │ net39                                                      │ ANTENNA_input39_X/DIODE                                    │ met4  │
│ 1.20  │ 4825.56 │ 4016.96  │ net39                                                      │ ANTENNA_mprj.team_00_Wrapper.team_00_WB.instance_to_wrap_… │ met4  │
│ 1.20  │ 480.46  │ 400.00   │ net432                                                     │ _4583_/RESET_B                                             │ met1  │
│ 1.20  │ 479.11  │ 400.00   │ net409                                                     │ _2340_/B                                                   │ met1  │
│ 1.19  │ 477.51  │ 400.00   │ mprj.team_07_Wrapper.team_07_WB.gpio_out[20\]              │ _3738_/A1                                                  │ met1  │
│ 1.18  │ 4517.93 │ 3843.08  │ net56                                                      │ ANTENNA_input56_X/DIODE                                    │ met2  │
│ 1.17  │ 468.25  │ 400.00   │ mprj.wb_decoder.curr_state[13\]                            │ _3095_/B                                                   │ met1  │
│ 1.17  │ 468.08  │ 400.00   │ _1001_                                                     │ _2890_/A_N                                                 │ met1  │
│ 1.17  │ 4497.09 │ 3843.08  │ net48                                                      │ ANTENNA_input48_X/DIODE                                    │ met2  │
│ 1.16  │ 463.24  │ 400.00   │ net380                                                     │ _2812_/B1                                                  │ met1  │
│ 1.15  │ 458.03  │ 400.00   │ net1200                                                    │ _2576_/S                                                   │ met1  │
│ 1.14  │ 457.33  │ 400.00   │ net341                                                     │ _2837_/B1                                                  │ met1  │
│ 1.14  │ 455.50  │ 400.00   │ mprj.team_00_Wrapper.team_00_WB.gpio_oeb[18\]              │ _3681_/A1                                                  │ met1  │
│ 1.11  │ 443.86  │ 400.00   │ _0596_                                                     │ _2361_/B                                                   │ met1  │
│ 1.10  │ 439.12  │ 400.00   │ _1830_                                                     │ _3901_/A3                                                  │ met1  │
│ 1.06  │ 4274.93 │ 4016.96  │ net55                                                      │ ANTENNA_input55_X/DIODE                                    │ met4  │
│ 1.06  │ 4274.93 │ 4016.96  │ net55                                                      │ ANTENNA_mprj.team_00_Wrapper.team_00_WB.instance_to_wrap_… │ met4  │
│ 1.06  │ 424.06  │ 400.00   │ mprj.team_05_Wrapper.team_05_WB.gpio_out[13\]              │ _3556_/C                                                   │ met1  │
│ 1.03  │ 412.97  │ 400.00   │ net1491                                                    │ _2779_/C                                                   │ met1  │
│ 1.03  │ 412.72  │ 400.00   │ mprj.team_00_Wrapper.team_00_WB.DONE_ASSERT                │ _2488_/A2                                                  │ met1  │
└───────┴─────────┴──────────┴────────────────────────────────────────────────────────────┴────────────────────────────────────────────────────────────┴───────┘
