
===========================================================================
report_checks -unconstrained
===========================================================================
======================= min_ff_n40C_1v95 Corner ===================================

Startpoint: en (input port clocked by clk)
Endpoint: _0964_ (recovery check against rising-edge clock clk)
Path Group: asynchronous
Path Type: max

Fanout         Cap        Slew       Delay        Time   Description
---------------------------------------------------------------------------------------------
                                  0.000000    0.000000   clock clk (rise edge)
                                  0.000000    0.000000   clock network delay (propagated)
                                  5.000000    5.000000 ^ input external delay
     2    0.004074    0.018478    0.010554    5.010554 ^ en (in)
                                                         en (net)
                      0.018478    0.000000    5.010554 ^ input1/A (sky130_fd_sc_hd__clkbuf_1)
     1    0.002088    0.026353    0.044690    5.055245 ^ input1/X (sky130_fd_sc_hd__clkbuf_1)
                                                         net1 (net)
                      0.026353    0.000011    5.055256 ^ _0749_/B (sky130_fd_sc_hd__and2_1)
     1    0.003554    0.037249    0.074678    5.129934 ^ _0749_/X (sky130_fd_sc_hd__and2_1)
                                                         MATMULT_INST.cntrl.n_rst (net)
                      0.037249    0.000056    5.129991 ^ fanout37/A (sky130_fd_sc_hd__buf_2)
    17    0.050511    0.186230    0.178062    5.308053 ^ fanout37/X (sky130_fd_sc_hd__buf_2)
                                                         net37 (net)
                      0.186235    0.000844    5.308897 ^ fanout30/A (sky130_fd_sc_hd__clkbuf_4)
    21    0.068098    0.157618    0.212276    5.521173 ^ fanout30/X (sky130_fd_sc_hd__clkbuf_4)
                                                         net30 (net)
                      0.157618    0.000309    5.521482 ^ fanout28/A (sky130_fd_sc_hd__clkbuf_4)
    10    0.046127    0.110325    0.175809    5.697291 ^ fanout28/X (sky130_fd_sc_hd__clkbuf_4)
                                                         net28 (net)
                      0.110327    0.000719    5.698010 ^ _0964_/SET_B (sky130_fd_sc_hd__dfstp_1)
                                              5.698010   data arrival time

                                 25.000000   25.000000   clock clk (rise edge)
                                  0.000000   25.000000   clock source latency
     2    0.016805    0.061143    0.041645   25.041645 ^ clk (in)
                                                         clk (net)
                      0.061157    0.000000   25.041645 ^ clkbuf_0_clk/A (sky130_fd_sc_hd__clkbuf_16)
    17    0.105643    0.092799    0.141098   25.182741 ^ clkbuf_0_clk/X (sky130_fd_sc_hd__clkbuf_16)
                                                         clknet_0_clk (net)
                      0.092872    0.001497   25.184240 ^ clkbuf_3_2__f_clk/A (sky130_fd_sc_hd__clkbuf_16)
    13    0.048522    0.051601    0.118606   25.302845 ^ clkbuf_3_2__f_clk/X (sky130_fd_sc_hd__clkbuf_16)
                                                         clknet_3_2__leaf_clk (net)
                      0.051603    0.000393   25.303238 ^ _0964_/CLK (sky130_fd_sc_hd__dfstp_1)
                                 -0.250000   25.053238   clock uncertainty
                                  0.000000   25.053238   clock reconvergence pessimism
                                  0.089606   25.142845   library recovery time
                                             25.142845   data required time
---------------------------------------------------------------------------------------------
                                             25.142845   data required time
                                             -5.698010   data arrival time
---------------------------------------------------------------------------------------------
                                             19.444834   slack (MET)


Startpoint: _1022_ (rising edge-triggered flip-flop clocked by clk)
Endpoint: gpio_out[17] (output port clocked by clk)
Path Group: clk
Path Type: max

Fanout         Cap        Slew       Delay        Time   Description
---------------------------------------------------------------------------------------------
                                  0.000000    0.000000   clock clk (rise edge)
                                  0.000000    0.000000   clock source latency
     2    0.016805    0.061143    0.041646    0.041646 ^ clk (in)
                                                         clk (net)
                      0.061157    0.000000    0.041646 ^ clkbuf_0_clk/A (sky130_fd_sc_hd__clkbuf_16)
    17    0.105643    0.092799    0.141098    0.182743 ^ clkbuf_0_clk/X (sky130_fd_sc_hd__clkbuf_16)
                                                         clknet_0_clk (net)
                      0.092892    0.001864    0.184607 ^ clkbuf_3_4__f_clk/A (sky130_fd_sc_hd__clkbuf_16)
    15    0.049050    0.051983    0.118930    0.303538 ^ clkbuf_3_4__f_clk/X (sky130_fd_sc_hd__clkbuf_16)
                                                         clknet_3_4__leaf_clk (net)
                      0.051997    0.000802    0.304340 ^ _1022_/CLK (sky130_fd_sc_hd__dfstp_1)
     4    0.009949    0.039930    0.242257    0.546597 v _1022_/Q (sky130_fd_sc_hd__dfstp_1)
                                                         MATMULT_INST.prod_adder.gen_for_loop[1].adder_n.b (net)
                      0.039930    0.000091    0.546688 v _0698_/A1 (sky130_fd_sc_hd__o211a_1)
     3    0.008862    0.046659    0.162137    0.708825 v _0698_/X (sky130_fd_sc_hd__o211a_1)
                                                         _0272_ (net)
                      0.046659    0.000028    0.708852 v _0701_/A3 (sky130_fd_sc_hd__o31a_1)
     2    0.005343    0.042228    0.155203    0.864055 v _0701_/X (sky130_fd_sc_hd__o31a_1)
                                                         _0275_ (net)
                      0.042228    0.000036    0.864091 v _0703_/C (sky130_fd_sc_hd__or3_1)
     2    0.005117    0.051774    0.185316    1.049407 v _0703_/X (sky130_fd_sc_hd__or3_1)
                                                         _0277_ (net)
                      0.051774    0.000024    1.049431 v _0704_/B1_N (sky130_fd_sc_hd__a21bo_1)
     3    0.008886    0.062259    0.140814    1.190245 ^ _0704_/X (sky130_fd_sc_hd__a21bo_1)
                                                         _0278_ (net)
                      0.062259    0.000068    1.190313 ^ _0705_/A2 (sky130_fd_sc_hd__a21boi_1)
     2    0.007635    0.044510    0.056596    1.246910 v _0705_/Y (sky130_fd_sc_hd__a21boi_1)
                                                         _0279_ (net)
                      0.044510    0.000051    1.246961 v _0706_/A2 (sky130_fd_sc_hd__o21ai_1)
     3    0.011054    0.169726    0.155244    1.402205 ^ _0706_/Y (sky130_fd_sc_hd__o21ai_1)
                                                         _0280_ (net)
                      0.169726    0.000103    1.402308 ^ _0708_/A2 (sky130_fd_sc_hd__o21ba_1)
     1    0.005379    0.049813    0.093637    1.495945 ^ _0708_/X (sky130_fd_sc_hd__o21ba_1)
                                                         _0282_ (net)
                      0.049813    0.000056    1.496002 ^ _0711_/A (sky130_fd_sc_hd__xnor2_1)
     1    0.002620    0.034114    0.040574    1.536576 v _0711_/Y (sky130_fd_sc_hd__xnor2_1)
                                                         _0285_ (net)
                      0.034114    0.000023    1.536599 v _0719_/A2 (sky130_fd_sc_hd__o221a_1)
     1    0.003112    0.033658    0.142026    1.678625 v _0719_/X (sky130_fd_sc_hd__o221a_1)
                                                         _0293_ (net)
                      0.033658    0.000031    1.678656 v _0748_/A2 (sky130_fd_sc_hd__o21ai_1)
     1    0.005022    0.096283    0.096364    1.775020 ^ _0748_/Y (sky130_fd_sc_hd__o21ai_1)
                                                         MATMULT_INST.serial_out (net)
                      0.096283    0.000097    1.775117 ^ _1109_/A (sky130_fd_sc_hd__clkbuf_1)
     1    0.002235    0.028529    0.055637    1.830754 ^ _1109_/X (sky130_fd_sc_hd__clkbuf_1)
                                                         net20 (net)
                      0.028529    0.000020    1.830774 ^ output20/A (sky130_fd_sc_hd__buf_2)
     1    0.034256    0.128169    0.136660    1.967434 ^ output20/X (sky130_fd_sc_hd__buf_2)
                                                         gpio_out[17] (net)
                      0.128170    0.000345    1.967778 ^ gpio_out[17] (out)
                                              1.967778   data arrival time

                                 25.000000   25.000000   clock clk (rise edge)
                                  0.000000   25.000000   clock network delay (propagated)
                                 -0.250000   24.750000   clock uncertainty
                                  0.000000   24.750000   clock reconvergence pessimism
                                 -5.000000   19.750000   output external delay
                                             19.750000   data required time
---------------------------------------------------------------------------------------------
                                             19.750000   data required time
                                             -1.967778   data arrival time
---------------------------------------------------------------------------------------------
                                             17.782221   slack (MET)




===========================================================================
report_checks --slack_max -0.01
============================================================================
======================= min_ff_n40C_1v95 Corner ===================================

No paths found.


===========================================================================
 report_check_types -max_slew -max_cap -max_fanout -violators
============================================================================
======================= min_ff_n40C_1v95 Corner ===================================

max fanout

Pin                                   Limit Fanout  Slack
---------------------------------------------------------
_0485_/Y                                 10     21    -11 (VIOLATED)
_0927_/X                                 10     21    -11 (VIOLATED)
fanout24/X                               10     21    -11 (VIOLATED)
fanout30/X                               10     21    -11 (VIOLATED)
_0481_/Y                                 10     19     -9 (VIOLATED)
clkbuf_3_7__f_clk/X                      10     18     -8 (VIOLATED)
clkbuf_0_clk/X                           10     17     -7 (VIOLATED)
fanout37/X                               10     17     -7 (VIOLATED)
clkbuf_3_1__f_clk/X                      10     16     -6 (VIOLATED)
clkbuf_3_4__f_clk/X                      10     15     -5 (VIOLATED)
clkbuf_3_6__f_clk/X                      10     15     -5 (VIOLATED)
clkbuf_3_2__f_clk/X                      10     13     -3 (VIOLATED)
clkbuf_3_0__f_clk/X                      10     12     -2 (VIOLATED)
clkbuf_3_3__f_clk/X                      10     11        (VIOLATED)



===========================================================================
report_parasitic_annotation -report_unannotated
============================================================================
Found 91 unannotated drivers.
 gpio_in[16]
 gpio_in[17]
 gpio_in[18]
 gpio_in[19]
 gpio_in[20]
 gpio_in[21]
 gpio_in[22]
 gpio_in[23]
 gpio_in[24]
 gpio_in[25]
 gpio_in[26]
 gpio_in[27]
 gpio_in[28]
 gpio_in[29]
 gpio_in[30]
 gpio_in[31]
 gpio_in[32]
 gpio_in[33]
 clkload0/Y
 clkload1/Y
 clkload2/Y
 clkload3/Y
 clkload4/Y
 clkload5/Y
 clkload6/Y
 team_07_100/LO
 team_07_101/LO
 team_07_102/LO
 team_07_103/LO
 team_07_38/HI
 team_07_39/HI
 team_07_40/HI
 team_07_41/HI
 team_07_42/HI
 team_07_43/HI
 team_07_44/HI
 team_07_45/HI
 team_07_46/HI
 team_07_47/HI
 team_07_48/HI
 team_07_49/HI
 team_07_50/HI
 team_07_51/HI
 team_07_52/HI
 team_07_53/HI
 team_07_54/HI
 team_07_55/HI
 team_07_56/HI
 team_07_57/HI
 team_07_58/HI
 team_07_59/HI
 team_07_60/HI
 team_07_61/HI
 team_07_62/HI
 team_07_63/HI
 team_07_64/HI
 team_07_65/HI
 team_07_66/HI
 team_07_67/HI
 team_07_68/HI
 team_07_69/HI
 team_07_70/HI
 team_07_71/HI
 team_07_72/HI
 team_07_73/LO
 team_07_74/LO
 team_07_75/LO
 team_07_76/LO
 team_07_77/LO
 team_07_78/LO
 team_07_79/LO
 team_07_80/LO
 team_07_81/LO
 team_07_82/LO
 team_07_83/LO
 team_07_84/LO
 team_07_85/LO
 team_07_86/LO
 team_07_87/LO
 team_07_88/LO
 team_07_89/LO
 team_07_90/LO
 team_07_91/LO
 team_07_92/LO
 team_07_93/LO
 team_07_94/LO
 team_07_95/LO
 team_07_96/LO
 team_07_97/LO
 team_07_98/LO
 team_07_99/LO
Found 0 partially unannotated drivers.

===========================================================================
max slew violation count 0
max fanout violation count 14
max cap violation count 0
============================================================================

===========================================================================
check_setup -verbose -unconstrained_endpoints -multiple_clock -no_clock -no_input_delay -loops -generated_clocks
===========================================================================
Warning: There are 66 unconstrained endpoints.
  gpio_oeb[0]
  gpio_oeb[10]
  gpio_oeb[11]
  gpio_oeb[12]
  gpio_oeb[13]
  gpio_oeb[14]
  gpio_oeb[15]
  gpio_oeb[16]
  gpio_oeb[17]
  gpio_oeb[18]
  gpio_oeb[19]
  gpio_oeb[1]
  gpio_oeb[20]
  gpio_oeb[21]
  gpio_oeb[22]
  gpio_oeb[23]
  gpio_oeb[24]
  gpio_oeb[25]
  gpio_oeb[26]
  gpio_oeb[27]
  gpio_oeb[28]
  gpio_oeb[29]
  gpio_oeb[2]
  gpio_oeb[30]
  gpio_oeb[31]
  gpio_oeb[32]
  gpio_oeb[33]
  gpio_oeb[3]
  gpio_oeb[4]
  gpio_oeb[5]
  gpio_oeb[6]
  gpio_oeb[7]
  gpio_oeb[8]
  gpio_oeb[9]
  gpio_out[0]
  gpio_out[10]
  gpio_out[11]
  gpio_out[12]
  gpio_out[13]
  gpio_out[14]
  gpio_out[15]
  gpio_out[18]
  gpio_out[19]
  gpio_out[1]
  gpio_out[20]
  gpio_out[21]
  gpio_out[22]
  gpio_out[23]
  gpio_out[24]
  gpio_out[25]
  gpio_out[26]
  gpio_out[27]
  gpio_out[28]
  gpio_out[29]
  gpio_out[2]
  gpio_out[30]
  gpio_out[31]
  gpio_out[32]
  gpio_out[33]
  gpio_out[3]
  gpio_out[4]
  gpio_out[5]
  gpio_out[6]
  gpio_out[7]
  gpio_out[8]
  gpio_out[9]
