Clock: clk
Sources: clk 
Generated: no
Virtual: yes
Propagated: no
Period: 25.000000

===========================================================================
report_clock_properties
============================================================================
Clock                   Period          Waveform
----------------------------------------------------
clk                  25.000000    0.000000 12.500000

===========================================================================
report_clock_latency
============================================================================
Clock clk
rise -> rise
    min     max
0.000000 0.000000 source latency
0.329585         network latency _0879_/CLK
        0.353534 network latency _0877_/CLK
---------------
0.329585 0.353534 latency
        0.023949 skew

fall -> fall
    min     max
0.000000 0.000000 source latency
0.280644         network latency _0879_/CLK
        0.296877 network latency _0877_/CLK
---------------
0.280644 0.296877 latency
        0.016233 skew



===========================================================================
report_clock_min_period
============================================================================
clk period_min = 2.38 fmax = 420.74
