Clock: clk
Sources: clk 
Generated: no
Virtual: yes
Propagated: no
Period: 25.000000

===========================================================================
report_clock_properties
============================================================================
Clock                   Period          Waveform
----------------------------------------------------
clk                  25.000000    0.000000 12.500000

===========================================================================
report_clock_latency
============================================================================
Clock clk
rise -> rise
    min     max
0.000000 0.000000 source latency
1.084562         network latency _2862_/CLK
        1.128518 network latency _2478_/CLK
---------------
1.084562 1.128518 latency
        0.043956 skew

fall -> fall
    min     max
0.000000 0.000000 source latency
1.011042         network latency _2862_/CLK
        1.043516 network latency _2478_/CLK
---------------
1.011042 1.043516 latency
        0.032474 skew



===========================================================================
report_clock_min_period
============================================================================
clk period_min = 9.99 fmax = 100.15
