Clock: clk
Sources: clk 
Generated: no
Virtual: yes
Propagated: no
Period: 1000.000000

===========================================================================
report_clock_properties
============================================================================
Clock                   Period          Waveform
----------------------------------------------------
clk                 1000.000000    0.000000500.000000

===========================================================================
report_clock_latency
============================================================================
Clock clk
rise -> rise
    min     max
0.000000 0.000000 source latency
1.159843         network latency _14085_/CLK
        2.399816 network latency _13577_/CLK
---------------
1.159843 2.399816 latency
        1.239973 skew

rise -> fall
    min     max
0.000000 0.000000 source latency
1.535656         network latency _13578_/CLK
        2.350763 network latency _13577_/CLK
---------------
1.535656 2.350763 latency
        0.815107 skew

fall -> rise
    min     max
0.000000 0.000000 source latency
1.353442         network latency _13578_/CLK
        1.516355 network latency _13577_/CLK
---------------
1.353442 1.516355 latency
        0.162913 skew

fall -> fall
    min     max
0.000000 0.000000 source latency
0.918021         network latency _14085_/CLK
        1.477815 network latency _13555_/CLK
---------------
0.918021 1.477815 latency
        0.559794 skew



===========================================================================
report_clock_min_period
============================================================================
clk period_min = 92.44 fmax = 10.82
