Clock: clk
Sources: wb_clk_i 
Generated: no
Virtual: yes
Propagated: no
Period: 100.000000

===========================================================================
report_clock_properties
============================================================================
Clock                   Period          Waveform
----------------------------------------------------
clk                 100.000000    0.000000 50.000000

===========================================================================
report_clock_latency
============================================================================
Clock clk
rise -> rise
    min     max
4.650000 5.570000 source latency
6.023870         network latency _4693_/CLK
        6.858710 network latency mprj.team_07_Wrapper.team_07_WB.instance_to_wrap/clk
---------------
10.673869 12.428711 latency
        1.754842 skew

fall -> fall
    min     max
4.650000 5.570000 source latency
6.295018         network latency _4693_/CLK
        7.196210 network latency mprj.team_07_Wrapper.team_07_WB.instance_to_wrap/clk
---------------
10.945018 12.766210 latency
        1.821192 skew



===========================================================================
report_clock_min_period
============================================================================
clk period_min = 10.50 fmax = 95.21
