
===========================================================================
 report_power
============================================================================
======================= nom_ss_100C_1v60 Corner ===================================

Group                    Internal    Switching      Leakage        Total
                            Power        Power        Power        Power (Watts)
------------------------------------------------------------------------
Sequential           5.160587e-04 1.751694e-07 2.933283e-05 5.455667e-04  39.7%
Combinational        1.140873e-05 2.601267e-05 4.951144e-05 8.693284e-05   6.3%
Clock                2.833188e-04 4.501703e-04 9.302585e-06 7.427917e-04  54.0%
Macro                0.000000e+00 0.000000e+00 0.000000e+00 0.000000e+00   0.0%
Pad                  0.000000e+00 0.000000e+00 0.000000e+00 0.000000e+00   0.0%
------------------------------------------------------------------------
Total                8.107846e-04 4.763583e-04 8.814120e-05 1.375284e-03 100.0%
                            59.0%        34.6%         6.4%

