
===========================================================================
report_checks -unconstrained
===========================================================================
======================= min_tt_025C_1v80 Corner ===================================

Startpoint: en (input port clocked by clk)
Endpoint: _3335_ (recovery check against rising-edge clock clk)
Path Group: asynchronous
Path Type: max

Fanout         Cap        Slew       Delay        Time   Description
---------------------------------------------------------------------------------------------
                                  0.000000    0.000000   clock clk (rise edge)
                                  0.000000    0.000000   clock network delay (propagated)
                                  5.000000    5.000000 ^ input external delay
     2    0.004742    0.028159    0.016987    5.016987 ^ en (in)
                                                         en (net)
                      0.028159    0.000000    5.016987 ^ input1/A (sky130_fd_sc_hd__clkdlybuf4s25_1)
     2    0.004807    0.062278    0.251263    5.268250 ^ input1/X (sky130_fd_sc_hd__clkdlybuf4s25_1)
                                                         net1 (net)
                      0.062278    0.000035    5.268285 ^ _1575_/B (sky130_fd_sc_hd__and2_2)
     1    0.003923    0.041938    0.138550    5.406835 ^ _1575_/X (sky130_fd_sc_hd__and2_2)
                                                         MATMULT_INST.nrst (net)
                      0.041944    0.000051    5.406886 ^ fanout291/A (sky130_fd_sc_hd__clkdlybuf4s25_1)
    11    0.050162    0.500893    0.565938    5.972824 ^ fanout291/X (sky130_fd_sc_hd__clkdlybuf4s25_1)
                                                         net291 (net)
                      0.501050    0.002770    5.975594 ^ fanout290/A (sky130_fd_sc_hd__clkdlybuf4s25_1)
    13    0.053915    0.537834    0.689488    6.665082 ^ fanout290/X (sky130_fd_sc_hd__clkdlybuf4s25_1)
                                                         net290 (net)
                      0.537834    0.001295    6.666377 ^ fanout289/A (sky130_fd_sc_hd__clkdlybuf4s25_1)
    11    0.042353    0.425305    0.614612    7.280989 ^ fanout289/X (sky130_fd_sc_hd__clkdlybuf4s25_1)
                                                         net289 (net)
                      0.425305    0.000257    7.281246 ^ fanout279/A (sky130_fd_sc_hd__clkdlybuf4s25_1)
    11    0.042761    0.428879    0.602697    7.883944 ^ fanout279/X (sky130_fd_sc_hd__clkdlybuf4s25_1)
                                                         net279 (net)
                      0.428879    0.000699    7.884643 ^ fanout277/A (sky130_fd_sc_hd__clkdlybuf4s25_1)
     3    0.012120    0.131393    0.393650    8.278293 ^ fanout277/X (sky130_fd_sc_hd__clkdlybuf4s25_1)
                                                         net277 (net)
                      0.131393    0.000149    8.278442 ^ fanout275/A (sky130_fd_sc_hd__clkdlybuf4s25_1)
     5    0.021020    0.217459    0.397785    8.676228 ^ fanout275/X (sky130_fd_sc_hd__clkdlybuf4s25_1)
                                                         net275 (net)
                      0.217459    0.000257    8.676484 ^ load_slew276/A (sky130_fd_sc_hd__buf_2)
     6    0.030104    0.151476    0.238582    8.915066 ^ load_slew276/X (sky130_fd_sc_hd__buf_2)
                                                         net276 (net)
                      0.151477    0.000758    8.915823 ^ _3335_/RESET_B (sky130_fd_sc_hd__dfrtp_2)
                                              8.915823   data arrival time

                                 25.000000   25.000000   clock clk (rise edge)
                                  0.000000   25.000000   clock source latency
     2    0.040994    0.188932    0.132173   25.132174 ^ clk (in)
                                                         clk (net)
                      0.188975    0.000000   25.132174 ^ clkbuf_0_clk/A (sky130_fd_sc_hd__clkbuf_16)
    17    0.134482    0.147326    0.257520   25.389692 ^ clkbuf_0_clk/X (sky130_fd_sc_hd__clkbuf_16)
                                                         clknet_0_clk (net)
                      0.147611    0.004562   25.394255 ^ clkbuf_3_7__f_clk/A (sky130_fd_sc_hd__clkbuf_16)
     6    0.041159    0.061365    0.178725   25.572979 ^ clkbuf_3_7__f_clk/X (sky130_fd_sc_hd__clkbuf_16)
                                                         clknet_3_7__leaf_clk (net)
                      0.061370    0.000563   25.573542 ^ clkbuf_leaf_20_clk/A (sky130_fd_sc_hd__clkbuf_8)
    10    0.029457    0.065442    0.149932   25.723475 ^ clkbuf_leaf_20_clk/X (sky130_fd_sc_hd__clkbuf_8)
                                                         clknet_leaf_20_clk (net)
                      0.065442    0.000060   25.723534 ^ _3335_/CLK (sky130_fd_sc_hd__dfrtp_2)
                                 -0.250000   25.473536   clock uncertainty
                                  0.000000   25.473536   clock reconvergence pessimism
                                  0.193797   25.667332   library recovery time
                                             25.667332   data required time
---------------------------------------------------------------------------------------------
                                             25.667332   data required time
                                             -8.915823   data arrival time
---------------------------------------------------------------------------------------------
                                             16.751509   slack (MET)


Startpoint: en (input port clocked by clk)
Endpoint: _3066_ (rising edge-triggered flip-flop clocked by clk)
Path Group: clk
Path Type: max

Fanout         Cap        Slew       Delay        Time   Description
---------------------------------------------------------------------------------------------
                                  0.000000    0.000000   clock clk (rise edge)
                                  0.000000    0.000000   clock network delay (propagated)
                                  5.000000    5.000000 ^ input external delay
     2    0.004742    0.028159    0.016987    5.016987 ^ en (in)
                                                         en (net)
                      0.028159    0.000000    5.016987 ^ input1/A (sky130_fd_sc_hd__clkdlybuf4s25_1)
     2    0.004807    0.062278    0.251263    5.268250 ^ input1/X (sky130_fd_sc_hd__clkdlybuf4s25_1)
                                                         net1 (net)
                      0.062278    0.000035    5.268285 ^ _1575_/B (sky130_fd_sc_hd__and2_2)
     1    0.003923    0.041938    0.138550    5.406835 ^ _1575_/X (sky130_fd_sc_hd__and2_2)
                                                         MATMULT_INST.nrst (net)
                      0.041944    0.000051    5.406886 ^ fanout291/A (sky130_fd_sc_hd__clkdlybuf4s25_1)
    11    0.050162    0.500893    0.565938    5.972824 ^ fanout291/X (sky130_fd_sc_hd__clkdlybuf4s25_1)
                                                         net291 (net)
                      0.500893    0.000247    5.973071 ^ fanout214/A (sky130_fd_sc_hd__clkdlybuf4s25_1)
    11    0.041369    0.415568    0.603069    6.576140 ^ fanout214/X (sky130_fd_sc_hd__clkdlybuf4s25_1)
                                                         net214 (net)
                      0.415568    0.000122    6.576262 ^ fanout203/A (sky130_fd_sc_hd__clkdlybuf4s25_1)
     5    0.030673    0.311102    0.518533    7.094794 ^ fanout203/X (sky130_fd_sc_hd__clkdlybuf4s25_1)
                                                         net203 (net)
                      0.311102    0.000108    7.094902 ^ _1775_/B (sky130_fd_sc_hd__nand2_2)
     1    0.003011    0.055349    0.077546    7.172449 v _1775_/Y (sky130_fd_sc_hd__nand2_2)
                                                         _0609_ (net)
                      0.055349    0.000034    7.172483 v fanout98/A (sky130_fd_sc_hd__clkdlybuf4s25_1)
    17    0.048565    0.357654    0.493203    7.665686 v fanout98/X (sky130_fd_sc_hd__clkdlybuf4s25_1)
                                                         net98 (net)
                      0.357654    0.000101    7.665787 v fanout97/A (sky130_fd_sc_hd__clkdlybuf4s25_1)
    21    0.055520    0.407335    0.629647    8.295435 v fanout97/X (sky130_fd_sc_hd__clkdlybuf4s25_1)
                                                         net97 (net)
                      0.407346    0.002597    8.298032 v _2070_/B (sky130_fd_sc_hd__or3b_2)
     1    0.002925    0.075563    0.563856    8.861888 v _2070_/X (sky130_fd_sc_hd__or3b_2)
                                                         _0892_ (net)
                      0.075563    0.000031    8.861918 v _2071_/B1 (sky130_fd_sc_hd__o21a_2)
     1    0.002524    0.033104    0.121775    8.983694 v _2071_/X (sky130_fd_sc_hd__o21a_2)
                                                         _0124_ (net)
                      0.033104    0.000028    8.983723 v _3066_/D (sky130_fd_sc_hd__dfxtp_2)
                                              8.983723   data arrival time

                                 25.000000   25.000000   clock clk (rise edge)
                                  0.000000   25.000000   clock source latency
     2    0.040994    0.188932    0.132173   25.132174 ^ clk (in)
                                                         clk (net)
                      0.188975    0.000000   25.132174 ^ clkbuf_0_clk/A (sky130_fd_sc_hd__clkbuf_16)
    17    0.134482    0.147326    0.257520   25.389692 ^ clkbuf_0_clk/X (sky130_fd_sc_hd__clkbuf_16)
                                                         clknet_0_clk (net)
                      0.147508    0.003336   25.393028 ^ clkbuf_3_0__f_clk/A (sky130_fd_sc_hd__clkbuf_16)
    13    0.053698    0.072655    0.188095   25.581123 ^ clkbuf_3_0__f_clk/X (sky130_fd_sc_hd__clkbuf_16)
                                                         clknet_3_0__leaf_clk (net)
                      0.072662    0.000771   25.581894 ^ clkbuf_leaf_41_clk/A (sky130_fd_sc_hd__clkbuf_8)
    10    0.036318    0.076149    0.162407   25.744301 ^ clkbuf_leaf_41_clk/X (sky130_fd_sc_hd__clkbuf_8)
                                                         clknet_leaf_41_clk (net)
                      0.076150    0.000439   25.744740 ^ _3066_/CLK (sky130_fd_sc_hd__dfxtp_2)
                                 -0.250000   25.494741   clock uncertainty
                                  0.000000   25.494741   clock reconvergence pessimism
                                 -0.100423   25.394318   library setup time
                                             25.394318   data required time
---------------------------------------------------------------------------------------------
                                             25.394318   data required time
                                             -8.983723   data arrival time
---------------------------------------------------------------------------------------------
                                             16.410597   slack (MET)




===========================================================================
report_checks --slack_max -0.01
============================================================================
======================= min_tt_025C_1v80 Corner ===================================

No paths found.


===========================================================================
 report_check_types -max_slew -max_cap -max_fanout -violators
============================================================================
======================= min_tt_025C_1v80 Corner ===================================

max slew

Pin                                        Limit        Slew       Slack
------------------------------------------------------------------------
ANTENNA__2702__S/DIODE                  0.750000    1.017347   -0.267347 (VIOLATED)
_2702_/S                                0.750000    1.017347   -0.267347 (VIOLATED)
_2701_/S                                0.750000    1.017341   -0.267341 (VIOLATED)
ANTENNA__2701__S/DIODE                  0.750000    1.017340   -0.267340 (VIOLATED)
_2703_/S                                0.750000    1.017338   -0.267338 (VIOLATED)
ANTENNA__2703__S/DIODE                  0.750000    1.017336   -0.267336 (VIOLATED)
_2691_/S                                0.750000    1.017316   -0.267316 (VIOLATED)
ANTENNA__2691__S/DIODE                  0.750000    1.017314   -0.267314 (VIOLATED)
ANTENNA__2693__S/DIODE                  0.750000    1.017308   -0.267309 (VIOLATED)
_2693_/S                                0.750000    1.017308   -0.267308 (VIOLATED)
ANTENNA__2692__S/DIODE                  0.750000    1.017297   -0.267297 (VIOLATED)
ANTENNA__2704__S/DIODE                  0.750000    1.017295   -0.267295 (VIOLATED)
_2692_/S                                0.750000    1.017295   -0.267295 (VIOLATED)
_2704_/S                                0.750000    1.017295   -0.267295 (VIOLATED)
ANTENNA__2699__S/DIODE                  0.750000    1.017294   -0.267294 (VIOLATED)
_2699_/S                                0.750000    1.017294   -0.267294 (VIOLATED)
_2698_/S                                0.750000    1.017293   -0.267294 (VIOLATED)
ANTENNA__2698__S/DIODE                  0.750000    1.017292   -0.267292 (VIOLATED)
_2687_/S                                0.750000    1.017285   -0.267285 (VIOLATED)
ANTENNA__2687__S/DIODE                  0.750000    1.017283   -0.267283 (VIOLATED)
ANTENNA_fanout27_X/DIODE                0.750000    1.017283   -0.267283 (VIOLATED)
fanout27/X                              0.750000    1.017283   -0.267283 (VIOLATED)
_2683_/S                                0.750000    1.009280   -0.259281 (VIOLATED)
ANTENNA__2683__S/DIODE                  0.750000    1.009280   -0.259280 (VIOLATED)
_2682_/S                                0.750000    1.009277   -0.259277 (VIOLATED)
ANTENNA__2682__S/DIODE                  0.750000    1.009275   -0.259275 (VIOLATED)
_2684_/S                                0.750000    1.009268   -0.259268 (VIOLATED)
ANTENNA__2684__S/DIODE                  0.750000    1.009266   -0.259266 (VIOLATED)
_2672_/S                                0.750000    1.009262   -0.259262 (VIOLATED)
ANTENNA__2672__S/DIODE                  0.750000    1.009261   -0.259262 (VIOLATED)
_2674_/S                                0.750000    1.009256   -0.259256 (VIOLATED)
ANTENNA__2674__S/DIODE                  0.750000    1.009251   -0.259251 (VIOLATED)
_2673_/S                                0.750000    1.009220   -0.259220 (VIOLATED)
_2685_/S                                0.750000    1.009217   -0.259217 (VIOLATED)
ANTENNA__2685__S/DIODE                  0.750000    1.009217   -0.259217 (VIOLATED)
ANTENNA__2680__S/DIODE                  0.750000    1.009215   -0.259215 (VIOLATED)
_2679_/S                                0.750000    1.009214   -0.259214 (VIOLATED)
_2680_/S                                0.750000    1.009214   -0.259214 (VIOLATED)
ANTENNA__2679__S/DIODE                  0.750000    1.009213   -0.259213 (VIOLATED)
ANTENNA__2673__S/DIODE                  0.750000    1.009212   -0.259212 (VIOLATED)
ANTENNA_fanout29_X/DIODE                0.750000    1.009134   -0.259134 (VIOLATED)
ANTENNA__2668__S/DIODE                  0.750000    1.009132   -0.259132 (VIOLATED)
_2668_/S                                0.750000    1.009132   -0.259132 (VIOLATED)
fanout29/X                              0.750000    1.009132   -0.259132 (VIOLATED)
_2664_/S                                0.750000    0.981678   -0.231678 (VIOLATED)
ANTENNA__2664__S/DIODE                  0.750000    0.981678   -0.231678 (VIOLATED)
_2663_/S                                0.750000    0.981670   -0.231670 (VIOLATED)
ANTENNA__2663__S/DIODE                  0.750000    0.981668   -0.231668 (VIOLATED)
_2665_/S                                0.750000    0.981661   -0.231661 (VIOLATED)
ANTENNA__2665__S/DIODE                  0.750000    0.981658   -0.231658 (VIOLATED)
_2653_/S                                0.750000    0.981634   -0.231634 (VIOLATED)
ANTENNA__2653__S/DIODE                  0.750000    0.981634   -0.231634 (VIOLATED)
_2655_/S                                0.750000    0.981627   -0.231627 (VIOLATED)
ANTENNA__2655__S/DIODE                  0.750000    0.981625   -0.231625 (VIOLATED)
ANTENNA__2666__S/DIODE                  0.750000    0.981623   -0.231623 (VIOLATED)
_2666_/S                                0.750000    0.981623   -0.231623 (VIOLATED)
_2661_/S                                0.750000    0.981618   -0.231618 (VIOLATED)
ANTENNA__2661__S/DIODE                  0.750000    0.981617   -0.231617 (VIOLATED)
ANTENNA__2660__S/DIODE                  0.750000    0.981610   -0.231610 (VIOLATED)
_2660_/S                                0.750000    0.981609   -0.231609 (VIOLATED)
_2654_/S                                0.750000    0.981592   -0.231592 (VIOLATED)
ANTENNA__2654__S/DIODE                  0.750000    0.981591   -0.231591 (VIOLATED)
_2649_/S                                0.750000    0.981524   -0.231524 (VIOLATED)
ANTENNA__2649__S/DIODE                  0.750000    0.981523   -0.231523 (VIOLATED)
ANTENNA_fanout31_X/DIODE                0.750000    0.981520   -0.231520 (VIOLATED)
fanout31/X                              0.750000    0.981520   -0.231520 (VIOLATED)
ANTENNA__2739__S/DIODE                  0.750000    0.978859   -0.228859 (VIOLATED)
_2739_/S                                0.750000    0.978859   -0.228859 (VIOLATED)
ANTENNA__2740__S/DIODE                  0.750000    0.978858   -0.228858 (VIOLATED)
_2740_/S                                0.750000    0.978857   -0.228858 (VIOLATED)
ANTENNA__2742__S/DIODE                  0.750000    0.978850   -0.228850 (VIOLATED)
ANTENNA__2741__S/DIODE                  0.750000    0.978848   -0.228848 (VIOLATED)
_2741_/S                                0.750000    0.978848   -0.228848 (VIOLATED)
_2742_/S                                0.750000    0.978848   -0.228848 (VIOLATED)
ANTENNA__2729__S/DIODE                  0.750000    0.978845   -0.228846 (VIOLATED)
_2729_/S                                0.750000    0.978845   -0.228845 (VIOLATED)
_2731_/S                                0.750000    0.978841   -0.228841 (VIOLATED)
ANTENNA__2731__S/DIODE                  0.750000    0.978840   -0.228840 (VIOLATED)
ANTENNA__2736__S/DIODE                  0.750000    0.978832   -0.228832 (VIOLATED)
_2736_/S                                0.750000    0.978824   -0.228824 (VIOLATED)
_2730_/S                                0.750000    0.978818   -0.228818 (VIOLATED)
ANTENNA__2730__S/DIODE                  0.750000    0.978816   -0.228816 (VIOLATED)
_2725_/S                                0.750000    0.978759   -0.228759 (VIOLATED)
ANTENNA__2725__S/DIODE                  0.750000    0.978755   -0.228755 (VIOLATED)
ANTENNA__2726__S/DIODE                  0.750000    0.978748   -0.228748 (VIOLATED)
ANTENNA_fanout23_X/DIODE                0.750000    0.978748   -0.228748 (VIOLATED)
_2726_/S                                0.750000    0.978748   -0.228748 (VIOLATED)
fanout23/X                              0.750000    0.978748   -0.228748 (VIOLATED)
ANTENNA__2777__S/DIODE                  0.750000    0.967805   -0.217805 (VIOLATED)
_2777_/S                                0.750000    0.967805   -0.217805 (VIOLATED)
_2767_/S                                0.750000    0.967804   -0.217804 (VIOLATED)
ANTENNA__2767__S/DIODE                  0.750000    0.967803   -0.217803 (VIOLATED)
_2778_/S                                0.750000    0.967802   -0.217802 (VIOLATED)
ANTENNA__2778__S/DIODE                  0.750000    0.967802   -0.217802 (VIOLATED)
ANTENNA__2779__S/DIODE                  0.750000    0.967800   -0.217800 (VIOLATED)
_2779_/S                                0.750000    0.967800   -0.217800 (VIOLATED)
ANTENNA__2769__S/DIODE                  0.750000    0.967796   -0.217796 (VIOLATED)
_2769_/S                                0.750000    0.967792   -0.217792 (VIOLATED)
ANTENNA__2780__S/DIODE                  0.750000    0.967786   -0.217786 (VIOLATED)
_2780_/S                                0.750000    0.967784   -0.217784 (VIOLATED)
_2774_/S                                0.750000    0.967777   -0.217777 (VIOLATED)
ANTENNA__2774__S/DIODE                  0.750000    0.967776   -0.217776 (VIOLATED)
_2768_/S                                0.750000    0.967736   -0.217736 (VIOLATED)
ANTENNA__2768__S/DIODE                  0.750000    0.967735   -0.217735 (VIOLATED)
_2763_/S                                0.750000    0.967643   -0.217643 (VIOLATED)
ANTENNA__2763__S/DIODE                  0.750000    0.967639   -0.217639 (VIOLATED)
_2764_/S                                0.750000    0.967594   -0.217594 (VIOLATED)
ANTENNA__2764__S/DIODE                  0.750000    0.967589   -0.217590 (VIOLATED)
ANTENNA_fanout19_X/DIODE                0.750000    0.967586   -0.217586 (VIOLATED)
fanout19/X                              0.750000    0.967586   -0.217586 (VIOLATED)
_2815_/S                                0.750000    0.953662   -0.203662 (VIOLATED)
ANTENNA__2815__S/DIODE                  0.750000    0.953661   -0.203661 (VIOLATED)
_2817_/S                                0.750000    0.953660   -0.203660 (VIOLATED)
ANTENNA__2817__S/DIODE                  0.750000    0.953659   -0.203659 (VIOLATED)
_2807_/S                                0.750000    0.953657   -0.203657 (VIOLATED)
ANTENNA__2807__S/DIODE                  0.750000    0.953656   -0.203656 (VIOLATED)
ANTENNA__2805__S/DIODE                  0.750000    0.953654   -0.203654 (VIOLATED)
_2805_/S                                0.750000    0.953653   -0.203653 (VIOLATED)
ANTENNA__2816__S/DIODE                  0.750000    0.953650   -0.203650 (VIOLATED)
_2816_/S                                0.750000    0.953650   -0.203650 (VIOLATED)
_2818_/S                                0.750000    0.953648   -0.203648 (VIOLATED)
ANTENNA__2806__S/DIODE                  0.750000    0.953648   -0.203648 (VIOLATED)
ANTENNA__2818__S/DIODE                  0.750000    0.953648   -0.203648 (VIOLATED)
_2804_/S                                0.750000    0.953647   -0.203647 (VIOLATED)
ANTENNA__2804__S/DIODE                  0.750000    0.953647   -0.203647 (VIOLATED)
_2806_/S                                0.750000    0.953646   -0.203646 (VIOLATED)
_2813_/S                                0.750000    0.953646   -0.203646 (VIOLATED)
ANTENNA__2813__S/DIODE                  0.750000    0.953645   -0.203645 (VIOLATED)
ANTENNA__2812__S/DIODE                  0.750000    0.953642   -0.203642 (VIOLATED)
ANTENNA_fanout15_X/DIODE                0.750000    0.953642   -0.203642 (VIOLATED)
_2812_/S                                0.750000    0.953642   -0.203642 (VIOLATED)
fanout15/X                              0.750000    0.953642   -0.203642 (VIOLATED)
ANTENNA__2759__S/DIODE                  0.750000    0.952767   -0.202767 (VIOLATED)
_2758_/S                                0.750000    0.952767   -0.202767 (VIOLATED)
_2759_/S                                0.750000    0.952767   -0.202767 (VIOLATED)
ANTENNA__2758__S/DIODE                  0.750000    0.952766   -0.202766 (VIOLATED)
ANTENNA__2761__S/DIODE                  0.750000    0.952752   -0.202752 (VIOLATED)
_2748_/S                                0.750000    0.952749   -0.202749 (VIOLATED)
ANTENNA__2748__S/DIODE                  0.750000    0.952748   -0.202748 (VIOLATED)
ANTENNA__2760__S/DIODE                  0.750000    0.952748   -0.202748 (VIOLATED)
_2760_/S                                0.750000    0.952748   -0.202748 (VIOLATED)
_2761_/S                                0.750000    0.952746   -0.202746 (VIOLATED)
ANTENNA__2750__S/DIODE                  0.750000    0.952742   -0.202742 (VIOLATED)
_2750_/S                                0.750000    0.952739   -0.202739 (VIOLATED)
ANTENNA__2755__S/DIODE                  0.750000    0.952726   -0.202726 (VIOLATED)
_2755_/S                                0.750000    0.952725   -0.202725 (VIOLATED)
_2749_/S                                0.750000    0.952709   -0.202709 (VIOLATED)
ANTENNA__2749__S/DIODE                  0.750000    0.952697   -0.202697 (VIOLATED)
_2835_/S                                0.750000    0.952628   -0.202628 (VIOLATED)
ANTENNA__2835__S/DIODE                  0.750000    0.952628   -0.202628 (VIOLATED)
_2834_/S                                0.750000    0.952626   -0.202626 (VIOLATED)
ANTENNA__2834__S/DIODE                  0.750000    0.952626   -0.202626 (VIOLATED)
ANTENNA__2826__S/DIODE                  0.750000    0.952625   -0.202625 (VIOLATED)
_2826_/S                                0.750000    0.952625   -0.202625 (VIOLATED)
ANTENNA__2824__S/DIODE                  0.750000    0.952624   -0.202624 (VIOLATED)
ANTENNA__2836__S/DIODE                  0.750000    0.952624   -0.202624 (VIOLATED)
_2824_/S                                0.750000    0.952624   -0.202624 (VIOLATED)
_2836_/S                                0.750000    0.952624   -0.202624 (VIOLATED)
_2825_/S                                0.750000    0.952623   -0.202623 (VIOLATED)
ANTENNA__2825__S/DIODE                  0.750000    0.952622   -0.202622 (VIOLATED)
_2823_/S                                0.750000    0.952621   -0.202621 (VIOLATED)
ANTENNA__2823__S/DIODE                  0.750000    0.952621   -0.202621 (VIOLATED)
ANTENNA__2837__S/DIODE                  0.750000    0.952620   -0.202620 (VIOLATED)
_2837_/S                                0.750000    0.952620   -0.202620 (VIOLATED)
ANTENNA__2831__S/DIODE                  0.750000    0.952619   -0.202619 (VIOLATED)
ANTENNA__2832__S/DIODE                  0.750000    0.952619   -0.202619 (VIOLATED)
ANTENNA_fanout13_X/DIODE                0.750000    0.952619   -0.202619 (VIOLATED)
_2831_/S                                0.750000    0.952619   -0.202619 (VIOLATED)
_2832_/S                                0.750000    0.952619   -0.202619 (VIOLATED)
fanout13/X                              0.750000    0.952619   -0.202619 (VIOLATED)
ANTENNA__2744__S/DIODE                  0.750000    0.952617   -0.202617 (VIOLATED)
_2744_/S                                0.750000    0.952613   -0.202613 (VIOLATED)
_2745_/S                                0.750000    0.952603   -0.202603 (VIOLATED)
ANTENNA__2745__S/DIODE                  0.750000    0.952601   -0.202601 (VIOLATED)
ANTENNA_fanout21_X/DIODE                0.750000    0.952600   -0.202600 (VIOLATED)
fanout21/X                              0.750000    0.952600   -0.202600 (VIOLATED)
_2854_/S                                0.750000    0.941907   -0.191907 (VIOLATED)
ANTENNA__2854__S/DIODE                  0.750000    0.941907   -0.191907 (VIOLATED)
ANTENNA__2845__S/DIODE                  0.750000    0.941906   -0.191906 (VIOLATED)
_2845_/S                                0.750000    0.941906   -0.191906 (VIOLATED)
_2843_/S                                0.750000    0.941905   -0.191905 (VIOLATED)
ANTENNA__2843__S/DIODE                  0.750000    0.941904   -0.191904 (VIOLATED)
_2853_/S                                0.750000    0.941904   -0.191904 (VIOLATED)
ANTENNA__2853__S/DIODE                  0.750000    0.941903   -0.191903 (VIOLATED)
ANTENNA__2855__S/DIODE                  0.750000    0.941901   -0.191901 (VIOLATED)
_2855_/S                                0.750000    0.941901   -0.191901 (VIOLATED)
ANTENNA__2856__S/DIODE                  0.750000    0.941896   -0.191896 (VIOLATED)
_2856_/S                                0.750000    0.941896   -0.191896 (VIOLATED)
ANTENNA__2842__S/DIODE                  0.750000    0.941895   -0.191895 (VIOLATED)
ANTENNA__2844__S/DIODE                  0.750000    0.941895   -0.191895 (VIOLATED)
ANTENNA__2850__S/DIODE                  0.750000    0.941895   -0.191895 (VIOLATED)
ANTENNA__2851__S/DIODE                  0.750000    0.941895   -0.191895 (VIOLATED)
ANTENNA_fanout11_X/DIODE                0.750000    0.941895   -0.191895 (VIOLATED)
_2842_/S                                0.750000    0.941895   -0.191895 (VIOLATED)
_2844_/S                                0.750000    0.941895   -0.191895 (VIOLATED)
_2850_/S                                0.750000    0.941895   -0.191895 (VIOLATED)
_2851_/S                                0.750000    0.941895   -0.191895 (VIOLATED)
fanout11/X                              0.750000    0.941895   -0.191895 (VIOLATED)
ANTENNA__2973__A1/DIODE                 0.750000    0.917910   -0.167910 (VIOLATED)
_2973_/A1                               0.750000    0.917910   -0.167910 (VIOLATED)
_2946_/A1                               0.750000    0.917906   -0.167906 (VIOLATED)
ANTENNA__2946__A1/DIODE                 0.750000    0.917905   -0.167905 (VIOLATED)
_2935_/A1                               0.750000    0.917903   -0.167904 (VIOLATED)
ANTENNA__2935__A1/DIODE                 0.750000    0.917903   -0.167903 (VIOLATED)
ANTENNA__2918__A1/DIODE                 0.750000    0.917888   -0.167888 (VIOLATED)
_2918_/A1                               0.750000    0.917888   -0.167888 (VIOLATED)
ANTENNA__2906__A1/DIODE                 0.750000    0.917883   -0.167883 (VIOLATED)
_2906_/A1                               0.750000    0.917874   -0.167874 (VIOLATED)
_2962_/B2                               0.750000    0.917868   -0.167868 (VIOLATED)
ANTENNA__2962__B2/DIODE                 0.750000    0.917867   -0.167867 (VIOLATED)
_2500_/B2                               0.750000    0.917867   -0.167867 (VIOLATED)
ANTENNA__2500__B2/DIODE                 0.750000    0.917867   -0.167867 (VIOLATED)
ANTENNA__2521__B2/DIODE                 0.750000    0.917859   -0.167860 (VIOLATED)
_2521_/B2                               0.750000    0.917858   -0.167858 (VIOLATED)
_2508_/B2                               0.750000    0.917836   -0.167836 (VIOLATED)
ANTENNA__2508__B2/DIODE                 0.750000    0.917834   -0.167834 (VIOLATED)
ANTENNA_fanout121_A/DIODE               0.750000    0.917710   -0.167710 (VIOLATED)
ANTENNA_fanout122_X/DIODE               0.750000    0.917708   -0.167708 (VIOLATED)
fanout121/A                             0.750000    0.917708   -0.167708 (VIOLATED)
fanout122/X                             0.750000    0.917708   -0.167708 (VIOLATED)
ANTENNA__2696__S/DIODE                  0.750000    0.885928   -0.135928 (VIOLATED)
_2696_/S                                0.750000    0.885928   -0.135928 (VIOLATED)
ANTENNA__2697__S/DIODE                  0.750000    0.885927   -0.135927 (VIOLATED)
_2697_/S                                0.750000    0.885927   -0.135927 (VIOLATED)
ANTENNA__2700__S/DIODE                  0.750000    0.885922   -0.135922 (VIOLATED)
_2700_/S                                0.750000    0.885921   -0.135921 (VIOLATED)
_2695_/S                                0.750000    0.885920   -0.135920 (VIOLATED)
ANTENNA__2695__S/DIODE                  0.750000    0.885919   -0.135919 (VIOLATED)
ANTENNA__2690__S/DIODE                  0.750000    0.885919   -0.135919 (VIOLATED)
_2690_/S                                0.750000    0.885919   -0.135919 (VIOLATED)
ANTENNA__2694__S/DIODE                  0.750000    0.885918   -0.135918 (VIOLATED)
_2694_/S                                0.750000    0.885918   -0.135918 (VIOLATED)
ANTENNA__2688__S/DIODE                  0.750000    0.885917   -0.135917 (VIOLATED)
ANTENNA__2689__S/DIODE                  0.750000    0.885917   -0.135917 (VIOLATED)
ANTENNA_fanout28_X/DIODE                0.750000    0.885917   -0.135917 (VIOLATED)
_2688_/S                                0.750000    0.885917   -0.135917 (VIOLATED)
_2689_/S                                0.750000    0.885917   -0.135917 (VIOLATED)
fanout28/X                              0.750000    0.885917   -0.135917 (VIOLATED)
_2737_/S                                0.750000    0.849435   -0.099435 (VIOLATED)
ANTENNA__2737__S/DIODE                  0.750000    0.849435   -0.099435 (VIOLATED)
_2732_/S                                0.750000    0.849435   -0.099435 (VIOLATED)
_2734_/S                                0.750000    0.849435   -0.099435 (VIOLATED)
ANTENNA__2732__S/DIODE                  0.750000    0.849435   -0.099435 (VIOLATED)
ANTENNA__2734__S/DIODE                  0.750000    0.849435   -0.099435 (VIOLATED)
_2728_/S                                0.750000    0.849434   -0.099434 (VIOLATED)
ANTENNA__2728__S/DIODE                  0.750000    0.849433   -0.099433 (VIOLATED)
_2735_/S                                0.750000    0.849433   -0.099433 (VIOLATED)
ANTENNA__2735__S/DIODE                  0.750000    0.849433   -0.099433 (VIOLATED)
ANTENNA__2738__S/DIODE                  0.750000    0.849432   -0.099433 (VIOLATED)
_2738_/S                                0.750000    0.849432   -0.099432 (VIOLATED)
_2733_/S                                0.750000    0.849429   -0.099429 (VIOLATED)
ANTENNA__2733__S/DIODE                  0.750000    0.849429   -0.099429 (VIOLATED)
_2727_/S                                0.750000    0.849428   -0.099428 (VIOLATED)
ANTENNA__2727__S/DIODE                  0.750000    0.849427   -0.099427 (VIOLATED)
ANTENNA_fanout24_X/DIODE                0.750000    0.849426   -0.099426 (VIOLATED)
fanout24/X                              0.750000    0.849426   -0.099426 (VIOLATED)
_2652_/S                                0.750000    0.839748   -0.089748 (VIOLATED)
ANTENNA__2652__S/DIODE                  0.750000    0.839747   -0.089747 (VIOLATED)
_2658_/S                                0.750000    0.839747   -0.089747 (VIOLATED)
ANTENNA__2658__S/DIODE                  0.750000    0.839747   -0.089747 (VIOLATED)
ANTENNA__2659__S/DIODE                  0.750000    0.839745   -0.089745 (VIOLATED)
_2659_/S                                0.750000    0.839745   -0.089745 (VIOLATED)
_2656_/S                                0.750000    0.839744   -0.089744 (VIOLATED)
ANTENNA__2656__S/DIODE                  0.750000    0.839743   -0.089743 (VIOLATED)
_2662_/S                                0.750000    0.839738   -0.089738 (VIOLATED)
ANTENNA__2662__S/DIODE                  0.750000    0.839738   -0.089738 (VIOLATED)
ANTENNA__2657__S/DIODE                  0.750000    0.839737   -0.089737 (VIOLATED)
_2657_/S                                0.750000    0.839737   -0.089737 (VIOLATED)
_2651_/S                                0.750000    0.839735   -0.089735 (VIOLATED)
ANTENNA__2651__S/DIODE                  0.750000    0.839735   -0.089735 (VIOLATED)
ANTENNA__2650__S/DIODE                  0.750000    0.839734   -0.089734 (VIOLATED)
_2650_/S                                0.750000    0.839732   -0.089732 (VIOLATED)
ANTENNA_fanout32_X/DIODE                0.750000    0.839725   -0.089725 (VIOLATED)
fanout32/X                              0.750000    0.839724   -0.089724 (VIOLATED)
_2710_/S                                0.750000    0.826590   -0.076590 (VIOLATED)
ANTENNA__2710__S/DIODE                  0.750000    0.826590   -0.076590 (VIOLATED)
_2712_/S                                0.750000    0.826589   -0.076589 (VIOLATED)
ANTENNA__2712__S/DIODE                  0.750000    0.826589   -0.076589 (VIOLATED)
_2711_/S                                0.750000    0.826585   -0.076585 (VIOLATED)
ANTENNA__2711__S/DIODE                  0.750000    0.826584   -0.076584 (VIOLATED)
_2720_/S                                0.750000    0.826582   -0.076582 (VIOLATED)
ANTENNA__2720__S/DIODE                  0.750000    0.826582   -0.076582 (VIOLATED)
_2721_/S                                0.750000    0.826582   -0.076582 (VIOLATED)
ANTENNA__2721__S/DIODE                  0.750000    0.826581   -0.076581 (VIOLATED)
_2723_/S                                0.750000    0.826578   -0.076579 (VIOLATED)
ANTENNA__2723__S/DIODE                  0.750000    0.826578   -0.076578 (VIOLATED)
ANTENNA__2722__S/DIODE                  0.750000    0.826576   -0.076576 (VIOLATED)
_2722_/S                                0.750000    0.826567   -0.076567 (VIOLATED)
ANTENNA__2717__S/DIODE                  0.750000    0.826557   -0.076557 (VIOLATED)
_2717_/S                                0.750000    0.826555   -0.076555 (VIOLATED)
ANTENNA__2718__S/DIODE                  0.750000    0.826538   -0.076538 (VIOLATED)
_2718_/S                                0.750000    0.826530   -0.076530 (VIOLATED)
ANTENNA__2706__S/DIODE                  0.750000    0.826509   -0.076509 (VIOLATED)
ANTENNA_fanout25_X/DIODE                0.750000    0.826509   -0.076509 (VIOLATED)
_2706_/S                                0.750000    0.826509   -0.076509 (VIOLATED)
fanout25/X                              0.750000    0.826509   -0.076509 (VIOLATED)
_2846_/S                                0.750000    0.819390   -0.069390 (VIOLATED)
ANTENNA__2846__S/DIODE                  0.750000    0.819389   -0.069389 (VIOLATED)
ANTENNA__2848__S/DIODE                  0.750000    0.819387   -0.069387 (VIOLATED)
ANTENNA__2849__S/DIODE                  0.750000    0.819387   -0.069387 (VIOLATED)
_2849_/S                                0.750000    0.819387   -0.069387 (VIOLATED)
_2848_/S                                0.750000    0.819386   -0.069386 (VIOLATED)
_2852_/S                                0.750000    0.819381   -0.069381 (VIOLATED)
ANTENNA__2852__S/DIODE                  0.750000    0.819379   -0.069379 (VIOLATED)
ANTENNA__2847__S/DIODE                  0.750000    0.819376   -0.069376 (VIOLATED)
_2847_/S                                0.750000    0.819375   -0.069375 (VIOLATED)
ANTENNA__2840__S/DIODE                  0.750000    0.819374   -0.069374 (VIOLATED)
_2840_/S                                0.750000    0.819367   -0.069367 (VIOLATED)
_2839_/S                                0.750000    0.819367   -0.069367 (VIOLATED)
ANTENNA__2839__S/DIODE                  0.750000    0.819367   -0.069367 (VIOLATED)
ANTENNA__2841__S/DIODE                  0.750000    0.819364   -0.069364 (VIOLATED)
_2841_/S                                0.750000    0.819363   -0.069363 (VIOLATED)
ANTENNA_fanout12_X/DIODE                0.750000    0.819357   -0.069357 (VIOLATED)
fanout12/X                              0.750000    0.819357   -0.069357 (VIOLATED)
_2677_/S                                0.750000    0.816945   -0.066945 (VIOLATED)
ANTENNA__2677__S/DIODE                  0.750000    0.816945   -0.066945 (VIOLATED)
_2678_/S                                0.750000    0.816943   -0.066943 (VIOLATED)
ANTENNA__2678__S/DIODE                  0.750000    0.816942   -0.066942 (VIOLATED)
_2681_/S                                0.750000    0.816938   -0.066938 (VIOLATED)
ANTENNA__2681__S/DIODE                  0.750000    0.816937   -0.066937 (VIOLATED)
_2676_/S                                0.750000    0.816933   -0.066933 (VIOLATED)
ANTENNA__2676__S/DIODE                  0.750000    0.816932   -0.066932 (VIOLATED)
ANTENNA__2669__S/DIODE                  0.750000    0.816931   -0.066931 (VIOLATED)
_2669_/S                                0.750000    0.816930   -0.066930 (VIOLATED)
ANTENNA__2671__S/DIODE                  0.750000    0.816929   -0.066929 (VIOLATED)
_2671_/S                                0.750000    0.816929   -0.066929 (VIOLATED)
ANTENNA__2670__S/DIODE                  0.750000    0.816928   -0.066928 (VIOLATED)
ANTENNA__2675__S/DIODE                  0.750000    0.816928   -0.066928 (VIOLATED)
ANTENNA_fanout30_X/DIODE                0.750000    0.816928   -0.066928 (VIOLATED)
_2670_/S                                0.750000    0.816928   -0.066928 (VIOLATED)
_2675_/S                                0.750000    0.816928   -0.066928 (VIOLATED)
fanout30/X                              0.750000    0.816928   -0.066928 (VIOLATED)
ANTENNA__2860__S/DIODE                  0.750000    0.810768   -0.060768 (VIOLATED)
_2860_/S                                0.750000    0.810768   -0.060768 (VIOLATED)
ANTENNA__2859__S/DIODE                  0.750000    0.810766   -0.060766 (VIOLATED)
_2859_/S                                0.750000    0.810766   -0.060766 (VIOLATED)
_2857_/S                                0.750000    0.810766   -0.060766 (VIOLATED)
ANTENNA__2857__S/DIODE                  0.750000    0.810765   -0.060765 (VIOLATED)
ANTENNA__2858__S/DIODE                  0.750000    0.810763   -0.060763 (VIOLATED)
_2858_/S                                0.750000    0.810763   -0.060763 (VIOLATED)
ANTENNA__2886__A2/DIODE                 0.750000    0.810759   -0.060760 (VIOLATED)
_2886_/A2                               0.750000    0.810760   -0.060760 (VIOLATED)
_3437_/D                                0.750000    0.810760   -0.060760 (VIOLATED)
ANTENNA__3437__D/DIODE                  0.750000    0.810759   -0.060759 (VIOLATED)
_2897_/A2                               0.750000    0.810759   -0.060759 (VIOLATED)
ANTENNA__2897__A2/DIODE                 0.750000    0.810759   -0.060759 (VIOLATED)
_2930_/A2                               0.750000    0.810758   -0.060758 (VIOLATED)
ANTENNA__2875__A2/DIODE                 0.750000    0.810757   -0.060757 (VIOLATED)
ANTENNA__2930__A2/DIODE                 0.750000    0.810757   -0.060757 (VIOLATED)
ANTENNA_fanout36_X/DIODE                0.750000    0.810757   -0.060757 (VIOLATED)
_2875_/A2                               0.750000    0.810757   -0.060757 (VIOLATED)
fanout36/X                              0.750000    0.810757   -0.060757 (VIOLATED)
_2811_/S                                0.750000    0.803811   -0.053811 (VIOLATED)
ANTENNA__2811__S/DIODE                  0.750000    0.803811   -0.053811 (VIOLATED)
ANTENNA__2814__S/DIODE                  0.750000    0.803808   -0.053808 (VIOLATED)
_2814_/S                                0.750000    0.803808   -0.053808 (VIOLATED)
_2809_/S                                0.750000    0.803807   -0.053807 (VIOLATED)
ANTENNA__2809__S/DIODE                  0.750000    0.803807   -0.053807 (VIOLATED)
ANTENNA__2802__S/DIODE                  0.750000    0.803806   -0.053806 (VIOLATED)
_2801_/S                                0.750000    0.803805   -0.053805 (VIOLATED)
_2810_/S                                0.750000    0.803805   -0.053805 (VIOLATED)
ANTENNA__2801__S/DIODE                  0.750000    0.803805   -0.053805 (VIOLATED)
ANTENNA__2810__S/DIODE                  0.750000    0.803805   -0.053805 (VIOLATED)
ANTENNA__2803__S/DIODE                  0.750000    0.803804   -0.053804 (VIOLATED)
ANTENNA__2808__S/DIODE                  0.750000    0.803804   -0.053804 (VIOLATED)
ANTENNA_fanout16_X/DIODE                0.750000    0.803804   -0.053804 (VIOLATED)
_2802_/S                                0.750000    0.803804   -0.053804 (VIOLATED)
_2803_/S                                0.750000    0.803804   -0.053804 (VIOLATED)
_2808_/S                                0.750000    0.803804   -0.053804 (VIOLATED)
fanout16/X                              0.750000    0.803804   -0.053804 (VIOLATED)
_2885_/B2                               0.750000    0.800144   -0.050144 (VIOLATED)
ANTENNA__2885__B2/DIODE                 0.750000    0.800144   -0.050144 (VIOLATED)
ANTENNA__2895__A1/DIODE                 0.750000    0.800142   -0.050142 (VIOLATED)
_2895_/A1                               0.750000    0.800142   -0.050142 (VIOLATED)
_2874_/A1                               0.750000    0.800138   -0.050138 (VIOLATED)
ANTENNA__2874__A1/DIODE                 0.750000    0.800138   -0.050138 (VIOLATED)
_2488_/A1                               0.750000    0.800131   -0.050132 (VIOLATED)
ANTENNA__2488__A1/DIODE                 0.750000    0.800131   -0.050131 (VIOLATED)
_2538_/B2                               0.750000    0.800130   -0.050130 (VIOLATED)
ANTENNA__2538__B2/DIODE                 0.750000    0.800128   -0.050128 (VIOLATED)
_2463_/B2                               0.750000    0.800125   -0.050125 (VIOLATED)
ANTENNA__2463__B2/DIODE                 0.750000    0.800123   -0.050123 (VIOLATED)
ANTENNA__2446__A1/DIODE                 0.750000    0.800109   -0.050109 (VIOLATED)
_2446_/A1                               0.750000    0.800109   -0.050109 (VIOLATED)
_2445_/S                                0.750000    0.800099   -0.050099 (VIOLATED)
ANTENNA__2445__S/DIODE                  0.750000    0.800099   -0.050099 (VIOLATED)
_2475_/B2                               0.750000    0.799867   -0.049867 (VIOLATED)
ANTENNA__2475__B2/DIODE                 0.750000    0.799865   -0.049865 (VIOLATED)
ANTENNA__1631__A1/DIODE                 0.750000    0.799863   -0.049863 (VIOLATED)
ANTENNA_fanout121_X/DIODE               0.750000    0.799863   -0.049863 (VIOLATED)
_1631_/A1                               0.750000    0.799863   -0.049863 (VIOLATED)
fanout121/X                             0.750000    0.799863   -0.049863 (VIOLATED)
_2973_/C1                               0.750000    0.785463   -0.035463 (VIOLATED)
ANTENNA__2973__C1/DIODE                 0.750000    0.785462   -0.035462 (VIOLATED)
_2946_/C1                               0.750000    0.785460   -0.035460 (VIOLATED)
ANTENNA__2946__C1/DIODE                 0.750000    0.785457   -0.035457 (VIOLATED)
ANTENNA__2940__C1/DIODE                 0.750000    0.785450   -0.035450 (VIOLATED)
_2940_/C1                               0.750000    0.785447   -0.035447 (VIOLATED)
_2961_/C1                               0.750000    0.785442   -0.035442 (VIOLATED)
ANTENNA__2961__C1/DIODE                 0.750000    0.785442   -0.035442 (VIOLATED)
ANTENNA__2906__C1/DIODE                 0.750000    0.785430   -0.035430 (VIOLATED)
_2906_/C1                               0.750000    0.785422   -0.035422 (VIOLATED)
ANTENNA__2918__C1/DIODE                 0.750000    0.785409   -0.035409 (VIOLATED)
_2918_/C1                               0.750000    0.785401   -0.035402 (VIOLATED)
_2884_/C1                               0.750000    0.785379   -0.035379 (VIOLATED)
ANTENNA__2884__C1/DIODE                 0.750000    0.785378   -0.035378 (VIOLATED)
_2896_/C1                               0.750000    0.785367   -0.035367 (VIOLATED)
ANTENNA__2896__C1/DIODE                 0.750000    0.785367   -0.035367 (VIOLATED)
ANTENNA__2869__C1/DIODE                 0.750000    0.785357   -0.035357 (VIOLATED)
_2869_/C1                               0.750000    0.785353   -0.035353 (VIOLATED)
_1585_/A                                0.750000    0.785352   -0.035352 (VIOLATED)
ANTENNA__1585__A/DIODE                  0.750000    0.785352   -0.035352 (VIOLATED)
ANTENNA_fanout60_X/DIODE                0.750000    0.785350   -0.035350 (VIOLATED)
fanout60/X                              0.750000    0.785350   -0.035350 (VIOLATED)
_2951_/A1                               0.750000    0.769688   -0.019688 (VIOLATED)
ANTENNA__2951__A1/DIODE                 0.750000    0.769687   -0.019687 (VIOLATED)
ANTENNA__2972__B2/DIODE                 0.750000    0.769685   -0.019685 (VIOLATED)
_2972_/B2                               0.750000    0.769684   -0.019684 (VIOLATED)
ANTENNA__2966__B2/DIODE                 0.750000    0.769669   -0.019669 (VIOLATED)
_2966_/B2                               0.750000    0.769669   -0.019669 (VIOLATED)
ANTENNA_fanout117_A/DIODE               0.750000    0.769620   -0.019620 (VIOLATED)
fanout117/A                             0.750000    0.769618   -0.019618 (VIOLATED)
_2928_/B2                               0.750000    0.769583   -0.019583 (VIOLATED)
ANTENNA__2928__B2/DIODE                 0.750000    0.769583   -0.019583 (VIOLATED)
fanout119/A                             0.750000    0.769560   -0.019560 (VIOLATED)
ANTENNA_fanout119_A/DIODE               0.750000    0.769559   -0.019559 (VIOLATED)
ANTENNA_fanout120_X/DIODE               0.750000    0.769559   -0.019559 (VIOLATED)
fanout120/X                             0.750000    0.769559   -0.019559 (VIOLATED)
_2347_/A                                0.750000    0.768749   -0.018749 (VIOLATED)
ANTENNA__2348__A1/DIODE                 0.750000    0.768749   -0.018749 (VIOLATED)
_2348_/A1                               0.750000    0.768749   -0.018749 (VIOLATED)
ANTENNA__2347__A/DIODE                  0.750000    0.768748   -0.018749 (VIOLATED)
_2322_/A                                0.750000    0.768747   -0.018747 (VIOLATED)
ANTENNA__2322__A/DIODE                  0.750000    0.768746   -0.018746 (VIOLATED)
_2359_/A1                               0.750000    0.768745   -0.018746 (VIOLATED)
ANTENNA__2359__A1/DIODE                 0.750000    0.768745   -0.018745 (VIOLATED)
_2315_/A1                               0.750000    0.768743   -0.018743 (VIOLATED)
ANTENNA__2315__A1/DIODE                 0.750000    0.768741   -0.018741 (VIOLATED)
_2281_/A                                0.750000    0.768739   -0.018739 (VIOLATED)
ANTENNA__2281__A/DIODE                  0.750000    0.768739   -0.018739 (VIOLATED)
_2317_/A1                               0.750000    0.768738   -0.018738 (VIOLATED)
ANTENNA__2317__A1/DIODE                 0.750000    0.768738   -0.018738 (VIOLATED)
_2154_/C                                0.750000    0.768736   -0.018736 (VIOLATED)
ANTENNA__2154__C/DIODE                  0.750000    0.768736   -0.018736 (VIOLATED)
_2131_/B                                0.750000    0.768734   -0.018734 (VIOLATED)
ANTENNA__2131__B/DIODE                  0.750000    0.768734   -0.018734 (VIOLATED)
ANTENNA__1754__A0/DIODE                 0.750000    0.768730   -0.018730 (VIOLATED)
_1754_/A0                               0.750000    0.768730   -0.018730 (VIOLATED)
ANTENNA_fanout176_X/DIODE               0.750000    0.768729   -0.018729 (VIOLATED)
fanout176/X                             0.750000    0.768729   -0.018729 (VIOLATED)
_2757_/S                                0.750000    0.766221   -0.016221 (VIOLATED)
ANTENNA__2757__S/DIODE                  0.750000    0.766220   -0.016220 (VIOLATED)
_2752_/S                                0.750000    0.766220   -0.016220 (VIOLATED)
ANTENNA__2752__S/DIODE                  0.750000    0.766219   -0.016219 (VIOLATED)
_2753_/S                                0.750000    0.766216   -0.016216 (VIOLATED)
ANTENNA__2753__S/DIODE                  0.750000    0.766216   -0.016216 (VIOLATED)
_2754_/S                                0.750000    0.766216   -0.016216 (VIOLATED)
ANTENNA__2754__S/DIODE                  0.750000    0.766214   -0.016214 (VIOLATED)
_2756_/S                                0.750000    0.766201   -0.016201 (VIOLATED)
ANTENNA__2756__S/DIODE                  0.750000    0.766201   -0.016201 (VIOLATED)
_2751_/S                                0.750000    0.766198   -0.016198 (VIOLATED)
ANTENNA__2751__S/DIODE                  0.750000    0.766192   -0.016192 (VIOLATED)
_2747_/S                                0.750000    0.766185   -0.016185 (VIOLATED)
ANTENNA__2747__S/DIODE                  0.750000    0.766185   -0.016185 (VIOLATED)
_2746_/S                                0.750000    0.766178   -0.016178 (VIOLATED)
ANTENNA__2746__S/DIODE                  0.750000    0.766176   -0.016176 (VIOLATED)
ANTENNA_fanout22_X/DIODE                0.750000    0.766176   -0.016176 (VIOLATED)
fanout22/X                              0.750000    0.766176   -0.016176 (VIOLATED)
_2827_/S                                0.750000    0.763892   -0.013892 (VIOLATED)
ANTENNA__2827__S/DIODE                  0.750000    0.763892   -0.013892 (VIOLATED)
ANTENNA__2829__S/DIODE                  0.750000    0.763889   -0.013889 (VIOLATED)
_2829_/S                                0.750000    0.763888   -0.013888 (VIOLATED)
_2830_/S                                0.750000    0.763885   -0.013885 (VIOLATED)
ANTENNA__2830__S/DIODE                  0.750000    0.763885   -0.013885 (VIOLATED)
ANTENNA__2828__S/DIODE                  0.750000    0.763877   -0.013877 (VIOLATED)
_2833_/S                                0.750000    0.763876   -0.013876 (VIOLATED)
ANTENNA__2833__S/DIODE                  0.750000    0.763876   -0.013876 (VIOLATED)
_2828_/S                                0.750000    0.763876   -0.013876 (VIOLATED)
ANTENNA__2821__S/DIODE                  0.750000    0.763873   -0.013873 (VIOLATED)
_2821_/S                                0.750000    0.763873   -0.013873 (VIOLATED)
ANTENNA__2820__S/DIODE                  0.750000    0.763872   -0.013872 (VIOLATED)
ANTENNA__2822__S/DIODE                  0.750000    0.763872   -0.013872 (VIOLATED)
ANTENNA_fanout14_X/DIODE                0.750000    0.763872   -0.013872 (VIOLATED)
_2820_/S                                0.750000    0.763872   -0.013872 (VIOLATED)
_2822_/S                                0.750000    0.763872   -0.013872 (VIOLATED)
fanout14/X                              0.750000    0.763872   -0.013872 (VIOLATED)
ANTENNA__2972__A1/DIODE                 0.750000    0.759081   -0.009081 (VIOLATED)
_2972_/A1                               0.750000    0.759081   -0.009081 (VIOLATED)
ANTENNA__2896__A1/DIODE                 0.750000    0.759077   -0.009077 (VIOLATED)
_2896_/A1                               0.750000    0.759077   -0.009077 (VIOLATED)
ANTENNA__2922__A2/DIODE                 0.750000    0.759077   -0.009077 (VIOLATED)
_2922_/A2                               0.750000    0.759077   -0.009077 (VIOLATED)
_2928_/A1                               0.750000    0.759076   -0.009076 (VIOLATED)
ANTENNA__2928__A1/DIODE                 0.750000    0.759076   -0.009076 (VIOLATED)
ANTENNA_fanout112_A/DIODE               0.750000    0.759075   -0.009075 (VIOLATED)
fanout112/A                             0.750000    0.759075   -0.009075 (VIOLATED)
ANTENNA_fanout114_A/DIODE               0.750000    0.759074   -0.009074 (VIOLATED)
ANTENNA_fanout115_X/DIODE               0.750000    0.759074   -0.009074 (VIOLATED)
fanout114/A                             0.750000    0.759074   -0.009074 (VIOLATED)
fanout115/X                             0.750000    0.759074   -0.009074 (VIOLATED)
_2861_/S                                0.750000    0.755350   -0.005350 (VIOLATED)
_2862_/S                                0.750000    0.755350   -0.005350 (VIOLATED)
ANTENNA__2862__S/DIODE                  0.750000    0.755350   -0.005350 (VIOLATED)
_2941_/A2                               0.750000    0.755350   -0.005350 (VIOLATED)
ANTENNA__2941__A2/DIODE                 0.750000    0.755350   -0.005350 (VIOLATED)
ANTENNA__2861__S/DIODE                  0.750000    0.755349   -0.005349 (VIOLATED)
_2963_/A2                               0.750000    0.755349   -0.005349 (VIOLATED)
ANTENNA__2963__A2/DIODE                 0.750000    0.755349   -0.005349 (VIOLATED)
_2863_/S                                0.750000    0.755349   -0.005349 (VIOLATED)
ANTENNA__2863__S/DIODE                  0.750000    0.755348   -0.005348 (VIOLATED)
_2952_/A2                               0.750000    0.755348   -0.005348 (VIOLATED)
ANTENNA__2952__A2/DIODE                 0.750000    0.755348   -0.005348 (VIOLATED)
_2864_/S                                0.750000    0.755347   -0.005347 (VIOLATED)
ANTENNA__2864__S/DIODE                  0.750000    0.755347   -0.005347 (VIOLATED)
ANTENNA__2908__A2/DIODE                 0.750000    0.755161   -0.005161 (VIOLATED)
ANTENNA__2919__A2/DIODE                 0.750000    0.755161   -0.005161 (VIOLATED)
ANTENNA__2974__A2/DIODE                 0.750000    0.755161   -0.005161 (VIOLATED)
ANTENNA_fanout35_X/DIODE                0.750000    0.755161   -0.005161 (VIOLATED)
_2908_/A2                               0.750000    0.755161   -0.005161 (VIOLATED)
_2919_/A2                               0.750000    0.755161   -0.005161 (VIOLATED)
_2974_/A2                               0.750000    0.755161   -0.005161 (VIOLATED)
fanout35/X                              0.750000    0.755161   -0.005161 (VIOLATED)
ANTENNA__2895__B2/DIODE                 0.750000    0.751239   -0.001239 (VIOLATED)
_2895_/B2                               0.750000    0.751239   -0.001239 (VIOLATED)
_2922_/B2                               0.750000    0.751235   -0.001235 (VIOLATED)
ANTENNA__2922__B2/DIODE                 0.750000    0.751234   -0.001234 (VIOLATED)
_2887_/B2                               0.750000    0.751234   -0.001234 (VIOLATED)
ANTENNA__2887__B2/DIODE                 0.750000    0.751234   -0.001234 (VIOLATED)
_2874_/B2                               0.750000    0.751232   -0.001232 (VIOLATED)
ANTENNA__2874__B2/DIODE                 0.750000    0.751232   -0.001232 (VIOLATED)
_2457_/B2                               0.750000    0.751229   -0.001229 (VIOLATED)
ANTENNA__2457__B2/DIODE                 0.750000    0.751227   -0.001227 (VIOLATED)
_2865_/B2                               0.750000    0.751227   -0.001227 (VIOLATED)
ANTENNA__2865__B2/DIODE                 0.750000    0.751225   -0.001225 (VIOLATED)
ANTENNA__2838__A/DIODE                  0.750000    0.751209   -0.001209 (VIOLATED)
ANTENNA__2819__A/DIODE                  0.750000    0.750988   -0.000988 (VIOLATED)
_2819_/A                                0.750000    0.750988   -0.000988 (VIOLATED)
_2838_/A                                0.750000    0.750985   -0.000985 (VIOLATED)
ANTENNA__2462__A1/DIODE                 0.750000    0.750983   -0.000983 (VIOLATED)
ANTENNA_fanout118_A/DIODE               0.750000    0.750983   -0.000983 (VIOLATED)
ANTENNA_fanout119_X/DIODE               0.750000    0.750983   -0.000983 (VIOLATED)
_2462_/A1                               0.750000    0.750983   -0.000983 (VIOLATED)
fanout118/A                             0.750000    0.750983   -0.000983 (VIOLATED)
fanout119/X                             0.750000    0.750983   -0.000983 (VIOLATED)

max fanout

Pin                                   Limit Fanout  Slack
---------------------------------------------------------
fanout100/X                              10     21    -11 (VIOLATED)
fanout103/X                              10     21    -11 (VIOLATED)
fanout107/X                              10     21    -11 (VIOLATED)
fanout11/X                               10     21    -11 (VIOLATED)
fanout110/X                              10     21    -11 (VIOLATED)
fanout111/X                              10     21    -11 (VIOLATED)
fanout112/X                              10     21    -11 (VIOLATED)
fanout113/X                              10     21    -11 (VIOLATED)
fanout114/X                              10     21    -11 (VIOLATED)
fanout116/X                              10     21    -11 (VIOLATED)
fanout117/X                              10     21    -11 (VIOLATED)
fanout118/X                              10     21    -11 (VIOLATED)
fanout119/X                              10     21    -11 (VIOLATED)
fanout121/X                              10     21    -11 (VIOLATED)
fanout122/X                              10     21    -11 (VIOLATED)
fanout125/X                              10     21    -11 (VIOLATED)
fanout127/X                              10     21    -11 (VIOLATED)
fanout129/X                              10     21    -11 (VIOLATED)
fanout13/X                               10     21    -11 (VIOLATED)
fanout130/X                              10     21    -11 (VIOLATED)
fanout134/X                              10     21    -11 (VIOLATED)
fanout137/X                              10     21    -11 (VIOLATED)
fanout138/X                              10     21    -11 (VIOLATED)
fanout141/X                              10     21    -11 (VIOLATED)
fanout145/X                              10     21    -11 (VIOLATED)
fanout147/X                              10     21    -11 (VIOLATED)
fanout149/X                              10     21    -11 (VIOLATED)
fanout15/X                               10     21    -11 (VIOLATED)
fanout151/X                              10     21    -11 (VIOLATED)
fanout153/X                              10     21    -11 (VIOLATED)
fanout155/X                              10     21    -11 (VIOLATED)
fanout159/X                              10     21    -11 (VIOLATED)
fanout162/X                              10     21    -11 (VIOLATED)
fanout164/X                              10     21    -11 (VIOLATED)
fanout166/X                              10     21    -11 (VIOLATED)
fanout168/X                              10     21    -11 (VIOLATED)
fanout17/X                               10     21    -11 (VIOLATED)
fanout170/X                              10     21    -11 (VIOLATED)
fanout171/X                              10     21    -11 (VIOLATED)
fanout174/X                              10     21    -11 (VIOLATED)
fanout176/X                              10     21    -11 (VIOLATED)
fanout180/X                              10     21    -11 (VIOLATED)
fanout182/X                              10     21    -11 (VIOLATED)
fanout186/X                              10     21    -11 (VIOLATED)
fanout19/X                               10     21    -11 (VIOLATED)
fanout191/X                              10     21    -11 (VIOLATED)
fanout193/X                              10     21    -11 (VIOLATED)
fanout200/X                              10     21    -11 (VIOLATED)
fanout21/X                               10     21    -11 (VIOLATED)
fanout23/X                               10     21    -11 (VIOLATED)
fanout25/X                               10     21    -11 (VIOLATED)
fanout27/X                               10     21    -11 (VIOLATED)
fanout29/X                               10     21    -11 (VIOLATED)
fanout292/X                              10     21    -11 (VIOLATED)
fanout31/X                               10     21    -11 (VIOLATED)
fanout33/X                               10     21    -11 (VIOLATED)
fanout35/X                               10     21    -11 (VIOLATED)
fanout60/X                               10     21    -11 (VIOLATED)
fanout61/X                               10     21    -11 (VIOLATED)
fanout62/X                               10     21    -11 (VIOLATED)
fanout63/X                               10     21    -11 (VIOLATED)
fanout71/X                               10     21    -11 (VIOLATED)
fanout76/X                               10     21    -11 (VIOLATED)
fanout81/X                               10     21    -11 (VIOLATED)
fanout82/X                               10     21    -11 (VIOLATED)
fanout85/X                               10     21    -11 (VIOLATED)
fanout87/X                               10     21    -11 (VIOLATED)
fanout89/X                               10     21    -11 (VIOLATED)
fanout91/X                               10     21    -11 (VIOLATED)
fanout93/X                               10     21    -11 (VIOLATED)
fanout94/X                               10     21    -11 (VIOLATED)
fanout95/X                               10     21    -11 (VIOLATED)
fanout97/X                               10     21    -11 (VIOLATED)
wire66/X                                 10     21    -11 (VIOLATED)
_1602_/X                                 10     19     -9 (VIOLATED)
clkbuf_leaf_7_clk/X                      10     19     -9 (VIOLATED)
fanout161/X                              10     19     -9 (VIOLATED)
fanout18/X                               10     19     -9 (VIOLATED)
fanout196/X                              10     19     -9 (VIOLATED)
fanout34/X                               10     19     -9 (VIOLATED)
fanout36/X                               10     19     -9 (VIOLATED)
load_slew68/X                            10     19     -9 (VIOLATED)
load_slew73/X                            10     19     -9 (VIOLATED)
load_slew78/X                            10     19     -9 (VIOLATED)
_1563_/X                                 10     17     -7 (VIOLATED)
_2551_/X                                 10     17     -7 (VIOLATED)
clkbuf_0_clk/X                           10     17     -7 (VIOLATED)
fanout12/X                               10     17     -7 (VIOLATED)
fanout14/X                               10     17     -7 (VIOLATED)
fanout157/X                              10     17     -7 (VIOLATED)
fanout16/X                               10     17     -7 (VIOLATED)
fanout188/X                              10     17     -7 (VIOLATED)
fanout190/X                              10     17     -7 (VIOLATED)
fanout20/X                               10     17     -7 (VIOLATED)
fanout22/X                               10     17     -7 (VIOLATED)
fanout24/X                               10     17     -7 (VIOLATED)
fanout26/X                               10     17     -7 (VIOLATED)
fanout28/X                               10     17     -7 (VIOLATED)
fanout30/X                               10     17     -7 (VIOLATED)
fanout32/X                               10     17     -7 (VIOLATED)
fanout64/X                               10     17     -7 (VIOLATED)
fanout98/X                               10     17     -7 (VIOLATED)
max_cap88/X                              10     17     -7 (VIOLATED)
fanout132/X                              10     15     -5 (VIOLATED)
fanout136/X                              10     15     -5 (VIOLATED)
fanout228/X                              10     15     -5 (VIOLATED)
fanout242/X                              10     15     -5 (VIOLATED)
fanout251/X                              10     15     -5 (VIOLATED)
fanout70/X                               10     15     -5 (VIOLATED)
fanout80/X                               10     15     -5 (VIOLATED)
clkbuf_3_0__f_clk/X                      10     13     -3 (VIOLATED)
clkbuf_3_1__f_clk/X                      10     13     -3 (VIOLATED)
clkbuf_3_2__f_clk/X                      10     13     -3 (VIOLATED)
clkbuf_3_3__f_clk/X                      10     13     -3 (VIOLATED)
clkbuf_3_4__f_clk/X                      10     13     -3 (VIOLATED)
clkbuf_3_5__f_clk/X                      10     13     -3 (VIOLATED)
clkbuf_3_6__f_clk/X                      10     13     -3 (VIOLATED)
clkbuf_leaf_38_clk/X                     10     13     -3 (VIOLATED)
fanout115/X                              10     13     -3 (VIOLATED)
fanout120/X                              10     13     -3 (VIOLATED)
fanout126/X                              10     13     -3 (VIOLATED)
fanout128/X                              10     13     -3 (VIOLATED)
fanout140/X                              10     13     -3 (VIOLATED)
fanout223/X                              10     13     -3 (VIOLATED)
fanout290/X                              10     13     -3 (VIOLATED)
clkbuf_leaf_0_clk/X                      10     12     -2 (VIOLATED)
clkbuf_leaf_10_clk/X                     10     12     -2 (VIOLATED)
clkbuf_leaf_11_clk/X                     10     12     -2 (VIOLATED)
clkbuf_leaf_12_clk/X                     10     12     -2 (VIOLATED)
clkbuf_leaf_2_clk/X                      10     12     -2 (VIOLATED)
clkbuf_leaf_37_clk/X                     10     12     -2 (VIOLATED)
clkbuf_leaf_9_clk/X                      10     12     -2 (VIOLATED)
_3046_/Q                                 10     11        (VIOLATED)
clkbuf_leaf_15_clk/X                     10     11        (VIOLATED)
clkbuf_leaf_19_clk/X                     10     11        (VIOLATED)
clkbuf_leaf_24_clk/X                     10     11        (VIOLATED)
clkbuf_leaf_26_clk/X                     10     11        (VIOLATED)
clkbuf_leaf_31_clk/X                     10     11        (VIOLATED)
clkbuf_leaf_32_clk/X                     10     11        (VIOLATED)
clkbuf_leaf_33_clk/X                     10     11        (VIOLATED)
clkbuf_leaf_34_clk/X                     10     11        (VIOLATED)
clkbuf_leaf_4_clk/X                      10     11        (VIOLATED)
clkbuf_leaf_5_clk/X                      10     11        (VIOLATED)
fanout214/X                              10     11        (VIOLATED)
fanout279/X                              10     11        (VIOLATED)
fanout289/X                              10     11        (VIOLATED)
fanout291/X                              10     11        (VIOLATED)
fanout96/X                               10     11        (VIOLATED)



===========================================================================
report_parasitic_annotation -report_unannotated
============================================================================
Found 118 unannotated drivers.
 gpio_in[10]
 gpio_in[11]
 gpio_in[12]
 gpio_in[13]
 gpio_in[14]
 gpio_in[15]
 gpio_in[16]
 gpio_in[17]
 gpio_in[18]
 gpio_in[19]
 gpio_in[20]
 gpio_in[21]
 gpio_in[22]
 gpio_in[23]
 gpio_in[24]
 gpio_in[25]
 gpio_in[26]
 gpio_in[27]
 gpio_in[28]
 gpio_in[29]
 gpio_in[30]
 gpio_in[31]
 gpio_in[32]
 gpio_in[33]
 gpio_in[3]
 gpio_in[4]
 gpio_in[5]
 gpio_in[6]
 gpio_in[7]
 gpio_in[8]
 gpio_in[9]
 _3470__331/LO
 clkload0/X
 clkload1/X
 clkload10/X
 clkload11/X
 clkload12/Y
 clkload13/Y
 clkload14/X
 clkload15/X
 clkload16/X
 clkload17/Y
 clkload18/X
 clkload19/X
 clkload2/X
 clkload3/X
 clkload4/X
 clkload5/X
 clkload6/X
 clkload7/X
 clkload8/X
 clkload9/Y
 team_02/HI
 team_02_298/HI
 team_02_299/HI
 team_02_300/HI
 team_02_301/HI
 team_02_302/HI
 team_02_303/HI
 team_02_304/HI
 team_02_305/HI
 team_02_306/HI
 team_02_307/HI
 team_02_308/HI
 team_02_309/HI
 team_02_310/HI
 team_02_311/HI
 team_02_312/HI
 team_02_313/HI
 team_02_314/HI
 team_02_315/HI
 team_02_316/HI
 team_02_317/HI
 team_02_318/HI
 team_02_319/HI
 team_02_320/HI
 team_02_321/HI
 team_02_322/HI
 team_02_323/HI
 team_02_324/HI
 team_02_325/HI
 team_02_326/HI
 team_02_327/HI
 team_02_328/HI
 team_02_329/HI
 team_02_330/HI
 team_02_332/LO
 team_02_333/LO
 team_02_334/LO
 team_02_335/LO
 team_02_336/LO
 team_02_337/LO
 team_02_338/LO
 team_02_339/LO
 team_02_340/LO
 team_02_341/LO
 team_02_342/LO
 team_02_343/LO
 team_02_344/LO
 team_02_345/LO
 team_02_346/LO
 team_02_347/LO
 team_02_348/LO
 team_02_349/LO
 team_02_350/LO
 team_02_351/LO
 team_02_352/LO
 team_02_353/LO
 team_02_354/LO
 team_02_355/LO
 team_02_356/LO
 team_02_357/LO
 team_02_358/LO
 team_02_359/LO
 team_02_360/LO
 team_02_361/LO
 team_02_362/LO
 team_02_363/LO
Found 0 partially unannotated drivers.

===========================================================================
max slew violation count 544
max fanout violation count 148
max cap violation count 0
============================================================================

===========================================================================
check_setup -verbose -unconstrained_endpoints -multiple_clock -no_clock -no_input_delay -loops -generated_clocks
===========================================================================
Warning: There are 38 unclocked register/latch pins.
  _3361_/CLK
  _3362_/CLK
  _3363_/CLK
  _3364_/CLK
  _3365_/CLK
  _3366_/CLK
  _3367_/CLK
  _3368_/CLK
  _3369_/CLK
  _3370_/CLK
  _3371_/CLK
  _3372_/CLK
  _3373_/CLK
  _3374_/CLK
  _3375_/CLK
  _3376_/CLK
  _3377_/CLK
  _3378_/CLK
  _3379_/CLK
  _3380_/CLK
  _3454_/CLK
  _3455_/CLK
  _3456_/CLK
  _3457_/CLK
  _3458_/CLK
  _3459_/CLK
  _3460_/CLK
  _3461_/CLK
  _3462_/CLK
  _3463_/CLK
  _3464_/CLK
  _3465_/CLK
  _3466_/CLK
  _3467_/CLK
  _3468_/CLK
  _3469_/CLK
  _3470_/CLK
  _3471_/CLK
Warning: There are 46 unconstrained endpoints.
  _3361_/D
  _3362_/D
  _3363_/D
  _3364_/D
  _3365_/D
  _3366_/D
  _3367_/D
  _3368_/D
  _3369_/D
  _3370_/D
  _3371_/D
  _3372_/D
  _3373_/D
  _3374_/D
  _3375_/D
  _3376_/D
  _3377_/D
  _3378_/D
  _3379_/D
  _3380_/D
  _3445_/D
  _3446_/D
  _3447_/D
  _3448_/D
  _3449_/D
  _3450_/D
  _3451_/D
  _3452_/D
  _3453_/D
  _3454_/D
  _3455_/D
  _3456_/D
  _3457_/D
  _3458_/D
  _3459_/D
  _3460_/D
  _3461_/D
  _3462_/D
  _3463_/D
  _3464_/D
  _3465_/D
  _3466_/D
  _3467_/D
  _3468_/D
  _3469_/D
  _3471_/D
