Clock: clk
Sources: clk 
Generated: no
Virtual: yes
Propagated: no
Period: 25.000000

===========================================================================
report_clock_properties
============================================================================
Clock                   Period          Waveform
----------------------------------------------------
clk                  25.000000    0.000000 12.500000

===========================================================================
report_clock_latency
============================================================================
Clock clk
rise -> rise
    min     max
0.000000 0.000000 source latency
0.723535         network latency _3335_/CLK
        7.079896 network latency _3365_/CLK
---------------
0.723535 7.079896 latency
        6.356361 skew

rise -> fall
    min     max
0.000000 0.000000 source latency
5.817198         network latency _3464_/CLK
        7.304590 network latency _3365_/CLK
---------------
5.817198 7.304590 latency
        1.487391 skew

fall -> fall
    min     max
0.000000 0.000000 source latency
0.629238         network latency _3335_/CLK
        0.652102 network latency _3418_/CLK
---------------
0.629238 0.652102 latency
        0.022863 skew



===========================================================================
report_clock_min_period
============================================================================
clk period_min = 6.42 fmax = 155.69
