Clock: clk
Sources: clk 
Generated: no
Virtual: yes
Propagated: no
Period: 1000.000000

===========================================================================
report_clock_properties
============================================================================
Clock                   Period          Waveform
----------------------------------------------------
clk                 1000.000000    0.000000500.000000

===========================================================================
report_clock_latency
============================================================================
Clock clk
rise -> rise
    min     max
0.000000 0.000000 source latency
0.828891         network latency _14085_/CLK
        1.645508 network latency _13577_/CLK
---------------
0.828891 1.645508 latency
        0.816617 skew

rise -> fall
    min     max
0.000000 0.000000 source latency
1.079788         network latency _13578_/CLK
        1.615657 network latency _13577_/CLK
---------------
1.079788 1.615657 latency
        0.535869 skew

fall -> rise
    min     max
0.000000 0.000000 source latency
0.969010         network latency _13578_/CLK
        1.092530 network latency _13577_/CLK
---------------
0.969010 1.092530 latency
        0.123521 skew

fall -> fall
    min     max
0.000000 0.000000 source latency
0.664500         network latency _14085_/CLK
        1.061153 network latency _13577_/CLK
---------------
0.664500 1.061153 latency
        0.396653 skew



===========================================================================
report_clock_min_period
============================================================================
clk period_min = 58.08 fmax = 17.22
