
===========================================================================
report_checks -unconstrained
===========================================================================
======================= min_ss_100C_1v60 Corner ===================================

Startpoint: en (input port clocked by clk)
Endpoint: _1016_ (recovery check against rising-edge clock clk)
Path Group: asynchronous
Path Type: max

Fanout         Cap        Slew       Delay        Time   Description
---------------------------------------------------------------------------------------------
                                  0.000000    0.000000   clock clk (rise edge)
                                  0.000000    0.000000   clock network delay (propagated)
                                  5.000000    5.000000 ^ input external delay
     2    0.006552    0.057679    0.035280    5.035280 ^ en (in)
                                                         en (net)
                      0.057679    0.000000    5.035280 ^ input1/A (sky130_fd_sc_hd__clkdlybuf4s25_1)
     1    0.001737    0.060489    0.442379    5.477659 ^ input1/X (sky130_fd_sc_hd__clkdlybuf4s25_1)
                                                         net1 (net)
                      0.060489    0.000008    5.477667 ^ _0546_/B (sky130_fd_sc_hd__and2_2)
     1    0.005638    0.087929    0.279110    5.756777 ^ _0546_/X (sky130_fd_sc_hd__and2_2)
                                                         SYNTH_INST.keypad.n_rst (net)
                      0.087929    0.000111    5.756888 ^ fanout74/A (sky130_fd_sc_hd__clkdlybuf4s25_1)
    11    0.039076    0.627646    0.872520    6.629409 ^ fanout74/X (sky130_fd_sc_hd__clkdlybuf4s25_1)
                                                         net74 (net)
                      0.627646    0.000223    6.629632 ^ fanout58/A (sky130_fd_sc_hd__clkdlybuf4s25_1)
    11    0.049426    0.790360    1.192405    7.822037 ^ fanout58/X (sky130_fd_sc_hd__clkdlybuf4s25_1)
                                                         net58 (net)
                      0.790360    0.000438    7.822474 ^ fanout54/A (sky130_fd_sc_hd__clkdlybuf4s25_1)
     5    0.023082    0.380539    0.938592    8.761066 ^ fanout54/X (sky130_fd_sc_hd__clkdlybuf4s25_1)
                                                         net54 (net)
                      0.380539    0.000747    8.761814 ^ fanout52/A (sky130_fd_sc_hd__clkdlybuf4s25_1)
     2    0.006768    0.131219    0.631180    9.392993 ^ fanout52/X (sky130_fd_sc_hd__clkdlybuf4s25_1)
                                                         net52 (net)
                      0.131219    0.000059    9.393052 ^ load_slew53/A (sky130_fd_sc_hd__clkbuf_4)
     9    0.036266    0.188256    0.363277    9.756330 ^ load_slew53/X (sky130_fd_sc_hd__clkbuf_4)
                                                         net53 (net)
                      0.188256    0.000711    9.757040 ^ _1016_/RESET_B (sky130_fd_sc_hd__dfrtp_2)
                                              9.757040   data arrival time

                                 25.000000   25.000000   clock clk (rise edge)
                                  0.000000   25.000000   clock source latency
     2    0.020888    0.156108    0.106597   25.106596 ^ clk (in)
                                                         clk (net)
                      0.156111    0.000000   25.106596 ^ clkbuf_0_clk/A (sky130_fd_sc_hd__clkbuf_16)
    33    0.126140    0.213126    0.383258   25.489855 ^ clkbuf_0_clk/X (sky130_fd_sc_hd__clkbuf_16)
                                                         clknet_0_clk (net)
                      0.213137    0.001771   25.491625 ^ clkbuf_4_4_0_clk/A (sky130_fd_sc_hd__clkbuf_8)
     9    0.023241    0.091181    0.309079   25.800705 ^ clkbuf_4_4_0_clk/X (sky130_fd_sc_hd__clkbuf_8)
                                                         clknet_4_4_0_clk (net)
                      0.091181    0.000140   25.800844 ^ _1016_/CLK (sky130_fd_sc_hd__dfrtp_2)
                                 -0.250000   25.550846   clock uncertainty
                                  0.000000   25.550846   clock reconvergence pessimism
                                  0.401162   25.952007   library recovery time
                                             25.952007   data required time
---------------------------------------------------------------------------------------------
                                             25.952007   data required time
                                             -9.757040   data arrival time
---------------------------------------------------------------------------------------------
                                             16.194967   slack (MET)


Startpoint: gpio_in[11] (input port clocked by clk)
Endpoint: gpio_out[14] (output port clocked by clk)
Path Group: clk
Path Type: max

Fanout         Cap        Slew       Delay        Time   Description
---------------------------------------------------------------------------------------------
                                  0.000000    0.000000   clock clk (rise edge)
                                  0.000000    0.000000   clock network delay (propagated)
                                  5.000000    5.000000 v input external delay
     2    0.007745    0.038159    0.024559    5.024559 v gpio_in[11] (in)
                                                         gpio_in[11] (net)
                      0.038160    0.000000    5.024559 v input4/A (sky130_fd_sc_hd__clkdlybuf4s25_1)
     2    0.006499    0.117974    0.483068    5.507627 v input4/X (sky130_fd_sc_hd__clkdlybuf4s25_1)
                                                         net4 (net)
                      0.117974    0.000114    5.507741 v _0651_/A (sky130_fd_sc_hd__or4_2)
     1    0.008122    0.257418    1.647283    7.155024 v _0651_/X (sky130_fd_sc_hd__or4_2)
                                                         _0268_ (net)
                      0.257418    0.000307    7.155331 v _0654_/A (sky130_fd_sc_hd__or3_2)
     1    0.004810    0.175304    1.192527    8.347857 v _0654_/X (sky130_fd_sc_hd__or3_2)
                                                         _0271_ (net)
                      0.175304    0.000084    8.347942 v _0655_/A3 (sky130_fd_sc_hd__o31a_2)
     1    0.002436    0.085344    0.576654    8.924597 v _0655_/X (sky130_fd_sc_hd__o31a_2)
                                                         SYNTH_INST.pwm (net)
                      0.085344    0.000026    8.924623 v _1091_/A (sky130_fd_sc_hd__buf_2)
     1    0.004601    0.051071    0.241792    9.166414 v _1091_/X (sky130_fd_sc_hd__buf_2)
                                                         net17 (net)
                      0.051071    0.000078    9.166492 v output17/A (sky130_fd_sc_hd__clkdlybuf4s25_1)
     1    0.034628    0.468598    0.762766    9.929258 v output17/X (sky130_fd_sc_hd__clkdlybuf4s25_1)
                                                         gpio_out[14] (net)
                      0.468598    0.000238    9.929497 v gpio_out[14] (out)
                                              9.929497   data arrival time

                                 25.000000   25.000000   clock clk (rise edge)
                                  0.000000   25.000000   clock network delay (propagated)
                                 -0.250000   24.750000   clock uncertainty
                                  0.000000   24.750000   clock reconvergence pessimism
                                 -5.000000   19.750000   output external delay
                                             19.750000   data required time
---------------------------------------------------------------------------------------------
                                             19.750000   data required time
                                             -9.929497   data arrival time
---------------------------------------------------------------------------------------------
                                              9.820503   slack (MET)




===========================================================================
report_checks --slack_max -0.01
============================================================================
======================= min_ss_100C_1v60 Corner ===================================

No paths found.


===========================================================================
 report_check_types -max_slew -max_cap -max_fanout -violators
============================================================================
======================= min_ss_100C_1v60 Corner ===================================

max slew

Pin                                        Limit        Slew       Slack
------------------------------------------------------------------------
ANTENNA__0791__B1/DIODE                 0.750000    0.913808   -0.163808 (VIOLATED)
ANTENNA__0796__A2/DIODE                 0.750000    0.913808   -0.163808 (VIOLATED)
ANTENNA__0844__A1/DIODE                 0.750000    0.913808   -0.163808 (VIOLATED)
ANTENNA__0846__A1/DIODE                 0.750000    0.913808   -0.163808 (VIOLATED)
ANTENNA__0848__A1/DIODE                 0.750000    0.913808   -0.163808 (VIOLATED)
ANTENNA__0850__A1/DIODE                 0.750000    0.913808   -0.163808 (VIOLATED)
ANTENNA__0852__A1/DIODE                 0.750000    0.913808   -0.163808 (VIOLATED)
ANTENNA__0854__A1/DIODE                 0.750000    0.913808   -0.163808 (VIOLATED)
ANTENNA__0856__A1/DIODE                 0.750000    0.913808   -0.163808 (VIOLATED)
ANTENNA_fanout40_A/DIODE                0.750000    0.913808   -0.163808 (VIOLATED)
ANTENNA_fanout41_X/DIODE                0.750000    0.913808   -0.163808 (VIOLATED)
_0791_/B1                               0.750000    0.913808   -0.163808 (VIOLATED)
_0796_/A2                               0.750000    0.913808   -0.163808 (VIOLATED)
_0844_/A1                               0.750000    0.913808   -0.163808 (VIOLATED)
_0846_/A1                               0.750000    0.913808   -0.163808 (VIOLATED)
_0848_/A1                               0.750000    0.913808   -0.163808 (VIOLATED)
_0850_/A1                               0.750000    0.913808   -0.163808 (VIOLATED)
_0852_/A1                               0.750000    0.913808   -0.163808 (VIOLATED)
_0854_/A1                               0.750000    0.913808   -0.163808 (VIOLATED)
_0856_/A1                               0.750000    0.913808   -0.163808 (VIOLATED)
fanout40/A                              0.750000    0.913808   -0.163808 (VIOLATED)
fanout41/X                              0.750000    0.913808   -0.163808 (VIOLATED)
_0751_/S                                0.750000    0.800352   -0.050352 (VIOLATED)
_0754_/S                                0.750000    0.800352   -0.050352 (VIOLATED)
_0758_/S                                0.750000    0.800352   -0.050352 (VIOLATED)
_0762_/S                                0.750000    0.800352   -0.050352 (VIOLATED)
_0766_/S                                0.750000    0.800352   -0.050352 (VIOLATED)
_0770_/S                                0.750000    0.800352   -0.050352 (VIOLATED)
_0774_/S                                0.750000    0.800352   -0.050352 (VIOLATED)
_0779_/S                                0.750000    0.800352   -0.050352 (VIOLATED)
_0783_/S                                0.750000    0.800352   -0.050352 (VIOLATED)
_0788_/S                                0.750000    0.800352   -0.050352 (VIOLATED)
fanout30/X                              0.750000    0.800352   -0.050352 (VIOLATED)
ANTENNA_fanout48_A/DIODE                0.750000    0.790360   -0.040360 (VIOLATED)
ANTENNA_fanout50_A/DIODE                0.750000    0.790360   -0.040360 (VIOLATED)
ANTENNA_fanout54_A/DIODE                0.750000    0.790360   -0.040360 (VIOLATED)
ANTENNA_fanout55_A/DIODE                0.750000    0.790360   -0.040360 (VIOLATED)
ANTENNA_fanout57_A/DIODE                0.750000    0.790360   -0.040360 (VIOLATED)
ANTENNA_fanout58_X/DIODE                0.750000    0.790360   -0.040360 (VIOLATED)
fanout48/A                              0.750000    0.790360   -0.040360 (VIOLATED)
fanout50/A                              0.750000    0.790360   -0.040360 (VIOLATED)
fanout54/A                              0.750000    0.790360   -0.040360 (VIOLATED)
fanout55/A                              0.750000    0.790360   -0.040360 (VIOLATED)
fanout57/A                              0.750000    0.790360   -0.040360 (VIOLATED)
fanout58/X                              0.750000    0.790360   -0.040360 (VIOLATED)
_0440_/A                                0.750000    0.786706   -0.036706 (VIOLATED)
_0443_/B                                0.750000    0.786706   -0.036706 (VIOLATED)
_0449_/B                                0.750000    0.786706   -0.036706 (VIOLATED)
_0451_/A2                               0.750000    0.786706   -0.036706 (VIOLATED)
_0464_/B                                0.750000    0.786706   -0.036706 (VIOLATED)
_0465_/B                                0.750000    0.786706   -0.036706 (VIOLATED)
_0472_/A                                0.750000    0.786706   -0.036706 (VIOLATED)
_0476_/A_N                              0.750000    0.786706   -0.036706 (VIOLATED)
_0501_/A2                               0.750000    0.786706   -0.036706 (VIOLATED)
_0502_/A1                               0.750000    0.786706   -0.036706 (VIOLATED)
fanout47/X                              0.750000    0.786706   -0.036706 (VIOLATED)
_0572_/B1                               0.750000    0.784235   -0.034235 (VIOLATED)
_0741_/A                                0.750000    0.784235   -0.034235 (VIOLATED)
_0800_/B2                               0.750000    0.784235   -0.034235 (VIOLATED)
_0805_/A1                               0.750000    0.784235   -0.034235 (VIOLATED)
_0809_/A1                               0.750000    0.784235   -0.034235 (VIOLATED)
_0823_/A1                               0.750000    0.784235   -0.034235 (VIOLATED)
_0828_/B2                               0.750000    0.784235   -0.034235 (VIOLATED)
_0831_/B2                               0.750000    0.784235   -0.034235 (VIOLATED)
_0834_/B2                               0.750000    0.784235   -0.034235 (VIOLATED)
_0837_/B2                               0.750000    0.784235   -0.034235 (VIOLATED)
fanout37/X                              0.750000    0.784235   -0.034235 (VIOLATED)
_0452_/B                                0.750000    0.772576   -0.022576 (VIOLATED)
_0455_/B                                0.750000    0.772575   -0.022576 (VIOLATED)
ANTENNA__0452__B/DIODE                  0.750000    0.772575   -0.022575 (VIOLATED)
ANTENNA__0455__B/DIODE                  0.750000    0.772575   -0.022575 (VIOLATED)
_0569_/A2                               0.750000    0.772574   -0.022574 (VIOLATED)
ANTENNA__0569__A2/DIODE                 0.750000    0.772574   -0.022574 (VIOLATED)
_0607_/A2                               0.750000    0.772569   -0.022569 (VIOLATED)
ANTENNA__0607__A2/DIODE                 0.750000    0.772568   -0.022568 (VIOLATED)
ANTENNA__0604__B1/DIODE                 0.750000    0.772567   -0.022567 (VIOLATED)
_0604_/B1                               0.750000    0.772566   -0.022566 (VIOLATED)
ANTENNA__0451__Y/DIODE                  0.750000    0.772564   -0.022564 (VIOLATED)
_0451_/Y                                0.750000    0.772564   -0.022564 (VIOLATED)
_0853_/A2                               0.750000    0.766442   -0.016442 (VIOLATED)
ANTENNA__0853__A2/DIODE                 0.750000    0.766442   -0.016442 (VIOLATED)
ANTENNA__0865__A2/DIODE                 0.750000    0.766442   -0.016442 (VIOLATED)
ANTENNA__0867__A2/DIODE                 0.750000    0.766442   -0.016442 (VIOLATED)
ANTENNA__0869__A2/DIODE                 0.750000    0.766442   -0.016442 (VIOLATED)
ANTENNA__0871__A2/DIODE                 0.750000    0.766442   -0.016442 (VIOLATED)
ANTENNA__0873__A2/DIODE                 0.750000    0.766442   -0.016442 (VIOLATED)
ANTENNA__0884__B1/DIODE                 0.750000    0.766442   -0.016442 (VIOLATED)
ANTENNA_fanout26_A/DIODE                0.750000    0.766442   -0.016442 (VIOLATED)
ANTENNA_fanout27_X/DIODE                0.750000    0.766442   -0.016442 (VIOLATED)
_0865_/A2                               0.750000    0.766442   -0.016442 (VIOLATED)
_0867_/A2                               0.750000    0.766442   -0.016442 (VIOLATED)
_0869_/A2                               0.750000    0.766442   -0.016442 (VIOLATED)
_0871_/A2                               0.750000    0.766442   -0.016442 (VIOLATED)
_0873_/A2                               0.750000    0.766442   -0.016442 (VIOLATED)
_0884_/B1                               0.750000    0.766442   -0.016442 (VIOLATED)
fanout26/A                              0.750000    0.766442   -0.016442 (VIOLATED)
fanout27/X                              0.750000    0.766442   -0.016442 (VIOLATED)

max fanout

Pin                                   Limit Fanout  Slack
---------------------------------------------------------
clkbuf_0_clk/X                           10     33    -23 (VIOLATED)
fanout41/X                               10     21    -11 (VIOLATED)
fanout27/X                               10     17     -7 (VIOLATED)
_0441_/X                                 10     15     -5 (VIOLATED)
fanout65/X                               10     13     -3 (VIOLATED)
_0451_/Y                                 10     11        (VIOLATED)
_0481_/X                                 10     11        (VIOLATED)
_0512_/X                                 10     11        (VIOLATED)
fanout39/X                               10     11        (VIOLATED)
fanout58/X                               10     11        (VIOLATED)
fanout74/X                               10     11        (VIOLATED)



===========================================================================
report_parasitic_annotation -report_unannotated
============================================================================
Found 105 unannotated drivers.
 gpio_in[14]
 gpio_in[15]
 gpio_in[16]
 gpio_in[17]
 gpio_in[18]
 gpio_in[19]
 gpio_in[20]
 gpio_in[21]
 gpio_in[22]
 gpio_in[23]
 gpio_in[24]
 gpio_in[25]
 gpio_in[26]
 gpio_in[27]
 gpio_in[28]
 gpio_in[29]
 gpio_in[30]
 gpio_in[31]
 gpio_in[32]
 gpio_in[33]
 _0913__110/HI
 _0914__109/HI
 _0930__108/HI
 clkload0/X
 clkload1/X
 clkload10/X
 clkload11/X
 clkload12/X
 clkload13/X
 clkload14/X
 clkload2/X
 clkload3/X
 clkload4/X
 clkload5/X
 clkload6/X
 clkload7/X
 clkload8/X
 clkload9/X
 team_05/HI
 team_05_100/HI
 team_05_101/HI
 team_05_102/HI
 team_05_103/HI
 team_05_104/HI
 team_05_105/HI
 team_05_106/HI
 team_05_107/HI
 team_05_111/LO
 team_05_112/LO
 team_05_113/LO
 team_05_114/LO
 team_05_115/LO
 team_05_116/LO
 team_05_117/LO
 team_05_118/LO
 team_05_119/LO
 team_05_120/LO
 team_05_121/LO
 team_05_122/LO
 team_05_123/LO
 team_05_124/LO
 team_05_125/LO
 team_05_126/LO
 team_05_127/LO
 team_05_128/LO
 team_05_129/LO
 team_05_130/LO
 team_05_131/LO
 team_05_132/LO
 team_05_133/LO
 team_05_134/LO
 team_05_135/LO
 team_05_136/LO
 team_05_137/LO
 team_05_138/LO
 team_05_139/LO
 team_05_140/LO
 team_05_141/LO
 team_05_142/LO
 team_05_143/LO
 team_05_75/HI
 team_05_76/HI
 team_05_77/HI
 team_05_78/HI
 team_05_79/HI
 team_05_80/HI
 team_05_81/HI
 team_05_82/HI
 team_05_83/HI
 team_05_84/HI
 team_05_85/HI
 team_05_86/HI
 team_05_87/HI
 team_05_88/HI
 team_05_89/HI
 team_05_90/HI
 team_05_91/HI
 team_05_92/HI
 team_05_93/HI
 team_05_94/HI
 team_05_95/HI
 team_05_96/HI
 team_05_97/HI
 team_05_98/HI
 team_05_99/HI
Found 0 partially unannotated drivers.

===========================================================================
max slew violation count 97
max fanout violation count 11
max cap violation count 0
============================================================================

===========================================================================
check_setup -verbose -unconstrained_endpoints -multiple_clock -no_clock -no_input_delay -loops -generated_clocks
===========================================================================
