Clock: clk
Sources: clk 
Generated: no
Virtual: yes
Propagated: no
Period: 25.000000

===========================================================================
report_clock_properties
============================================================================
Clock                   Period          Waveform
----------------------------------------------------
clk                  25.000000    0.000000 12.500000

===========================================================================
report_clock_latency
============================================================================
Clock clk
rise -> rise
    min     max
0.000000 0.000000 source latency
0.813016         network latency _0928_/CLK
        0.831452 network latency _0925_/CLK
---------------
0.813016 0.831452 latency
        0.018435 skew

fall -> fall
    min     max
0.000000 0.000000 source latency
0.723175         network latency _0928_/CLK
        0.738869 network latency _0925_/CLK
---------------
0.723175 0.738869 latency
        0.015693 skew



===========================================================================
report_clock_min_period
============================================================================
clk period_min = 9.42 fmax = 106.15
