Clock: clk
Sources: wb_clk_i 
Generated: no
Virtual: yes
Propagated: no
Period: 100.000000

===========================================================================
report_clock_properties
============================================================================
Clock                   Period          Waveform
----------------------------------------------------
clk                 100.000000    0.000000 50.000000

===========================================================================
report_clock_latency
============================================================================
Clock clk
rise -> rise
    min     max
4.650000 5.570000 source latency
7.343868         network latency _4641_/CLK
        8.208522 network latency mprj.team_07_Wrapper.team_07_WB.instance_to_wrap/clk
---------------
11.993869 13.778522 latency
        1.784653 skew

fall -> fall
    min     max
4.650000 5.570000 source latency
7.381232         network latency _4641_/CLK
        8.869868 network latency _4838_/CLK
---------------
12.031232 14.439868 latency
        2.408637 skew



===========================================================================
report_clock_min_period
============================================================================
clk period_min = 27.59 fmax = 36.25
