Clock: clk
Sources: clk 
Generated: no
Virtual: yes
Propagated: no
Period: 1000.000000

===========================================================================
report_clock_properties
============================================================================
Clock                   Period          Waveform
----------------------------------------------------
clk                 1000.000000    0.000000500.000000

===========================================================================
report_clock_latency
============================================================================
Clock clk
rise -> rise
    min     max
0.000000 0.000000 source latency
0.749084         network latency _14085_/CLK
        1.519708 network latency _13577_/CLK
---------------
0.749084 1.519708 latency
        0.770623 skew

rise -> fall
    min     max
0.000000 0.000000 source latency
0.994690         network latency _13578_/CLK
        1.489036 network latency _13577_/CLK
---------------
0.994690 1.489036 latency
        0.494346 skew

fall -> rise
    min     max
0.000000 0.000000 source latency
0.902219         network latency _13578_/CLK
        1.000331 network latency _13577_/CLK
---------------
0.902219 1.000331 latency
        0.098112 skew

fall -> fall
    min     max
0.000000 0.000000 source latency
0.602995         network latency _14085_/CLK
        0.969749 network latency _13577_/CLK
---------------
0.602995 0.969749 latency
        0.366754 skew



===========================================================================
report_clock_min_period
============================================================================
clk period_min = 54.25 fmax = 18.43
