
===========================================================================
report_checks -unconstrained
===========================================================================
======================= max_ss_100C_1v60 Corner ===================================

Startpoint: nrst (input port clocked by clk)
Endpoint: _1643_ (recovery check against rising-edge clock clk)
Path Group: asynchronous
Path Type: max

Fanout         Cap        Slew       Delay        Time   Description
---------------------------------------------------------------------------------------------
                                  0.000000    0.000000   clock clk (rise edge)
                                  0.000000    0.000000   clock network delay (propagated)
                                  5.000000    5.000000 ^ input external delay
     2    0.004010    0.040387    0.022218    5.022218 ^ nrst (in)
                                                         nrst (net)
                      0.040387    0.000000    5.022218 ^ input6/A (sky130_fd_sc_hd__clkbuf_1)
     1    0.005294    0.116191    0.169842    5.192060 ^ input6/X (sky130_fd_sc_hd__clkbuf_1)
                                                         net6 (net)
                      0.116191    0.000397    5.192457 ^ _0853_/A (sky130_fd_sc_hd__and2_1)
     1    0.002253    0.072567    0.227260    5.419717 ^ _0853_/X (sky130_fd_sc_hd__and2_1)
                                                         STOPWATCH_INST.clock_div.n_rst (net)
                      0.072567    0.000160    5.419877 ^ fanout59/A (sky130_fd_sc_hd__buf_2)
    15    0.054704    0.424318    0.451246    5.871123 ^ fanout59/X (sky130_fd_sc_hd__buf_2)
                                                         net59 (net)
                      0.424356    0.003393    5.874516 ^ fanout55/A (sky130_fd_sc_hd__clkbuf_2)
     5    0.027103    0.238498    0.458872    6.333388 ^ fanout55/X (sky130_fd_sc_hd__clkbuf_2)
                                                         net55 (net)
                      0.238506    0.001674    6.335063 ^ fanout54/A (sky130_fd_sc_hd__clkbuf_4)
    10    0.047359    0.236354    0.445998    6.781061 ^ fanout54/X (sky130_fd_sc_hd__clkbuf_4)
                                                         net54 (net)
                      0.236479    0.005031    6.786091 ^ _1643_/RESET_B (sky130_fd_sc_hd__dfrtp_4)
                                              6.786091   data arrival time

                                 25.000000   25.000000   clock clk (rise edge)
                                  0.000000   25.000000   clock source latency
     2    0.024581    0.182189    0.125949   25.125948 ^ clk (in)
                                                         clk (net)
                      0.182256    0.000000   25.125948 ^ clkbuf_0_clk/A (sky130_fd_sc_hd__clkbuf_16)
    17    0.104656    0.183408    0.368885   25.494833 ^ clkbuf_0_clk/X (sky130_fd_sc_hd__clkbuf_16)
                                                         clknet_0_clk (net)
                      0.183825    0.006262   25.501095 ^ clkbuf_3_3__f_clk/A (sky130_fd_sc_hd__clkbuf_16)
    10    0.034837    0.087255    0.293999   25.795095 ^ clkbuf_3_3__f_clk/X (sky130_fd_sc_hd__clkbuf_16)
                                                         clknet_3_3__leaf_clk (net)
                      0.087339    0.002389   25.797483 ^ _1643_/CLK (sky130_fd_sc_hd__dfrtp_4)
                                 -0.250000   25.547485   clock uncertainty
                                  0.000000   25.547485   clock reconvergence pessimism
                                  0.371736   25.919222   library recovery time
                                             25.919222   data required time
---------------------------------------------------------------------------------------------
                                             25.919222   data required time
                                             -6.786091   data arrival time
---------------------------------------------------------------------------------------------
                                             19.133129   slack (MET)


Startpoint: _1640_ (rising edge-triggered flip-flop clocked by clk)
Endpoint: _1635_ (rising edge-triggered flip-flop clocked by clk)
Path Group: clk
Path Type: max

Fanout         Cap        Slew       Delay        Time   Description
---------------------------------------------------------------------------------------------
                                  0.000000    0.000000   clock clk (rise edge)
                                  0.000000    0.000000   clock source latency
     2    0.024581    0.182189    0.125949    0.125949 ^ clk (in)
                                                         clk (net)
                      0.182256    0.000000    0.125949 ^ clkbuf_0_clk/A (sky130_fd_sc_hd__clkbuf_16)
    17    0.104656    0.183408    0.368885    0.494834 ^ clkbuf_0_clk/X (sky130_fd_sc_hd__clkbuf_16)
                                                         clknet_0_clk (net)
                      0.183825    0.006261    0.501095 ^ clkbuf_3_3__f_clk/A (sky130_fd_sc_hd__clkbuf_16)
    10    0.034837    0.087255    0.294000    0.795095 ^ clkbuf_3_3__f_clk/X (sky130_fd_sc_hd__clkbuf_16)
                                                         clknet_3_3__leaf_clk (net)
                      0.087303    0.001883    0.796978 ^ _1640_/CLK (sky130_fd_sc_hd__dfrtp_1)
     3    0.012903    0.163402    0.837588    1.634566 v _1640_/Q (sky130_fd_sc_hd__dfrtp_1)
                                                         STOPWATCH_INST.clock_div.cycles[24] (net)
                      0.163402    0.000586    1.635152 v fanout43/A (sky130_fd_sc_hd__buf_6)
     5    0.022321    0.061198    0.273933    1.909085 v fanout43/X (sky130_fd_sc_hd__buf_6)
                                                         net43 (net)
                      0.061260    0.001748    1.910833 v _0941_/B (sky130_fd_sc_hd__or3_4)
     1    0.003186    0.112935    0.696752    2.607585 v _0941_/X (sky130_fd_sc_hd__or3_4)
                                                         _0180_ (net)
                      0.112935    0.000136    2.607721 v _0973_/A (sky130_fd_sc_hd__or4_4)
     2    0.013896    0.184299    1.121508    3.729229 v _0973_/X (sky130_fd_sc_hd__or4_4)
                                                         _0205_ (net)
                      0.184299    0.000774    3.730004 v _0975_/B1 (sky130_fd_sc_hd__a21o_4)
     5    0.028868    0.110504    0.446692    4.176696 v _0975_/X (sky130_fd_sc_hd__a21o_4)
                                                         _0207_ (net)
                      0.110504    0.001467    4.178164 v _0983_/A2 (sky130_fd_sc_hd__a21o_1)
     3    0.013314    0.141228    0.415942    4.594105 v _0983_/X (sky130_fd_sc_hd__a21o_1)
                                                         _0215_ (net)
                      0.141228    0.000596    4.594702 v _0987_/A (sky130_fd_sc_hd__and3_1)
     4    0.010548    0.134685    0.391668    4.986370 v _0987_/X (sky130_fd_sc_hd__and3_1)
                                                         _0219_ (net)
                      0.134686    0.000579    4.986949 v _0992_/C (sky130_fd_sc_hd__or4_4)
     2    0.005622    0.157145    0.981584    5.968533 v _0992_/X (sky130_fd_sc_hd__or4_4)
                                                         _0224_ (net)
                      0.157145    0.000237    5.968770 v _1002_/A1 (sky130_fd_sc_hd__a41o_1)
     1    0.002345    0.064182    0.356171    6.324940 v _1002_/X (sky130_fd_sc_hd__a41o_1)
                                                         _0234_ (net)
                      0.064182    0.000107    6.325048 v _1020_/A2 (sky130_fd_sc_hd__a21o_1)
     3    0.011794    0.131503    0.384147    6.709195 v _1020_/X (sky130_fd_sc_hd__a21o_1)
                                                         _0252_ (net)
                      0.131507    0.000872    6.710067 v clone15/A (sky130_fd_sc_hd__clkbuf_1)
     5    0.019287    0.224253    0.324407    7.034473 v clone15/X (sky130_fd_sc_hd__clkbuf_1)
                                                         net133 (net)
                      0.224253    0.000559    7.035032 v _1037_/A1 (sky130_fd_sc_hd__a21o_1)
     1    0.009160    0.109924    0.402590    7.437622 v _1037_/X (sky130_fd_sc_hd__a21o_1)
                                                         _0269_ (net)
                      0.109926    0.000703    7.438324 v _1038_/B (sky130_fd_sc_hd__xnor2_2)
     4    0.016292    0.386316    0.375744    7.814069 ^ _1038_/Y (sky130_fd_sc_hd__xnor2_2)
                                                         _0270_ (net)
                      0.386318    0.000816    7.814885 ^ _1049_/B (sky130_fd_sc_hd__nand3_1)
     1    0.002807    0.165395    0.260703    8.075588 v _1049_/Y (sky130_fd_sc_hd__nand3_1)
                                                         _0281_ (net)
                      0.165395    0.000135    8.075724 v _1061_/A (sky130_fd_sc_hd__or4bb_4)
     2    0.007056    0.165765    1.108022    9.183745 v _1061_/X (sky130_fd_sc_hd__or4bb_4)
                                                         _0293_ (net)
                      0.165765    0.000378    9.184124 v _1071_/A3 (sky130_fd_sc_hd__a311o_1)
     2    0.006895    0.130900    0.727576    9.911700 v _1071_/X (sky130_fd_sc_hd__a311o_1)
                                                         _0303_ (net)
                      0.131017    0.000346    9.912045 v _1080_/A2 (sky130_fd_sc_hd__a21o_1)
     3    0.016069    0.160229    0.442300   10.354346 v _1080_/X (sky130_fd_sc_hd__a21o_1)
                                                         _0312_ (net)
                      0.160232    0.000973   10.355319 v fanout30/A (sky130_fd_sc_hd__buf_6)
     5    0.021729    0.060171    0.271610   10.626929 v fanout30/X (sky130_fd_sc_hd__buf_6)
                                                         net30 (net)
                      0.060217    0.001517   10.628446 v _1093_/A2 (sky130_fd_sc_hd__a221o_1)
     1    0.008696    0.148420    0.695871   11.324317 v _1093_/X (sky130_fd_sc_hd__a221o_1)
                                                         _0325_ (net)
                      0.148420    0.000666   11.324983 v _1094_/A (sky130_fd_sc_hd__xnor2_2)
     4    0.015727    0.376153    0.426221   11.751204 ^ _1094_/Y (sky130_fd_sc_hd__xnor2_2)
                                                         _0326_ (net)
                      0.376281    0.001140   11.752344 ^ _1095_/A (sky130_fd_sc_hd__or2_4)
     2    0.005631    0.063792    0.333843   12.086187 ^ _1095_/X (sky130_fd_sc_hd__or2_4)
                                                         _0327_ (net)
                      0.063792    0.000298   12.086486 ^ rebuffer19/A (sky130_fd_sc_hd__dlymetal6s4s_1)
     1    0.003636    0.098097    0.322621   12.409107 ^ rebuffer19/X (sky130_fd_sc_hd__dlymetal6s4s_1)
                                                         net137 (net)
                      0.098097    0.000239   12.409346 ^ _1110_/A2 (sky130_fd_sc_hd__o221a_1)
     2    0.006813    0.150835    0.433358   12.842704 ^ _1110_/X (sky130_fd_sc_hd__o221a_1)
                                                         _0342_ (net)
                      0.150835    0.000359   12.843063 ^ _1130_/A2 (sky130_fd_sc_hd__a21o_1)
     3    0.012694    0.187381    0.339300   13.182364 ^ _1130_/X (sky130_fd_sc_hd__a21o_1)
                                                         _0362_ (net)
                      0.187383    0.000930   13.183293 ^ rebuffer2/A (sky130_fd_sc_hd__clkbuf_2)
     2    0.016580    0.153108    0.305564   13.488857 ^ rebuffer2/X (sky130_fd_sc_hd__clkbuf_2)
                                                         net120 (net)
                      0.153114    0.001183   13.490041 ^ _1132_/A (sky130_fd_sc_hd__nand3_4)
     5    0.024525    0.220483    0.230106   13.720146 v _1132_/Y (sky130_fd_sc_hd__nand3_4)
                                                         _0364_ (net)
                      0.220486    0.001289   13.721435 v _1151_/C (sky130_fd_sc_hd__and3_1)
     3    0.014980    0.166739    0.537072   14.258507 v _1151_/X (sky130_fd_sc_hd__and3_1)
                                                         _0383_ (net)
                      0.166739    0.000669   14.259175 v _1156_/B (sky130_fd_sc_hd__or4b_4)
     2    0.010550    0.175308    1.090161   15.349337 v _1156_/X (sky130_fd_sc_hd__or4b_4)
                                                         _0388_ (net)
                      0.175308    0.000762   15.350099 v _1164_/A3 (sky130_fd_sc_hd__a31o_4)
     4    0.018130    0.093309    0.514433   15.864532 v _1164_/X (sky130_fd_sc_hd__a31o_4)
                                                         _0396_ (net)
                      0.093329    0.001336   15.865868 v _1170_/A2 (sky130_fd_sc_hd__a21o_1)
     5    0.014559    0.148682    0.417176   16.283043 v _1170_/X (sky130_fd_sc_hd__a21o_1)
                                                         _0402_ (net)
                      0.148688    0.001155   16.284197 v _1185_/A2 (sky130_fd_sc_hd__a211o_4)
     4    0.016865    0.108258    0.665933   16.950130 v _1185_/X (sky130_fd_sc_hd__a211o_4)
                                                         _0417_ (net)
                      0.108258    0.000991   16.951122 v _1189_/A2 (sky130_fd_sc_hd__o21bai_4)
     3    0.015842    0.242341    0.267947   17.219069 ^ _1189_/Y (sky130_fd_sc_hd__o21bai_4)
                                                         _0421_ (net)
                      0.242343    0.001094   17.220163 ^ fanout28/A (sky130_fd_sc_hd__buf_6)
     5    0.029077    0.108074    0.287381   17.507544 ^ fanout28/X (sky130_fd_sc_hd__buf_6)
                                                         net28 (net)
                      0.108095    0.001478   17.509022 ^ _1209_/A1 (sky130_fd_sc_hd__a21oi_4)
     2    0.006053    0.115294    0.109525   17.618547 v _1209_/Y (sky130_fd_sc_hd__a21oi_4)
                                                         _0441_ (net)
                      0.115294    0.000295   17.618841 v _1215_/C (sky130_fd_sc_hd__or4_4)
     4    0.016554    0.192615    1.043363   18.662205 v _1215_/X (sky130_fd_sc_hd__or4_4)
                                                         _0447_ (net)
                      0.192615    0.001238   18.663443 v _1219_/A1 (sky130_fd_sc_hd__a21o_1)
     1    0.002434    0.056791    0.331845   18.995287 v _1219_/X (sky130_fd_sc_hd__a21o_1)
                                                         _0451_ (net)
                      0.056791    0.000151   18.995440 v _1237_/C (sky130_fd_sc_hd__and3_1)
     3    0.014229    0.161036    0.451413   19.446852 v _1237_/X (sky130_fd_sc_hd__and3_1)
                                                         _0469_ (net)
                      0.161038    0.000894   19.447744 v _1243_/A2 (sky130_fd_sc_hd__o31ai_4)
     5    0.017412    0.439467    0.530935   19.978680 ^ _1243_/Y (sky130_fd_sc_hd__o31ai_4)
                                                         _0475_ (net)
                      0.439467    0.000979   19.979660 ^ clone12/A (sky130_fd_sc_hd__clkbuf_1)
     5    0.021273    0.406255    0.514419   20.494078 ^ clone12/X (sky130_fd_sc_hd__clkbuf_1)
                                                         net130 (net)
                      0.406255    0.001123   20.495201 ^ _1258_/A1 (sky130_fd_sc_hd__a21oi_1)
     3    0.009284    0.209406    0.332557   20.827759 v _1258_/Y (sky130_fd_sc_hd__a21oi_1)
                                                         _0490_ (net)
                      0.209406    0.000556   20.828314 v _1265_/B (sky130_fd_sc_hd__or3_1)
     3    0.007076    0.179184    0.908331   21.736645 v _1265_/X (sky130_fd_sc_hd__or3_1)
                                                         _0497_ (net)
                      0.179184    0.000311   21.736956 v _1268_/A3 (sky130_fd_sc_hd__a31o_1)
     3    0.012625    0.144633    0.517877   22.254833 v _1268_/X (sky130_fd_sc_hd__a31o_1)
                                                         _0500_ (net)
                      0.144635    0.000771   22.255604 v _1272_/A1 (sky130_fd_sc_hd__a21o_1)
     3    0.010807    0.123302    0.380631   22.636234 v _1272_/X (sky130_fd_sc_hd__a21o_1)
                                                         _0504_ (net)
                      0.123303    0.000645   22.636879 v _1300_/A1 (sky130_fd_sc_hd__a41o_1)
     3    0.011581    0.142164    0.422180   23.059059 v _1300_/X (sky130_fd_sc_hd__a41o_1)
                                                         _0532_ (net)
                      0.142167    0.000799   23.059858 v _1302_/A2 (sky130_fd_sc_hd__a21bo_4)
     4    0.019615    0.096034    0.460128   23.519987 v _1302_/X (sky130_fd_sc_hd__a21bo_4)
                                                         _0534_ (net)
                      0.096052    0.001279   23.521265 v fanout25/A (sky130_fd_sc_hd__buf_8)
     6    0.033740    0.067449    0.249253   23.770519 v fanout25/X (sky130_fd_sc_hd__buf_8)
                                                         net25 (net)
                      0.067521    0.002029   23.772547 v fanout24/A (sky130_fd_sc_hd__buf_8)
     5    0.017056    0.048571    0.216444   23.988991 v fanout24/X (sky130_fd_sc_hd__buf_8)
                                                         net24 (net)
                      0.048571    0.001261   23.990252 v _1310_/A2 (sky130_fd_sc_hd__a21o_1)
     2    0.005640    0.082694    0.329960   24.320211 v _1310_/X (sky130_fd_sc_hd__a21o_1)
                                                         _0542_ (net)
                      0.082694    0.000353   24.320566 v _1316_/A2 (sky130_fd_sc_hd__a2111o_1)
     3    0.011112    0.189764    0.878533   25.199099 v _1316_/X (sky130_fd_sc_hd__a2111o_1)
                                                         _0548_ (net)
                      0.189764    0.000654   25.199753 v _1333_/C (sky130_fd_sc_hd__or4_4)
     2    0.016789    0.193827    1.071337   26.271090 v _1333_/X (sky130_fd_sc_hd__or4_4)
                                                         _0565_ (net)
                      0.193827    0.001469   26.272558 v _1352_/B (sky130_fd_sc_hd__nor4_4)
     2    0.013685    0.483916    0.611680   26.884237 ^ _1352_/Y (sky130_fd_sc_hd__nor4_4)
                                                         _0584_ (net)
                      0.483916    0.000890   26.885128 ^ _1353_/A1 (sky130_fd_sc_hd__a31oi_4)
     5    0.021461    0.293727    0.377808   27.262936 v _1353_/Y (sky130_fd_sc_hd__a31oi_4)
                                                         _0585_ (net)
                      0.293728    0.001100   27.264036 v _1365_/A (sky130_fd_sc_hd__nand2_2)
    10    0.034839    0.300921    0.361286   27.625322 ^ _1365_/Y (sky130_fd_sc_hd__nand2_2)
                                                         _0597_ (net)
                      0.300936    0.001739   27.627060 ^ _1386_/A2_N (sky130_fd_sc_hd__a2bb2o_1)
     2    0.005831    0.126762    0.704116   28.331177 v _1386_/X (sky130_fd_sc_hd__a2bb2o_1)
                                                         _0618_ (net)
                      0.126762    0.000430   28.331606 v _1388_/A3 (sky130_fd_sc_hd__a31o_1)
     1    0.002801    0.065791    0.407345   28.738951 v _1388_/X (sky130_fd_sc_hd__a31o_1)
                                                         _0620_ (net)
                      0.065791    0.000203   28.739155 v _1389_/B1 (sky130_fd_sc_hd__a41o_1)
     6    0.021500    0.215540    0.500505   29.239658 v _1389_/X (sky130_fd_sc_hd__a41o_1)
                                                         _0621_ (net)
                      0.215543    0.001206   29.240866 v _1407_/A2 (sky130_fd_sc_hd__a211o_1)
     4    0.014398    0.180704    0.712122   29.952986 v _1407_/X (sky130_fd_sc_hd__a211o_1)
                                                         _0639_ (net)
                      0.180704    0.000480   29.953466 v _1418_/A2 (sky130_fd_sc_hd__o21ai_2)
     1    0.005679    0.182357    0.251696   30.205162 ^ _1418_/Y (sky130_fd_sc_hd__o21ai_2)
                                                         _0650_ (net)
                      0.182357    0.000416   30.205578 ^ fanout19/A (sky130_fd_sc_hd__buf_6)
     8    0.034257    0.122788    0.273136   30.478714 ^ fanout19/X (sky130_fd_sc_hd__buf_6)
                                                         net19 (net)
                      0.122820    0.001908   30.480621 ^ fanout18/A (sky130_fd_sc_hd__buf_8)
     5    0.015862    0.063125    0.194248   30.674870 ^ fanout18/X (sky130_fd_sc_hd__buf_8)
                                                         net18 (net)
                      0.063126    0.000515   30.675385 ^ _1518_/C_N (sky130_fd_sc_hd__or3b_4)
     1    0.001704    0.106544    0.698837   31.374222 v _1518_/X (sky130_fd_sc_hd__or3b_4)
                                                         _0738_ (net)
                      0.106545    0.000117   31.374338 v _1519_/B (sky130_fd_sc_hd__and3_1)
     1    0.003625    0.077592    0.356604   31.730942 v _1519_/X (sky130_fd_sc_hd__and3_1)
                                                         _0739_ (net)
                      0.077592    0.000156   31.731098 v _1521_/C1 (sky130_fd_sc_hd__a221o_1)
     1    0.002876    0.092445    0.491070   32.222168 v _1521_/X (sky130_fd_sc_hd__a221o_1)
                                                         _0044_ (net)
                      0.092445    0.000188   32.222359 v _1635_/D (sky130_fd_sc_hd__dfrtp_1)
                                             32.222359   data arrival time

                                 25.000000   25.000000   clock clk (rise edge)
                                  0.000000   25.000000   clock source latency
     2    0.024581    0.182189    0.125949   25.125948 ^ clk (in)
                                                         clk (net)
                      0.182256    0.000000   25.125948 ^ clkbuf_0_clk/A (sky130_fd_sc_hd__clkbuf_16)
    17    0.104656    0.183408    0.368885   25.494833 ^ clkbuf_0_clk/X (sky130_fd_sc_hd__clkbuf_16)
                                                         clknet_0_clk (net)
                      0.183770    0.005725   25.500559 ^ clkbuf_3_7__f_clk/A (sky130_fd_sc_hd__clkbuf_16)
     7    0.037787    0.091424    0.298249   25.798807 ^ clkbuf_3_7__f_clk/X (sky130_fd_sc_hd__clkbuf_16)
                                                         clknet_3_7__leaf_clk (net)
                      0.091437    0.001148   25.799955 ^ _1635_/CLK (sky130_fd_sc_hd__dfrtp_1)
                                 -0.250000   25.549955   clock uncertainty
                                  0.000000   25.549955   clock reconvergence pessimism
                                 -0.280208   25.269749   library setup time
                                             25.269749   data required time
---------------------------------------------------------------------------------------------
                                             25.269749   data required time
                                            -32.222359   data arrival time
---------------------------------------------------------------------------------------------
                                             -6.952610   slack (VIOLATED)




===========================================================================
report_checks --slack_max -0.01
============================================================================
======================= max_ss_100C_1v60 Corner ===================================

Startpoint: _1640_ (rising edge-triggered flip-flop clocked by clk)
Endpoint: _1635_ (rising edge-triggered flip-flop clocked by clk)
Path Group: clk
Path Type: max

Fanout         Cap        Slew       Delay        Time   Description
---------------------------------------------------------------------------------------------
                                  0.000000    0.000000   clock clk (rise edge)
                                  0.000000    0.000000   clock source latency
     2    0.024581    0.182189    0.125949    0.125949 ^ clk (in)
                                                         clk (net)
                      0.182256    0.000000    0.125949 ^ clkbuf_0_clk/A (sky130_fd_sc_hd__clkbuf_16)
    17    0.104656    0.183408    0.368885    0.494834 ^ clkbuf_0_clk/X (sky130_fd_sc_hd__clkbuf_16)
                                                         clknet_0_clk (net)
                      0.183825    0.006261    0.501095 ^ clkbuf_3_3__f_clk/A (sky130_fd_sc_hd__clkbuf_16)
    10    0.034837    0.087255    0.294000    0.795095 ^ clkbuf_3_3__f_clk/X (sky130_fd_sc_hd__clkbuf_16)
                                                         clknet_3_3__leaf_clk (net)
                      0.087303    0.001883    0.796978 ^ _1640_/CLK (sky130_fd_sc_hd__dfrtp_1)
     3    0.012903    0.163402    0.837588    1.634566 v _1640_/Q (sky130_fd_sc_hd__dfrtp_1)
                                                         STOPWATCH_INST.clock_div.cycles[24] (net)
                      0.163402    0.000586    1.635152 v fanout43/A (sky130_fd_sc_hd__buf_6)
     5    0.022321    0.061198    0.273933    1.909085 v fanout43/X (sky130_fd_sc_hd__buf_6)
                                                         net43 (net)
                      0.061260    0.001748    1.910833 v _0941_/B (sky130_fd_sc_hd__or3_4)
     1    0.003186    0.112935    0.696752    2.607585 v _0941_/X (sky130_fd_sc_hd__or3_4)
                                                         _0180_ (net)
                      0.112935    0.000136    2.607721 v _0973_/A (sky130_fd_sc_hd__or4_4)
     2    0.013896    0.184299    1.121508    3.729229 v _0973_/X (sky130_fd_sc_hd__or4_4)
                                                         _0205_ (net)
                      0.184299    0.000774    3.730004 v _0975_/B1 (sky130_fd_sc_hd__a21o_4)
     5    0.028868    0.110504    0.446692    4.176696 v _0975_/X (sky130_fd_sc_hd__a21o_4)
                                                         _0207_ (net)
                      0.110504    0.001467    4.178164 v _0983_/A2 (sky130_fd_sc_hd__a21o_1)
     3    0.013314    0.141228    0.415942    4.594105 v _0983_/X (sky130_fd_sc_hd__a21o_1)
                                                         _0215_ (net)
                      0.141228    0.000596    4.594702 v _0987_/A (sky130_fd_sc_hd__and3_1)
     4    0.010548    0.134685    0.391668    4.986370 v _0987_/X (sky130_fd_sc_hd__and3_1)
                                                         _0219_ (net)
                      0.134686    0.000579    4.986949 v _0992_/C (sky130_fd_sc_hd__or4_4)
     2    0.005622    0.157145    0.981584    5.968533 v _0992_/X (sky130_fd_sc_hd__or4_4)
                                                         _0224_ (net)
                      0.157145    0.000237    5.968770 v _1002_/A1 (sky130_fd_sc_hd__a41o_1)
     1    0.002345    0.064182    0.356171    6.324940 v _1002_/X (sky130_fd_sc_hd__a41o_1)
                                                         _0234_ (net)
                      0.064182    0.000107    6.325048 v _1020_/A2 (sky130_fd_sc_hd__a21o_1)
     3    0.011794    0.131503    0.384147    6.709195 v _1020_/X (sky130_fd_sc_hd__a21o_1)
                                                         _0252_ (net)
                      0.131507    0.000872    6.710067 v clone15/A (sky130_fd_sc_hd__clkbuf_1)
     5    0.019287    0.224253    0.324407    7.034473 v clone15/X (sky130_fd_sc_hd__clkbuf_1)
                                                         net133 (net)
                      0.224253    0.000559    7.035032 v _1037_/A1 (sky130_fd_sc_hd__a21o_1)
     1    0.009160    0.109924    0.402590    7.437622 v _1037_/X (sky130_fd_sc_hd__a21o_1)
                                                         _0269_ (net)
                      0.109926    0.000703    7.438324 v _1038_/B (sky130_fd_sc_hd__xnor2_2)
     4    0.016292    0.386316    0.375744    7.814069 ^ _1038_/Y (sky130_fd_sc_hd__xnor2_2)
                                                         _0270_ (net)
                      0.386318    0.000816    7.814885 ^ _1049_/B (sky130_fd_sc_hd__nand3_1)
     1    0.002807    0.165395    0.260703    8.075588 v _1049_/Y (sky130_fd_sc_hd__nand3_1)
                                                         _0281_ (net)
                      0.165395    0.000135    8.075724 v _1061_/A (sky130_fd_sc_hd__or4bb_4)
     2    0.007056    0.165765    1.108022    9.183745 v _1061_/X (sky130_fd_sc_hd__or4bb_4)
                                                         _0293_ (net)
                      0.165765    0.000378    9.184124 v _1071_/A3 (sky130_fd_sc_hd__a311o_1)
     2    0.006895    0.130900    0.727576    9.911700 v _1071_/X (sky130_fd_sc_hd__a311o_1)
                                                         _0303_ (net)
                      0.131017    0.000346    9.912045 v _1080_/A2 (sky130_fd_sc_hd__a21o_1)
     3    0.016069    0.160229    0.442300   10.354346 v _1080_/X (sky130_fd_sc_hd__a21o_1)
                                                         _0312_ (net)
                      0.160232    0.000973   10.355319 v fanout30/A (sky130_fd_sc_hd__buf_6)
     5    0.021729    0.060171    0.271610   10.626929 v fanout30/X (sky130_fd_sc_hd__buf_6)
                                                         net30 (net)
                      0.060217    0.001517   10.628446 v _1093_/A2 (sky130_fd_sc_hd__a221o_1)
     1    0.008696    0.148420    0.695871   11.324317 v _1093_/X (sky130_fd_sc_hd__a221o_1)
                                                         _0325_ (net)
                      0.148420    0.000666   11.324983 v _1094_/A (sky130_fd_sc_hd__xnor2_2)
     4    0.015727    0.376153    0.426221   11.751204 ^ _1094_/Y (sky130_fd_sc_hd__xnor2_2)
                                                         _0326_ (net)
                      0.376281    0.001140   11.752344 ^ _1095_/A (sky130_fd_sc_hd__or2_4)
     2    0.005631    0.063792    0.333843   12.086187 ^ _1095_/X (sky130_fd_sc_hd__or2_4)
                                                         _0327_ (net)
                      0.063792    0.000298   12.086486 ^ rebuffer19/A (sky130_fd_sc_hd__dlymetal6s4s_1)
     1    0.003636    0.098097    0.322621   12.409107 ^ rebuffer19/X (sky130_fd_sc_hd__dlymetal6s4s_1)
                                                         net137 (net)
                      0.098097    0.000239   12.409346 ^ _1110_/A2 (sky130_fd_sc_hd__o221a_1)
     2    0.006813    0.150835    0.433358   12.842704 ^ _1110_/X (sky130_fd_sc_hd__o221a_1)
                                                         _0342_ (net)
                      0.150835    0.000359   12.843063 ^ _1130_/A2 (sky130_fd_sc_hd__a21o_1)
     3    0.012694    0.187381    0.339300   13.182364 ^ _1130_/X (sky130_fd_sc_hd__a21o_1)
                                                         _0362_ (net)
                      0.187383    0.000930   13.183293 ^ rebuffer2/A (sky130_fd_sc_hd__clkbuf_2)
     2    0.016580    0.153108    0.305564   13.488857 ^ rebuffer2/X (sky130_fd_sc_hd__clkbuf_2)
                                                         net120 (net)
                      0.153114    0.001183   13.490041 ^ _1132_/A (sky130_fd_sc_hd__nand3_4)
     5    0.024525    0.220483    0.230106   13.720146 v _1132_/Y (sky130_fd_sc_hd__nand3_4)
                                                         _0364_ (net)
                      0.220486    0.001289   13.721435 v _1151_/C (sky130_fd_sc_hd__and3_1)
     3    0.014980    0.166739    0.537072   14.258507 v _1151_/X (sky130_fd_sc_hd__and3_1)
                                                         _0383_ (net)
                      0.166739    0.000669   14.259175 v _1156_/B (sky130_fd_sc_hd__or4b_4)
     2    0.010550    0.175308    1.090161   15.349337 v _1156_/X (sky130_fd_sc_hd__or4b_4)
                                                         _0388_ (net)
                      0.175308    0.000762   15.350099 v _1164_/A3 (sky130_fd_sc_hd__a31o_4)
     4    0.018130    0.093309    0.514433   15.864532 v _1164_/X (sky130_fd_sc_hd__a31o_4)
                                                         _0396_ (net)
                      0.093329    0.001336   15.865868 v _1170_/A2 (sky130_fd_sc_hd__a21o_1)
     5    0.014559    0.148682    0.417176   16.283043 v _1170_/X (sky130_fd_sc_hd__a21o_1)
                                                         _0402_ (net)
                      0.148688    0.001155   16.284197 v _1185_/A2 (sky130_fd_sc_hd__a211o_4)
     4    0.016865    0.108258    0.665933   16.950130 v _1185_/X (sky130_fd_sc_hd__a211o_4)
                                                         _0417_ (net)
                      0.108258    0.000991   16.951122 v _1189_/A2 (sky130_fd_sc_hd__o21bai_4)
     3    0.015842    0.242341    0.267947   17.219069 ^ _1189_/Y (sky130_fd_sc_hd__o21bai_4)
                                                         _0421_ (net)
                      0.242343    0.001094   17.220163 ^ fanout28/A (sky130_fd_sc_hd__buf_6)
     5    0.029077    0.108074    0.287381   17.507544 ^ fanout28/X (sky130_fd_sc_hd__buf_6)
                                                         net28 (net)
                      0.108095    0.001478   17.509022 ^ _1209_/A1 (sky130_fd_sc_hd__a21oi_4)
     2    0.006053    0.115294    0.109525   17.618547 v _1209_/Y (sky130_fd_sc_hd__a21oi_4)
                                                         _0441_ (net)
                      0.115294    0.000295   17.618841 v _1215_/C (sky130_fd_sc_hd__or4_4)
     4    0.016554    0.192615    1.043363   18.662205 v _1215_/X (sky130_fd_sc_hd__or4_4)
                                                         _0447_ (net)
                      0.192615    0.001238   18.663443 v _1219_/A1 (sky130_fd_sc_hd__a21o_1)
     1    0.002434    0.056791    0.331845   18.995287 v _1219_/X (sky130_fd_sc_hd__a21o_1)
                                                         _0451_ (net)
                      0.056791    0.000151   18.995440 v _1237_/C (sky130_fd_sc_hd__and3_1)
     3    0.014229    0.161036    0.451413   19.446852 v _1237_/X (sky130_fd_sc_hd__and3_1)
                                                         _0469_ (net)
                      0.161038    0.000894   19.447744 v _1243_/A2 (sky130_fd_sc_hd__o31ai_4)
     5    0.017412    0.439467    0.530935   19.978680 ^ _1243_/Y (sky130_fd_sc_hd__o31ai_4)
                                                         _0475_ (net)
                      0.439467    0.000979   19.979660 ^ clone12/A (sky130_fd_sc_hd__clkbuf_1)
     5    0.021273    0.406255    0.514419   20.494078 ^ clone12/X (sky130_fd_sc_hd__clkbuf_1)
                                                         net130 (net)
                      0.406255    0.001123   20.495201 ^ _1258_/A1 (sky130_fd_sc_hd__a21oi_1)
     3    0.009284    0.209406    0.332557   20.827759 v _1258_/Y (sky130_fd_sc_hd__a21oi_1)
                                                         _0490_ (net)
                      0.209406    0.000556   20.828314 v _1265_/B (sky130_fd_sc_hd__or3_1)
     3    0.007076    0.179184    0.908331   21.736645 v _1265_/X (sky130_fd_sc_hd__or3_1)
                                                         _0497_ (net)
                      0.179184    0.000311   21.736956 v _1268_/A3 (sky130_fd_sc_hd__a31o_1)
     3    0.012625    0.144633    0.517877   22.254833 v _1268_/X (sky130_fd_sc_hd__a31o_1)
                                                         _0500_ (net)
                      0.144635    0.000771   22.255604 v _1272_/A1 (sky130_fd_sc_hd__a21o_1)
     3    0.010807    0.123302    0.380631   22.636234 v _1272_/X (sky130_fd_sc_hd__a21o_1)
                                                         _0504_ (net)
                      0.123303    0.000645   22.636879 v _1300_/A1 (sky130_fd_sc_hd__a41o_1)
     3    0.011581    0.142164    0.422180   23.059059 v _1300_/X (sky130_fd_sc_hd__a41o_1)
                                                         _0532_ (net)
                      0.142167    0.000799   23.059858 v _1302_/A2 (sky130_fd_sc_hd__a21bo_4)
     4    0.019615    0.096034    0.460128   23.519987 v _1302_/X (sky130_fd_sc_hd__a21bo_4)
                                                         _0534_ (net)
                      0.096052    0.001279   23.521265 v fanout25/A (sky130_fd_sc_hd__buf_8)
     6    0.033740    0.067449    0.249253   23.770519 v fanout25/X (sky130_fd_sc_hd__buf_8)
                                                         net25 (net)
                      0.067521    0.002029   23.772547 v fanout24/A (sky130_fd_sc_hd__buf_8)
     5    0.017056    0.048571    0.216444   23.988991 v fanout24/X (sky130_fd_sc_hd__buf_8)
                                                         net24 (net)
                      0.048571    0.001261   23.990252 v _1310_/A2 (sky130_fd_sc_hd__a21o_1)
     2    0.005640    0.082694    0.329960   24.320211 v _1310_/X (sky130_fd_sc_hd__a21o_1)
                                                         _0542_ (net)
                      0.082694    0.000353   24.320566 v _1316_/A2 (sky130_fd_sc_hd__a2111o_1)
     3    0.011112    0.189764    0.878533   25.199099 v _1316_/X (sky130_fd_sc_hd__a2111o_1)
                                                         _0548_ (net)
                      0.189764    0.000654   25.199753 v _1333_/C (sky130_fd_sc_hd__or4_4)
     2    0.016789    0.193827    1.071337   26.271090 v _1333_/X (sky130_fd_sc_hd__or4_4)
                                                         _0565_ (net)
                      0.193827    0.001469   26.272558 v _1352_/B (sky130_fd_sc_hd__nor4_4)
     2    0.013685    0.483916    0.611680   26.884237 ^ _1352_/Y (sky130_fd_sc_hd__nor4_4)
                                                         _0584_ (net)
                      0.483916    0.000890   26.885128 ^ _1353_/A1 (sky130_fd_sc_hd__a31oi_4)
     5    0.021461    0.293727    0.377808   27.262936 v _1353_/Y (sky130_fd_sc_hd__a31oi_4)
                                                         _0585_ (net)
                      0.293728    0.001100   27.264036 v _1365_/A (sky130_fd_sc_hd__nand2_2)
    10    0.034839    0.300921    0.361286   27.625322 ^ _1365_/Y (sky130_fd_sc_hd__nand2_2)
                                                         _0597_ (net)
                      0.300936    0.001739   27.627060 ^ _1386_/A2_N (sky130_fd_sc_hd__a2bb2o_1)
     2    0.005831    0.126762    0.704116   28.331177 v _1386_/X (sky130_fd_sc_hd__a2bb2o_1)
                                                         _0618_ (net)
                      0.126762    0.000430   28.331606 v _1388_/A3 (sky130_fd_sc_hd__a31o_1)
     1    0.002801    0.065791    0.407345   28.738951 v _1388_/X (sky130_fd_sc_hd__a31o_1)
                                                         _0620_ (net)
                      0.065791    0.000203   28.739155 v _1389_/B1 (sky130_fd_sc_hd__a41o_1)
     6    0.021500    0.215540    0.500505   29.239658 v _1389_/X (sky130_fd_sc_hd__a41o_1)
                                                         _0621_ (net)
                      0.215543    0.001206   29.240866 v _1407_/A2 (sky130_fd_sc_hd__a211o_1)
     4    0.014398    0.180704    0.712122   29.952986 v _1407_/X (sky130_fd_sc_hd__a211o_1)
                                                         _0639_ (net)
                      0.180704    0.000480   29.953466 v _1418_/A2 (sky130_fd_sc_hd__o21ai_2)
     1    0.005679    0.182357    0.251696   30.205162 ^ _1418_/Y (sky130_fd_sc_hd__o21ai_2)
                                                         _0650_ (net)
                      0.182357    0.000416   30.205578 ^ fanout19/A (sky130_fd_sc_hd__buf_6)
     8    0.034257    0.122788    0.273136   30.478714 ^ fanout19/X (sky130_fd_sc_hd__buf_6)
                                                         net19 (net)
                      0.122820    0.001908   30.480621 ^ fanout18/A (sky130_fd_sc_hd__buf_8)
     5    0.015862    0.063125    0.194248   30.674870 ^ fanout18/X (sky130_fd_sc_hd__buf_8)
                                                         net18 (net)
                      0.063126    0.000515   30.675385 ^ _1518_/C_N (sky130_fd_sc_hd__or3b_4)
     1    0.001704    0.106544    0.698837   31.374222 v _1518_/X (sky130_fd_sc_hd__or3b_4)
                                                         _0738_ (net)
                      0.106545    0.000117   31.374338 v _1519_/B (sky130_fd_sc_hd__and3_1)
     1    0.003625    0.077592    0.356604   31.730942 v _1519_/X (sky130_fd_sc_hd__and3_1)
                                                         _0739_ (net)
                      0.077592    0.000156   31.731098 v _1521_/C1 (sky130_fd_sc_hd__a221o_1)
     1    0.002876    0.092445    0.491070   32.222168 v _1521_/X (sky130_fd_sc_hd__a221o_1)
                                                         _0044_ (net)
                      0.092445    0.000188   32.222359 v _1635_/D (sky130_fd_sc_hd__dfrtp_1)
                                             32.222359   data arrival time

                                 25.000000   25.000000   clock clk (rise edge)
                                  0.000000   25.000000   clock source latency
     2    0.024581    0.182189    0.125949   25.125948 ^ clk (in)
                                                         clk (net)
                      0.182256    0.000000   25.125948 ^ clkbuf_0_clk/A (sky130_fd_sc_hd__clkbuf_16)
    17    0.104656    0.183408    0.368885   25.494833 ^ clkbuf_0_clk/X (sky130_fd_sc_hd__clkbuf_16)
                                                         clknet_0_clk (net)
                      0.183770    0.005725   25.500559 ^ clkbuf_3_7__f_clk/A (sky130_fd_sc_hd__clkbuf_16)
     7    0.037787    0.091424    0.298249   25.798807 ^ clkbuf_3_7__f_clk/X (sky130_fd_sc_hd__clkbuf_16)
                                                         clknet_3_7__leaf_clk (net)
                      0.091437    0.001148   25.799955 ^ _1635_/CLK (sky130_fd_sc_hd__dfrtp_1)
                                 -0.250000   25.549955   clock uncertainty
                                  0.000000   25.549955   clock reconvergence pessimism
                                 -0.280208   25.269749   library setup time
                                             25.269749   data required time
---------------------------------------------------------------------------------------------
                                             25.269749   data required time
                                            -32.222359   data arrival time
---------------------------------------------------------------------------------------------
                                             -6.952610   slack (VIOLATED)




===========================================================================
 report_check_types -max_slew -max_cap -max_fanout -violators
============================================================================
======================= max_ss_100C_1v60 Corner ===================================

max slew

Pin                                        Limit        Slew       Slack
------------------------------------------------------------------------
_1351_/Y                                0.750000    1.087939   -0.337939 (VIOLATED)
_1353_/A2                               0.750000    1.087939   -0.337939 (VIOLATED)
clone1/A2                               0.750000    1.087939   -0.337939 (VIOLATED)
_1350_/Y                                0.750000    0.835474   -0.085474 (VIOLATED)
_1376_/A1                               0.750000    0.835474   -0.085474 (VIOLATED)
_1384_/B                                0.750000    0.835474   -0.085474 (VIOLATED)
max_cap23/A                             0.750000    0.835474   -0.085474 (VIOLATED)

max fanout

Pin                                   Limit Fanout  Slack
---------------------------------------------------------
_0946_/Y                                 10     21    -11 (VIOLATED)
fanout36/X                               10     21    -11 (VIOLATED)
clkbuf_0_clk/X                           10     17     -7 (VIOLATED)
fanout59/X                               10     15     -5 (VIOLATED)
clkbuf_3_2__f_clk/X                      10     13     -3 (VIOLATED)
clkbuf_3_0__f_clk/X                      10     12     -2 (VIOLATED)
clkbuf_3_1__f_clk/X                      10     11        (VIOLATED)



===========================================================================
report_parasitic_annotation -report_unannotated
============================================================================
Found 96 unannotated drivers.
 gpio_in[10]
 gpio_in[11]
 gpio_in[12]
 gpio_in[13]
 gpio_in[14]
 gpio_in[15]
 gpio_in[16]
 gpio_in[17]
 gpio_in[18]
 gpio_in[19]
 gpio_in[20]
 gpio_in[21]
 gpio_in[22]
 gpio_in[23]
 gpio_in[24]
 gpio_in[25]
 gpio_in[26]
 gpio_in[27]
 gpio_in[28]
 gpio_in[29]
 gpio_in[30]
 gpio_in[31]
 gpio_in[32]
 gpio_in[33]
 gpio_in[4]
 gpio_in[5]
 gpio_in[6]
 gpio_in[7]
 gpio_in[8]
 gpio_in[9]
 clkload0/X
 clkload1/Y
 clkload2/Y
 clkload3/Y
 clkload4/Y
 clkload5/Y
 clkload6/Y
 team_04_100/LO
 team_04_101/LO
 team_04_102/LO
 team_04_103/LO
 team_04_104/LO
 team_04_105/LO
 team_04_106/LO
 team_04_107/LO
 team_04_108/LO
 team_04_109/LO
 team_04_110/LO
 team_04_111/LO
 team_04_112/LO
 team_04_113/LO
 team_04_114/LO
 team_04_115/LO
 team_04_116/LO
 team_04_117/LO
 team_04_118/LO
 team_04_60/HI
 team_04_61/HI
 team_04_62/HI
 team_04_63/HI
 team_04_64/HI
 team_04_65/HI
 team_04_66/HI
 team_04_67/HI
 team_04_68/HI
 team_04_69/HI
 team_04_70/HI
 team_04_71/HI
 team_04_72/HI
 team_04_73/HI
 team_04_74/HI
 team_04_75/HI
 team_04_76/HI
 team_04_77/HI
 team_04_78/HI
 team_04_79/HI
 team_04_80/HI
 team_04_81/HI
 team_04_82/HI
 team_04_83/HI
 team_04_84/HI
 team_04_85/HI
 team_04_86/HI
 team_04_87/HI
 team_04_88/HI
 team_04_89/HI
 team_04_90/HI
 team_04_91/HI
 team_04_92/HI
 team_04_93/HI
 team_04_94/LO
 team_04_95/LO
 team_04_96/LO
 team_04_97/LO
 team_04_98/LO
 team_04_99/LO
Found 0 partially unannotated drivers.

===========================================================================
max slew violation count 7
max fanout violation count 7
max cap violation count 0
============================================================================

===========================================================================
check_setup -verbose -unconstrained_endpoints -multiple_clock -no_clock -no_input_delay -loops -generated_clocks
===========================================================================
Warning: There are 59 unconstrained endpoints.
  gpio_oeb[0]
  gpio_oeb[10]
  gpio_oeb[11]
  gpio_oeb[12]
  gpio_oeb[13]
  gpio_oeb[14]
  gpio_oeb[15]
  gpio_oeb[16]
  gpio_oeb[17]
  gpio_oeb[18]
  gpio_oeb[19]
  gpio_oeb[1]
  gpio_oeb[20]
  gpio_oeb[21]
  gpio_oeb[22]
  gpio_oeb[23]
  gpio_oeb[24]
  gpio_oeb[25]
  gpio_oeb[26]
  gpio_oeb[27]
  gpio_oeb[28]
  gpio_oeb[29]
  gpio_oeb[2]
  gpio_oeb[30]
  gpio_oeb[31]
  gpio_oeb[32]
  gpio_oeb[33]
  gpio_oeb[3]
  gpio_oeb[4]
  gpio_oeb[5]
  gpio_oeb[6]
  gpio_oeb[7]
  gpio_oeb[8]
  gpio_oeb[9]
  gpio_out[0]
  gpio_out[15]
  gpio_out[16]
  gpio_out[17]
  gpio_out[18]
  gpio_out[19]
  gpio_out[1]
  gpio_out[20]
  gpio_out[21]
  gpio_out[22]
  gpio_out[23]
  gpio_out[24]
  gpio_out[25]
  gpio_out[26]
  gpio_out[27]
  gpio_out[28]
  gpio_out[29]
  gpio_out[2]
  gpio_out[30]
  gpio_out[31]
  gpio_out[32]
  gpio_out[33]
  gpio_out[3]
  gpio_out[6]
  gpio_out[7]
