Clock: clk
Sources: clk 
Generated: no
Virtual: yes
Propagated: no
Period: 25.000000

===========================================================================
report_clock_properties
============================================================================
Clock                   Period          Waveform
----------------------------------------------------
clk                  25.000000    0.000000 12.500000

===========================================================================
report_clock_latency
============================================================================
Clock clk
rise -> rise
    min     max
0.000000 0.000000 source latency
0.793765         network latency _1593_/CLK
        0.802346 network latency _1618_/CLK
---------------
0.793765 0.802346 latency
        0.008582 skew

fall -> fall
    min     max
0.000000 0.000000 source latency
0.719627         network latency _1593_/CLK
        0.726423 network latency _1586_/CLK
---------------
0.719627 0.726423 latency
        0.006796 skew



===========================================================================
report_clock_min_period
============================================================================
clk period_min = 31.95 fmax = 31.30
