
===========================================================================
report_checks -unconstrained
===========================================================================
======================= nom_tt_025C_1v80 Corner ===================================

Startpoint: en (input port clocked by clk)
Endpoint: _1653_ (recovery check against rising-edge clock clk)
Path Group: asynchronous
Path Type: max

Fanout         Cap        Slew       Delay        Time   Description
---------------------------------------------------------------------------------------------
                                  0.000000    0.000000   clock clk (rise edge)
                                  0.000000    0.000000   clock network delay (propagated)
                                  5.000000    5.000000 ^ input external delay
     2    0.004754    0.028222    0.017052    5.017052 ^ en (in)
                                                         en (net)
                      0.028222    0.000000    5.017052 ^ input1/A (sky130_fd_sc_hd__clkdlybuf4s25_1)
     1    0.002021    0.037134    0.231029    5.248081 ^ input1/X (sky130_fd_sc_hd__clkdlybuf4s25_1)
                                                         net1 (net)
                      0.037134    0.000056    5.248137 ^ _0800_/B (sky130_fd_sc_hd__and2_2)
     3    0.021831    0.122957    0.198637    5.446775 ^ _0800_/X (sky130_fd_sc_hd__and2_2)
                                                         STOPWATCH_INST.clock_div.n_rst (net)
                      0.122960    0.000832    5.447607 ^ fanout64/A (sky130_fd_sc_hd__clkdlybuf4s25_1)
    17    0.060955    0.607960    0.667544    6.115150 ^ fanout64/X (sky130_fd_sc_hd__clkdlybuf4s25_1)
                                                         net64 (net)
                      0.607960    0.000856    6.116006 ^ fanout63/A (sky130_fd_sc_hd__clkdlybuf4s25_1)
     5    0.028363    0.288553    0.529188    6.645195 ^ fanout63/X (sky130_fd_sc_hd__clkdlybuf4s25_1)
                                                         net63 (net)
                      0.288553    0.000731    6.645926 ^ fanout61/A (sky130_fd_sc_hd__clkdlybuf4s25_1)
     4    0.017998    0.188263    0.414047    7.059973 ^ fanout61/X (sky130_fd_sc_hd__clkdlybuf4s25_1)
                                                         net61 (net)
                      0.188263    0.000372    7.060345 ^ load_slew62/A (sky130_fd_sc_hd__buf_2)
     7    0.032754    0.163753    0.239071    7.299416 ^ load_slew62/X (sky130_fd_sc_hd__buf_2)
                                                         net62 (net)
                      0.163755    0.000922    7.300337 ^ _1653_/SET_B (sky130_fd_sc_hd__dfstp_2)
                                              7.300337   data arrival time

                                 25.000000   25.000000   clock clk (rise edge)
                                  0.000000   25.000000   clock source latency
     2    0.023852    0.112931    0.078197   25.078196 ^ clk (in)
                                                         clk (net)
                      0.112951    0.000000   25.078196 ^ clkbuf_0_clk/A (sky130_fd_sc_hd__clkbuf_16)
    33    0.122998    0.136136    0.222322   25.300518 ^ clkbuf_0_clk/X (sky130_fd_sc_hd__clkbuf_16)
                                                         clknet_0_clk (net)
                      0.138201    0.013284   25.313801 ^ clkbuf_4_5_0_clk/A (sky130_fd_sc_hd__clkbuf_8)
     5    0.017321    0.047615    0.161378   25.475180 ^ clkbuf_4_5_0_clk/X (sky130_fd_sc_hd__clkbuf_8)
                                                         clknet_4_5_0_clk (net)
                      0.047629    0.000764   25.475945 ^ _1653_/CLK (sky130_fd_sc_hd__dfstp_2)
                                 -0.250000   25.225945   clock uncertainty
                                  0.000000   25.225945   clock reconvergence pessimism
                                  0.125289   25.351233   library recovery time
                                             25.351233   data required time
---------------------------------------------------------------------------------------------
                                             25.351233   data required time
                                             -7.300337   data arrival time
---------------------------------------------------------------------------------------------
                                             18.050894   slack (MET)


Startpoint: _1608_ (rising edge-triggered flip-flop clocked by clk)
Endpoint: _1606_ (rising edge-triggered flip-flop clocked by clk)
Path Group: clk
Path Type: max

Fanout         Cap        Slew       Delay        Time   Description
---------------------------------------------------------------------------------------------
                                  0.000000    0.000000   clock clk (rise edge)
                                  0.000000    0.000000   clock source latency
     2    0.023852    0.112931    0.078198    0.078198 ^ clk (in)
                                                         clk (net)
                      0.112951    0.000000    0.078198 ^ clkbuf_0_clk/A (sky130_fd_sc_hd__clkbuf_16)
    33    0.122998    0.136136    0.222321    0.300518 ^ clkbuf_0_clk/X (sky130_fd_sc_hd__clkbuf_16)
                                                         clknet_0_clk (net)
                      0.136332    0.004268    0.304787 ^ clkbuf_4_11_0_clk/A (sky130_fd_sc_hd__clkbuf_8)
    11    0.027822    0.063209    0.174634    0.479421 ^ clkbuf_4_11_0_clk/X (sky130_fd_sc_hd__clkbuf_8)
                                                         clknet_4_11_0_clk (net)
                      0.063252    0.001464    0.480884 ^ _1608_/CLK (sky130_fd_sc_hd__dfrtp_2)
     2    0.009794    0.057033    0.413288    0.894172 v _1608_/Q (sky130_fd_sc_hd__dfrtp_2)
                                                         STOPWATCH_INST.clock_div.cycles[16] (net)
                      0.057033    0.000263    0.894435 v fanout50/A (sky130_fd_sc_hd__buf_8)
     2    0.012195    0.026251    0.123362    1.017797 v fanout50/X (sky130_fd_sc_hd__buf_8)
                                                         net50 (net)
                      0.026251    0.000473    1.018270 v _0904_/A1 (sky130_fd_sc_hd__o211a_4)
     2    0.008376    0.043625    0.241748    1.260018 v _0904_/X (sky130_fd_sc_hd__o211a_4)
                                                         _0161_ (net)
                      0.043625    0.000248    1.260266 v _0908_/A2 (sky130_fd_sc_hd__o211a_4)
     4    0.017269    0.055403    0.248210    1.508476 v _0908_/X (sky130_fd_sc_hd__o211a_4)
                                                         _0165_ (net)
                      0.055403    0.000641    1.509117 v _0911_/A1 (sky130_fd_sc_hd__o211ai_2)
     2    0.008854    0.171060    0.197524    1.706641 ^ _0911_/Y (sky130_fd_sc_hd__o211ai_2)
                                                         _0168_ (net)
                      0.171060    0.000281    1.706922 ^ fanout39/A (sky130_fd_sc_hd__buf_6)
     4    0.033773    0.076605    0.160419    1.867342 ^ fanout39/X (sky130_fd_sc_hd__buf_6)
                                                         net39 (net)
                      0.076608    0.000640    1.867982 ^ rebuffer127/A (sky130_fd_sc_hd__buf_8)
     6    0.035098    0.066872    0.127511    1.995493 ^ rebuffer127/X (sky130_fd_sc_hd__buf_8)
                                                         net127 (net)
                      0.066906    0.001389    1.996882 ^ _0914_/A2 (sky130_fd_sc_hd__a21oi_4)
     1    0.009216    0.043156    0.061029    2.057911 v _0914_/Y (sky130_fd_sc_hd__a21oi_4)
                                                         _0171_ (net)
                      0.043156    0.000296    2.058207 v _0915_/A (sky130_fd_sc_hd__xnor2_2)
     2    0.004742    0.071930    0.130079    2.188286 v _0915_/Y (sky130_fd_sc_hd__xnor2_2)
                                                         _0172_ (net)
                      0.071930    0.000140    2.188426 v _0941_/A (sky130_fd_sc_hd__or2_2)
     1    0.003905    0.058267    0.303234    2.491660 v _0941_/X (sky130_fd_sc_hd__or2_2)
                                                         _0198_ (net)
                      0.058267    0.000131    2.491791 v _0942_/B (sky130_fd_sc_hd__or4b_4)
     2    0.012238    0.098897    0.539793    3.031585 v _0942_/X (sky130_fd_sc_hd__or4b_4)
                                                         _0199_ (net)
                      0.098897    0.000412    3.031996 v _0961_/A1 (sky130_fd_sc_hd__a211o_4)
     3    0.017247    0.069764    0.366877    3.398873 v _0961_/X (sky130_fd_sc_hd__a211o_4)
                                                         _0218_ (net)
                      0.069764    0.000543    3.399417 v fanout32/A (sky130_fd_sc_hd__buf_8)
     5    0.034445    0.039956    0.144894    3.544310 v fanout32/X (sky130_fd_sc_hd__buf_8)
                                                         net32 (net)
                      0.039956    0.000202    3.544512 v _0980_/A1 (sky130_fd_sc_hd__a211oi_2)
     2    0.015249    0.325521    0.308773    3.853284 ^ _0980_/Y (sky130_fd_sc_hd__a211oi_2)
                                                         _0237_ (net)
                      0.325521    0.000361    3.853646 ^ _0981_/A2 (sky130_fd_sc_hd__a21oi_2)
     1    0.008314    0.078467    0.118928    3.972574 v _0981_/Y (sky130_fd_sc_hd__a21oi_2)
                                                         _0238_ (net)
                      0.078468    0.000243    3.972817 v _0982_/B (sky130_fd_sc_hd__xnor2_2)
     4    0.029569    0.397768    0.343934    4.316751 ^ _0982_/Y (sky130_fd_sc_hd__xnor2_2)
                                                         _0239_ (net)
                      0.397773    0.001168    4.317919 ^ _0984_/C (sky130_fd_sc_hd__nand3_2)
     1    0.004745    0.092954    0.117951    4.435869 v _0984_/Y (sky130_fd_sc_hd__nand3_2)
                                                         _0241_ (net)
                      0.092954    0.000105    4.435974 v _1014_/B1 (sky130_fd_sc_hd__a31o_4)
     2    0.007833    0.039941    0.225245    4.661219 v _1014_/X (sky130_fd_sc_hd__a31o_4)
                                                         _0271_ (net)
                      0.039941    0.000221    4.661440 v _1022_/A2 (sky130_fd_sc_hd__a21o_4)
     6    0.023524    0.056567    0.236571    4.898012 v _1022_/X (sky130_fd_sc_hd__a21o_4)
                                                         _0279_ (net)
                      0.056598    0.001191    4.899203 v _1039_/A1 (sky130_fd_sc_hd__a211o_4)
     1    0.016843    0.069702    0.350015    5.249218 v _1039_/X (sky130_fd_sc_hd__a211o_4)
                                                         _0296_ (net)
                      0.069702    0.000405    5.249624 v _1044_/A (sky130_fd_sc_hd__xnor2_4)
     3    0.010065    0.141437    0.181227    5.430851 ^ _1044_/Y (sky130_fd_sc_hd__xnor2_4)
                                                         _0301_ (net)
                      0.141437    0.000226    5.431077 ^ rebuffer130/A (sky130_fd_sc_hd__buf_6)
     1    0.005099    0.026277    0.112306    5.543382 ^ rebuffer130/X (sky130_fd_sc_hd__buf_6)
                                                         net130 (net)
                      0.026277    0.000150    5.543532 ^ _1060_/B1 (sky130_fd_sc_hd__a21oi_2)
     1    0.002821    0.059521    0.023544    5.567077 v _1060_/Y (sky130_fd_sc_hd__a21oi_2)
                                                         _0317_ (net)
                      0.059521    0.000058    5.567135 v _1061_/B (sky130_fd_sc_hd__or4_4)
     2    0.013003    0.099559    0.540574    6.107709 v _1061_/X (sky130_fd_sc_hd__or4_4)
                                                         _0318_ (net)
                      0.099559    0.000527    6.108235 v _1078_/A2 (sky130_fd_sc_hd__a211o_4)
     4    0.041575    0.103885    0.417714    6.525950 v _1078_/X (sky130_fd_sc_hd__a211o_4)
                                                         _0335_ (net)
                      0.103941    0.002227    6.528176 v _1088_/A2 (sky130_fd_sc_hd__a211o_4)
     1    0.016462    0.068176    0.379463    6.907640 v _1088_/X (sky130_fd_sc_hd__a211o_4)
                                                         _0345_ (net)
                      0.068176    0.000617    6.908257 v _1094_/B (sky130_fd_sc_hd__xor2_4)
     2    0.007420    0.054537    0.156391    7.064648 v _1094_/X (sky130_fd_sc_hd__xor2_4)
                                                         _0351_ (net)
                      0.054537    0.000125    7.064773 v _1096_/B1 (sky130_fd_sc_hd__o41a_4)
     2    0.009088    0.070408    0.114478    7.179251 v _1096_/X (sky130_fd_sc_hd__o41a_4)
                                                         _0353_ (net)
                      0.070408    0.000260    7.179511 v _1099_/A1 (sky130_fd_sc_hd__a21o_4)
     2    0.007992    0.037628    0.210334    7.389845 v _1099_/X (sky130_fd_sc_hd__a21o_4)
                                                         _0356_ (net)
                      0.037628    0.000158    7.390003 v _1118_/A2 (sky130_fd_sc_hd__a21o_4)
     2    0.011739    0.042341    0.217281    7.607284 v _1118_/X (sky130_fd_sc_hd__a21o_4)
                                                         _0375_ (net)
                      0.042344    0.000359    7.607643 v _1133_/A2 (sky130_fd_sc_hd__a21oi_4)
     2    0.017198    0.166554    0.191328    7.798971 ^ _1133_/Y (sky130_fd_sc_hd__a21oi_4)
                                                         _0390_ (net)
                      0.166554    0.000504    7.799475 ^ _1136_/A2 (sky130_fd_sc_hd__a21oi_4)
     2    0.008533    0.049974    0.080944    7.880419 v _1136_/Y (sky130_fd_sc_hd__a21oi_4)
                                                         _0393_ (net)
                      0.049974    0.000233    7.880652 v max_cap25/A (sky130_fd_sc_hd__buf_6)
     4    0.032673    0.042710    0.136960    8.017612 v max_cap25/X (sky130_fd_sc_hd__buf_6)
                                                         net25 (net)
                      0.042757    0.001299    8.018911 v _1153_/B1 (sky130_fd_sc_hd__a21o_2)
     1    0.016954    0.066308    0.222560    8.241471 v _1153_/X (sky130_fd_sc_hd__a21o_2)
                                                         _0410_ (net)
                      0.066312    0.000613    8.242084 v _1154_/B (sky130_fd_sc_hd__xnor2_4)
     4    0.026117    0.241634    0.232377    8.474461 ^ _1154_/Y (sky130_fd_sc_hd__xnor2_4)
                                                         _0411_ (net)
                      0.241634    0.000870    8.475330 ^ _1181_/B (sky130_fd_sc_hd__nand4b_4)
     1    0.002893    0.076944    0.109433    8.584764 v _1181_/Y (sky130_fd_sc_hd__nand4b_4)
                                                         _0438_ (net)
                      0.076944    0.000086    8.584849 v _1182_/B (sky130_fd_sc_hd__or4bb_4)
     2    0.007856    0.090886    0.531657    9.116507 v _1182_/X (sky130_fd_sc_hd__or4bb_4)
                                                         _0439_ (net)
                      0.090886    0.000231    9.116738 v _1191_/A1 (sky130_fd_sc_hd__a41o_4)
     3    0.015094    0.053526    0.244008    9.360746 v _1191_/X (sky130_fd_sc_hd__a41o_4)
                                                         _0448_ (net)
                      0.053589    0.000495    9.361241 v fanout22/A (sky130_fd_sc_hd__buf_8)
     5    0.028372    0.035798    0.133469    9.494710 v fanout22/X (sky130_fd_sc_hd__buf_8)
                                                         net22 (net)
                      0.035802    0.000409    9.495120 v rebuffer181/A (sky130_fd_sc_hd__buf_4)
     2    0.006344    0.028269    0.127785    9.622905 v rebuffer181/X (sky130_fd_sc_hd__buf_4)
                                                         net181 (net)
                      0.028269    0.000126    9.623031 v _1214_/B1 (sky130_fd_sc_hd__a22o_2)
     4    0.018068    0.077127    0.245906    9.868937 v _1214_/X (sky130_fd_sc_hd__a22o_2)
                                                         _0471_ (net)
                      0.077129    0.000530    9.869467 v _1220_/B (sky130_fd_sc_hd__xnor2_2)
     5    0.022987    0.322881    0.289409   10.158875 ^ _1220_/Y (sky130_fd_sc_hd__xnor2_2)
                                                         _0477_ (net)
                      0.322883    0.000551   10.159426 ^ _1222_/B (sky130_fd_sc_hd__nor2_2)
     2    0.005717    0.064627    0.066382   10.225807 v _1222_/Y (sky130_fd_sc_hd__nor2_2)
                                                         _0479_ (net)
                      0.064627    0.000141   10.225948 v _1233_/B (sky130_fd_sc_hd__and3_4)
     1    0.005132    0.034218    0.173143   10.399092 v _1233_/X (sky130_fd_sc_hd__and3_4)
                                                         _0490_ (net)
                      0.034218    0.000119   10.399211 v _1242_/A1 (sky130_fd_sc_hd__a211o_4)
     2    0.009006    0.056199    0.321620   10.720831 v _1242_/X (sky130_fd_sc_hd__a211o_4)
                                                         _0499_ (net)
                      0.056199    0.000388   10.721219 v _1252_/A2 (sky130_fd_sc_hd__a21o_4)
     2    0.012360    0.043289    0.226470   10.947689 v _1252_/X (sky130_fd_sc_hd__a21o_4)
                                                         _0509_ (net)
                      0.043294    0.000491   10.948180 v fanout21/A (sky130_fd_sc_hd__buf_8)
    15    0.053443    0.050807    0.145105   11.093286 v fanout21/X (sky130_fd_sc_hd__buf_8)
                                                         net21 (net)
                      0.051547    0.004777   11.098063 v _1265_/B (sky130_fd_sc_hd__xor2_2)
     2    0.005396    0.109791    0.144397   11.242459 v _1265_/X (sky130_fd_sc_hd__xor2_2)
                                                         _0522_ (net)
                      0.109791    0.000123   11.242582 v _1266_/A (sky130_fd_sc_hd__or2_4)
     2    0.013352    0.059006    0.289282   11.531865 v _1266_/X (sky130_fd_sc_hd__or2_4)
                                                         _0523_ (net)
                      0.059009    0.000524   11.532389 v _1271_/A1 (sky130_fd_sc_hd__a31o_4)
     2    0.007012    0.038957    0.221347   11.753736 v _1271_/X (sky130_fd_sc_hd__a31o_4)
                                                         _0528_ (net)
                      0.038957    0.000201   11.753937 v _1281_/A1 (sky130_fd_sc_hd__a21o_4)
     2    0.006649    0.036100    0.194800   11.948736 v _1281_/X (sky130_fd_sc_hd__a21o_4)
                                                         _0538_ (net)
                      0.036100    0.000225   11.948961 v _1304_/A2 (sky130_fd_sc_hd__a311o_2)
     2    0.007100    0.065151    0.369072   12.318033 v _1304_/X (sky130_fd_sc_hd__a311o_2)
                                                         _0561_ (net)
                      0.065151    0.000171   12.318205 v _1308_/A2 (sky130_fd_sc_hd__a21o_4)
     3    0.015557    0.048158    0.236327   12.554531 v _1308_/X (sky130_fd_sc_hd__a21o_4)
                                                         _0565_ (net)
                      0.048166    0.000614   12.555145 v rebuffer135/A (sky130_fd_sc_hd__buf_2)
     2    0.024807    0.069459    0.163563   12.718708 v rebuffer135/X (sky130_fd_sc_hd__buf_2)
                                                         net135 (net)
                      0.069459    0.000311   12.719019 v rebuffer134/A (sky130_fd_sc_hd__buf_2)
     5    0.022566    0.064584    0.169232   12.888251 v rebuffer134/X (sky130_fd_sc_hd__buf_2)
                                                         net134 (net)
                      0.064592    0.000758   12.889009 v _1347_/C (sky130_fd_sc_hd__and3_2)
     1    0.009552    0.053961    0.234749   13.123757 v _1347_/X (sky130_fd_sc_hd__and3_2)
                                                         _0604_ (net)
                      0.053962    0.000327   13.124084 v _1348_/B (sky130_fd_sc_hd__xnor2_2)
     5    0.022199    0.314000    0.273839   13.397923 ^ _1348_/Y (sky130_fd_sc_hd__xnor2_2)
                                                         _0605_ (net)
                      0.314005    0.000990   13.398913 ^ _1355_/D_N (sky130_fd_sc_hd__or4b_4)
     2    0.007691    0.090250    0.515371   13.914285 v _1355_/X (sky130_fd_sc_hd__or4b_4)
                                                         _0612_ (net)
                      0.090250    0.000190   13.914474 v _1356_/C1 (sky130_fd_sc_hd__o211a_4)
     3    0.016200    0.054367    0.173022   14.087496 v _1356_/X (sky130_fd_sc_hd__o211a_4)
                                                         _0613_ (net)
                      0.054367    0.000497   14.087994 v _1359_/A2 (sky130_fd_sc_hd__o21ba_4)
     3    0.011995    0.044232    0.206118   14.294111 v _1359_/X (sky130_fd_sc_hd__o21ba_4)
                                                         _0616_ (net)
                      0.044233    0.000240   14.294351 v _1406_/B (sky130_fd_sc_hd__or3b_4)
     2    0.005305    0.068427    0.367440   14.661791 v _1406_/X (sky130_fd_sc_hd__or3b_4)
                                                         _0657_ (net)
                      0.068427    0.000092   14.661883 v _1414_/A1 (sky130_fd_sc_hd__a221o_2)
     1    0.005476    0.060893    0.365067   15.026951 v _1414_/X (sky130_fd_sc_hd__a221o_2)
                                                         _0664_ (net)
                      0.060893    0.000217   15.027167 v _1418_/A2 (sky130_fd_sc_hd__a32o_2)
     1    0.002994    0.040022    0.263691   15.290859 v _1418_/X (sky130_fd_sc_hd__a32o_2)
                                                         _0015_ (net)
                      0.040022    0.000091   15.290950 v _1606_/D (sky130_fd_sc_hd__dfrtp_2)
                                             15.290950   data arrival time

                                 25.000000   25.000000   clock clk (rise edge)
                                  0.000000   25.000000   clock source latency
     2    0.023852    0.112931    0.078197   25.078196 ^ clk (in)
                                                         clk (net)
                      0.112951    0.000000   25.078196 ^ clkbuf_0_clk/A (sky130_fd_sc_hd__clkbuf_16)
    33    0.122998    0.136136    0.222322   25.300518 ^ clkbuf_0_clk/X (sky130_fd_sc_hd__clkbuf_16)
                                                         clknet_0_clk (net)
                      0.136332    0.004269   25.304787 ^ clkbuf_4_11_0_clk/A (sky130_fd_sc_hd__clkbuf_8)
    11    0.027822    0.063209    0.174634   25.479420 ^ clkbuf_4_11_0_clk/X (sky130_fd_sc_hd__clkbuf_8)
                                                         clknet_4_11_0_clk (net)
                      0.063249    0.001407   25.480827 ^ _1606_/CLK (sky130_fd_sc_hd__dfrtp_2)
                                 -0.250000   25.230827   clock uncertainty
                                  0.000000   25.230827   clock reconvergence pessimism
                                 -0.109091   25.121737   library setup time
                                             25.121737   data required time
---------------------------------------------------------------------------------------------
                                             25.121737   data required time
                                            -15.290950   data arrival time
---------------------------------------------------------------------------------------------
                                              9.830787   slack (MET)




===========================================================================
report_checks --slack_max -0.01
============================================================================
======================= nom_tt_025C_1v80 Corner ===================================

No paths found.


===========================================================================
 report_check_types -max_slew -max_cap -max_fanout -violators
============================================================================
======================= nom_tt_025C_1v80 Corner ===================================

max slew

Pin                                        Limit        Slew       Slack
------------------------------------------------------------------------
_1423_/B1                               0.750000    0.786781   -0.036781 (VIOLATED)
_1437_/B1                               0.750000    0.786780   -0.036780 (VIOLATED)
_1430_/B1                               0.750000    0.786780   -0.036780 (VIOLATED)
_1410_/B1                               0.750000    0.786775   -0.036775 (VIOLATED)
ANTENNA__1430__B1/DIODE                 0.750000    0.786774   -0.036774 (VIOLATED)
ANTENNA__1437__B1/DIODE                 0.750000    0.786774   -0.036774 (VIOLATED)
ANTENNA__1410__B1/DIODE                 0.750000    0.786772   -0.036773 (VIOLATED)
ANTENNA__1423__B1/DIODE                 0.750000    0.786771   -0.036771 (VIOLATED)
_1445_/B1                               0.750000    0.786766   -0.036766 (VIOLATED)
ANTENNA__1445__B1/DIODE                 0.750000    0.786755   -0.036755 (VIOLATED)
_1483_/B1                               0.750000    0.786714   -0.036714 (VIOLATED)
ANTENNA__1483__B1/DIODE                 0.750000    0.786705   -0.036705 (VIOLATED)
ANTENNA__0893__C/DIODE                  0.750000    0.786695   -0.036695 (VIOLATED)
_0894_/A2                               0.750000    0.786695   -0.036695 (VIOLATED)
ANTENNA__0894__A2/DIODE                 0.750000    0.786695   -0.036695 (VIOLATED)
_0893_/C                                0.750000    0.786695   -0.036695 (VIOLATED)
_1487_/A2                               0.750000    0.786683   -0.036684 (VIOLATED)
_1489_/A2                               0.750000    0.786682   -0.036682 (VIOLATED)
ANTENNA__1489__A2/DIODE                 0.750000    0.786682   -0.036682 (VIOLATED)
ANTENNA__1487__A2/DIODE                 0.750000    0.786681   -0.036681 (VIOLATED)
ANTENNA_fanout35_X/DIODE                0.750000    0.786679   -0.036679 (VIOLATED)
fanout35/X                              0.750000    0.786679   -0.036679 (VIOLATED)

max fanout

Pin                                   Limit Fanout  Slack
---------------------------------------------------------
clkbuf_0_clk/X                           10     33    -23 (VIOLATED)
fanout35/X                               10     21    -11 (VIOLATED)
fanout53/X                               10     21    -11 (VIOLATED)
_0892_/Y                                 10     19     -9 (VIOLATED)
fanout64/X                               10     17     -7 (VIOLATED)
load_slew58/X                            10     17     -7 (VIOLATED)
fanout21/X                               10     15     -5 (VIOLATED)
_1653_/Q                                 10     11        (VIOLATED)
clkbuf_4_11_0_clk/X                      10     11        (VIOLATED)



===========================================================================
report_parasitic_annotation -report_unannotated
============================================================================
Found 102 unannotated drivers.
 gpio_in[10]
 gpio_in[11]
 gpio_in[12]
 gpio_in[13]
 gpio_in[14]
 gpio_in[15]
 gpio_in[16]
 gpio_in[17]
 gpio_in[18]
 gpio_in[19]
 gpio_in[20]
 gpio_in[21]
 gpio_in[22]
 gpio_in[23]
 gpio_in[24]
 gpio_in[25]
 gpio_in[26]
 gpio_in[27]
 gpio_in[28]
 gpio_in[29]
 gpio_in[30]
 gpio_in[31]
 gpio_in[32]
 gpio_in[33]
 gpio_in[4]
 gpio_in[5]
 gpio_in[6]
 gpio_in[7]
 gpio_in[8]
 gpio_in[9]
 clkload0/X
 clkload1/X
 clkload10/X
 clkload11/X
 clkload12/X
 clkload2/X
 clkload3/X
 clkload4/X
 clkload5/X
 clkload6/X
 clkload7/X
 clkload8/X
 clkload9/X
 team_04/HI
 team_04_100/LO
 team_04_101/LO
 team_04_102/LO
 team_04_103/LO
 team_04_104/LO
 team_04_105/LO
 team_04_106/LO
 team_04_107/LO
 team_04_108/LO
 team_04_109/LO
 team_04_110/LO
 team_04_111/LO
 team_04_112/LO
 team_04_113/LO
 team_04_114/LO
 team_04_115/LO
 team_04_116/LO
 team_04_117/LO
 team_04_118/LO
 team_04_119/LO
 team_04_120/LO
 team_04_121/LO
 team_04_122/LO
 team_04_65/HI
 team_04_66/HI
 team_04_67/HI
 team_04_68/HI
 team_04_69/HI
 team_04_70/HI
 team_04_71/HI
 team_04_72/HI
 team_04_73/HI
 team_04_74/HI
 team_04_75/HI
 team_04_76/HI
 team_04_77/HI
 team_04_78/HI
 team_04_79/HI
 team_04_80/HI
 team_04_81/HI
 team_04_82/HI
 team_04_83/HI
 team_04_84/HI
 team_04_85/HI
 team_04_86/HI
 team_04_87/HI
 team_04_88/HI
 team_04_89/HI
 team_04_90/HI
 team_04_91/HI
 team_04_92/HI
 team_04_93/HI
 team_04_94/HI
 team_04_95/HI
 team_04_96/HI
 team_04_97/HI
 team_04_98/LO
 team_04_99/LO
Found 0 partially unannotated drivers.

===========================================================================
max slew violation count 22
max fanout violation count 9
max cap violation count 0
============================================================================

===========================================================================
check_setup -verbose -unconstrained_endpoints -multiple_clock -no_clock -no_input_delay -loops -generated_clocks
===========================================================================
