Clock: clk
Sources: clk 
Generated: no
Virtual: yes
Propagated: no
Period: 25.000000

===========================================================================
report_clock_properties
============================================================================
Clock                   Period          Waveform
----------------------------------------------------
clk                  25.000000    0.000000 12.500000

===========================================================================
report_clock_latency
============================================================================
Clock clk
rise -> rise
    min     max
0.000000 0.000000 source latency
0.455261         network latency _1593_/CLK
        0.459297 network latency _1618_/CLK
---------------
0.455261 0.459297 latency
        0.004036 skew

fall -> fall
    min     max
0.000000 0.000000 source latency
0.401022         network latency _1593_/CLK
        0.404203 network latency _1586_/CLK
---------------
0.401022 0.404203 latency
        0.003181 skew



===========================================================================
report_clock_min_period
============================================================================
clk period_min = 16.53 fmax = 60.51
