
===========================================================================
report_checks -unconstrained
===========================================================================
======================= min_tt_025C_1v80 Corner ===================================

Startpoint: nrst (input port clocked by clk)
Endpoint: _1643_ (recovery check against rising-edge clock clk)
Path Group: asynchronous
Path Type: max

Fanout         Cap        Slew       Delay        Time   Description
---------------------------------------------------------------------------------------------
                                  0.000000    0.000000   clock clk (rise edge)
                                  0.000000    0.000000   clock network delay (propagated)
                                  5.000000    5.000000 ^ input external delay
     2    0.003840    0.024245    0.013936    5.013936 ^ nrst (in)
                                                         nrst (net)
                      0.024245    0.000000    5.013936 ^ input6/A (sky130_fd_sc_hd__clkbuf_1)
     1    0.004912    0.067390    0.090267    5.104203 ^ input6/X (sky130_fd_sc_hd__clkbuf_1)
                                                         net6 (net)
                      0.067390    0.000106    5.104309 ^ _0853_/A (sky130_fd_sc_hd__and2_1)
     1    0.002212    0.041375    0.113018    5.217327 ^ _0853_/X (sky130_fd_sc_hd__and2_1)
                                                         STOPWATCH_INST.clock_div.n_rst (net)
                      0.041375    0.000020    5.217347 ^ fanout59/A (sky130_fd_sc_hd__buf_2)
    15    0.049582    0.241980    0.247017    5.464364 ^ fanout59/X (sky130_fd_sc_hd__buf_2)
                                                         net59 (net)
                      0.241982    0.000619    5.464983 ^ fanout55/A (sky130_fd_sc_hd__clkbuf_2)
     5    0.026422    0.149024    0.238169    5.703152 ^ fanout55/X (sky130_fd_sc_hd__clkbuf_2)
                                                         net55 (net)
                      0.149024    0.000376    5.703527 ^ fanout54/A (sky130_fd_sc_hd__clkbuf_4)
    10    0.048447    0.152345    0.251815    5.955342 ^ fanout54/X (sky130_fd_sc_hd__clkbuf_4)
                                                         net54 (net)
                      0.152353    0.001251    5.956594 ^ _1643_/RESET_B (sky130_fd_sc_hd__dfrtp_4)
                                              5.956594   data arrival time

                                 25.000000   25.000000   clock clk (rise edge)
                                  0.000000   25.000000   clock source latency
     2    0.022340    0.106200    0.073364   25.073362 ^ clk (in)
                                                         clk (net)
                      0.106221    0.000000   25.073362 ^ clkbuf_0_clk/A (sky130_fd_sc_hd__clkbuf_16)
    17    0.098018    0.114031    0.206953   25.280315 ^ clkbuf_0_clk/X (sky130_fd_sc_hd__clkbuf_16)
                                                         clknet_0_clk (net)
                      0.114046    0.001345   25.281660 ^ clkbuf_3_3__f_clk/A (sky130_fd_sc_hd__clkbuf_16)
    10    0.033669    0.054276    0.162501   25.444160 ^ clkbuf_3_3__f_clk/X (sky130_fd_sc_hd__clkbuf_16)
                                                         clknet_3_3__leaf_clk (net)
                      0.054277    0.000565   25.444727 ^ _1643_/CLK (sky130_fd_sc_hd__dfrtp_4)
                                 -0.250000   25.194727   clock uncertainty
                                  0.000000   25.194727   clock reconvergence pessimism
                                  0.185360   25.380087   library recovery time
                                             25.380087   data required time
---------------------------------------------------------------------------------------------
                                             25.380087   data required time
                                             -5.956594   data arrival time
---------------------------------------------------------------------------------------------
                                             19.423492   slack (MET)


Startpoint: _1641_ (rising edge-triggered flip-flop clocked by clk)
Endpoint: _1635_ (rising edge-triggered flip-flop clocked by clk)
Path Group: clk
Path Type: max

Fanout         Cap        Slew       Delay        Time   Description
---------------------------------------------------------------------------------------------
                                  0.000000    0.000000   clock clk (rise edge)
                                  0.000000    0.000000   clock source latency
     2    0.022340    0.106200    0.073363    0.073363 ^ clk (in)
                                                         clk (net)
                      0.106221    0.000000    0.073363 ^ clkbuf_0_clk/A (sky130_fd_sc_hd__clkbuf_16)
    17    0.098018    0.114031    0.206952    0.280315 ^ clkbuf_0_clk/X (sky130_fd_sc_hd__clkbuf_16)
                                                         clknet_0_clk (net)
                      0.114046    0.001345    0.281661 ^ clkbuf_3_3__f_clk/A (sky130_fd_sc_hd__clkbuf_16)
    10    0.033669    0.054276    0.162502    0.444162 ^ clkbuf_3_3__f_clk/X (sky130_fd_sc_hd__clkbuf_16)
                                                         clknet_3_3__leaf_clk (net)
                      0.054276    0.000381    0.444543 ^ _1641_/CLK (sky130_fd_sc_hd__dfrtp_1)
     3    0.010103    0.070765    0.395614    0.840157 v _1641_/Q (sky130_fd_sc_hd__dfrtp_1)
                                                         STOPWATCH_INST.clock_div.cycles[25] (net)
                      0.070765    0.000122    0.840279 v fanout42/A (sky130_fd_sc_hd__buf_6)
     5    0.017046    0.031205    0.134479    0.974758 v fanout42/X (sky130_fd_sc_hd__buf_6)
                                                         net42 (net)
                      0.031208    0.000297    0.975056 v _0941_/A (sky130_fd_sc_hd__or3_4)
     1    0.002979    0.061580    0.365531    1.340587 v _0941_/X (sky130_fd_sc_hd__or3_4)
                                                         _0180_ (net)
                      0.061580    0.000019    1.340606 v _0973_/A (sky130_fd_sc_hd__or4_4)
     2    0.013279    0.100008    0.563069    1.903675 v _0973_/X (sky130_fd_sc_hd__or4_4)
                                                         _0205_ (net)
                      0.100008    0.000113    1.903788 v _0975_/B1 (sky130_fd_sc_hd__a21o_4)
     5    0.027268    0.060831    0.235385    2.139173 v _0975_/X (sky130_fd_sc_hd__a21o_4)
                                                         _0207_ (net)
                      0.060832    0.000380    2.139552 v _0981_/A2 (sky130_fd_sc_hd__a21oi_1)
     1    0.008833    0.215961    0.227448    2.367001 ^ _0981_/Y (sky130_fd_sc_hd__a21oi_1)
                                                         _0213_ (net)
                      0.215961    0.000085    2.367086 ^ _0982_/B (sky130_fd_sc_hd__xnor2_2)
     3    0.015304    0.092926    0.128983    2.496069 v _0982_/Y (sky130_fd_sc_hd__xnor2_2)
                                                         _0214_ (net)
                      0.092926    0.000142    2.496211 v _0992_/A (sky130_fd_sc_hd__or4_4)
     2    0.005336    0.085812    0.546175    3.042386 v _0992_/X (sky130_fd_sc_hd__or4_4)
                                                         _0224_ (net)
                      0.085812    0.000046    3.042432 v _1002_/A1 (sky130_fd_sc_hd__a41o_1)
     1    0.002300    0.037500    0.185356    3.227788 v _1002_/X (sky130_fd_sc_hd__a41o_1)
                                                         _0234_ (net)
                      0.037500    0.000008    3.227796 v _1020_/A2 (sky130_fd_sc_hd__a21o_1)
     3    0.011071    0.066698    0.205566    3.433362 v _1020_/X (sky130_fd_sc_hd__a21o_1)
                                                         _0252_ (net)
                      0.066698    0.000162    3.433525 v clone15/A (sky130_fd_sc_hd__clkbuf_1)
     5    0.017893    0.107877    0.163114    3.596638 v clone15/X (sky130_fd_sc_hd__clkbuf_1)
                                                         net133 (net)
                      0.107877    0.000073    3.596712 v _1037_/A1 (sky130_fd_sc_hd__a21o_1)
     1    0.008832    0.058523    0.203958    3.800670 v _1037_/X (sky130_fd_sc_hd__a21o_1)
                                                         _0269_ (net)
                      0.058523    0.000098    3.800768 v _1038_/B (sky130_fd_sc_hd__xnor2_2)
     4    0.015419    0.237285    0.219373    4.020142 ^ _1038_/Y (sky130_fd_sc_hd__xnor2_2)
                                                         _0270_ (net)
                      0.237285    0.000137    4.020279 ^ _1049_/B (sky130_fd_sc_hd__nand3_1)
     1    0.002701    0.086981    0.106235    4.126513 v _1049_/Y (sky130_fd_sc_hd__nand3_1)
                                                         _0281_ (net)
                      0.086981    0.000015    4.126529 v _1061_/A (sky130_fd_sc_hd__or4bb_4)
     2    0.006545    0.088568    0.551849    4.678378 v _1061_/X (sky130_fd_sc_hd__or4bb_4)
                                                         _0293_ (net)
                      0.088568    0.000080    4.678458 v _1071_/A3 (sky130_fd_sc_hd__a311o_1)
     2    0.006376    0.070756    0.382403    5.060861 v _1071_/X (sky130_fd_sc_hd__a311o_1)
                                                         _0303_ (net)
                      0.070756    0.000050    5.060911 v _1080_/A2 (sky130_fd_sc_hd__a21o_1)
     3    0.014625    0.081083    0.232012    5.292923 v _1080_/X (sky130_fd_sc_hd__a21o_1)
                                                         _0312_ (net)
                      0.081083    0.000183    5.293107 v fanout30/A (sky130_fd_sc_hd__buf_6)
     5    0.019416    0.032814    0.141863    5.434970 v fanout30/X (sky130_fd_sc_hd__buf_6)
                                                         net30 (net)
                      0.032817    0.000368    5.435338 v _1093_/A2 (sky130_fd_sc_hd__a221o_1)
     1    0.008533    0.080517    0.371226    5.806564 v _1093_/X (sky130_fd_sc_hd__a221o_1)
                                                         _0325_ (net)
                      0.080517    0.000075    5.806639 v _1094_/A (sky130_fd_sc_hd__xnor2_2)
     4    0.015123    0.233972    0.251481    6.058119 ^ _1094_/Y (sky130_fd_sc_hd__xnor2_2)
                                                         _0326_ (net)
                      0.233972    0.000273    6.058392 ^ _1095_/A (sky130_fd_sc_hd__or2_4)
     2    0.005432    0.038623    0.167189    6.225582 ^ _1095_/X (sky130_fd_sc_hd__or2_4)
                                                         _0327_ (net)
                      0.038623    0.000037    6.225619 ^ rebuffer19/A (sky130_fd_sc_hd__dlymetal6s4s_1)
     1    0.003443    0.063148    0.176346    6.401965 ^ rebuffer19/X (sky130_fd_sc_hd__dlymetal6s4s_1)
                                                         net137 (net)
                      0.063148    0.000036    6.402001 ^ _1110_/A2 (sky130_fd_sc_hd__o221a_1)
     2    0.006413    0.085186    0.201763    6.603764 ^ _1110_/X (sky130_fd_sc_hd__o221a_1)
                                                         _0342_ (net)
                      0.085186    0.000060    6.603824 ^ _1130_/A2 (sky130_fd_sc_hd__a21o_1)
     3    0.012061    0.111699    0.171734    6.775558 ^ _1130_/X (sky130_fd_sc_hd__a21o_1)
                                                         _0362_ (net)
                      0.111699    0.000182    6.775740 ^ rebuffer2/A (sky130_fd_sc_hd__clkbuf_2)
     2    0.015508    0.091397    0.163333    6.939073 ^ rebuffer2/X (sky130_fd_sc_hd__clkbuf_2)
                                                         net120 (net)
                      0.091397    0.000184    6.939257 ^ _1132_/A (sky130_fd_sc_hd__nand3_4)
     5    0.022597    0.110147    0.104821    7.044078 v _1132_/Y (sky130_fd_sc_hd__nand3_4)
                                                         _0364_ (net)
                      0.110147    0.000251    7.044329 v _1151_/C (sky130_fd_sc_hd__and3_1)
     3    0.014453    0.085450    0.254976    7.299305 v _1151_/X (sky130_fd_sc_hd__and3_1)
                                                         _0383_ (net)
                      0.085450    0.000122    7.299427 v _1156_/B (sky130_fd_sc_hd__or4b_4)
     2    0.009790    0.093914    0.540797    7.840224 v _1156_/X (sky130_fd_sc_hd__or4b_4)
                                                         _0388_ (net)
                      0.093914    0.000169    7.840393 v _1164_/A3 (sky130_fd_sc_hd__a31o_4)
     4    0.017454    0.052380    0.279592    8.119985 v _1164_/X (sky130_fd_sc_hd__a31o_4)
                                                         _0396_ (net)
                      0.052380    0.000239    8.120224 v _1170_/A2 (sky130_fd_sc_hd__a21o_1)
     5    0.014059    0.078760    0.222736    8.342959 v _1170_/X (sky130_fd_sc_hd__a21o_1)
                                                         _0402_ (net)
                      0.078760    0.000206    8.343165 v _1185_/A2 (sky130_fd_sc_hd__a211o_4)
     4    0.016252    0.067683    0.368988    8.712153 v _1185_/X (sky130_fd_sc_hd__a211o_4)
                                                         _0417_ (net)
                      0.067683    0.000120    8.712273 v _1189_/A2 (sky130_fd_sc_hd__o21bai_4)
     3    0.014627    0.146657    0.154667    8.866940 ^ _1189_/Y (sky130_fd_sc_hd__o21bai_4)
                                                         _0421_ (net)
                      0.146657    0.000227    8.867167 ^ fanout28/A (sky130_fd_sc_hd__buf_6)
     5    0.028086    0.066011    0.148147    9.015315 ^ fanout28/X (sky130_fd_sc_hd__buf_6)
                                                         net28 (net)
                      0.066011    0.000178    9.015492 ^ _1209_/A1 (sky130_fd_sc_hd__a21oi_4)
     2    0.005717    0.068796    0.050999    9.066492 v _1209_/Y (sky130_fd_sc_hd__a21oi_4)
                                                         _0441_ (net)
                      0.068796    0.000045    9.066537 v _1215_/C (sky130_fd_sc_hd__or4_4)
     4    0.015290    0.104040    0.519957    9.586493 v _1215_/X (sky130_fd_sc_hd__or4_4)
                                                         _0447_ (net)
                      0.104110    0.000312    9.586805 v _1235_/A_N (sky130_fd_sc_hd__and4bb_1)
     1    0.002000    0.052586    0.256041    9.842847 ^ _1235_/X (sky130_fd_sc_hd__and4bb_1)
                                                         _0467_ (net)
                      0.052586    0.000011    9.842857 ^ _1236_/A (sky130_fd_sc_hd__and4_1)
     3    0.015904    0.166696    0.256923   10.099781 ^ _1236_/X (sky130_fd_sc_hd__and4_1)
                                                         _0468_ (net)
                      0.166696    0.000215   10.099996 ^ _1243_/A3 (sky130_fd_sc_hd__o31ai_4)
     5    0.015690    0.084187    0.092897   10.192893 v _1243_/Y (sky130_fd_sc_hd__o31ai_4)
                                                         _0475_ (net)
                      0.084187    0.000117   10.193010 v fanout26/A (sky130_fd_sc_hd__buf_6)
     5    0.025306    0.037048    0.147693   10.340703 v fanout26/X (sky130_fd_sc_hd__buf_6)
                                                         net26 (net)
                      0.037066    0.000738   10.341441 v _1293_/A2 (sky130_fd_sc_hd__a2111o_1)
     1    0.004825    0.069031    0.410424   10.751864 v _1293_/X (sky130_fd_sc_hd__a2111o_1)
                                                         _0525_ (net)
                      0.069031    0.000025   10.751889 v _1296_/B2 (sky130_fd_sc_hd__a22o_4)
     4    0.013886    0.051828    0.244543   10.996432 v _1296_/X (sky130_fd_sc_hd__a22o_4)
                                                         _0528_ (net)
                      0.051828    0.000117   10.996550 v _1297_/A1 (sky130_fd_sc_hd__a2111o_1)
     1    0.003571    0.063367    0.362434   11.358983 v _1297_/X (sky130_fd_sc_hd__a2111o_1)
                                                         _0529_ (net)
                      0.063367    0.000045   11.359029 v _1299_/A1 (sky130_fd_sc_hd__a41o_1)
     1    0.002437    0.038132    0.176721   11.535749 v _1299_/X (sky130_fd_sc_hd__a41o_1)
                                                         _0531_ (net)
                      0.038132    0.000011   11.535760 v _1300_/B1 (sky130_fd_sc_hd__a41o_1)
     3    0.011048    0.073906    0.236637   11.772398 v _1300_/X (sky130_fd_sc_hd__a41o_1)
                                                         _0532_ (net)
                      0.073906    0.000145   11.772542 v _1302_/A2 (sky130_fd_sc_hd__a21bo_4)
     4    0.018411    0.052969    0.245555   12.018097 v _1302_/X (sky130_fd_sc_hd__a21bo_4)
                                                         _0534_ (net)
                      0.052969    0.000245   12.018342 v fanout25/A (sky130_fd_sc_hd__buf_8)
     6    0.031709    0.038094    0.135389   12.153730 v fanout25/X (sky130_fd_sc_hd__buf_8)
                                                         net25 (net)
                      0.038099    0.000482   12.154213 v fanout24/A (sky130_fd_sc_hd__buf_8)
     5    0.015531    0.028101    0.117454   12.271667 v fanout24/X (sky130_fd_sc_hd__buf_8)
                                                         net24 (net)
                      0.028101    0.000235   12.271903 v _1310_/A2 (sky130_fd_sc_hd__a21o_1)
     2    0.005344    0.043710    0.176593   12.448496 v _1310_/X (sky130_fd_sc_hd__a21o_1)
                                                         _0542_ (net)
                      0.043710    0.000052   12.448548 v _1316_/A2 (sky130_fd_sc_hd__a2111o_1)
     3    0.010240    0.095601    0.449353   12.897901 v _1316_/X (sky130_fd_sc_hd__a2111o_1)
                                                         _0548_ (net)
                      0.095601    0.000180   12.898081 v _1333_/C (sky130_fd_sc_hd__or4_4)
     2    0.015702    0.105294    0.530457   13.428538 v _1333_/X (sky130_fd_sc_hd__or4_4)
                                                         _0565_ (net)
                      0.105294    0.000368   13.428906 v _1352_/B (sky130_fd_sc_hd__nor4_4)
     2    0.013104    0.288222    0.343453   13.772360 ^ _1352_/Y (sky130_fd_sc_hd__nor4_4)
                                                         _0584_ (net)
                      0.288222    0.000103   13.772463 ^ _1353_/A1 (sky130_fd_sc_hd__a31oi_4)
     5    0.019885    0.160152    0.172123   13.944586 v _1353_/Y (sky130_fd_sc_hd__a31oi_4)
                                                         _0585_ (net)
                      0.160154    0.000506   13.945091 v _1366_/A2 (sky130_fd_sc_hd__a21o_1)
     3    0.012753    0.073611    0.259115   14.204206 v _1366_/X (sky130_fd_sc_hd__a21o_1)
                                                         _0598_ (net)
                      0.073611    0.000034   14.204240 v _1373_/B (sky130_fd_sc_hd__xor2_2)
     3    0.008860    0.085053    0.163674   14.367913 v _1373_/X (sky130_fd_sc_hd__xor2_2)
                                                         _0605_ (net)
                      0.085053    0.000050   14.367963 v _1377_/A1 (sky130_fd_sc_hd__o31a_1)
     3    0.006441    0.063613    0.324264   14.692227 v _1377_/X (sky130_fd_sc_hd__o31a_1)
                                                         _0609_ (net)
                      0.063613    0.000057   14.692285 v _1389_/A2 (sky130_fd_sc_hd__a41o_1)
     6    0.019538    0.110577    0.283367   14.975652 v _1389_/X (sky130_fd_sc_hd__a41o_1)
                                                         _0621_ (net)
                      0.110577    0.000284   14.975936 v _1407_/A2 (sky130_fd_sc_hd__a211o_1)
     4    0.013527    0.094317    0.367010   15.342945 v _1407_/X (sky130_fd_sc_hd__a211o_1)
                                                         _0639_ (net)
                      0.094317    0.000052   15.342997 v _1418_/A2 (sky130_fd_sc_hd__o21ai_2)
     1    0.005539    0.110543    0.139117   15.482114 ^ _1418_/Y (sky130_fd_sc_hd__o21ai_2)
                                                         _0650_ (net)
                      0.110543    0.000055   15.482169 ^ fanout19/A (sky130_fd_sc_hd__buf_6)
     8    0.032839    0.074379    0.145437   15.627606 ^ fanout19/X (sky130_fd_sc_hd__buf_6)
                                                         net19 (net)
                      0.074379    0.000361   15.627967 ^ fanout18/A (sky130_fd_sc_hd__buf_8)
     5    0.014933    0.037658    0.104011   15.731978 ^ fanout18/X (sky130_fd_sc_hd__buf_8)
                                                         net18 (net)
                      0.037658    0.000105   15.732082 ^ _1518_/C_N (sky130_fd_sc_hd__or3b_4)
     1    0.001700    0.059469    0.349921   16.082005 v _1518_/X (sky130_fd_sc_hd__or3b_4)
                                                         _0738_ (net)
                      0.059469    0.000014   16.082018 v _1519_/B (sky130_fd_sc_hd__and3_1)
     1    0.003313    0.039181    0.167809   16.249826 v _1519_/X (sky130_fd_sc_hd__and3_1)
                                                         _0739_ (net)
                      0.039181    0.000030   16.249857 v _1521_/C1 (sky130_fd_sc_hd__a221o_1)
     1    0.002756    0.051482    0.252708   16.502565 v _1521_/X (sky130_fd_sc_hd__a221o_1)
                                                         _0044_ (net)
                      0.051482    0.000030   16.502596 v _1635_/D (sky130_fd_sc_hd__dfrtp_1)
                                             16.502596   data arrival time

                                 25.000000   25.000000   clock clk (rise edge)
                                  0.000000   25.000000   clock source latency
     2    0.022340    0.106200    0.073364   25.073362 ^ clk (in)
                                                         clk (net)
                      0.106221    0.000000   25.073362 ^ clkbuf_0_clk/A (sky130_fd_sc_hd__clkbuf_16)
    17    0.098018    0.114031    0.206953   25.280315 ^ clkbuf_0_clk/X (sky130_fd_sc_hd__clkbuf_16)
                                                         clknet_0_clk (net)
                      0.114043    0.001249   25.281565 ^ clkbuf_3_7__f_clk/A (sky130_fd_sc_hd__clkbuf_16)
     7    0.035870    0.056180    0.164153   25.445717 ^ clkbuf_3_7__f_clk/X (sky130_fd_sc_hd__clkbuf_16)
                                                         clknet_3_7__leaf_clk (net)
                      0.056186    0.000108   25.445826 ^ _1635_/CLK (sky130_fd_sc_hd__dfrtp_1)
                                 -0.250000   25.195827   clock uncertainty
                                  0.000000   25.195827   clock reconvergence pessimism
                                 -0.114540   25.081285   library setup time
                                             25.081285   data required time
---------------------------------------------------------------------------------------------
                                             25.081285   data required time
                                            -16.502596   data arrival time
---------------------------------------------------------------------------------------------
                                              8.578690   slack (MET)




===========================================================================
report_checks --slack_max -0.01
============================================================================
======================= min_tt_025C_1v80 Corner ===================================

No paths found.


===========================================================================
 report_check_types -max_slew -max_cap -max_fanout -violators
============================================================================
======================= min_tt_025C_1v80 Corner ===================================

max fanout

Pin                                   Limit Fanout  Slack
---------------------------------------------------------
_0946_/Y                                 10     21    -11 (VIOLATED)
fanout36/X                               10     21    -11 (VIOLATED)
clkbuf_0_clk/X                           10     17     -7 (VIOLATED)
fanout59/X                               10     15     -5 (VIOLATED)
clkbuf_3_2__f_clk/X                      10     13     -3 (VIOLATED)
clkbuf_3_0__f_clk/X                      10     12     -2 (VIOLATED)
clkbuf_3_1__f_clk/X                      10     11        (VIOLATED)



===========================================================================
report_parasitic_annotation -report_unannotated
============================================================================
Found 96 unannotated drivers.
 gpio_in[10]
 gpio_in[11]
 gpio_in[12]
 gpio_in[13]
 gpio_in[14]
 gpio_in[15]
 gpio_in[16]
 gpio_in[17]
 gpio_in[18]
 gpio_in[19]
 gpio_in[20]
 gpio_in[21]
 gpio_in[22]
 gpio_in[23]
 gpio_in[24]
 gpio_in[25]
 gpio_in[26]
 gpio_in[27]
 gpio_in[28]
 gpio_in[29]
 gpio_in[30]
 gpio_in[31]
 gpio_in[32]
 gpio_in[33]
 gpio_in[4]
 gpio_in[5]
 gpio_in[6]
 gpio_in[7]
 gpio_in[8]
 gpio_in[9]
 clkload0/X
 clkload1/Y
 clkload2/Y
 clkload3/Y
 clkload4/Y
 clkload5/Y
 clkload6/Y
 team_04_100/LO
 team_04_101/LO
 team_04_102/LO
 team_04_103/LO
 team_04_104/LO
 team_04_105/LO
 team_04_106/LO
 team_04_107/LO
 team_04_108/LO
 team_04_109/LO
 team_04_110/LO
 team_04_111/LO
 team_04_112/LO
 team_04_113/LO
 team_04_114/LO
 team_04_115/LO
 team_04_116/LO
 team_04_117/LO
 team_04_118/LO
 team_04_60/HI
 team_04_61/HI
 team_04_62/HI
 team_04_63/HI
 team_04_64/HI
 team_04_65/HI
 team_04_66/HI
 team_04_67/HI
 team_04_68/HI
 team_04_69/HI
 team_04_70/HI
 team_04_71/HI
 team_04_72/HI
 team_04_73/HI
 team_04_74/HI
 team_04_75/HI
 team_04_76/HI
 team_04_77/HI
 team_04_78/HI
 team_04_79/HI
 team_04_80/HI
 team_04_81/HI
 team_04_82/HI
 team_04_83/HI
 team_04_84/HI
 team_04_85/HI
 team_04_86/HI
 team_04_87/HI
 team_04_88/HI
 team_04_89/HI
 team_04_90/HI
 team_04_91/HI
 team_04_92/HI
 team_04_93/HI
 team_04_94/LO
 team_04_95/LO
 team_04_96/LO
 team_04_97/LO
 team_04_98/LO
 team_04_99/LO
Found 0 partially unannotated drivers.

===========================================================================
max slew violation count 0
max fanout violation count 7
max cap violation count 0
============================================================================

===========================================================================
check_setup -verbose -unconstrained_endpoints -multiple_clock -no_clock -no_input_delay -loops -generated_clocks
===========================================================================
Warning: There are 59 unconstrained endpoints.
  gpio_oeb[0]
  gpio_oeb[10]
  gpio_oeb[11]
  gpio_oeb[12]
  gpio_oeb[13]
  gpio_oeb[14]
  gpio_oeb[15]
  gpio_oeb[16]
  gpio_oeb[17]
  gpio_oeb[18]
  gpio_oeb[19]
  gpio_oeb[1]
  gpio_oeb[20]
  gpio_oeb[21]
  gpio_oeb[22]
  gpio_oeb[23]
  gpio_oeb[24]
  gpio_oeb[25]
  gpio_oeb[26]
  gpio_oeb[27]
  gpio_oeb[28]
  gpio_oeb[29]
  gpio_oeb[2]
  gpio_oeb[30]
  gpio_oeb[31]
  gpio_oeb[32]
  gpio_oeb[33]
  gpio_oeb[3]
  gpio_oeb[4]
  gpio_oeb[5]
  gpio_oeb[6]
  gpio_oeb[7]
  gpio_oeb[8]
  gpio_oeb[9]
  gpio_out[0]
  gpio_out[15]
  gpio_out[16]
  gpio_out[17]
  gpio_out[18]
  gpio_out[19]
  gpio_out[1]
  gpio_out[20]
  gpio_out[21]
  gpio_out[22]
  gpio_out[23]
  gpio_out[24]
  gpio_out[25]
  gpio_out[26]
  gpio_out[27]
  gpio_out[28]
  gpio_out[29]
  gpio_out[2]
  gpio_out[30]
  gpio_out[31]
  gpio_out[32]
  gpio_out[33]
  gpio_out[3]
  gpio_out[6]
  gpio_out[7]
