Clock: clk
Sources: clk 
Generated: no
Virtual: yes
Propagated: no
Period: 25.000000

===========================================================================
report_clock_properties
============================================================================
Clock                   Period          Waveform
----------------------------------------------------
clk                  25.000000    0.000000 12.500000

===========================================================================
report_clock_latency
============================================================================
Clock clk
rise -> rise
    min     max
0.000000 0.000000 source latency
0.452493         network latency _1645_/CLK
        0.470536 network latency _1608_/CLK
---------------
0.452493 0.470536 latency
        0.018043 skew

fall -> fall
    min     max
0.000000 0.000000 source latency
0.391709         network latency _1645_/CLK
        0.406185 network latency _1608_/CLK
---------------
0.391709 0.406185 latency
        0.014476 skew



===========================================================================
report_clock_min_period
============================================================================
clk period_min = 15.09 fmax = 66.28
