
===========================================================================
report_checks -unconstrained
===========================================================================
======================= max_ff_n40C_1v95 Corner ===================================

Startpoint: en (input port clocked by clk)
Endpoint: _0988_ (recovery check against rising-edge clock clk)
Path Group: asynchronous
Path Type: max

Fanout         Cap        Slew       Delay        Time   Description
---------------------------------------------------------------------------------------------
                                  0.000000    0.000000   clock clk (rise edge)
                                  0.000000    0.000000   clock network delay (propagated)
                                  5.000000    5.000000 ^ input external delay
     2    0.004919    0.021409    0.012849    5.012849 ^ en (in)
                                                         en (net)
                      0.021412    0.000000    5.012849 ^ input1/A (sky130_fd_sc_hd__clkbuf_1)
     1    0.001959    0.025301    0.044644    5.057493 ^ input1/X (sky130_fd_sc_hd__clkbuf_1)
                                                         net1 (net)
                      0.025301    0.000138    5.057631 ^ _0719_/B (sky130_fd_sc_hd__and2_1)
     3    0.023187    0.173350    0.169864    5.227494 ^ _0719_/X (sky130_fd_sc_hd__and2_1)
                                                         SYNTH_INST.keypad.n_rst (net)
                      0.173391    0.002200    5.229694 ^ fanout53/A (sky130_fd_sc_hd__buf_2)
     7    0.046602    0.171998    0.193951    5.423645 ^ fanout53/X (sky130_fd_sc_hd__buf_2)
                                                         net53 (net)
                      0.172011    0.001253    5.424899 ^ fanout52/A (sky130_fd_sc_hd__clkbuf_4)
    10    0.050095    0.119272    0.181668    5.606566 ^ fanout52/X (sky130_fd_sc_hd__clkbuf_4)
                                                         net52 (net)
                      0.119466    0.003948    5.610515 ^ fanout51/A (sky130_fd_sc_hd__clkbuf_4)
    10    0.045329    0.108438    0.165674    5.776188 ^ fanout51/X (sky130_fd_sc_hd__clkbuf_4)
                                                         net51 (net)
                      0.108481    0.001791    5.777979 ^ _0988_/RESET_B (sky130_fd_sc_hd__dfrtp_4)
                                              5.777979   data arrival time

                                 25.000000   25.000000   clock clk (rise edge)
                                  0.000000   25.000000   clock source latency
     2    0.021397    0.076369    0.052516   25.052515 ^ clk (in)
                                                         clk (net)
                      0.076390    0.000000   25.052515 ^ clkbuf_0_clk/A (sky130_fd_sc_hd__clkbuf_16)
    33    0.148761    0.124775    0.163983   25.216497 ^ clkbuf_0_clk/X (sky130_fd_sc_hd__clkbuf_16)
                                                         clknet_0_clk (net)
                      0.125692    0.008564   25.225061 ^ clkbuf_4_6_0_clk/A (sky130_fd_sc_hd__clkbuf_8)
    10    0.032855    0.053491    0.125077   25.350140 ^ clkbuf_4_6_0_clk/X (sky130_fd_sc_hd__clkbuf_8)
                                                         clknet_4_6_0_clk (net)
                      0.053535    0.001396   25.351536 ^ _0988_/CLK (sky130_fd_sc_hd__dfrtp_4)
                                 -0.250000   25.101536   clock uncertainty
                                  0.000000   25.101536   clock reconvergence pessimism
                                  0.110240   25.211777   library recovery time
                                             25.211777   data required time
---------------------------------------------------------------------------------------------
                                             25.211777   data required time
                                             -5.777979   data arrival time
---------------------------------------------------------------------------------------------
                                             19.433798   slack (MET)


Startpoint: gpio_in[11] (input port clocked by clk)
Endpoint: gpio_out[14] (output port clocked by clk)
Path Group: clk
Path Type: max

Fanout         Cap        Slew       Delay        Time   Description
---------------------------------------------------------------------------------------------
                                  0.000000    0.000000   clock clk (rise edge)
                                  0.000000    0.000000   clock network delay (propagated)
                                  5.000000    5.000000 v input external delay
     2    0.004009    0.006502    0.003384    5.003384 v gpio_in[11] (in)
                                                         gpio_in[11] (net)
                      0.006510    0.000000    5.003384 v input4/A (sky130_fd_sc_hd__clkbuf_1)
     2    0.005868    0.029187    0.057071    5.060455 v input4/X (sky130_fd_sc_hd__clkbuf_1)
                                                         net4 (net)
                      0.029188    0.000220    5.060675 v _0673_/A (sky130_fd_sc_hd__or4_1)
     1    0.003992    0.059600    0.299060    5.359735 v _0673_/X (sky130_fd_sc_hd__or4_1)
                                                         _0280_ (net)
                      0.059600    0.000264    5.359999 v _0676_/A (sky130_fd_sc_hd__or3_1)
     1    0.007101    0.059188    0.237837    5.597836 v _0676_/X (sky130_fd_sc_hd__or3_1)
                                                         _0283_ (net)
                      0.059191    0.000516    5.598352 v _0677_/A3 (sky130_fd_sc_hd__o31a_1)
     1    0.004482    0.039880    0.156026    5.754378 v _0677_/X (sky130_fd_sc_hd__o31a_1)
                                                         SYNTH_INST.pwm (net)
                      0.039893    0.000295    5.754674 v _1115_/A (sky130_fd_sc_hd__clkbuf_1)
     1    0.002026    0.015829    0.057169    5.811843 v _1115_/X (sky130_fd_sc_hd__clkbuf_1)
                                                         net17 (net)
                      0.015831    0.000144    5.811987 v output17/A (sky130_fd_sc_hd__buf_2)
     1    0.034552    0.063161    0.111519    5.923506 v output17/X (sky130_fd_sc_hd__buf_2)
                                                         gpio_out[14] (net)
                      0.063215    0.001668    5.925173 v gpio_out[14] (out)
                                              5.925173   data arrival time

                                 25.000000   25.000000   clock clk (rise edge)
                                  0.000000   25.000000   clock network delay (propagated)
                                 -0.250000   24.750000   clock uncertainty
                                  0.000000   24.750000   clock reconvergence pessimism
                                 -5.000000   19.750000   output external delay
                                             19.750000   data required time
---------------------------------------------------------------------------------------------
                                             19.750000   data required time
                                             -5.925173   data arrival time
---------------------------------------------------------------------------------------------
                                             13.824826   slack (MET)




===========================================================================
report_checks --slack_max -0.01
============================================================================
======================= max_ff_n40C_1v95 Corner ===================================

No paths found.


===========================================================================
 report_check_types -max_slew -max_cap -max_fanout -violators
============================================================================
======================= max_ff_n40C_1v95 Corner ===================================

max fanout

Pin                                   Limit Fanout  Slack
---------------------------------------------------------
clkbuf_0_clk/X                           10     33    -23 (VIOLATED)
fanout40/X                               10     21    -11 (VIOLATED)
fanout27/X                               10     19     -9 (VIOLATED)
fanout48/X                               10     19     -9 (VIOLATED)
fanout29/X                               10     17     -7 (VIOLATED)
clkbuf_4_13_0_clk/X                      10     11        (VIOLATED)
clkbuf_4_14_0_clk/X                      10     11        (VIOLATED)
clkbuf_4_4_0_clk/X                       10     11        (VIOLATED)
clkbuf_4_7_0_clk/X                       10     11        (VIOLATED)
fanout43/X                               10     11        (VIOLATED)



===========================================================================
report_parasitic_annotation -report_unannotated
============================================================================
Found 105 unannotated drivers.
 gpio_in[14]
 gpio_in[15]
 gpio_in[16]
 gpio_in[17]
 gpio_in[18]
 gpio_in[19]
 gpio_in[20]
 gpio_in[21]
 gpio_in[22]
 gpio_in[23]
 gpio_in[24]
 gpio_in[25]
 gpio_in[26]
 gpio_in[27]
 gpio_in[28]
 gpio_in[29]
 gpio_in[30]
 gpio_in[31]
 gpio_in[32]
 gpio_in[33]
 _0930__98/HI
 _0931__97/HI
 _0947__96/HI
 clkload0/Y
 clkload1/Y
 clkload10/Y
 clkload11/X
 clkload12/X
 clkload13/X
 clkload14/Y
 clkload2/Y
 clkload3/Y
 clkload4/Y
 clkload5/X
 clkload6/X
 clkload7/Y
 clkload8/Y
 clkload9/Y
 team_05_100/LO
 team_05_101/LO
 team_05_102/LO
 team_05_103/LO
 team_05_104/LO
 team_05_105/LO
 team_05_106/LO
 team_05_107/LO
 team_05_108/LO
 team_05_109/LO
 team_05_110/LO
 team_05_111/LO
 team_05_112/LO
 team_05_113/LO
 team_05_114/LO
 team_05_115/LO
 team_05_116/LO
 team_05_117/LO
 team_05_118/LO
 team_05_119/LO
 team_05_120/LO
 team_05_121/LO
 team_05_122/LO
 team_05_123/LO
 team_05_124/LO
 team_05_125/LO
 team_05_126/LO
 team_05_127/LO
 team_05_128/LO
 team_05_129/LO
 team_05_130/LO
 team_05_131/LO
 team_05_62/HI
 team_05_63/HI
 team_05_64/HI
 team_05_65/HI
 team_05_66/HI
 team_05_67/HI
 team_05_68/HI
 team_05_69/HI
 team_05_70/HI
 team_05_71/HI
 team_05_72/HI
 team_05_73/HI
 team_05_74/HI
 team_05_75/HI
 team_05_76/HI
 team_05_77/HI
 team_05_78/HI
 team_05_79/HI
 team_05_80/HI
 team_05_81/HI
 team_05_82/HI
 team_05_83/HI
 team_05_84/HI
 team_05_85/HI
 team_05_86/HI
 team_05_87/HI
 team_05_88/HI
 team_05_89/HI
 team_05_90/HI
 team_05_91/HI
 team_05_92/HI
 team_05_93/HI
 team_05_94/HI
 team_05_95/HI
 team_05_99/LO
Found 0 partially unannotated drivers.

===========================================================================
max slew violation count 0
max fanout violation count 10
max cap violation count 0
============================================================================

===========================================================================
check_setup -verbose -unconstrained_endpoints -multiple_clock -no_clock -no_input_delay -loops -generated_clocks
===========================================================================
Warning: There are 70 unconstrained endpoints.
  gpio_oeb[0]
  gpio_oeb[10]
  gpio_oeb[11]
  gpio_oeb[12]
  gpio_oeb[13]
  gpio_oeb[14]
  gpio_oeb[15]
  gpio_oeb[16]
  gpio_oeb[17]
  gpio_oeb[18]
  gpio_oeb[19]
  gpio_oeb[1]
  gpio_oeb[20]
  gpio_oeb[21]
  gpio_oeb[22]
  gpio_oeb[23]
  gpio_oeb[24]
  gpio_oeb[25]
  gpio_oeb[26]
  gpio_oeb[27]
  gpio_oeb[28]
  gpio_oeb[29]
  gpio_oeb[2]
  gpio_oeb[30]
  gpio_oeb[31]
  gpio_oeb[32]
  gpio_oeb[33]
  gpio_oeb[3]
  gpio_oeb[4]
  gpio_oeb[5]
  gpio_oeb[6]
  gpio_oeb[7]
  gpio_oeb[8]
  gpio_oeb[9]
  gpio_out[0]
  gpio_out[10]
  gpio_out[11]
  gpio_out[12]
  gpio_out[13]
  gpio_out[15]
  gpio_out[16]
  gpio_out[17]
  gpio_out[18]
  gpio_out[19]
  gpio_out[1]
  gpio_out[20]
  gpio_out[21]
  gpio_out[22]
  gpio_out[23]
  gpio_out[24]
  gpio_out[25]
  gpio_out[26]
  gpio_out[27]
  gpio_out[28]
  gpio_out[29]
  gpio_out[2]
  gpio_out[30]
  gpio_out[31]
  gpio_out[32]
  gpio_out[33]
  gpio_out[3]
  gpio_out[4]
  gpio_out[5]
  gpio_out[6]
  gpio_out[7]
  gpio_out[8]
  gpio_out[9]
  _0930_/D
  _0931_/D
  _0947_/D
