Clock: clk
Sources: clk 
Generated: no
Virtual: yes
Propagated: no
Period: 25.000000

===========================================================================
report_clock_properties
============================================================================
Clock                   Period          Waveform
----------------------------------------------------
clk                  25.000000    0.000000 12.500000

===========================================================================
report_clock_latency
============================================================================
Clock clk
rise -> rise
    min     max
0.000000 0.000000 source latency
0.337419         network latency _0951_/CLK
        0.346545 network latency _0967_/CLK
---------------
0.337419 0.346545 latency
        0.009126 skew

fall -> fall
    min     max
0.000000 0.000000 source latency
0.287544         network latency _0918_/CLK
        0.294055 network latency _0967_/CLK
---------------
0.287544 0.294055 latency
        0.006511 skew



===========================================================================
report_clock_min_period
============================================================================
clk period_min = 3.39 fmax = 294.80
