
===========================================================================
report_checks -unconstrained
===========================================================================
======================= max_ff_n40C_1v95 Corner ===================================

Startpoint: en (input port clocked by clk)
Endpoint: _461_ (recovery check against rising-edge clock clk)
Path Group: asynchronous
Path Type: max

Fanout         Cap        Slew       Delay        Time   Description
---------------------------------------------------------------------------------------------
                                  0.000000    0.000000   clock clk (rise edge)
                                  0.000000    0.000000   clock network delay (propagated)
                                  5.000000    5.000000 ^ input external delay
     2    0.004841    0.021157    0.012643    5.012643 ^ en (in)
                                                         en (net)
                      0.021159    0.000000    5.012643 ^ input1/A (sky130_fd_sc_hd__clkdlybuf4s25_1)
     1    0.002062    0.026919    0.150858    5.163501 ^ input1/X (sky130_fd_sc_hd__clkdlybuf4s25_1)
                                                         net1 (net)
                      0.026919    0.000139    5.163640 ^ _229_/B (sky130_fd_sc_hd__and2_2)
     1    0.004315    0.029721    0.082472    5.246112 ^ _229_/X (sky130_fd_sc_hd__and2_2)
                                                         TOP.n_rst (net)
                      0.029721    0.000190    5.246302 ^ fanout51/A (sky130_fd_sc_hd__clkdlybuf4s25_1)
     5    0.027528    0.210029    0.283314    5.529616 ^ fanout51/X (sky130_fd_sc_hd__clkdlybuf4s25_1)
                                                         net51 (net)
                      0.210039    0.001687    5.531302 ^ fanout47/A (sky130_fd_sc_hd__clkdlybuf4s25_1)
     8    0.040810    0.307916    0.377555    5.908858 ^ fanout47/X (sky130_fd_sc_hd__clkdlybuf4s25_1)
                                                         net47 (net)
                      0.308064    0.003543    5.912401 ^ fanout45/A (sky130_fd_sc_hd__clkdlybuf4s25_1)
     6    0.027600    0.210858    0.317982    6.230383 ^ fanout45/X (sky130_fd_sc_hd__clkdlybuf4s25_1)
                                                         net45 (net)
                      0.210863    0.001290    6.231673 ^ load_slew46/A (sky130_fd_sc_hd__clkbuf_2)
     5    0.023745    0.103570    0.146986    6.378659 ^ load_slew46/X (sky130_fd_sc_hd__clkbuf_2)
                                                         net46 (net)
                      0.103627    0.001190    6.379849 ^ _461_/RESET_B (sky130_fd_sc_hd__dfrtp_2)
                                              6.379849   data arrival time

                                 25.000000   25.000000   clock clk (rise edge)
                                  0.000000   25.000000   clock source latency
     2    0.020588    0.073454    0.051170   25.051168 ^ clk (in)
                                                         clk (net)
                      0.073520    0.000000   25.051168 ^ clkbuf_0_clk/A (sky130_fd_sc_hd__clkbuf_16)
     8    0.086676    0.079741    0.131068   25.182238 ^ clkbuf_0_clk/X (sky130_fd_sc_hd__clkbuf_16)
                                                         clknet_0_clk (net)
                      0.080428    0.005880   25.188118 ^ clkbuf_3_5__f_clk/A (sky130_fd_sc_hd__clkbuf_16)
    10    0.036050    0.042555    0.107766   25.295883 ^ clkbuf_3_5__f_clk/X (sky130_fd_sc_hd__clkbuf_16)
                                                         clknet_3_5__leaf_clk (net)
                      0.042760    0.001718   25.297602 ^ _461_/CLK (sky130_fd_sc_hd__dfrtp_2)
                                 -0.250000   25.047602   clock uncertainty
                                  0.000000   25.047602   clock reconvergence pessimism
                                  0.116893   25.164495   library recovery time
                                             25.164495   data required time
---------------------------------------------------------------------------------------------
                                             25.164495   data required time
                                             -6.379849   data arrival time
---------------------------------------------------------------------------------------------
                                             18.784647   slack (MET)


Startpoint: _454_ (rising edge-triggered flip-flop clocked by clk)
Endpoint: gpio_out[10] (output port clocked by clk)
Path Group: clk
Path Type: max

Fanout         Cap        Slew       Delay        Time   Description
---------------------------------------------------------------------------------------------
                                  0.000000    0.000000   clock clk (rise edge)
                                  0.000000    0.000000   clock source latency
     2    0.020588    0.073454    0.051169    0.051169 ^ clk (in)
                                                         clk (net)
                      0.073520    0.000000    0.051169 ^ clkbuf_0_clk/A (sky130_fd_sc_hd__clkbuf_16)
     8    0.086676    0.079741    0.131069    0.182238 ^ clkbuf_0_clk/X (sky130_fd_sc_hd__clkbuf_16)
                                                         clknet_0_clk (net)
                      0.080076    0.004167    0.186405 ^ clkbuf_3_7__f_clk/A (sky130_fd_sc_hd__clkbuf_16)
     9    0.028933    0.037750    0.103852    0.290257 ^ clkbuf_3_7__f_clk/X (sky130_fd_sc_hd__clkbuf_16)
                                                         clknet_3_7__leaf_clk (net)
                      0.037806    0.001247    0.291504 ^ _454_/CLK (sky130_fd_sc_hd__dfrtp_2)
     2    0.007011    0.035747    0.249551    0.541056 v _454_/Q (sky130_fd_sc_hd__dfrtp_2)
                                                         TOP.top_rng_inst.display.current_data[3] (net)
                      0.035747    0.000380    0.541435 v fanout28/A (sky130_fd_sc_hd__clkdlybuf4s25_1)
    10    0.039727    0.201931    0.297311    0.838746 v fanout28/X (sky130_fd_sc_hd__clkdlybuf4s25_1)
                                                         net28 (net)
                      0.201970    0.002711    0.841457 v _262_/B (sky130_fd_sc_hd__or3b_2)
     2    0.007080    0.060740    0.317330    1.158787 v _262_/X (sky130_fd_sc_hd__or3b_2)
                                                         _085_ (net)
                      0.060740    0.000279    1.159066 v _263_/B1 (sky130_fd_sc_hd__o2bb2a_2)
     1    0.002383    0.029672    0.158354    1.317421 v _263_/X (sky130_fd_sc_hd__o2bb2a_2)
                                                         net7 (net)
                      0.029672    0.000172    1.317593 v output7/A (sky130_fd_sc_hd__clkdlybuf4s25_1)
     1    0.034714    0.177707    0.276613    1.594206 v output7/X (sky130_fd_sc_hd__clkdlybuf4s25_1)
                                                         gpio_out[10] (net)
                      0.177726    0.001823    1.596029 v gpio_out[10] (out)
                                              1.596029   data arrival time

                                 25.000000   25.000000   clock clk (rise edge)
                                  0.000000   25.000000   clock network delay (propagated)
                                 -0.250000   24.750000   clock uncertainty
                                  0.000000   24.750000   clock reconvergence pessimism
                                 -5.000000   19.750000   output external delay
                                             19.750000   data required time
---------------------------------------------------------------------------------------------
                                             19.750000   data required time
                                             -1.596029   data arrival time
---------------------------------------------------------------------------------------------
                                             18.153969   slack (MET)




===========================================================================
report_checks --slack_max -0.01
============================================================================
======================= max_ff_n40C_1v95 Corner ===================================

No paths found.


===========================================================================
 report_check_types -max_slew -max_cap -max_fanout -violators
============================================================================
======================= max_ff_n40C_1v95 Corner ===================================

max fanout

Pin                                   Limit Fanout  Slack
---------------------------------------------------------
fanout21/X                               10     21    -11 (VIOLATED)
fanout23/X                               10     21    -11 (VIOLATED)
fanout33/X                               10     21    -11 (VIOLATED)
fanout35/X                               10     21    -11 (VIOLATED)
max_cap27/X                              10     19     -9 (VIOLATED)



===========================================================================
report_parasitic_annotation -report_unannotated
============================================================================
Found 94 unannotated drivers.
 gpio_in[10]
 gpio_in[11]
 gpio_in[12]
 gpio_in[13]
 gpio_in[14]
 gpio_in[15]
 gpio_in[16]
 gpio_in[17]
 gpio_in[18]
 gpio_in[19]
 gpio_in[20]
 gpio_in[21]
 gpio_in[22]
 gpio_in[23]
 gpio_in[24]
 gpio_in[25]
 gpio_in[26]
 gpio_in[27]
 gpio_in[28]
 gpio_in[29]
 gpio_in[30]
 gpio_in[31]
 gpio_in[32]
 gpio_in[33]
 gpio_in[4]
 gpio_in[5]
 gpio_in[6]
 gpio_in[7]
 gpio_in[8]
 gpio_in[9]
 _431__107/LO
 clkload0/X
 clkload1/X
 clkload2/X
 clkload3/X
 clkload4/X
 clkload5/X
 clkload6/X
 team_01/HI
 team_01_100/LO
 team_01_101/LO
 team_01_102/LO
 team_01_103/LO
 team_01_104/LO
 team_01_105/LO
 team_01_106/LO
 team_01_52/HI
 team_01_53/HI
 team_01_54/HI
 team_01_55/HI
 team_01_56/HI
 team_01_57/HI
 team_01_58/HI
 team_01_59/HI
 team_01_60/HI
 team_01_61/HI
 team_01_62/HI
 team_01_63/HI
 team_01_64/HI
 team_01_65/HI
 team_01_66/HI
 team_01_67/HI
 team_01_68/HI
 team_01_69/HI
 team_01_70/HI
 team_01_71/HI
 team_01_72/HI
 team_01_73/HI
 team_01_74/HI
 team_01_75/HI
 team_01_76/HI
 team_01_77/HI
 team_01_78/HI
 team_01_79/HI
 team_01_80/HI
 team_01_81/HI
 team_01_82/HI
 team_01_83/HI
 team_01_84/HI
 team_01_85/HI
 team_01_86/HI
 team_01_87/HI
 team_01_88/HI
 team_01_89/LO
 team_01_90/LO
 team_01_91/LO
 team_01_92/LO
 team_01_93/LO
 team_01_94/LO
 team_01_95/LO
 team_01_96/LO
 team_01_97/LO
 team_01_98/LO
 team_01_99/LO
Found 0 partially unannotated drivers.

===========================================================================
max slew violation count 0
max fanout violation count 5
max cap violation count 0
============================================================================

===========================================================================
check_setup -verbose -unconstrained_endpoints -multiple_clock -no_clock -no_input_delay -loops -generated_clocks
===========================================================================
Warning: There are 2 unclocked register/latch pins.
  _485_/CLK
  _486_/CLK
Warning: There are 4 unconstrained endpoints.
  gpio_out[16]
  gpio_out[17]
  _485_/D
  _486_/D
