Clock: clk
Sources: clk 
Generated: no
Virtual: yes
Propagated: no
Period: 25.000000

===========================================================================
report_clock_properties
============================================================================
Clock                   Period          Waveform
----------------------------------------------------
clk                  25.000000    0.000000 12.500000

===========================================================================
report_clock_latency
============================================================================
Clock clk
rise -> rise
    min     max
0.000000 0.000000 source latency
0.302293         network latency _482_/CLK
        0.528275 network latency _485_/CLK
---------------
0.302293 0.528275 latency
        0.225982 skew

rise -> fall
    min     max
0.000000 0.000000 source latency
0.547939         network latency _486_/CLK
        0.547989 network latency _485_/CLK
---------------
0.547939 0.547989 latency
        0.000050 skew

fall -> fall
    min     max
0.000000 0.000000 source latency
0.268590         network latency _482_/CLK
        0.276757 network latency _477_/CLK
---------------
0.268590 0.276757 latency
        0.008167 skew



===========================================================================
report_clock_min_period
============================================================================
clk period_min = 1.79 fmax = 559.01
