
===========================================================================
report_checks -unconstrained
===========================================================================
======================= max_ss_100C_1v60 Corner ===================================

Startpoint: nrst (input port clocked by clk)
Endpoint: _1472_ (recovery check against rising-edge clock clk)
Path Group: asynchronous
Path Type: max

Fanout         Cap        Slew       Delay        Time   Description
---------------------------------------------------------------------------------------------
                                  0.000000    0.000000   clock clk (rise edge)
                                  0.000000    0.000000   clock network delay (propagated)
                                  5.000000    5.000000 ^ input external delay
     2    0.004441    0.043365    0.024593    5.024593 ^ nrst (in)
                                                         nrst (net)
                      0.043369    0.000000    5.024593 ^ input6/A (sky130_fd_sc_hd__clkdlybuf4s25_1)
     9    0.049767    0.795015    0.966521    5.991114 ^ input6/X (sky130_fd_sc_hd__clkdlybuf4s25_1)
                                                         net6 (net)
                      0.795338    0.007715    5.998828 ^ fanout141/A (sky130_fd_sc_hd__clkdlybuf4s25_1)
     3    0.011159    0.197691    0.807700    6.806529 ^ fanout141/X (sky130_fd_sc_hd__clkdlybuf4s25_1)
                                                         net141 (net)
                      0.197691    0.000699    6.807228 ^ wire142/A (sky130_fd_sc_hd__clkbuf_4)
    17    0.060495    0.293643    0.468703    7.275931 ^ wire142/X (sky130_fd_sc_hd__clkbuf_4)
                                                         net142 (net)
                      0.294092    0.008177    7.284108 ^ fanout139/A (sky130_fd_sc_hd__clkdlybuf4s25_1)
     6    0.025586    0.419416    0.809329    8.093436 ^ fanout139/X (sky130_fd_sc_hd__clkdlybuf4s25_1)
                                                         net139 (net)
                      0.419416    0.000313    8.093749 ^ load_slew140/A (sky130_fd_sc_hd__clkbuf_2)
     5    0.027559    0.242283    0.458716    8.552464 ^ load_slew140/X (sky130_fd_sc_hd__clkbuf_2)
                                                         net140 (net)
                      0.242340    0.003623    8.556087 ^ _1472_/RESET_B (sky130_fd_sc_hd__dfrtp_2)
                                              8.556087   data arrival time

                                 25.000000   25.000000   clock clk (rise edge)
                                  0.000000   25.000000   clock source latency
     2    0.026005    0.192116    0.132763   25.132763 ^ clk (in)
                                                         clk (net)
                      0.192164    0.000000   25.132763 ^ clkbuf_0_clk/A (sky130_fd_sc_hd__clkbuf_16)
     4    0.043034    0.097725    0.308971   25.441732 ^ clkbuf_0_clk/X (sky130_fd_sc_hd__clkbuf_16)
                                                         clknet_0_clk (net)
                      0.097943    0.002647   25.444380 ^ clkbuf_2_3__f_clk/A (sky130_fd_sc_hd__clkbuf_16)
     9    0.030515    0.081230    0.248551   25.692932 ^ clkbuf_2_3__f_clk/X (sky130_fd_sc_hd__clkbuf_16)
                                                         clknet_2_3__leaf_clk (net)
                      0.081303    0.002123   25.695053 ^ _1472_/CLK (sky130_fd_sc_hd__dfrtp_2)
                                 -0.250000   25.445055   clock uncertainty
                                  0.000000   25.445055   clock reconvergence pessimism
                                  0.374727   25.819782   library recovery time
                                             25.819782   data required time
---------------------------------------------------------------------------------------------
                                             25.819782   data required time
                                             -8.556087   data arrival time
---------------------------------------------------------------------------------------------
                                             17.263695   slack (MET)


Startpoint: prescaler[10] (input port clocked by clk)
Endpoint: _1443_ (rising edge-triggered flip-flop clocked by clk)
Path Group: clk
Path Type: max

Fanout         Cap        Slew       Delay        Time   Description
---------------------------------------------------------------------------------------------
                                  0.000000    0.000000   clock clk (rise edge)
                                  0.000000    0.000000   clock network delay (propagated)
                                  5.000000    5.000000 ^ input external delay
     2    0.004884    0.046402    0.026837    5.026837 ^ prescaler[10] (in)
                                                         prescaler[10] (net)
                      0.046403    0.000000    5.026837 ^ input8/A (sky130_fd_sc_hd__clkdlybuf4s25_1)
     3    0.018897    0.315850    0.631181    5.658018 ^ input8/X (sky130_fd_sc_hd__clkdlybuf4s25_1)
                                                         net8 (net)
                      0.315850    0.000545    5.658563 ^ fanout134/A (sky130_fd_sc_hd__clkdlybuf4s25_1)
    21    0.081372    1.289619    1.432936    7.091499 ^ fanout134/X (sky130_fd_sc_hd__clkdlybuf4s25_1)
                                                         net134 (net)
                      1.289999    0.007748    7.099247 ^ _0881_/A (sky130_fd_sc_hd__xnor2_2)
     2    0.010069    0.238787    0.504718    7.603966 v _0881_/Y (sky130_fd_sc_hd__xnor2_2)
                                                         _0191_ (net)
                      0.238787    0.000461    7.604427 v _0882_/B (sky130_fd_sc_hd__or2_2)
     2    0.011558    0.155423    0.758501    8.362927 v _0882_/X (sky130_fd_sc_hd__or2_2)
                                                         _0192_ (net)
                      0.155426    0.000987    8.363914 v _0966_/A (sky130_fd_sc_hd__nor2_2)
     2    0.007470    0.175616    0.250868    8.614782 ^ _0966_/Y (sky130_fd_sc_hd__nor2_2)
                                                         _0276_ (net)
                      0.175616    0.000369    8.615151 ^ _0969_/A_N (sky130_fd_sc_hd__and2b_2)
     1    0.008404    0.094061    0.518094    9.133245 v _0969_/X (sky130_fd_sc_hd__and2b_2)
                                                         _0279_ (net)
                      0.094061    0.000213    9.133459 v _0987_/B (sky130_fd_sc_hd__xor2_2)
     2    0.007475    0.110951    0.285610    9.419068 v _0987_/X (sky130_fd_sc_hd__xor2_2)
                                                         _0297_ (net)
                      0.110951    0.000196    9.419265 v _0988_/B1 (sky130_fd_sc_hd__o21a_2)
     3    0.007192    0.079370    0.250990    9.670255 v _0988_/X (sky130_fd_sc_hd__o21a_2)
                                                         _0298_ (net)
                      0.079370    0.000371    9.670627 v _0990_/A (sky130_fd_sc_hd__or2_2)
     4    0.025854    0.216875    0.818885   10.489511 v _0990_/X (sky130_fd_sc_hd__or2_2)
                                                         _0300_ (net)
                      0.216883    0.001627   10.491138 v _0996_/A (sky130_fd_sc_hd__xnor2_2)
     2    0.016172    0.384226    0.461107   10.952245 ^ _0996_/Y (sky130_fd_sc_hd__xnor2_2)
                                                         _0306_ (net)
                      0.384227    0.000561   10.952806 ^ _0999_/B (sky130_fd_sc_hd__nor2_2)
     1    0.004641    0.082960    0.151155   11.103961 v _0999_/Y (sky130_fd_sc_hd__nor2_2)
                                                         _0309_ (net)
                      0.082961    0.000341   11.104301 v _1000_/B1 (sky130_fd_sc_hd__a311oi_2)
     3    0.011197    0.494539    0.552963   11.657265 ^ _1000_/Y (sky130_fd_sc_hd__a311oi_2)
                                                         _0310_ (net)
                      0.494539    0.000614   11.657879 ^ _1002_/A2 (sky130_fd_sc_hd__a211o_2)
     5    0.020971    0.177028    0.510917   12.168796 ^ _1002_/X (sky130_fd_sc_hd__a211o_2)
                                                         _0312_ (net)
                      0.177035    0.001404   12.170199 ^ _1047_/A1 (sky130_fd_sc_hd__a21o_2)
     7    0.027572    0.228441    0.412483   12.582683 ^ _1047_/X (sky130_fd_sc_hd__a21o_2)
                                                         _0357_ (net)
                      0.228448    0.001611   12.584294 ^ _1049_/C_N (sky130_fd_sc_hd__or3b_2)
     2    0.008642    0.199560    1.146423   13.730718 v _1049_/X (sky130_fd_sc_hd__or3b_2)
                                                         _0359_ (net)
                      0.199560    0.000479   13.731196 v _1060_/A3 (sky130_fd_sc_hd__a311o_2)
     2    0.006038    0.109280    0.800375   14.531571 v _1060_/X (sky130_fd_sc_hd__a311o_2)
                                                         _0370_ (net)
                      0.109280    0.000358   14.531929 v _1070_/B (sky130_fd_sc_hd__or4_2)
     2    0.010448    0.270710    1.636523   16.168451 v _1070_/X (sky130_fd_sc_hd__or4_2)
                                                         _0380_ (net)
                      0.270710    0.000655   16.169107 v _1133_/C (sky130_fd_sc_hd__or4_2)
     1    0.003248    0.217101    1.510969   17.680077 v _1133_/X (sky130_fd_sc_hd__or4_2)
                                                         _0443_ (net)
                      0.217101    0.000211   17.680288 v fanout96/A (sky130_fd_sc_hd__clkdlybuf4s25_1)
    21    0.077215    1.023797    1.234003   18.914291 v fanout96/X (sky130_fd_sc_hd__clkdlybuf4s25_1)
                                                         net96 (net)
                      1.023804    0.004327   18.918619 v fanout95/A (sky130_fd_sc_hd__clkdlybuf4s25_1)
    21    0.075020    0.990813    1.439551   20.358170 v fanout95/X (sky130_fd_sc_hd__clkdlybuf4s25_1)
                                                         net95 (net)
                      0.990820    0.003979   20.362148 v _1266_/A3 (sky130_fd_sc_hd__a32o_2)
     1    0.005098    0.080003    0.827228   21.189377 v _1266_/X (sky130_fd_sc_hd__a32o_2)
                                                         _0559_ (net)
                      0.080003    0.000385   21.189762 v _1267_/A2 (sky130_fd_sc_hd__a21oi_2)
     2    0.006355    0.308688    0.254873   21.444635 ^ _1267_/Y (sky130_fd_sc_hd__a21oi_2)
                                                         _0560_ (net)
                      0.308688    0.000497   21.445133 ^ _1363_/A2 (sky130_fd_sc_hd__o32a_2)
     1    0.009206    0.112694    0.416909   21.862041 ^ _1363_/X (sky130_fd_sc_hd__o32a_2)
                                                         _0641_ (net)
                      0.112696    0.000645   21.862686 ^ _1365_/D_N (sky130_fd_sc_hd__or4b_2)
     1    0.005093    0.238506    1.444686   23.307373 v _1365_/X (sky130_fd_sc_hd__or4b_2)
                                                         _0643_ (net)
                      0.238506    0.000327   23.307699 v _1378_/A (sky130_fd_sc_hd__or4_2)
     1    0.006778    0.250653    1.672737   24.980436 v _1378_/X (sky130_fd_sc_hd__or4_2)
                                                         _0656_ (net)
                      0.250653    0.000663   24.981098 v _1379_/C (sky130_fd_sc_hd__nor3_2)
     1    0.008285    0.316609    0.327619   25.308718 ^ _1379_/Y (sky130_fd_sc_hd__nor3_2)
                                                         clk_divider.next_flag (net)
                      0.316609    0.000648   25.309366 ^ _1443_/D (sky130_fd_sc_hd__dfrtp_2)
                                             25.309366   data arrival time

                                 25.000000   25.000000   clock clk (rise edge)
                                  0.000000   25.000000   clock source latency
     2    0.026005    0.192116    0.132763   25.132763 ^ clk (in)
                                                         clk (net)
                      0.192164    0.000000   25.132763 ^ clkbuf_0_clk/A (sky130_fd_sc_hd__clkbuf_16)
     4    0.043034    0.097725    0.308971   25.441732 ^ clkbuf_0_clk/X (sky130_fd_sc_hd__clkbuf_16)
                                                         clknet_0_clk (net)
                      0.097956    0.002805   25.444538 ^ clkbuf_2_2__f_clk/A (sky130_fd_sc_hd__clkbuf_16)
    19    0.053237    0.111276    0.276687   25.721226 ^ clkbuf_2_2__f_clk/X (sky130_fd_sc_hd__clkbuf_16)
                                                         clknet_2_2__leaf_clk (net)
                      0.111282    0.001526   25.722752 ^ _1443_/CLK (sky130_fd_sc_hd__dfrtp_2)
                                 -0.250000   25.472752   clock uncertainty
                                  0.000000   25.472752   clock reconvergence pessimism
                                 -0.193383   25.279369   library setup time
                                             25.279369   data required time
---------------------------------------------------------------------------------------------
                                             25.279369   data required time
                                            -25.309366   data arrival time
---------------------------------------------------------------------------------------------
                                             -0.029997   slack (VIOLATED)




===========================================================================
report_checks --slack_max -0.01
============================================================================
======================= max_ss_100C_1v60 Corner ===================================

Startpoint: prescaler[10] (input port clocked by clk)
Endpoint: _1443_ (rising edge-triggered flip-flop clocked by clk)
Path Group: clk
Path Type: max

Fanout         Cap        Slew       Delay        Time   Description
---------------------------------------------------------------------------------------------
                                  0.000000    0.000000   clock clk (rise edge)
                                  0.000000    0.000000   clock network delay (propagated)
                                  5.000000    5.000000 ^ input external delay
     2    0.004884    0.046402    0.026837    5.026837 ^ prescaler[10] (in)
                                                         prescaler[10] (net)
                      0.046403    0.000000    5.026837 ^ input8/A (sky130_fd_sc_hd__clkdlybuf4s25_1)
     3    0.018897    0.315850    0.631181    5.658018 ^ input8/X (sky130_fd_sc_hd__clkdlybuf4s25_1)
                                                         net8 (net)
                      0.315850    0.000545    5.658563 ^ fanout134/A (sky130_fd_sc_hd__clkdlybuf4s25_1)
    21    0.081372    1.289619    1.432936    7.091499 ^ fanout134/X (sky130_fd_sc_hd__clkdlybuf4s25_1)
                                                         net134 (net)
                      1.289999    0.007748    7.099247 ^ _0881_/A (sky130_fd_sc_hd__xnor2_2)
     2    0.010069    0.238787    0.504718    7.603966 v _0881_/Y (sky130_fd_sc_hd__xnor2_2)
                                                         _0191_ (net)
                      0.238787    0.000461    7.604427 v _0882_/B (sky130_fd_sc_hd__or2_2)
     2    0.011558    0.155423    0.758501    8.362927 v _0882_/X (sky130_fd_sc_hd__or2_2)
                                                         _0192_ (net)
                      0.155426    0.000987    8.363914 v _0966_/A (sky130_fd_sc_hd__nor2_2)
     2    0.007470    0.175616    0.250868    8.614782 ^ _0966_/Y (sky130_fd_sc_hd__nor2_2)
                                                         _0276_ (net)
                      0.175616    0.000369    8.615151 ^ _0969_/A_N (sky130_fd_sc_hd__and2b_2)
     1    0.008404    0.094061    0.518094    9.133245 v _0969_/X (sky130_fd_sc_hd__and2b_2)
                                                         _0279_ (net)
                      0.094061    0.000213    9.133459 v _0987_/B (sky130_fd_sc_hd__xor2_2)
     2    0.007475    0.110951    0.285610    9.419068 v _0987_/X (sky130_fd_sc_hd__xor2_2)
                                                         _0297_ (net)
                      0.110951    0.000196    9.419265 v _0988_/B1 (sky130_fd_sc_hd__o21a_2)
     3    0.007192    0.079370    0.250990    9.670255 v _0988_/X (sky130_fd_sc_hd__o21a_2)
                                                         _0298_ (net)
                      0.079370    0.000371    9.670627 v _0990_/A (sky130_fd_sc_hd__or2_2)
     4    0.025854    0.216875    0.818885   10.489511 v _0990_/X (sky130_fd_sc_hd__or2_2)
                                                         _0300_ (net)
                      0.216883    0.001627   10.491138 v _0996_/A (sky130_fd_sc_hd__xnor2_2)
     2    0.016172    0.384226    0.461107   10.952245 ^ _0996_/Y (sky130_fd_sc_hd__xnor2_2)
                                                         _0306_ (net)
                      0.384227    0.000561   10.952806 ^ _0999_/B (sky130_fd_sc_hd__nor2_2)
     1    0.004641    0.082960    0.151155   11.103961 v _0999_/Y (sky130_fd_sc_hd__nor2_2)
                                                         _0309_ (net)
                      0.082961    0.000341   11.104301 v _1000_/B1 (sky130_fd_sc_hd__a311oi_2)
     3    0.011197    0.494539    0.552963   11.657265 ^ _1000_/Y (sky130_fd_sc_hd__a311oi_2)
                                                         _0310_ (net)
                      0.494539    0.000614   11.657879 ^ _1002_/A2 (sky130_fd_sc_hd__a211o_2)
     5    0.020971    0.177028    0.510917   12.168796 ^ _1002_/X (sky130_fd_sc_hd__a211o_2)
                                                         _0312_ (net)
                      0.177035    0.001404   12.170199 ^ _1047_/A1 (sky130_fd_sc_hd__a21o_2)
     7    0.027572    0.228441    0.412483   12.582683 ^ _1047_/X (sky130_fd_sc_hd__a21o_2)
                                                         _0357_ (net)
                      0.228448    0.001611   12.584294 ^ _1049_/C_N (sky130_fd_sc_hd__or3b_2)
     2    0.008642    0.199560    1.146423   13.730718 v _1049_/X (sky130_fd_sc_hd__or3b_2)
                                                         _0359_ (net)
                      0.199560    0.000479   13.731196 v _1060_/A3 (sky130_fd_sc_hd__a311o_2)
     2    0.006038    0.109280    0.800375   14.531571 v _1060_/X (sky130_fd_sc_hd__a311o_2)
                                                         _0370_ (net)
                      0.109280    0.000358   14.531929 v _1070_/B (sky130_fd_sc_hd__or4_2)
     2    0.010448    0.270710    1.636523   16.168451 v _1070_/X (sky130_fd_sc_hd__or4_2)
                                                         _0380_ (net)
                      0.270710    0.000655   16.169107 v _1133_/C (sky130_fd_sc_hd__or4_2)
     1    0.003248    0.217101    1.510969   17.680077 v _1133_/X (sky130_fd_sc_hd__or4_2)
                                                         _0443_ (net)
                      0.217101    0.000211   17.680288 v fanout96/A (sky130_fd_sc_hd__clkdlybuf4s25_1)
    21    0.077215    1.023797    1.234003   18.914291 v fanout96/X (sky130_fd_sc_hd__clkdlybuf4s25_1)
                                                         net96 (net)
                      1.023804    0.004327   18.918619 v fanout95/A (sky130_fd_sc_hd__clkdlybuf4s25_1)
    21    0.075020    0.990813    1.439551   20.358170 v fanout95/X (sky130_fd_sc_hd__clkdlybuf4s25_1)
                                                         net95 (net)
                      0.990820    0.003979   20.362148 v _1266_/A3 (sky130_fd_sc_hd__a32o_2)
     1    0.005098    0.080003    0.827228   21.189377 v _1266_/X (sky130_fd_sc_hd__a32o_2)
                                                         _0559_ (net)
                      0.080003    0.000385   21.189762 v _1267_/A2 (sky130_fd_sc_hd__a21oi_2)
     2    0.006355    0.308688    0.254873   21.444635 ^ _1267_/Y (sky130_fd_sc_hd__a21oi_2)
                                                         _0560_ (net)
                      0.308688    0.000497   21.445133 ^ _1363_/A2 (sky130_fd_sc_hd__o32a_2)
     1    0.009206    0.112694    0.416909   21.862041 ^ _1363_/X (sky130_fd_sc_hd__o32a_2)
                                                         _0641_ (net)
                      0.112696    0.000645   21.862686 ^ _1365_/D_N (sky130_fd_sc_hd__or4b_2)
     1    0.005093    0.238506    1.444686   23.307373 v _1365_/X (sky130_fd_sc_hd__or4b_2)
                                                         _0643_ (net)
                      0.238506    0.000327   23.307699 v _1378_/A (sky130_fd_sc_hd__or4_2)
     1    0.006778    0.250653    1.672737   24.980436 v _1378_/X (sky130_fd_sc_hd__or4_2)
                                                         _0656_ (net)
                      0.250653    0.000663   24.981098 v _1379_/C (sky130_fd_sc_hd__nor3_2)
     1    0.008285    0.316609    0.327619   25.308718 ^ _1379_/Y (sky130_fd_sc_hd__nor3_2)
                                                         clk_divider.next_flag (net)
                      0.316609    0.000648   25.309366 ^ _1443_/D (sky130_fd_sc_hd__dfrtp_2)
                                             25.309366   data arrival time

                                 25.000000   25.000000   clock clk (rise edge)
                                  0.000000   25.000000   clock source latency
     2    0.026005    0.192116    0.132763   25.132763 ^ clk (in)
                                                         clk (net)
                      0.192164    0.000000   25.132763 ^ clkbuf_0_clk/A (sky130_fd_sc_hd__clkbuf_16)
     4    0.043034    0.097725    0.308971   25.441732 ^ clkbuf_0_clk/X (sky130_fd_sc_hd__clkbuf_16)
                                                         clknet_0_clk (net)
                      0.097956    0.002805   25.444538 ^ clkbuf_2_2__f_clk/A (sky130_fd_sc_hd__clkbuf_16)
    19    0.053237    0.111276    0.276687   25.721226 ^ clkbuf_2_2__f_clk/X (sky130_fd_sc_hd__clkbuf_16)
                                                         clknet_2_2__leaf_clk (net)
                      0.111282    0.001526   25.722752 ^ _1443_/CLK (sky130_fd_sc_hd__dfrtp_2)
                                 -0.250000   25.472752   clock uncertainty
                                  0.000000   25.472752   clock reconvergence pessimism
                                 -0.193383   25.279369   library setup time
                                             25.279369   data required time
---------------------------------------------------------------------------------------------
                                             25.279369   data required time
                                            -25.309366   data arrival time
---------------------------------------------------------------------------------------------
                                             -0.029997   slack (VIOLATED)




===========================================================================
 report_check_types -max_slew -max_cap -max_fanout -violators
============================================================================
======================= max_ss_100C_1v60 Corner ===================================

max slew

Pin                                        Limit        Slew       Slack
------------------------------------------------------------------------
ANTENNA__1245__B1/DIODE                 0.750000    1.466087   -0.716087 (VIOLATED)
_1245_/B1                               0.750000    1.466087   -0.716087 (VIOLATED)
_1260_/B1                               0.750000    1.466084   -0.716084 (VIOLATED)
_1283_/B1                               0.750000    1.466079   -0.716079 (VIOLATED)
ANTENNA__1260__B1/DIODE                 0.750000    1.466074   -0.716074 (VIOLATED)
ANTENNA__1283__B1/DIODE                 0.750000    1.466074   -0.716074 (VIOLATED)
_1252_/B1                               0.750000    1.466041   -0.716041 (VIOLATED)
_1331_/B1                               0.750000    1.466030   -0.716030 (VIOLATED)
ANTENNA__1331__B1/DIODE                 0.750000    1.466026   -0.716026 (VIOLATED)
ANTENNA__1252__B1/DIODE                 0.750000    1.466021   -0.716021 (VIOLATED)
_1326_/C1                               0.750000    1.466018   -0.716018 (VIOLATED)
ANTENNA__1326__C1/DIODE                 0.750000    1.466013   -0.716013 (VIOLATED)
fanout109/A                             0.750000    1.465990   -0.715990 (VIOLATED)
ANTENNA_fanout109_A/DIODE               0.750000    1.465989   -0.715989 (VIOLATED)
_1222_/B1                               0.750000    1.465987   -0.715987 (VIOLATED)
ANTENNA__1222__B1/DIODE                 0.750000    1.465984   -0.715984 (VIOLATED)
ANTENNA__0715__B/DIODE                  0.750000    1.465982   -0.715982 (VIOLATED)
_0715_/B                                0.750000    1.465983   -0.715983 (VIOLATED)
_1237_/B1                               0.750000    1.465976   -0.715976 (VIOLATED)
ANTENNA__1237__B1/DIODE                 0.750000    1.465600   -0.715600 (VIOLATED)
ANTENNA_fanout110_X/DIODE               0.750000    1.465598   -0.715598 (VIOLATED)
fanout110/X                             0.750000    1.465598   -0.715598 (VIOLATED)
_1156_/A1                               0.750000    1.349059   -0.599059 (VIOLATED)
ANTENNA__1156__A1/DIODE                 0.750000    1.349051   -0.599051 (VIOLATED)
_1191_/B1                               0.750000    1.349031   -0.599031 (VIOLATED)
_1324_/B1                               0.750000    1.349025   -0.599025 (VIOLATED)
ANTENNA__1191__B1/DIODE                 0.750000    1.349018   -0.599018 (VIOLATED)
ANTENNA__1324__B1/DIODE                 0.750000    1.349018   -0.599018 (VIOLATED)
_1330_/B1                               0.750000    1.349013   -0.599013 (VIOLATED)
ANTENNA__1330__B1/DIODE                 0.750000    1.349012   -0.599012 (VIOLATED)
_1318_/B1                               0.750000    1.349012   -0.599012 (VIOLATED)
ANTENNA__1318__B1/DIODE                 0.750000    1.349008   -0.599008 (VIOLATED)
_1311_/B1                               0.750000    1.348981   -0.598981 (VIOLATED)
ANTENNA__1311__B1/DIODE                 0.750000    1.348973   -0.598973 (VIOLATED)
_1213_/A1                               0.750000    1.348940   -0.598940 (VIOLATED)
ANTENNA__1213__A1/DIODE                 0.750000    1.348910   -0.598910 (VIOLATED)
_1267_/A1                               0.750000    1.348860   -0.598860 (VIOLATED)
ANTENNA__1267__A1/DIODE                 0.750000    1.348859   -0.598859 (VIOLATED)
_1251_/A1                               0.750000    1.348846   -0.598846 (VIOLATED)
ANTENNA__1251__A1/DIODE                 0.750000    1.348839   -0.598839 (VIOLATED)
ANTENNA__1289__B1/DIODE                 0.750000    1.348810   -0.598810 (VIOLATED)
_1289_/B1                               0.750000    1.348810   -0.598810 (VIOLATED)
ANTENNA_fanout103_X/DIODE               0.750000    1.348801   -0.598801 (VIOLATED)
fanout103/X                             0.750000    1.348454   -0.598454 (VIOLATED)
_1183_/B                                0.750000    1.347218   -0.597218 (VIOLATED)
ANTENNA__1183__B/DIODE                  0.750000    1.347212   -0.597212 (VIOLATED)
_1169_/B                                0.750000    1.347203   -0.597203 (VIOLATED)
ANTENNA__1169__B/DIODE                  0.750000    1.347184   -0.597184 (VIOLATED)
ANTENNA__1160__B/DIODE                  0.750000    1.346694   -0.596694 (VIOLATED)
ANTENNA__1176__B/DIODE                  0.750000    1.346693   -0.596693 (VIOLATED)
_1176_/B                                0.750000    1.346689   -0.596689 (VIOLATED)
_1205_/B                                0.750000    1.346679   -0.596679 (VIOLATED)
_1197_/B                                0.750000    1.346677   -0.596677 (VIOLATED)
ANTENNA__1197__B/DIODE                  0.750000    1.346675   -0.596675 (VIOLATED)
ANTENNA__1205__B/DIODE                  0.750000    1.346674   -0.596674 (VIOLATED)
_1160_/B                                0.750000    1.346669   -0.596669 (VIOLATED)
_1187_/C                                0.750000    1.346653   -0.596653 (VIOLATED)
ANTENNA__1187__C/DIODE                  0.750000    1.346650   -0.596650 (VIOLATED)
_1155_/A3                               0.750000    1.346637   -0.596637 (VIOLATED)
ANTENNA__1155__A3/DIODE                 0.750000    1.346613   -0.596613 (VIOLATED)
ANTENNA__1146__B/DIODE                  0.750000    1.346531   -0.596531 (VIOLATED)
_1146_/B                                0.750000    1.346503   -0.596503 (VIOLATED)
_1137_/B                                0.750000    1.346442   -0.596442 (VIOLATED)
ANTENNA__1137__B/DIODE                  0.750000    1.346440   -0.596440 (VIOLATED)
ANTENNA_fanout94_X/DIODE                0.750000    1.346435   -0.596435 (VIOLATED)
fanout94/X                              0.750000    1.346435   -0.596435 (VIOLATED)
_1275_/B1                               0.750000    1.340263   -0.590263 (VIOLATED)
_1268_/B1                               0.750000    1.340261   -0.590262 (VIOLATED)
ANTENNA__1268__B1/DIODE                 0.750000    1.340259   -0.590259 (VIOLATED)
ANTENNA__1275__B1/DIODE                 0.750000    1.340260   -0.590260 (VIOLATED)
_1296_/B1                               0.750000    1.340237   -0.590237 (VIOLATED)
ANTENNA__0716__B1/DIODE                 0.750000    1.339877   -0.589877 (VIOLATED)
_0716_/B1                               0.750000    1.339877   -0.589877 (VIOLATED)
_1304_/B1                               0.750000    1.339877   -0.589877 (VIOLATED)
ANTENNA__1304__B1/DIODE                 0.750000    1.339875   -0.589875 (VIOLATED)
ANTENNA__1296__B1/DIODE                 0.750000    1.339872   -0.589872 (VIOLATED)
ANTENNA__0722__B1/DIODE                 0.750000    1.339871   -0.589871 (VIOLATED)
_0722_/B1                               0.750000    1.339869   -0.589869 (VIOLATED)
_1157_/B1                               0.750000    1.339868   -0.589868 (VIOLATED)
ANTENNA__1157__B1/DIODE                 0.750000    1.339866   -0.589866 (VIOLATED)
ANTENNA__1141__C1/DIODE                 0.750000    1.339864   -0.589864 (VIOLATED)
_1141_/C1                               0.750000    1.339862   -0.589862 (VIOLATED)
ANTENNA__1313__B1/DIODE                 0.750000    1.339852   -0.589852 (VIOLATED)
_1313_/B1                               0.750000    1.339852   -0.589852 (VIOLATED)
ANTENNA_fanout128_X/DIODE               0.750000    1.339849   -0.589849 (VIOLATED)
ANTENNA__1229__C1/DIODE                 0.750000    1.339848   -0.589848 (VIOLATED)
_1229_/C1                               0.750000    1.339848   -0.589848 (VIOLATED)
fanout128/X                             0.750000    1.339848   -0.589848 (VIOLATED)
_1163_/B1                               0.750000    1.328785   -0.578785 (VIOLATED)
_1179_/B1                               0.750000    1.328784   -0.578784 (VIOLATED)
ANTENNA__1163__B1/DIODE                 0.750000    1.328781   -0.578781 (VIOLATED)
ANTENNA__1179__B1/DIODE                 0.750000    1.328781   -0.578781 (VIOLATED)
_1171_/B1                               0.750000    1.328768   -0.578768 (VIOLATED)
_1185_/B1                               0.750000    1.328767   -0.578767 (VIOLATED)
ANTENNA__1171__B1/DIODE                 0.750000    1.328766   -0.578766 (VIOLATED)
ANTENNA__1185__B1/DIODE                 0.750000    1.328766   -0.578766 (VIOLATED)
_1149_/B1                               0.750000    1.328753   -0.578753 (VIOLATED)
ANTENNA__1149__B1/DIODE                 0.750000    1.328749   -0.578749 (VIOLATED)
_1193_/C1                               0.750000    1.328742   -0.578742 (VIOLATED)
ANTENNA__1193__C1/DIODE                 0.750000    1.328733   -0.578733 (VIOLATED)
_1214_/B1                               0.750000    1.328709   -0.578709 (VIOLATED)
ANTENNA__1214__B1/DIODE                 0.750000    1.328696   -0.578696 (VIOLATED)
ANTENNA__1200__B1/DIODE                 0.750000    1.328691   -0.578691 (VIOLATED)
ANTENNA__1208__B1/DIODE                 0.750000    1.328691   -0.578691 (VIOLATED)
ANTENNA__1320__C1/DIODE                 0.750000    1.328691   -0.578691 (VIOLATED)
ANTENNA_fanout109_X/DIODE               0.750000    1.328691   -0.578691 (VIOLATED)
_1200_/B1                               0.750000    1.328691   -0.578691 (VIOLATED)
_1208_/B1                               0.750000    1.328691   -0.578691 (VIOLATED)
_1320_/C1                               0.750000    1.328691   -0.578691 (VIOLATED)
fanout109/X                             0.750000    1.328691   -0.578691 (VIOLATED)
_0789_/A                                0.750000    1.290050   -0.540050 (VIOLATED)
_0792_/A                                0.750000    1.290049   -0.540049 (VIOLATED)
ANTENNA__0789__A/DIODE                  0.750000    1.290045   -0.540045 (VIOLATED)
ANTENNA__0792__A/DIODE                  0.750000    1.290039   -0.540039 (VIOLATED)
_0881_/A                                0.750000    1.289999   -0.539999 (VIOLATED)
ANTENNA__0881__A/DIODE                  0.750000    1.289997   -0.539997 (VIOLATED)
_0967_/A1                               0.750000    1.289643   -0.539643 (VIOLATED)
ANTENNA__0967__A1/DIODE                 0.750000    1.289641   -0.539641 (VIOLATED)
_0942_/B                                0.750000    1.289634   -0.539634 (VIOLATED)
ANTENNA__0942__B/DIODE                  0.750000    1.289625   -0.539625 (VIOLATED)
_0904_/B                                0.750000    1.289624   -0.539624 (VIOLATED)
ANTENNA__0904__B/DIODE                  0.750000    1.289623   -0.539623 (VIOLATED)
ANTENNA__0905__B/DIODE                  0.750000    1.289619   -0.539619 (VIOLATED)
ANTENNA__0908__A3/DIODE                 0.750000    1.289619   -0.539619 (VIOLATED)
ANTENNA__0911__B/DIODE                  0.750000    1.289619   -0.539619 (VIOLATED)
ANTENNA__0915__A/DIODE                  0.750000    1.289619   -0.539619 (VIOLATED)
ANTENNA_fanout134_X/DIODE               0.750000    1.289619   -0.539619 (VIOLATED)
_0905_/B                                0.750000    1.289619   -0.539619 (VIOLATED)
_0908_/A3                               0.750000    1.289619   -0.539619 (VIOLATED)
_0911_/B                                0.750000    1.289619   -0.539619 (VIOLATED)
_0915_/A                                0.750000    1.289619   -0.539619 (VIOLATED)
fanout134/X                             0.750000    1.289619   -0.539619 (VIOLATED)
_1251_/B1                               0.750000    1.276392   -0.526392 (VIOLATED)
ANTENNA__1251__B1/DIODE                 0.750000    1.276389   -0.526389 (VIOLATED)
ANTENNA__1267__B1/DIODE                 0.750000    1.276368   -0.526368 (VIOLATED)
_1267_/B1                               0.750000    1.276361   -0.526361 (VIOLATED)
_1156_/B1                               0.750000    1.276325   -0.526325 (VIOLATED)
_1157_/A2                               0.750000    1.276321   -0.526321 (VIOLATED)
ANTENNA__1157__A2/DIODE                 0.750000    1.276320   -0.526320 (VIOLATED)
ANTENNA__1156__B1/DIODE                 0.750000    1.276276   -0.526276 (VIOLATED)
_1326_/A1                               0.750000    1.276251   -0.526251 (VIOLATED)
ANTENNA__1326__A1/DIODE                 0.750000    1.276250   -0.526250 (VIOLATED)
_1332_/A1                               0.750000    1.276248   -0.526249 (VIOLATED)
ANTENNA__1332__A1/DIODE                 0.750000    1.276246   -0.526246 (VIOLATED)
_1193_/A1                               0.750000    1.276245   -0.526245 (VIOLATED)
_1320_/A1                               0.750000    1.276245   -0.526245 (VIOLATED)
ANTENNA__1320__A1/DIODE                 0.750000    1.276244   -0.526244 (VIOLATED)
ANTENNA__1193__A1/DIODE                 0.750000    1.276243   -0.526244 (VIOLATED)
ANTENNA__1313__A2/DIODE                 0.750000    1.276221   -0.526221 (VIOLATED)
_1313_/A2                               0.750000    1.276222   -0.526222 (VIOLATED)
ANTENNA__1213__B1/DIODE                 0.750000    1.276214   -0.526214 (VIOLATED)
_1213_/B1                               0.750000    1.276214   -0.526214 (VIOLATED)
ANTENNA_fanout107_X/DIODE               0.750000    1.275884   -0.525884 (VIOLATED)
fanout107/X                             0.750000    1.275884   -0.525884 (VIOLATED)
_1315_/C                                0.750000    1.268698   -0.518698 (VIOLATED)
ANTENNA__1315__C/DIODE                  0.750000    1.268697   -0.518697 (VIOLATED)
_1321_/C                                0.750000    1.268696   -0.518696 (VIOLATED)
ANTENNA__1321__C/DIODE                  0.750000    1.268696   -0.518696 (VIOLATED)
_1234_/B                                0.750000    1.268687   -0.518688 (VIOLATED)
_1327_/C                                0.750000    1.268688   -0.518688 (VIOLATED)
ANTENNA__1327__C/DIODE                  0.750000    1.268685   -0.518685 (VIOLATED)
ANTENNA__1234__B/DIODE                  0.750000    1.268681   -0.518681 (VIOLATED)
_1226_/B                                0.750000    1.268679   -0.518680 (VIOLATED)
ANTENNA__1226__B/DIODE                  0.750000    1.268673   -0.518673 (VIOLATED)
_1300_/B                                0.750000    1.268670   -0.518670 (VIOLATED)
_1312_/A3                               0.750000    1.268669   -0.518669 (VIOLATED)
ANTENNA__1312__A3/DIODE                 0.750000    1.268665   -0.518665 (VIOLATED)
ANTENNA__1300__B/DIODE                  0.750000    1.268663   -0.518663 (VIOLATED)
_1293_/B                                0.750000    1.268651   -0.518651 (VIOLATED)
ANTENNA__1293__B/DIODE                  0.750000    1.268645   -0.518645 (VIOLATED)
fanout94/A                              0.750000    1.268628   -0.518628 (VIOLATED)
ANTENNA_fanout94_A/DIODE                0.750000    1.268625   -0.518625 (VIOLATED)
ANTENNA_fanout96_X/DIODE                0.750000    1.268542   -0.518542 (VIOLATED)
ANTENNA_fanout95_A/DIODE                0.750000    1.268521   -0.518521 (VIOLATED)
fanout95/A                              0.750000    1.268519   -0.518519 (VIOLATED)
fanout96/X                              0.750000    1.268498   -0.518498 (VIOLATED)
_1219_/B                                0.750000    1.241575   -0.491575 (VIOLATED)
ANTENNA__1219__B/DIODE                  0.750000    1.241573   -0.491573 (VIOLATED)
_1212_/A2                               0.750000    1.241570   -0.491570 (VIOLATED)
ANTENNA__1212__A2/DIODE                 0.750000    1.241567   -0.491567 (VIOLATED)
_1242_/B                                0.750000    1.241566   -0.491566 (VIOLATED)
_1257_/B                                0.750000    1.241566   -0.491566 (VIOLATED)
ANTENNA__1257__B/DIODE                  0.750000    1.241565   -0.491565 (VIOLATED)
ANTENNA__1242__B/DIODE                  0.750000    1.241564   -0.491564 (VIOLATED)
ANTENNA__1266__A3/DIODE                 0.750000    1.241564   -0.491564 (VIOLATED)
_1266_/A3                               0.750000    1.241564   -0.491564 (VIOLATED)
_1272_/B                                0.750000    1.241564   -0.491564 (VIOLATED)
ANTENNA__1250__A3/DIODE                 0.750000    1.241562   -0.491562 (VIOLATED)
ANTENNA__1272__B/DIODE                  0.750000    1.241562   -0.491562 (VIOLATED)
ANTENNA__1280__B/DIODE                  0.750000    1.241562   -0.491562 (VIOLATED)
ANTENNA__1285__C/DIODE                  0.750000    1.241562   -0.491562 (VIOLATED)
ANTENNA__1308__A3/DIODE                 0.750000    1.241562   -0.491562 (VIOLATED)
ANTENNA_fanout95_X/DIODE                0.750000    1.241562   -0.491562 (VIOLATED)
_1250_/A3                               0.750000    1.241562   -0.491562 (VIOLATED)
_1280_/B                                0.750000    1.241562   -0.491562 (VIOLATED)
_1285_/C                                0.750000    1.241562   -0.491562 (VIOLATED)
_1308_/A3                               0.750000    1.241562   -0.491562 (VIOLATED)
fanout95/X                              0.750000    1.241562   -0.491562 (VIOLATED)
ANTENNA__1184__C1/DIODE                 0.750000    1.224182   -0.474182 (VIOLATED)
_1184_/C1                               0.750000    1.224182   -0.474182 (VIOLATED)
_1170_/C1                               0.750000    1.224178   -0.474178 (VIOLATED)
ANTENNA__1170__C1/DIODE                 0.750000    1.224176   -0.474176 (VIOLATED)
_1178_/C1                               0.750000    1.224174   -0.474174 (VIOLATED)
ANTENNA__1178__C1/DIODE                 0.750000    1.224172   -0.474173 (VIOLATED)
_1162_/C1                               0.750000    1.223844   -0.473844 (VIOLATED)
ANTENNA__1162__C1/DIODE                 0.750000    1.223833   -0.473833 (VIOLATED)
_0902_/A                                0.750000    1.223833   -0.473833 (VIOLATED)
ANTENNA__0902__A/DIODE                  0.750000    1.223833   -0.473833 (VIOLATED)
_1207_/C1                               0.750000    1.223827   -0.473827 (VIOLATED)
ANTENNA__1207__C1/DIODE                 0.750000    1.223826   -0.473826 (VIOLATED)
ANTENNA__1199__C1/DIODE                 0.750000    1.223825   -0.473825 (VIOLATED)
_1199_/C1                               0.750000    1.223825   -0.473825 (VIOLATED)
ANTENNA__1139__C1/DIODE                 0.750000    1.223822   -0.473822 (VIOLATED)
ANTENNA__1148__C1/DIODE                 0.750000    1.223822   -0.473822 (VIOLATED)
ANTENNA__1361__D1/DIODE                 0.750000    1.223822   -0.473822 (VIOLATED)
ANTENNA_fanout104_X/DIODE               0.750000    1.223822   -0.473822 (VIOLATED)
_1139_/C1                               0.750000    1.223822   -0.473822 (VIOLATED)
_1148_/C1                               0.750000    1.223822   -0.473822 (VIOLATED)
_1361_/D1                               0.750000    1.223822   -0.473822 (VIOLATED)
fanout104/X                             0.750000    1.223822   -0.473822 (VIOLATED)
_1221_/C1                               0.750000    1.002808   -0.252808 (VIOLATED)
ANTENNA__1221__C1/DIODE                 0.750000    1.002807   -0.252807 (VIOLATED)
_1236_/C1                               0.750000    1.002807   -0.252807 (VIOLATED)
ANTENNA__1236__C1/DIODE                 0.750000    1.002806   -0.252806 (VIOLATED)
_1227_/C1                               0.750000    1.002805   -0.252805 (VIOLATED)
ANTENNA__1227__C1/DIODE                 0.750000    1.002790   -0.252790 (VIOLATED)
_1303_/C1                               0.750000    1.002788   -0.252788 (VIOLATED)
ANTENNA__1303__C1/DIODE                 0.750000    1.002787   -0.252787 (VIOLATED)
ANTENNA__1295__A1/DIODE                 0.750000    1.002779   -0.252779 (VIOLATED)
_1295_/A1                               0.750000    1.002775   -0.252775 (VIOLATED)
_1282_/C1                               0.750000    1.002758   -0.252758 (VIOLATED)
ANTENNA__1282__C1/DIODE                 0.750000    1.002758   -0.252758 (VIOLATED)
_1274_/C1                               0.750000    1.002756   -0.252756 (VIOLATED)
ANTENNA__1274__C1/DIODE                 0.750000    1.002753   -0.252753 (VIOLATED)
ANTENNA__1259__C1/DIODE                 0.750000    1.002738   -0.252738 (VIOLATED)
ANTENNA__1244__C1/DIODE                 0.750000    1.002736   -0.252737 (VIOLATED)
ANTENNA_fanout105_X/DIODE               0.750000    1.002736   -0.252737 (VIOLATED)
_1244_/C1                               0.750000    1.002736   -0.252737 (VIOLATED)
_1259_/C1                               0.750000    1.002736   -0.252737 (VIOLATED)
fanout105/X                             0.750000    1.002736   -0.252737 (VIOLATED)
_0812_/A                                0.750000    0.880585   -0.130585 (VIOLATED)
ANTENNA__0812__A/DIODE                  0.750000    0.880584   -0.130584 (VIOLATED)
ANTENNA_max_cap135_A/DIODE              0.750000    0.880579   -0.130579 (VIOLATED)
max_cap135/A                            0.750000    0.880576   -0.130576 (VIOLATED)
_0819_/A2                               0.750000    0.880568   -0.130568 (VIOLATED)
ANTENNA__0819__A2/DIODE                 0.750000    0.880568   -0.130568 (VIOLATED)
_0823_/B                                0.750000    0.880559   -0.130559 (VIOLATED)
ANTENNA__0823__B/DIODE                  0.750000    0.880558   -0.130558 (VIOLATED)
_0698_/A                                0.750000    0.880535   -0.130535 (VIOLATED)
ANTENNA__0698__A/DIODE                  0.750000    0.880528   -0.130528 (VIOLATED)
_1363_/B2                               0.750000    0.880521   -0.130521 (VIOLATED)
ANTENNA__1363__B2/DIODE                 0.750000    0.880519   -0.130519 (VIOLATED)
ANTENNA_input7_X/DIODE                  0.750000    0.880490   -0.130490 (VIOLATED)
input7/X                                0.750000    0.880488   -0.130488 (VIOLATED)
_1139_/A1                               0.750000    0.876084   -0.126084 (VIOLATED)
_1148_/A1                               0.750000    0.876083   -0.126083 (VIOLATED)
_1155_/A2                               0.750000    0.876082   -0.126082 (VIOLATED)
_1162_/A1                               0.750000    0.876082   -0.126082 (VIOLATED)
_1170_/A1                               0.750000    0.876082   -0.126082 (VIOLATED)
_1178_/A1                               0.750000    0.876082   -0.126082 (VIOLATED)
_1190_/A                                0.750000    0.876082   -0.126082 (VIOLATED)
_1311_/A2                               0.750000    0.876082   -0.126082 (VIOLATED)
_1312_/A2                               0.750000    0.876082   -0.126082 (VIOLATED)
fanout90/A                              0.750000    0.876082   -0.126082 (VIOLATED)
fanout91/X                              0.750000    0.876082   -0.126082 (VIOLATED)
_1206_/A1                               0.750000    0.868429   -0.118429 (VIOLATED)
_1182_/A1                               0.750000    0.868427   -0.118427 (VIOLATED)
_1198_/A1                               0.750000    0.868424   -0.118424 (VIOLATED)
_1128_/A1                               0.750000    0.868423   -0.118423 (VIOLATED)
_1168_/A1                               0.750000    0.868392   -0.118392 (VIOLATED)
_1177_/A1                               0.750000    0.868387   -0.118387 (VIOLATED)
_1161_/A1                               0.750000    0.868384   -0.118384 (VIOLATED)
_1154_/A1                               0.750000    0.868357   -0.118357 (VIOLATED)
_1147_/A1                               0.750000    0.868338   -0.118338 (VIOLATED)
_1138_/A1                               0.750000    0.868335   -0.118335 (VIOLATED)
fanout102/X                             0.750000    0.868335   -0.118335 (VIOLATED)
_1206_/B1                               0.750000    0.846524   -0.096524 (VIOLATED)
_1198_/B1                               0.750000    0.846522   -0.096522 (VIOLATED)
_1128_/B1                               0.750000    0.846508   -0.096508 (VIOLATED)
_1182_/B1                               0.750000    0.846505   -0.096505 (VIOLATED)
_1168_/B1                               0.750000    0.846479   -0.096479 (VIOLATED)
_1177_/B1                               0.750000    0.846465   -0.096465 (VIOLATED)
_1161_/B1                               0.750000    0.846437   -0.096437 (VIOLATED)
_1154_/B1                               0.750000    0.846422   -0.096422 (VIOLATED)
_1147_/B1                               0.750000    0.846410   -0.096410 (VIOLATED)
_1138_/B1                               0.750000    0.846407   -0.096407 (VIOLATED)
fanout98/X                              0.750000    0.846407   -0.096407 (VIOLATED)
_1206_/A2                               0.750000    0.838068   -0.088068 (VIOLATED)
_1198_/A2                               0.750000    0.838066   -0.088066 (VIOLATED)
_1128_/A2                               0.750000    0.838055   -0.088055 (VIOLATED)
_1182_/A2                               0.750000    0.838051   -0.088051 (VIOLATED)
_1168_/A2                               0.750000    0.838039   -0.088039 (VIOLATED)
_1177_/A2                               0.750000    0.838034   -0.088034 (VIOLATED)
_1161_/A2                               0.750000    0.838024   -0.088024 (VIOLATED)
_1154_/A2                               0.750000    0.838017   -0.088017 (VIOLATED)
_1138_/A2                               0.750000    0.838002   -0.088002 (VIOLATED)
_1147_/A2                               0.750000    0.838002   -0.088002 (VIOLATED)
fanout100/X                             0.750000    0.838002   -0.088002 (VIOLATED)
_1473_/RESET_B                          0.750000    0.795397   -0.045397 (VIOLATED)
ANTENNA__1473__RESET_B/DIODE            0.750000    0.795393   -0.045393 (VIOLATED)
fanout141/A                             0.750000    0.795338   -0.045338 (VIOLATED)
ANTENNA_fanout141_A/DIODE               0.750000    0.795334   -0.045334 (VIOLATED)
fanout138/A                             0.750000    0.795030   -0.045030 (VIOLATED)
ANTENNA_fanout138_A/DIODE               0.750000    0.795029   -0.045029 (VIOLATED)
fanout136/A                             0.750000    0.795027   -0.045027 (VIOLATED)
ANTENNA_fanout136_A/DIODE               0.750000    0.795025   -0.045025 (VIOLATED)
ANTENNA_input6_X/DIODE                  0.750000    0.795015   -0.045015 (VIOLATED)
input6/X                                0.750000    0.795015   -0.045015 (VIOLATED)
_1288_/A                                0.750000    0.774502   -0.024502 (VIOLATED)
_1285_/B                                0.750000    0.774499   -0.024499 (VIOLATED)
_1308_/A2                               0.750000    0.774497   -0.024497 (VIOLATED)
_1250_/A2                               0.750000    0.774495   -0.024495 (VIOLATED)
_1282_/A1                               0.750000    0.774493   -0.024493 (VIOLATED)
_1274_/A1                               0.750000    0.774491   -0.024491 (VIOLATED)
_1266_/A2                               0.750000    0.774482   -0.024482 (VIOLATED)
_1259_/A1                               0.750000    0.774479   -0.024479 (VIOLATED)
_1244_/A1                               0.750000    0.774474   -0.024474 (VIOLATED)
_1212_/B1_N                             0.750000    0.774474   -0.024474 (VIOLATED)
fanout92/X                              0.750000    0.774474   -0.024474 (VIOLATED)
_1225_/A2                               0.750000    0.761034   -0.011034 (VIOLATED)
_1235_/A2                               0.750000    0.761033   -0.011033 (VIOLATED)
_1220_/A2                               0.750000    0.761032   -0.011032 (VIOLATED)
_1243_/A2                               0.750000    0.761028   -0.011028 (VIOLATED)
_1258_/A2                               0.750000    0.761020   -0.011020 (VIOLATED)
_1265_/A2                               0.750000    0.761014   -0.011014 (VIOLATED)
_1249_/A2                               0.750000    0.761010   -0.011010 (VIOLATED)
_1273_/A2                               0.750000    0.761010   -0.011010 (VIOLATED)
_1281_/A2                               0.750000    0.761010   -0.011010 (VIOLATED)
_1307_/A2                               0.750000    0.761010   -0.011010 (VIOLATED)
fanout99/X                              0.750000    0.761010   -0.011010 (VIOLATED)
_1225_/A1                               0.750000    0.752446   -0.002446 (VIOLATED)
_1220_/A1                               0.750000    0.752446   -0.002446 (VIOLATED)
_1235_/A1                               0.750000    0.752445   -0.002445 (VIOLATED)
_1243_/A1                               0.750000    0.752442   -0.002442 (VIOLATED)
_1258_/A1                               0.750000    0.752436   -0.002436 (VIOLATED)
_1265_/A1                               0.750000    0.752425   -0.002425 (VIOLATED)
_1273_/A1                               0.750000    0.752416   -0.002416 (VIOLATED)
_1281_/A1                               0.750000    0.752416   -0.002416 (VIOLATED)
_1249_/A1                               0.750000    0.752407   -0.002407 (VIOLATED)
_1307_/A1                               0.750000    0.752399   -0.002399 (VIOLATED)
fanout101/X                             0.750000    0.752397   -0.002398 (VIOLATED)

max fanout

Pin                                   Limit Fanout  Slack
---------------------------------------------------------
fanout103/X                              10     21    -11 (VIOLATED)
fanout104/X                              10     21    -11 (VIOLATED)
fanout107/X                              10     21    -11 (VIOLATED)
fanout109/X                              10     21    -11 (VIOLATED)
fanout110/X                              10     21    -11 (VIOLATED)
fanout128/X                              10     21    -11 (VIOLATED)
fanout134/X                              10     21    -11 (VIOLATED)
fanout94/X                               10     21    -11 (VIOLATED)
fanout95/X                               10     21    -11 (VIOLATED)
fanout96/X                               10     21    -11 (VIOLATED)
input20/X                                10     21    -11 (VIOLATED)
input9/X                                 10     21    -11 (VIOLATED)
clkbuf_2_0__f_clk/X                      10     19     -9 (VIOLATED)
clkbuf_2_1__f_clk/X                      10     19     -9 (VIOLATED)
clkbuf_2_2__f_clk/X                      10     19     -9 (VIOLATED)
fanout105/X                              10     19     -9 (VIOLATED)
input10/X                                10     19     -9 (VIOLATED)
_0695_/Y                                 10     17     -7 (VIOLATED)
wire142/X                                10     17     -7 (VIOLATED)
load_slew137/X                           10     15     -5 (VIOLATED)
input7/X                                 10     13     -3 (VIOLATED)
_0692_/Y                                 10     11        (VIOLATED)
_0698_/Y                                 10     11        (VIOLATED)



===========================================================================
report_parasitic_annotation -report_unannotated
============================================================================
Found 126 unannotated drivers.
 gpio_in[0]
 gpio_in[10]
 gpio_in[11]
 gpio_in[12]
 gpio_in[13]
 gpio_in[14]
 gpio_in[15]
 gpio_in[16]
 gpio_in[17]
 gpio_in[18]
 gpio_in[19]
 gpio_in[1]
 gpio_in[20]
 gpio_in[21]
 gpio_in[22]
 gpio_in[23]
 gpio_in[24]
 gpio_in[25]
 gpio_in[26]
 gpio_in[27]
 gpio_in[28]
 gpio_in[29]
 gpio_in[2]
 gpio_in[30]
 gpio_in[31]
 gpio_in[32]
 gpio_in[33]
 gpio_in[3]
 gpio_in[4]
 gpio_in[5]
 gpio_in[6]
 gpio_in[7]
 gpio_in[8]
 gpio_in[9]
 la_data_in[10]
 la_data_in[11]
 la_data_in[12]
 la_data_in[13]
 la_data_in[14]
 la_data_in[15]
 la_data_in[16]
 la_data_in[17]
 la_data_in[18]
 la_data_in[19]
 la_data_in[20]
 la_data_in[21]
 la_data_in[22]
 la_data_in[23]
 la_data_in[24]
 la_data_in[25]
 la_data_in[26]
 la_data_in[27]
 la_data_in[28]
 la_data_in[29]
 la_data_in[2]
 la_data_in[30]
 la_data_in[31]
 la_data_in[3]
 la_data_in[4]
 la_data_in[5]
 la_data_in[6]
 la_data_in[7]
 la_data_in[8]
 la_data_in[9]
 la_oenb[10]
 la_oenb[11]
 la_oenb[12]
 la_oenb[13]
 la_oenb[14]
 la_oenb[15]
 la_oenb[16]
 la_oenb[17]
 la_oenb[18]
 la_oenb[19]
 la_oenb[20]
 la_oenb[21]
 la_oenb[22]
 la_oenb[23]
 la_oenb[24]
 la_oenb[25]
 la_oenb[26]
 la_oenb[27]
 la_oenb[28]
 la_oenb[29]
 la_oenb[2]
 la_oenb[30]
 la_oenb[31]
 la_oenb[3]
 la_oenb[4]
 la_oenb[5]
 la_oenb[6]
 la_oenb[7]
 la_oenb[8]
 la_oenb[9]
 team_00/HI
 team_00_148/HI
 team_00_149/HI
 team_00_150/HI
 team_00_151/HI
 team_00_152/HI
 team_00_153/HI
 team_00_154/HI
 team_00_155/HI
 team_00_156/HI
 team_00_157/HI
 team_00_158/HI
 team_00_159/HI
 team_00_160/HI
 team_00_161/HI
 team_00_162/HI
 team_00_163/HI
 team_00_164/HI
 team_00_165/HI
 team_00_166/HI
 team_00_167/HI
 team_00_168/HI
 team_00_169/HI
 team_00_170/HI
 team_00_171/HI
 team_00_172/HI
 team_00_173/HI
 team_00_174/HI
 team_00_175/HI
 team_00_176/HI
 team_00_177/HI
 team_00_178/HI
Found 0 partially unannotated drivers.

===========================================================================
max slew violation count 341
max fanout violation count 23
max cap violation count 0
============================================================================

===========================================================================
check_setup -verbose -unconstrained_endpoints -multiple_clock -no_clock -no_input_delay -loops -generated_clocks
===========================================================================
