Clock: clk
Sources: clk 
Generated: no
Virtual: yes
Propagated: no
Period: 25.000000

===========================================================================
report_clock_properties
============================================================================
Clock                   Period          Waveform
----------------------------------------------------
clk                  25.000000    0.000000 12.500000

===========================================================================
report_clock_latency
============================================================================
Clock clk
rise -> rise
    min     max
0.000000 0.000000 source latency
0.694388         network latency _1478_/CLK
        0.729985 network latency _1451_/CLK
---------------
0.694388 0.729985 latency
        0.035597 skew

fall -> fall
    min     max
0.000000 0.000000 source latency
0.651053         network latency _1478_/CLK
        0.680073 network latency _1451_/CLK
---------------
0.651053 0.680073 latency
        0.029019 skew



===========================================================================
report_clock_min_period
============================================================================
clk period_min = 15.42 fmax = 64.83
