Clock: clk
Sources: clk 
Generated: no
Virtual: yes
Propagated: no
Period: 25.000000

===========================================================================
report_clock_properties
============================================================================
Clock                   Period          Waveform
----------------------------------------------------
clk                  25.000000    0.000000 12.500000

===========================================================================
report_clock_latency
============================================================================
Clock clk
rise -> rise
    min     max
0.000000 0.000000 source latency
0.539533         network latency _3335_/CLK
        6.421608 network latency _3365_/CLK
---------------
0.539533 6.421608 latency
        5.882075 skew

rise -> fall
    min     max
0.000000 0.000000 source latency
5.580987         network latency _3464_/CLK
        6.563113 network latency _3365_/CLK
---------------
5.580987 6.563113 latency
        0.982126 skew

fall -> fall
    min     max
0.000000 0.000000 source latency
0.463153         network latency _3335_/CLK
        0.480871 network latency _3432_/CLK
---------------
0.463153 0.480871 latency
        0.017718 skew



===========================================================================
report_clock_min_period
============================================================================
clk period_min = 4.41 fmax = 226.58
