
===========================================================================
report_checks -unconstrained
===========================================================================
======================= max_tt_025C_1v80 Corner ===================================

Startpoint: en (input port clocked by clk)
Endpoint: _0990_ (recovery check against rising-edge clock clk)
Path Group: asynchronous
Path Type: max

Fanout         Cap        Slew       Delay        Time   Description
---------------------------------------------------------------------------------------------
                                  0.000000    0.000000   clock clk (rise edge)
                                  0.000000    0.000000   clock network delay (propagated)
                                  5.000000    5.000000 ^ input external delay
     2    0.004949    0.029046    0.017767    5.017767 ^ en (in)
                                                         en (net)
                      0.029048    0.000000    5.017767 ^ input1/A (sky130_fd_sc_hd__clkbuf_1)
     1    0.001864    0.034055    0.067292    5.085059 ^ input1/X (sky130_fd_sc_hd__clkbuf_1)
                                                         net1 (net)
                      0.034055    0.000131    5.085189 ^ _0719_/B (sky130_fd_sc_hd__and2_1)
     3    0.023048    0.229911    0.245564    5.330753 ^ _0719_/X (sky130_fd_sc_hd__and2_1)
                                                         SYNTH_INST.keypad.n_rst (net)
                      0.229914    0.000677    5.331429 ^ fanout61/A (sky130_fd_sc_hd__clkbuf_2)
     5    0.027847    0.156427    0.239531    5.570961 ^ fanout61/X (sky130_fd_sc_hd__clkbuf_2)
                                                         net61 (net)
                      0.156440    0.001551    5.572512 ^ fanout56/A (sky130_fd_sc_hd__clkbuf_4)
    10    0.049860    0.156892    0.254281    5.826793 ^ fanout56/X (sky130_fd_sc_hd__clkbuf_4)
                                                         net56 (net)
                      0.157259    0.005638    5.832430 ^ fanout54/A (sky130_fd_sc_hd__clkbuf_4)
    10    0.059188    0.181168    0.274441    6.106872 ^ fanout54/X (sky130_fd_sc_hd__clkbuf_4)
                                                         net54 (net)
                      0.181282    0.002387    6.109259 ^ _0990_/SET_B (sky130_fd_sc_hd__dfstp_1)
                                              6.109259   data arrival time

                                 25.000000   25.000000   clock clk (rise edge)
                                  0.000000   25.000000   clock source latency
     2    0.021423    0.102087    0.070463   25.070461 ^ clk (in)
                                                         clk (net)
                      0.102102    0.000000   25.070461 ^ clkbuf_0_clk/A (sky130_fd_sc_hd__clkbuf_16)
    33    0.149848    0.162181    0.236820   25.307281 ^ clkbuf_0_clk/X (sky130_fd_sc_hd__clkbuf_16)
                                                         clknet_0_clk (net)
                      0.162413    0.005052   25.312334 ^ clkbuf_4_9_0_clk/A (sky130_fd_sc_hd__clkbuf_8)
     9    0.031600    0.069454    0.187303   25.499638 ^ clkbuf_4_9_0_clk/X (sky130_fd_sc_hd__clkbuf_8)
                                                         clknet_4_9_0_clk (net)
                      0.069471    0.001048   25.500685 ^ _0990_/CLK (sky130_fd_sc_hd__dfstp_1)
                                 -0.250000   25.250687   clock uncertainty
                                  0.000000   25.250687   clock reconvergence pessimism
                                  0.131194   25.381880   library recovery time
                                             25.381880   data required time
---------------------------------------------------------------------------------------------
                                             25.381880   data required time
                                             -6.109259   data arrival time
---------------------------------------------------------------------------------------------
                                             19.272621   slack (MET)


Startpoint: gpio_in[11] (input port clocked by clk)
Endpoint: gpio_out[14] (output port clocked by clk)
Path Group: clk
Path Type: max

Fanout         Cap        Slew       Delay        Time   Description
---------------------------------------------------------------------------------------------
                                  0.000000    0.000000   clock clk (rise edge)
                                  0.000000    0.000000   clock network delay (propagated)
                                  5.000000    5.000000 v input external delay
     2    0.004039    0.011490    0.006565    5.006566 v gpio_in[11] (in)
                                                         gpio_in[11] (net)
                      0.011492    0.000000    5.006566 v input4/A (sky130_fd_sc_hd__clkbuf_1)
     2    0.005672    0.041550    0.086728    5.093293 v input4/X (sky130_fd_sc_hd__clkbuf_1)
                                                         net4 (net)
                      0.041550    0.000212    5.093505 v _0673_/A (sky130_fd_sc_hd__or4_1)
     1    0.003891    0.090632    0.522931    5.616436 v _0673_/X (sky130_fd_sc_hd__or4_1)
                                                         _0280_ (net)
                      0.090821    0.000255    5.616691 v _0676_/A (sky130_fd_sc_hd__or3_1)
     1    0.007080    0.089261    0.410685    6.027376 v _0676_/X (sky130_fd_sc_hd__or3_1)
                                                         _0283_ (net)
                      0.089262    0.000514    6.027890 v _0677_/A3 (sky130_fd_sc_hd__o31a_1)
     1    0.004427    0.054383    0.256993    6.284883 v _0677_/X (sky130_fd_sc_hd__o31a_1)
                                                         SYNTH_INST.pwm (net)
                      0.054383    0.000290    6.285173 v _1115_/A (sky130_fd_sc_hd__clkbuf_1)
     1    0.001954    0.022244    0.086805    6.371978 v _1115_/X (sky130_fd_sc_hd__clkbuf_1)
                                                         net17 (net)
                      0.022245    0.000139    6.372117 v output17/A (sky130_fd_sc_hd__buf_2)
     1    0.034552    0.090687    0.170054    6.542171 v output17/X (sky130_fd_sc_hd__buf_2)
                                                         gpio_out[14] (net)
                      0.090723    0.001669    6.543839 v gpio_out[14] (out)
                                              6.543839   data arrival time

                                 25.000000   25.000000   clock clk (rise edge)
                                  0.000000   25.000000   clock network delay (propagated)
                                 -0.250000   24.750000   clock uncertainty
                                  0.000000   24.750000   clock reconvergence pessimism
                                 -5.000000   19.750000   output external delay
                                             19.750000   data required time
---------------------------------------------------------------------------------------------
                                             19.750000   data required time
                                             -6.543839   data arrival time
---------------------------------------------------------------------------------------------
                                             13.206161   slack (MET)




===========================================================================
report_checks --slack_max -0.01
============================================================================
======================= max_tt_025C_1v80 Corner ===================================

No paths found.


===========================================================================
 report_check_types -max_slew -max_cap -max_fanout -violators
============================================================================
======================= max_tt_025C_1v80 Corner ===================================

max fanout

Pin                                   Limit Fanout  Slack
---------------------------------------------------------
clkbuf_0_clk/X                           10     33    -23 (VIOLATED)
fanout40/X                               10     21    -11 (VIOLATED)
fanout27/X                               10     19     -9 (VIOLATED)
fanout48/X                               10     19     -9 (VIOLATED)
fanout29/X                               10     17     -7 (VIOLATED)
clkbuf_4_13_0_clk/X                      10     11        (VIOLATED)
clkbuf_4_14_0_clk/X                      10     11        (VIOLATED)
clkbuf_4_4_0_clk/X                       10     11        (VIOLATED)
clkbuf_4_7_0_clk/X                       10     11        (VIOLATED)
fanout43/X                               10     11        (VIOLATED)



===========================================================================
report_parasitic_annotation -report_unannotated
============================================================================
Found 105 unannotated drivers.
 gpio_in[14]
 gpio_in[15]
 gpio_in[16]
 gpio_in[17]
 gpio_in[18]
 gpio_in[19]
 gpio_in[20]
 gpio_in[21]
 gpio_in[22]
 gpio_in[23]
 gpio_in[24]
 gpio_in[25]
 gpio_in[26]
 gpio_in[27]
 gpio_in[28]
 gpio_in[29]
 gpio_in[30]
 gpio_in[31]
 gpio_in[32]
 gpio_in[33]
 _0930__98/HI
 _0931__97/HI
 _0947__96/HI
 clkload0/Y
 clkload1/Y
 clkload10/Y
 clkload11/X
 clkload12/X
 clkload13/X
 clkload14/Y
 clkload2/Y
 clkload3/Y
 clkload4/Y
 clkload5/X
 clkload6/X
 clkload7/Y
 clkload8/Y
 clkload9/Y
 team_05_100/LO
 team_05_101/LO
 team_05_102/LO
 team_05_103/LO
 team_05_104/LO
 team_05_105/LO
 team_05_106/LO
 team_05_107/LO
 team_05_108/LO
 team_05_109/LO
 team_05_110/LO
 team_05_111/LO
 team_05_112/LO
 team_05_113/LO
 team_05_114/LO
 team_05_115/LO
 team_05_116/LO
 team_05_117/LO
 team_05_118/LO
 team_05_119/LO
 team_05_120/LO
 team_05_121/LO
 team_05_122/LO
 team_05_123/LO
 team_05_124/LO
 team_05_125/LO
 team_05_126/LO
 team_05_127/LO
 team_05_128/LO
 team_05_129/LO
 team_05_130/LO
 team_05_131/LO
 team_05_62/HI
 team_05_63/HI
 team_05_64/HI
 team_05_65/HI
 team_05_66/HI
 team_05_67/HI
 team_05_68/HI
 team_05_69/HI
 team_05_70/HI
 team_05_71/HI
 team_05_72/HI
 team_05_73/HI
 team_05_74/HI
 team_05_75/HI
 team_05_76/HI
 team_05_77/HI
 team_05_78/HI
 team_05_79/HI
 team_05_80/HI
 team_05_81/HI
 team_05_82/HI
 team_05_83/HI
 team_05_84/HI
 team_05_85/HI
 team_05_86/HI
 team_05_87/HI
 team_05_88/HI
 team_05_89/HI
 team_05_90/HI
 team_05_91/HI
 team_05_92/HI
 team_05_93/HI
 team_05_94/HI
 team_05_95/HI
 team_05_99/LO
Found 0 partially unannotated drivers.

===========================================================================
max slew violation count 0
max fanout violation count 10
max cap violation count 0
============================================================================

===========================================================================
check_setup -verbose -unconstrained_endpoints -multiple_clock -no_clock -no_input_delay -loops -generated_clocks
===========================================================================
Warning: There are 70 unconstrained endpoints.
  gpio_oeb[0]
  gpio_oeb[10]
  gpio_oeb[11]
  gpio_oeb[12]
  gpio_oeb[13]
  gpio_oeb[14]
  gpio_oeb[15]
  gpio_oeb[16]
  gpio_oeb[17]
  gpio_oeb[18]
  gpio_oeb[19]
  gpio_oeb[1]
  gpio_oeb[20]
  gpio_oeb[21]
  gpio_oeb[22]
  gpio_oeb[23]
  gpio_oeb[24]
  gpio_oeb[25]
  gpio_oeb[26]
  gpio_oeb[27]
  gpio_oeb[28]
  gpio_oeb[29]
  gpio_oeb[2]
  gpio_oeb[30]
  gpio_oeb[31]
  gpio_oeb[32]
  gpio_oeb[33]
  gpio_oeb[3]
  gpio_oeb[4]
  gpio_oeb[5]
  gpio_oeb[6]
  gpio_oeb[7]
  gpio_oeb[8]
  gpio_oeb[9]
  gpio_out[0]
  gpio_out[10]
  gpio_out[11]
  gpio_out[12]
  gpio_out[13]
  gpio_out[15]
  gpio_out[16]
  gpio_out[17]
  gpio_out[18]
  gpio_out[19]
  gpio_out[1]
  gpio_out[20]
  gpio_out[21]
  gpio_out[22]
  gpio_out[23]
  gpio_out[24]
  gpio_out[25]
  gpio_out[26]
  gpio_out[27]
  gpio_out[28]
  gpio_out[29]
  gpio_out[2]
  gpio_out[30]
  gpio_out[31]
  gpio_out[32]
  gpio_out[33]
  gpio_out[3]
  gpio_out[4]
  gpio_out[5]
  gpio_out[6]
  gpio_out[7]
  gpio_out[8]
  gpio_out[9]
  _0930_/D
  _0931_/D
  _0947_/D
