Clock: clk
Sources: clk 
Generated: no
Virtual: yes
Propagated: no
Period: 25.000000

===========================================================================
report_clock_properties
============================================================================
Clock                   Period          Waveform
----------------------------------------------------
clk                  25.000000    0.000000 12.500000

===========================================================================
report_clock_latency
============================================================================
Clock clk
rise -> rise
    min     max
0.000000 0.000000 source latency
0.493422         network latency _0928_/CLK
        0.511445 network latency _1015_/CLK
---------------
0.493422 0.511445 latency
        0.018023 skew

fall -> fall
    min     max
0.000000 0.000000 source latency
0.422536         network latency _1031_/CLK
        0.437959 network latency _1015_/CLK
---------------
0.422536 0.437959 latency
        0.015423 skew



===========================================================================
report_clock_min_period
============================================================================
clk period_min = 4.76 fmax = 210.28
