Clock: clk
Sources: clk 
Generated: no
Virtual: yes
Propagated: no
Period: 25.000000

===========================================================================
report_clock_properties
============================================================================
Clock                   Period          Waveform
----------------------------------------------------
clk                  25.000000    0.000000 12.500000

===========================================================================
report_clock_latency
============================================================================
Clock clk
rise -> rise
    min     max
0.000000 0.000000 source latency
0.677676         network latency _2749_/CLK
        0.707881 network latency _2834_/CLK
---------------
0.677676 0.707881 latency
        0.030205 skew

fall -> fall
    min     max
0.000000 0.000000 source latency
0.597521         network latency _2749_/CLK
        0.619004 network latency _2834_/CLK
---------------
0.597521 0.619004 latency
        0.021483 skew



===========================================================================
report_clock_min_period
============================================================================
clk period_min = 6.51 fmax = 153.70
